Archive member included because of file (symbol)

c:/altera/10.1/nios2eds/bin/gnu/h-i686-mingw32/bin/../lib/gcc/nios2-elf/4.1.2/../../../../nios2-elf/lib\libc.a(lib_a-getc.o)
                              obj/spiecho.o (getc)
c:/altera/10.1/nios2eds/bin/gnu/h-i686-mingw32/bin/../lib/gcc/nios2-elf/4.1.2/../../../../nios2-elf/lib\libc.a(lib_a-impure.o)
                              obj/spiecho.o (_impure_ptr)
c:/altera/10.1/nios2eds/bin/gnu/h-i686-mingw32/bin/../lib/gcc/nios2-elf/4.1.2/../../../../nios2-elf/lib\libc.a(lib_a-putc.o)
                              obj/spiecho.o (putc)
c:/altera/10.1/nios2eds/bin/gnu/h-i686-mingw32/bin/../lib/gcc/nios2-elf/4.1.2/../../../../nios2-elf/lib\libc.a(lib_a-rget.o)
                              c:/altera/10.1/nios2eds/bin/gnu/h-i686-mingw32/bin/../lib/gcc/nios2-elf/4.1.2/../../../../nios2-elf/lib\libc.a(lib_a-getc.o) (__srget_r)
c:/altera/10.1/nios2eds/bin/gnu/h-i686-mingw32/bin/../lib/gcc/nios2-elf/4.1.2/../../../../nios2-elf/lib\libc.a(lib_a-wbuf.o)
                              c:/altera/10.1/nios2eds/bin/gnu/h-i686-mingw32/bin/../lib/gcc/nios2-elf/4.1.2/../../../../nios2-elf/lib\libc.a(lib_a-putc.o) (__swbuf_r)
c:/altera/10.1/nios2eds/bin/gnu/h-i686-mingw32/bin/../lib/gcc/nios2-elf/4.1.2/../../../../nios2-elf/lib\libc.a(lib_a-wsetup.o)
                              c:/altera/10.1/nios2eds/bin/gnu/h-i686-mingw32/bin/../lib/gcc/nios2-elf/4.1.2/../../../../nios2-elf/lib\libc.a(lib_a-wbuf.o) (__swsetup_r)
c:/altera/10.1/nios2eds/bin/gnu/h-i686-mingw32/bin/../lib/gcc/nios2-elf/4.1.2/../../../../nios2-elf/lib\libc.a(lib_a-fflush.o)
                              c:/altera/10.1/nios2eds/bin/gnu/h-i686-mingw32/bin/../lib/gcc/nios2-elf/4.1.2/../../../../nios2-elf/lib\libc.a(lib_a-wbuf.o) (_fflush_r)
c:/altera/10.1/nios2eds/bin/gnu/h-i686-mingw32/bin/../lib/gcc/nios2-elf/4.1.2/../../../../nios2-elf/lib\libc.a(lib_a-findfp.o)
                              c:/altera/10.1/nios2eds/bin/gnu/h-i686-mingw32/bin/../lib/gcc/nios2-elf/4.1.2/../../../../nios2-elf/lib\libc.a(lib_a-getc.o) (__sinit)
c:/altera/10.1/nios2eds/bin/gnu/h-i686-mingw32/bin/../lib/gcc/nios2-elf/4.1.2/../../../../nios2-elf/lib\libc.a(lib_a-freer.o)
                              c:/altera/10.1/nios2eds/bin/gnu/h-i686-mingw32/bin/../lib/gcc/nios2-elf/4.1.2/../../../../nios2-elf/lib\libc.a(lib_a-wsetup.o) (_free_r)
c:/altera/10.1/nios2eds/bin/gnu/h-i686-mingw32/bin/../lib/gcc/nios2-elf/4.1.2/../../../../nios2-elf/lib\libc.a(lib_a-fwalk.o)
                              c:/altera/10.1/nios2eds/bin/gnu/h-i686-mingw32/bin/../lib/gcc/nios2-elf/4.1.2/../../../../nios2-elf/lib\libc.a(lib_a-fflush.o) (_fwalk_reent)
c:/altera/10.1/nios2eds/bin/gnu/h-i686-mingw32/bin/../lib/gcc/nios2-elf/4.1.2/../../../../nios2-elf/lib\libc.a(lib_a-makebuf.o)
                              c:/altera/10.1/nios2eds/bin/gnu/h-i686-mingw32/bin/../lib/gcc/nios2-elf/4.1.2/../../../../nios2-elf/lib\libc.a(lib_a-wsetup.o) (__smakebuf_r)
c:/altera/10.1/nios2eds/bin/gnu/h-i686-mingw32/bin/../lib/gcc/nios2-elf/4.1.2/../../../../nios2-elf/lib\libc.a(lib_a-mallocr.o)
                              c:/altera/10.1/nios2eds/bin/gnu/h-i686-mingw32/bin/../lib/gcc/nios2-elf/4.1.2/../../../../nios2-elf/lib\libc.a(lib_a-findfp.o) (_malloc_r)
c:/altera/10.1/nios2eds/bin/gnu/h-i686-mingw32/bin/../lib/gcc/nios2-elf/4.1.2/../../../../nios2-elf/lib\libc.a(lib_a-memset.o)
                              c:/altera/10.1/nios2eds/bin/gnu/h-i686-mingw32/bin/../lib/gcc/nios2-elf/4.1.2/../../../../nios2-elf/lib\libc.a(lib_a-findfp.o) (memset)
c:/altera/10.1/nios2eds/bin/gnu/h-i686-mingw32/bin/../lib/gcc/nios2-elf/4.1.2/../../../../nios2-elf/lib\libc.a(lib_a-refill.o)
                              c:/altera/10.1/nios2eds/bin/gnu/h-i686-mingw32/bin/../lib/gcc/nios2-elf/4.1.2/../../../../nios2-elf/lib\libc.a(lib_a-rget.o) (__srefill_r)
c:/altera/10.1/nios2eds/bin/gnu/h-i686-mingw32/bin/../lib/gcc/nios2-elf/4.1.2/../../../../nios2-elf/lib\libc.a(lib_a-sbrkr.o)
                              c:/altera/10.1/nios2eds/bin/gnu/h-i686-mingw32/bin/../lib/gcc/nios2-elf/4.1.2/../../../../nios2-elf/lib\libc.a(lib_a-freer.o) (_sbrk_r)
c:/altera/10.1/nios2eds/bin/gnu/h-i686-mingw32/bin/../lib/gcc/nios2-elf/4.1.2/../../../../nios2-elf/lib\libc.a(lib_a-stdio.o)
                              c:/altera/10.1/nios2eds/bin/gnu/h-i686-mingw32/bin/../lib/gcc/nios2-elf/4.1.2/../../../../nios2-elf/lib\libc.a(lib_a-findfp.o) (__sclose)
c:/altera/10.1/nios2eds/bin/gnu/h-i686-mingw32/bin/../lib/gcc/nios2-elf/4.1.2/../../../../nios2-elf/lib\libc.a(lib_a-writer.o)
                              c:/altera/10.1/nios2eds/bin/gnu/h-i686-mingw32/bin/../lib/gcc/nios2-elf/4.1.2/../../../../nios2-elf/lib\libc.a(lib_a-stdio.o) (_write_r)
c:/altera/10.1/nios2eds/bin/gnu/h-i686-mingw32/bin/../lib/gcc/nios2-elf/4.1.2/../../../../nios2-elf/lib\libc.a(lib_a-closer.o)
[...]
Memory Configuration

Name             Origin             Length             Attributes
reset            0x00800000         0x00000020
sdram            0x00800020         0x007fffe0
cfi_flash        0x01400000         0x00400000
onchip_memory    0x01800000         0x00002000
*default*        0x00000000         0xffffffff

Linker script and memory map

LOAD ../lab1_spi_bsp/obj/HAL/src/crt0.o
LOAD obj/spiecho.o
LOAD c:/altera/10.1/nios2eds/bin/gnu/h-i686-mingw32/bin/../lib/gcc/nios2-elf/4.1.2/../../../../nios2-elf/lib\libstdc++.a
LOAD c:/altera/10.1/nios2eds/bin/gnu/h-i686-mingw32/bin/../lib/gcc/nios2-elf/4.1.2/../../../../nios2-elf/lib\libm.a
LOAD c:/altera/10.1/nios2eds/bin/gnu/h-i686-mingw32/bin/../lib/gcc/nios2-elf/4.1.2\libgcc.a
START GROUP
LOAD c:/altera/10.1/nios2eds/bin/gnu/h-i686-mingw32/bin/../lib/gcc/nios2-elf/4.1.2/../../../../nios2-elf/lib\libc.a
LOAD c:/altera/10.1/nios2eds/bin/gnu/h-i686-mingw32/bin/../lib/gcc/nios2-elf/4.1.2\libgcc.a
LOAD ../lab1_spi_bsp\libhal_bsp.a
END GROUP
LOAD c:/altera/10.1/nios2eds/bin/gnu/h-i686-mingw32/bin/../lib/gcc/nios2-elf/4.1.2\libgcc.a
                0x00800000                __alt_mem_sdram = 0x800000
                0x01400000                __alt_mem_cfi_flash = 0x1400000
                0x01800000                __alt_mem_onchip_memory = 0x1800000

.entry          0x00800000       0x20
 *(.entry)
 .entry         0x00800000       0x20 ../lab1_spi_bsp/obj/HAL/src/crt0.o
                0x00800000                __reset

.exceptions     0x00800020      0x194
                0x00800020                PROVIDE (__ram_exceptions_start, ABSOLUTE (.))
                0x00800020                . = ALIGN (0x20)
 *(.irq)
 *(.exceptions.entry.label)
 .exceptions.entry.label
                0x00800020        0x0 ../lab1_spi_bsp\libhal_bsp.a(alt_irq_entry.o)
                0x00800020                alt_irq_entry
 .exceptions.entry.label
                0x00800020        0x0 ../lab1_spi_bsp\libhal_bsp.a(alt_exception_entry.o)
                0x00800020                alt_exception
 *(.exceptions.entry.user)
 *(.exceptions.entry)
 .exceptions.entry
                0x00800020       0x54 ../lab1_spi_bsp\libhal_bsp.a(alt_exception_entry.o)
 *(.exceptions.irqtest.user)
 *(.exceptions.irqtest)
 .exceptions.irqtest
                0x00800074       0x10 ../lab1_spi_bsp\libhal_bsp.a(alt_irq_entry.o)
 *(.exceptions.irqhandler.user)
 *(.exceptions.irqhandler)
 .exceptions.irqhandler
                0x00800084        0x4 ../lab1_spi_bsp\libhal_bsp.a(alt_irq_entry.o)
 *(.exceptions.irqreturn.user)
 *(.exceptions.irqreturn)
 .exceptions.irqreturn
                0x00800088        0x4 ../lab1_spi_bsp\libhal_bsp.a(alt_irq_entry.o)
 *(.exceptions.notirq.label)
 .exceptions.notirq.label
                0x0080008c        0x0 ../lab1_spi_bsp\libhal_bsp.a(alt_irq_entry.o)
 *(.exceptions.notirq.user)
 *(.exceptions.notirq)
 .exceptions.notirq
                0x0080008c        0x8 ../lab1_spi_bsp\libhal_bsp.a(alt_exception_entry.o)
 *(.exceptions.soft.user)
 *(.exceptions.soft)
 *(.exceptions.unknown.user)
 *(.exceptions.unknown)
 .exceptions.unknown
                0x00800094        0x4 ../lab1_spi_bsp\libhal_bsp.a(alt_exception_entry.o)
 *(.exceptions.exit.label)
 .exceptions.exit.label
                0x00800098        0x0 ../lab1_spi_bsp\libhal_bsp.a(alt_irq_entry.o)
 .exceptions.exit.label
                0x00800098        0x0 ../lab1_spi_bsp\libhal_bsp.a(alt_exception_entry.o)
 *(.exceptions.exit.user)
 *(.exceptions.exit)
 .exceptions.exit
                0x00800098       0x54 ../lab1_spi_bsp\libhal_bsp.a(alt_exception_entry.o)
 *(.exceptions)
 .exceptions    0x008000ec       0xc8 ../lab1_spi_bsp\libhal_bsp.a(alt_irq_handler.o)
                0x008000ec                alt_irq_handler
                0x008001b4                PROVIDE (__ram_exceptions_end, ABSOLUTE (.))
                0x00800020                PROVIDE (__flash_exceptions_start, LOADADDR (.exceptions))

.text           0x008001b4     0x8a74
                0x008001b4                PROVIDE (stext, ABSOLUTE (.))
 *(.interp)
 *(.hash)
 *(.dynsym)
 *(.dynstr)
 *(.gnu.version)
 *(.gnu.version_d)
 *(.gnu.version_r)
 *(.rel.init)
 *(.rela.init)
 *(.rel.text .rel.text.* .rel.gnu.linkonce.t.*)
 *(.rela.text .rela.text.* .rela.gnu.linkonce.t.*)
 *(.rel.fini)
 *(.rela.fini)
 *(.rel.rodata .rel.rodata.* .rel.gnu.linkonce.r.*)
 *(.rela.rodata .rela.rodata.* .rela.gnu.linkonce.r.*)
 *(.rel.data .rel.data.* .rel.gnu.linkonce.d.*)
 *(.rela.data .rela.data.* .rela.gnu.linkonce.d.*)
 *(.rel.tdata .rel.tdata.* .rel.gnu.linkonce.td.*)
 *(.rela.tdata .rela.tdata.* .rela.gnu.linkonce.td.*)
 *(.rel.tbss .rel.tbss.* .rel.gnu.linkonce.tb.*)
 *(.rela.tbss .rela.tbss.* .rela.gnu.linkonce.tb.*)
 *(.rel.ctors)
 *(.rela.ctors)
 *(.rel.dtors)
 *(.rela.dtors)
 *(.rel.got)
 *(.rela.got)
 *(.rel.sdata .rel.sdata.* .rel.gnu.linkonce.s.*)
 *(.rela.sdata .rela.sdata.* .rela.gnu.linkonce.s.*)
 *(.rel.sbss .rel.sbss.* .rel.gnu.linkonce.sb.*)
 *(.rela.sbss .rela.sbss.* .rela.gnu.linkonce.sb.*)
 *(.rel.sdata2 .rel.sdata2.* .rel.gnu.linkonce.s2.*)
 *(.rela.sdata2 .rela.sdata2.* .rela.gnu.linkonce.s2.*)
 *(.rel.sbss2 .rel.sbss2.* .rel.gnu.linkonce.sb2.*)
 *(.rela.sbss2 .rela.sbss2.* .rela.gnu.linkonce.sb2.*)
 *(.rel.bss .rel.bss.* .rel.gnu.linkonce.b.*)
 *(.rela.bss .rela.bss.* .rela.gnu.linkonce.b.*)
 *(.rel.plt)
 *(.rela.plt)
 *(.rel.dyn)
 *(.init)
 *(.plt)
 *(.text .stub .text.* .gnu.linkonce.t.*)
 .text          0x008001b4       0x4c ../lab1_spi_bsp/obj/HAL/src/crt0.o
                0x008001b4                _start
 .text          0x00800200      0x100 obj/spiecho.o
                0x00800200                spi_isr
                0x00800264                main
 .text          0x00800300      0x128 c:/altera/10.1/nios2eds/bin/gnu/h-i686-mingw32/bin/../lib/gcc/nios2-elf/4.1.2/../../../../nios2-elf/lib\libc.a(lib_a-getc.o)
                0x00800300                getc
                0x00800398                _getc_r
 .text          0x00800428        0x0 c:/altera/10.1/nios2eds/bin/gnu/h-i686-mingw32/bin/../lib/gcc/nios2-elf/4.1.2/../../../../nios2-elf/lib\libc.a(lib_a-impure.o)
 .text          0x00800428      0x1ec c:/altera/10.1/nios2eds/bin/gnu/h-i686-mingw32/bin/../lib/gcc/nios2-elf/4.1.2/../../../../nios2-elf/lib\libc.a(lib_a-putc.o)
                0x00800428                putc
                0x0080052c                _putc_r
 .text          0x00800614       0x60 c:/altera/10.1/nios2eds/bin/gnu/h-i686-mingw32/bin/../lib/gcc/nios2-elf/4.1.2/../../../../nios2-elf/lib\libc.a(lib_a-rget.o)
                0x00800614                __srget_r
                0x00800660                __srget
 .text          0x00800674      0x14c c:/altera/10.1/nios2eds/bin/gnu/h-i686-mingw32/bin/../lib/gcc/nios2-elf/4.1.2/../../../../nios2-elf/lib\libc.a(lib_a-wbuf.o)
                0x00800674                __swbuf_r
                0x008007a4                __swbuf
 .text          0x008007c0      0x13c c:/altera/10.1/nios2eds/bin/gnu/h-i686-mingw32/bin/../lib/gcc/nios2-elf/4.1.2/../../../../nios2-elf/lib\libc.a(lib_a-wsetup.o)
                0x008007c0                __swsetup_r
 .text          0x008008fc      0x230 c:/altera/10.1/nios2eds/bin/gnu/h-i686-mingw32/bin/../lib/gcc/nios2-elf/4.1.2/../../../../nios2-elf/lib\libc.a(lib_a-fflush.o)
                0x008008fc                _fflush_r
                0x00800af8                fflush
 .text          0x00800b2c      0x2c0 c:/altera/10.1/nios2eds/bin/gnu/h-i686-mingw32/bin/../lib/gcc/nios2-elf/4.1.2/../../../../nios2-elf/lib\libc.a(lib_a-findfp.o)
                0x00800b84                __sfp_lock_acquire
                0x00800b88                __sfp_lock_release
                0x00800b8c                __sinit_lock_acquire
                0x00800b90                __sinit_lock_release
                0x00800b94                __sinit
                0x00800c48                __fp_unlock_all
                0x00800c60                __fp_lock_all
                0x00800c78                _cleanup_r
                0x00800c84                _cleanup
                0x00800c94                __sfmoreglue
                0x00800cfc                __sfp
 .text          0x00800dec      0x440 c:/altera/10.1/nios2eds/bin/gnu/h-i686-mingw32/bin/../lib/gcc/nios2-elf/4.1.2/../../../../nios2-elf/lib\libc.a(lib_a-freer.o)
                0x00800dec                _malloc_trim_r
                0x00800f18                _free_r
 .text          0x0080122c      0x180 c:/altera/10.1/nios2eds/bin/gnu/h-i686-mingw32/bin/../lib/gcc/nios2-elf/4.1.2/../../../../nios2-elf/lib\libc.a(lib_a-fwalk.o)
                0x0080122c                _fwalk_reent
                0x008012f4                _fwalk
 .text          0x008013ac      0x194 c:/altera/10.1/nios2eds/bin/gnu/h-i686-mingw32/bin/../lib/gcc/nios2-elf/4.1.2/../../../../nios2-elf/lib\libc.a(lib_a-makebuf.o)
                0x008013ac                __smakebuf_r
 .text          0x00801540      0x740 c:/altera/10.1/nios2eds/bin/gnu/h-i686-mingw32/bin/../lib/gcc/nios2-elf/4.1.2/../../../../nios2-elf/lib\libc.a(lib_a-mallocr.o)
                0x00801540                _malloc_r
 .text          0x00801c80       0x98 c:/altera/10.1/nios2eds/bin/gnu/h-i686-mingw32/bin/../lib/gcc/nios2-elf/4.1.2/../../../../nios2-elf/lib\libc.a(lib_a-memset.o)
                0x00801c80                memset
 .text          0x00801d18      0x1e0 c:/altera/10.1/nios2eds/bin/gnu/h-i686-mingw32/bin/../lib/gcc/nios2-elf/4.1.2/../../../../nios2-elf/lib\libc.a(lib_a-refill.o)
                0x00801d18                __srefill_r
 .text          0x00801ef8       0x70 c:/altera/10.1/nios2eds/bin/gnu/h-i686-mingw32/bin/../lib/gcc/nios2-elf/4.1.2/../../../../nios2-elf/lib\libc.a(lib_a-sbrkr.o)
                0x00801ef8                _sbrk_r
 .text          0x00801f68      0x14c c:/altera/10.1/nios2eds/bin/gnu/h-i686-mingw32/bin/../lib/gcc/nios2-elf/4.1.2/../../../../nios2-elf/lib\libc.a(lib_a-stdio.o)
                0x00801f68                __sclose
                0x00801f70                __sseek
                0x00801fd8                __swrite
                0x00802054                __sread
 .text          0x008020b4       0x78 c:/altera/10.1/nios2eds/bin/gnu/h-i686-mingw32/bin/../lib/gcc/nios2-elf/4.1.2/../../../../nios2-elf/lib\libc.a(lib_a-writer.o)
                0x008020b4                _write_r
 .text          0x0080212c       0x70 c:/altera/10.1/nios2eds/bin/gnu/h-i686-mingw32/bin/../lib/gcc/nios2-elf/4.1.2/../../../../nios2-elf/lib\libc.a(lib_a-closer.o)
                0x0080212c                _close_r
 .text          0x0080219c      0x124 c:/altera/10.1/nios2eds/bin/gnu/h-i686-mingw32/bin/../lib/gcc/nios2-elf/4.1.2/../../../../nios2-elf/lib\libc.a(lib_a-fclose.o)
                0x0080219c                _fclose_r
                0x008022ac                fclose
 .text          0x008022c0       0x74 c:/altera/10.1/nios2eds/bin/gnu/h-i686-mingw32/bin/../lib/gcc/nios2-elf/4.1.2/../../../../nios2-elf/lib\libc.a(lib_a-fstatr.o)
                0x008022c0                _fstat_r
 .text          0x00802334        0x0 c:/altera/10.1/nios2eds/bin/gnu/h-i686-mingw32/bin/../lib/gcc/nios2-elf/4.1.2/../../../../nios2-elf/lib\libc.a(lib_a-int_errno.o)
 .text          0x00802334       0x70 c:/altera/10.1/nios2eds/bin/gnu/h-i686-mingw32/bin/../lib/gcc/nios2-elf/4.1.2/../../../../nios2-elf/lib\libc.a(lib_a-isattyr.o)
                0x00802334                _isatty_r
 .text          0x008023a4       0x78 c:/altera/10.1/nios2eds/bin/gnu/h-i686-mingw32/bin/../lib/gcc/nios2-elf/4.1.2/../../../../nios2-elf/lib\libc.a(lib_a-lseekr.o)
                0x008023a4                _lseek_r
 .text          0x0080241c       0x78 c:/altera/10.1/nios2eds/bin/gnu/h-i686-mingw32/bin/../lib/gcc/nios2-elf/4.1.2/../../../../nios2-elf/lib\libc.a(lib_a-readr.o)
                0x0080241c                _read_r
 .text          0x00802494      0x15c ../lab1_spi_bsp\libhal_bsp.a(alt_close.o)
                0x00802494                close
 .text          0x008025f0       0x2c ../lab1_spi_bsp\libhal_bsp.a(alt_dev.o)
 .text          0x0080261c        0x0 ../lab1_spi_bsp\libhal_bsp.a(alt_errno.o)
 .text          0x0080261c      0x134 ../lab1_spi_bsp\libhal_bsp.a(alt_fstat.o)
                0x0080261c                fstat
 .text          0x00802750      0x1c0 ../lab1_spi_bsp\libhal_bsp.a(alt_irq_register.o)
                0x00802750                alt_irq_register
 .text          0x00802910        0x0 ../lab1_spi_bsp\libhal_bsp.a(alt_irq_vars.o)
 .text          0x00802910      0x120 ../lab1_spi_bsp\libhal_bsp.a(alt_isatty.o)
                0x00802910                isatty
 .text          0x00802a30       0xec ../lab1_spi_bsp\libhal_bsp.a(alt_load.o)
                0x00802a30                alt_load
 .text          0x00802b1c      0x150 ../lab1_spi_bsp\libhal_bsp.a(alt_lseek.o)
                0x00802b1c                lseek
 .text          0x00802c6c       0x6c ../lab1_spi_bsp\libhal_bsp.a(alt_main.o)
                0x00802c6c                alt_main
 .text          0x00802cd8       0x40 ../lab1_spi_bsp\libhal_bsp.a(alt_malloc_lock.o)
                0x00802cd8                __malloc_lock
                0x00802cf8                __malloc_unlock
 .text          0x00802d18      0x180 ../lab1_spi_bsp\libhal_bsp.a(alt_read.o)
                0x00802d18                read
 .text          0x00802e98       0x60 ../lab1_spi_bsp\libhal_bsp.a(alt_release_fd.o)
                0x00802e98                alt_release_fd
 .text          0x00802ef8       0xbc ../lab1_spi_bsp\libhal_bsp.a(alt_sbrk.o)
                0x00802ef8                sbrk
 .text          0x00802fb4       0x30 ../lab1_spi_bsp\libhal_bsp.a(alt_usleep.o)
                0x00802fb4                usleep
 .text          0x00802fe4      0x180 ../lab1_spi_bsp\libhal_bsp.a(alt_write.o)
                0x00802fe4                write
 .text          0x00803164      0x3a8 ../lab1_spi_bsp\libhal_bsp.a(alt_sys_init.o)
                0x00803164                alt_irq_init
                0x00803198                alt_sys_init
 .text          0x0080350c      0x8c8 ../lab1_spi_bsp\libhal_bsp.a(altera_avalon_cfi_flash.o)
                0x0080350c                alt_flash_cfi_init
                0x008035e0                alt_flash_cfi_write
                0x008038a0                alt_flash_cfi_get_info
                0x00803930                alt_flash_cfi_read
                0x00803998                alt_write_value_to_flash
                0x00803afc                alt_flash_program_block
 .text          0x00803dd4     0x1448 ../lab1_spi_bsp\libhal_bsp.a(altera_avalon_cfi_flash_table.o)
                0x00803dd4                alt_read_query_entry_8bit
                0x00803e14                alt_read_query_entry_16bit
                0x00803e58                alt_read_query_entry_32bit
                0x00803ea0                alt_write_flash_command_8bit_device_8bit_mode
                0x00803edc                alt_write_flash_command_16bit_device_8bit_mode
                0x00803f58                alt_write_flash_command_32bit_device_8bit_mode
                0x00803fa0                alt_write_flash_command_16bit_device_16bit_mode
                0x00803fe4                alt_write_flash_command_32bit_device_16bit_mode
                0x0080402c                alt_write_flash_command_32bit_device_32bit_mode
                0x00804074                alt_write_native_8bit
                0x008040a8                alt_write_native_16bit
                0x008040dc                alt_write_native_32bit
                0x0080410c                alt_set_flash_width_func
                0x008042ec                alt_set_flash_algorithm_func
                0x00804414                alt_read_cfi_table
                0x00804994                alt_read_cfi_width
                0x00805140                alt_check_primary_table
 .text          0x0080521c      0x148 ../lab1_spi_bsp\libhal_bsp.a(altera_avalon_jtag_uart_fd.o)
                0x0080521c                altera_avalon_jtag_uart_read_fd
                0x00805274                altera_avalon_jtag_uart_write_fd
                0x008052cc                altera_avalon_jtag_uart_close_fd
                0x00805314                altera_avalon_jtag_uart_ioctl_fd
 .text          0x00805364      0x40c ../lab1_spi_bsp\libhal_bsp.a(altera_avalon_jtag_uart_init.o)
                0x00805364                altera_avalon_jtag_uart_init
                0x008056fc                altera_avalon_jtag_uart_close
 .text          0x00805770       0xf4 ../lab1_spi_bsp\libhal_bsp.a(altera_avalon_jtag_uart_ioctl.o)
                0x00805770                altera_avalon_jtag_uart_ioctl
 .text          0x00805864      0x224 ../lab1_spi_bsp\libhal_bsp.a(altera_avalon_jtag_uart_read.o)
                0x00805864                altera_avalon_jtag_uart_read
 .text          0x00805a88      0x240 ../lab1_spi_bsp\libhal_bsp.a(altera_avalon_jtag_uart_write.o)
                0x00805a88                altera_avalon_jtag_uart_write
 .text          0x00805cc8      0x100 ../lab1_spi_bsp\libhal_bsp.a(altera_avalon_timer_sc.o)
                0x00805d38                alt_avalon_timer_sc_init
 .text          0x00805dc8       0xf8 ../lab1_spi_bsp\libhal_bsp.a(altera_avalon_uart_fd.o)
                0x00805dc8                altera_avalon_uart_read_fd
                0x00805e20                altera_avalon_uart_write_fd
                0x00805e78                altera_avalon_uart_close_fd
 .text          0x00805ec0      0x400 ../lab1_spi_bsp\libhal_bsp.a(altera_avalon_uart_init.o)
                0x00805ec0                altera_avalon_uart_init
                0x00806260                altera_avalon_uart_close
 .text          0x008062c0      0x290 ../lab1_spi_bsp\libhal_bsp.a(altera_avalon_uart_read.o)
                0x008062c0                altera_avalon_uart_read
 .text          0x00806550      0x228 ../lab1_spi_bsp\libhal_bsp.a(altera_avalon_uart_write.o)
                0x00806550                altera_avalon_uart_write
 .text          0x00806778      0x304 ../lab1_spi_bsp\libhal_bsp.a(altera_up_avalon_video_character_buffer_with_dma.o)
                0x00806778                alt_up_char_buffer_init
                0x008067fc                alt_up_char_buffer_open_dev
                0x0080683c                alt_up_char_buffer_draw
                0x0080690c                alt_up_char_buffer_string
                0x00806a20                alt_up_char_buffer_clear
 .text          0x00806a7c      0x154 ../lab1_spi_bsp\libhal_bsp.a(alt_alarm_start.o)
                0x00806a7c                alt_alarm_start
 .text          0x00806bd0      0x14c ../lab1_spi_bsp\libhal_bsp.a(alt_busy_sleep.o)
                0x00806bd0                alt_busy_sleep
 .text          0x00806d1c       0x78 ../lab1_spi_bsp\libhal_bsp.a(alt_dcache_flush.o)
                0x00806d1c                alt_dcache_flush
 .text          0x00806d94       0x44 ../lab1_spi_bsp\libhal_bsp.a(alt_dcache_flush_all.o)
                0x00806d94                alt_dcache_flush_all
 .text          0x00806dd8      0x114 ../lab1_spi_bsp\libhal_bsp.a(alt_dev_llist_insert.o)
                0x00806dd8                alt_dev_llist_insert
 .text          0x00806eec       0x64 ../lab1_spi_bsp\libhal_bsp.a(alt_do_ctors.o)
                0x00806eec                _do_ctors
 .text          0x00806f50       0x64 ../lab1_spi_bsp\libhal_bsp.a(alt_do_dtors.o)
                0x00806f50                _do_dtors
 .text          0x00806fb4       0x94 ../lab1_spi_bsp\libhal_bsp.a(alt_find_dev.o)
                0x00806fb4                alt_find_dev
 .text          0x00807048       0xd0 ../lab1_spi_bsp\libhal_bsp.a(alt_flash_dev.o)
                0x00807048                alt_flash_open_dev
                0x008070c4                alt_flash_close_dev
 .text          0x00807118       0x30 ../lab1_spi_bsp\libhal_bsp.a(alt_icache_flush_all.o)
                0x00807118                alt_icache_flush_all
 .text          0x00807148      0x1d4 ../lab1_spi_bsp\libhal_bsp.a(alt_iic.o)
                0x00807148                alt_ic_isr_register
                0x00807198                alt_ic_irq_enable
                0x00807234                alt_ic_irq_disable
                0x008072d4                alt_ic_irq_enabled
 .text          0x0080731c       0xf8 ../lab1_spi_bsp\libhal_bsp.a(alt_iic_isr_register.o)
                0x0080731c                alt_iic_isr_register
 .text          0x00807414      0x13c ../lab1_spi_bsp\libhal_bsp.a(alt_io_redirect.o)
                0x008074d8                alt_io_redirect
 .text          0x00807550        0x0 ../lab1_spi_bsp\libhal_bsp.a(alt_irq_entry.o)
 .text          0x00807550        0x0 ../lab1_spi_bsp\libhal_bsp.a(alt_irq_handler.o)
 .text          0x00807550      0x2c4 ../lab1_spi_bsp\libhal_bsp.a(alt_open.o)
                0x0080762c                open
 .text          0x00807814      0x1a4 ../lab1_spi_bsp\libhal_bsp.a(alt_tick.o)
                0x00807814                alt_alarm_stop
                0x008078ac                alt_tick
 .text          0x008079b8       0x20 ../lab1_spi_bsp\libhal_bsp.a(altera_nios2_irq.o)
                0x008079b8                altera_nios2_irq_init
 .text          0x008079d8      0x460 ../lab1_spi_bsp\libhal_bsp.a(altera_avalon_cfi_flash_amd.o)
                0x008079d8                alt_program_amd
                0x00807a40                alt_erase_block_amd
 .text          0x00807e38      0x460 ../lab1_spi_bsp\libhal_bsp.a(altera_avalon_cfi_flash_intel.o)
                0x00807e38                alt_program_intel
                0x00807ebc                alt_erase_block_intel
 .text          0x00808298        0x0 ../lab1_spi_bsp\libhal_bsp.a(alt_exception_entry.o)
 .text          0x00808298      0x120 ../lab1_spi_bsp\libhal_bsp.a(alt_find_file.o)
                0x00808298                alt_find_file
 .text          0x008083b8       0xb8 ../lab1_spi_bsp\libhal_bsp.a(alt_get_fd.o)
                0x008083b8                alt_get_fd
 .text          0x00808470       0x90 ../lab1_spi_bsp\libhal_bsp.a(alt_icache_flush.o)
                0x00808470                alt_icache_flush
 .text          0x00808500       0x14 c:/altera/10.1/nios2eds/bin/gnu/h-i686-mingw32/bin/../lib/gcc/nios2-elf/4.1.2/../../../../nios2-elf/lib\libc.a(lib_a-atexit.o)
                0x00808500                atexit
 .text          0x00808514       0x38 c:/altera/10.1/nios2eds/bin/gnu/h-i686-mingw32/bin/../lib/gcc/nios2-elf/4.1.2/../../../../nios2-elf/lib\libc.a(lib_a-exit.o)
                0x00808514                exit
 .text          0x0080854c       0x74 c:/altera/10.1/nios2eds/bin/gnu/h-i686-mingw32/bin/../lib/gcc/nios2-elf/4.1.2/../../../../nios2-elf/lib\libc.a(lib_a-memcmp.o)
                0x0080854c                memcmp
 .text          0x008085c0       0xa0 c:/altera/10.1/nios2eds/bin/gnu/h-i686-mingw32/bin/../lib/gcc/nios2-elf/4.1.2/../../../../nios2-elf/lib\libc.a(lib_a-memcpy.o)
                0x008085c0                memcpy
 .text          0x00808660       0xbc c:/altera/10.1/nios2eds/bin/gnu/h-i686-mingw32/bin/../lib/gcc/nios2-elf/4.1.2/../../../../nios2-elf/lib\libc.a(lib_a-strcmp.o)
                0x00808660                strcmp
 .text          0x0080871c       0x74 c:/altera/10.1/nios2eds/bin/gnu/h-i686-mingw32/bin/../lib/gcc/nios2-elf/4.1.2/../../../../nios2-elf/lib\libc.a(lib_a-strlen.o)
                0x0080871c                strlen
 .text          0x00808790      0x134 c:/altera/10.1/nios2eds/bin/gnu/h-i686-mingw32/bin/../lib/gcc/nios2-elf/4.1.2/../../../../nios2-elf/lib\libc.a(lib_a-__atexit.o)
                0x00808790                __register_exitproc
 .text          0x008088c4      0x1b4 c:/altera/10.1/nios2eds/bin/gnu/h-i686-mingw32/bin/../lib/gcc/nios2-elf/4.1.2/../../../../nios2-elf/lib\libc.a(lib_a-__call_atexit.o)
                0x008088c8                __call_exitprocs
 .text          0x00808a78      0x14c c:/altera/10.1/nios2eds/bin/gnu/h-i686-mingw32/bin/../lib/gcc/nios2-elf/4.1.2\libgcc.a(lib2-divmod.o)
                0x00808af4                __divsi3
                0x00808b54                __modsi3
                0x00808bb4                __udivsi3
                0x00808bbc                __umodsi3
 .text          0x00808bc4       0x60 ../lab1_spi_bsp\libhal_bsp.a(alt_exit.o)
                0x00808c04                _exit
 *(.gnu.warning.*)
 *(.fini)
                0x00808c24                PROVIDE (__etext, ABSOLUTE (.))
                0x00808c24                PROVIDE (_etext, ABSOLUTE (.))
                0x00808c24                PROVIDE (etext, ABSOLUTE (.))
 *(.eh_frame_hdr)
                0x00808c24                . = ALIGN (0x4)
                0x00808c24                PROVIDE (__preinit_array_start, ABSOLUTE (.))
 *(.preinit_array)
                0x00808c24                PROVIDE (__preinit_array_end, ABSOLUTE (.))
                0x00808c24                PROVIDE (__init_array_start, ABSOLUTE (.))
 *(.init_array)
                0x00808c24                PROVIDE (__init_array_end, ABSOLUTE (.))
                0x00808c24                PROVIDE (__fini_array_start, ABSOLUTE (.))
 *(.fini_array)
                0x00808c24                PROVIDE (__fini_array_end, ABSOLUTE (.))
 *(.eh_frame)
 *(.gcc_except_table)
 *(.dynamic)
                0x00808c24                PROVIDE (__CTOR_LIST__, ABSOLUTE (.))
 *(.ctors)
 *(SORT(.ctors.*))
 .ctors.65535   0x00808c24        0x4 c:/altera/10.1/nios2eds/bin/gnu/h-i686-mingw32/bin/../lib/gcc/nios2-elf/4.1.2/../../../../nios2-elf/lib\libc.a(lib_a-__call_atexit.o)
                0x00808c28                PROVIDE (__CTOR_END__, ABSOLUTE (.))
                0x00808c28                PROVIDE (__DTOR_LIST__, ABSOLUTE (.))
 *(.dtors)
 *(SORT(.dtors.*))
                0x00808c28                PROVIDE (__DTOR_END__, ABSOLUTE (.))
 *(.jcr)
                0x00808c28                . = ALIGN (0x4)

.rodata         0x00808c28       0xc4
                0x00808c28                PROVIDE (__ram_rodata_start, ABSOLUTE (.))
                0x00808c28                . = ALIGN (0x4)
 *(.rodata .rodata.* .gnu.linkonce.r.*)
 .rodata.str1.4
                0x00808c28        0x4 c:/altera/10.1/nios2eds/bin/gnu/h-i686-mingw32/bin/../lib/gcc/nios2-elf/4.1.2/../../../../nios2-elf/lib\libc.a(lib_a-impure.o)
 .rodata        0x00808c2c        0xc ../lab1_spi_bsp\libhal_bsp.a(alt_dev.o)
 .rodata        0x00808c38       0x10 ../lab1_spi_bsp\libhal_bsp.a(alt_main.o)
 .rodata        0x00808c48       0x88 ../lab1_spi_bsp\libhal_bsp.a(alt_sys_init.o)
 .rodata        0x00808cd0       0x1c ../lab1_spi_bsp\libhal_bsp.a(altera_up_avalon_video_character_buffer_with_dma.o)
 *(.rodata1)
                0x00808cec                . = ALIGN (0x4)
                0x00808cec                PROVIDE (__ram_rodata_end, ABSOLUTE (.))
                0x00808c28                PROVIDE (__flash_rodata_start, LOADADDR (.rodata))

.rwdata         0x00808cec     0x1c88 load address 0x0080a974
                0x00808cec                PROVIDE (__ram_rwdata_start, ABSOLUTE (.))
                0x00808cec                . = ALIGN (0x4)
 *(.got.plt)
 *(.got)
 *(.data1)
 *(.data .data.* .gnu.linkonce.d.*)
 .data          0x00808cec        0x0 ../lab1_spi_bsp/obj/HAL/src/crt0.o
 .data          0x00808cec        0x0 obj/spiecho.o
 .data          0x00808cec        0x0 c:/altera/10.1/nios2eds/bin/gnu/h-i686-mingw32/bin/../lib/gcc/nios2-elf/4.1.2/../../../../nios2-elf/lib\libc.a(lib_a-getc.o)
 .data          0x00808cec      0x400 c:/altera/10.1/nios2eds/bin/gnu/h-i686-mingw32/bin/../lib/gcc/nios2-elf/4.1.2/../../../../nios2-elf/lib\libc.a(lib_a-impure.o)
 .data          0x008090ec        0x0 c:/altera/10.1/nios2eds/bin/gnu/h-i686-mingw32/bin/../lib/gcc/nios2-elf/4.1.2/../../../../nios2-elf/lib\libc.a(lib_a-putc.o)
 .data          0x008090ec        0x0 c:/altera/10.1/nios2eds/bin/gnu/h-i686-mingw32/bin/../lib/gcc/nios2-elf/4.1.2/../../../../nios2-elf/lib\libc.a(lib_a-rget.o)
 .data          0x008090ec        0x0 c:/altera/10.1/nios2eds/bin/gnu/h-i686-mingw32/bin/../lib/gcc/nios2-elf/4.1.2/../../../../nios2-elf/lib\libc.a(lib_a-wbuf.o)
 .data          0x008090ec        0x0 c:/altera/10.1/nios2eds/bin/gnu/h-i686-mingw32/bin/../lib/gcc/nios2-elf/4.1.2/../../../../nios2-elf/lib\libc.a(lib_a-wsetup.o)
 .data          0x008090ec        0x0 c:/altera/10.1/nios2eds/bin/gnu/h-i686-mingw32/bin/../lib/gcc/nios2-elf/4.1.2/../../../../nios2-elf/lib\libc.a(lib_a-fflush.o)
 .data          0x008090ec        0x0 c:/altera/10.1/nios2eds/bin/gnu/h-i686-mingw32/bin/../lib/gcc/nios2-elf/4.1.2/../../../../nios2-elf/lib\libc.a(lib_a-findfp.o)
 .data          0x008090ec        0x0 c:/altera/10.1/nios2eds/bin/gnu/h-i686-mingw32/bin/../lib/gcc/nios2-elf/4.1.2/../../../../nios2-elf/lib\libc.a(lib_a-freer.o)
 .data          0x008090ec        0x0 c:/altera/10.1/nios2eds/bin/gnu/h-i686-mingw32/bin/../lib/gcc/nios2-elf/4.1.2/../../../../nios2-elf/lib\libc.a(lib_a-fwalk.o)
 .data          0x008090ec        0x0 c:/altera/10.1/nios2eds/bin/gnu/h-i686-mingw32/bin/../lib/gcc/nios2-elf/4.1.2/../../../../nios2-elf/lib\libc.a(lib_a-makebuf.o)
 .data          0x008090ec      0x408 c:/altera/10.1/nios2eds/bin/gnu/h-i686-mingw32/bin/../lib/gcc/nios2-elf/4.1.2/../../../../nios2-elf/lib\libc.a(lib_a-mallocr.o)
                0x008090ec                __malloc_av_
 .data          0x008094f4        0x0 c:/altera/10.1/nios2eds/bin/gnu/h-i686-mingw32/bin/../lib/gcc/nios2-elf/4.1.2/../../../../nios2-elf/lib\libc.a(lib_a-memset.o)
 .data          0x008094f4        0x0 c:/altera/10.1/nios2eds/bin/gnu/h-i686-mingw32/bin/../lib/gcc/nios2-elf/4.1.2/../../../../nios2-elf/lib\libc.a(lib_a-refill.o)
 .data          0x008094f4        0x0 c:/altera/10.1/nios2eds/bin/gnu/h-i686-mingw32/bin/../lib/gcc/nios2-elf/4.1.2/../../../../nios2-elf/lib\libc.a(lib_a-sbrkr.o)
 .data          0x008094f4        0x0 c:/altera/10.1/nios2eds/bin/gnu/h-i686-mingw32/bin/../lib/gcc/nios2-elf/4.1.2/../../../../nios2-elf/lib\libc.a(lib_a-stdio.o)
 .data          0x008094f4        0x0 c:/altera/10.1/nios2eds/bin/gnu/h-i686-mingw32/bin/../lib/gcc/nios2-elf/4.1.2/../../../../nios2-elf/lib\libc.a(lib_a-writer.o)
 .data          0x008094f4        0x0 c:/altera/10.1/nios2eds/bin/gnu/h-i686-mingw32/bin/../lib/gcc/nios2-elf/4.1.2/../../../../nios2-elf/lib\libc.a(lib_a-closer.o)
 .data          0x008094f4        0x0 c:/altera/10.1/nios2eds/bin/gnu/h-i686-mingw32/bin/../lib/gcc/nios2-elf/4.1.2/../../../../nios2-elf/lib\libc.a(lib_a-fclose.o)
 .data          0x008094f4        0x0 c:/altera/10.1/nios2eds/bin/gnu/h-i686-mingw32/bin/../lib/gcc/nios2-elf/4.1.2/../../../../nios2-elf/lib\libc.a(lib_a-fstatr.o)
 .data          0x008094f4        0x0 c:/altera/10.1/nios2eds/bin/gnu/h-i686-mingw32/bin/../lib/gcc/nios2-elf/4.1.2/../../../../nios2-elf/lib\libc.a(lib_a-int_errno.o)
 .data          0x008094f4        0x0 c:/altera/10.1/nios2eds/bin/gnu/h-i686-mingw32/bin/../lib/gcc/nios2-elf/4.1.2/../../../../nios2-elf/lib\libc.a(lib_a-isattyr.o)
 .data          0x008094f4        0x0 c:/altera/10.1/nios2eds/bin/gnu/h-i686-mingw32/bin/../lib/gcc/nios2-elf/4.1.2/../../../../nios2-elf/lib\libc.a(lib_a-lseekr.o)
 .data          0x008094f4        0x0 c:/altera/10.1/nios2eds/bin/gnu/h-i686-mingw32/bin/../lib/gcc/nios2-elf/4.1.2/../../../../nios2-elf/lib\libc.a(lib_a-readr.o)
 .data          0x008094f4        0x0 ../lab1_spi_bsp\libhal_bsp.a(alt_close.o)
 .data          0x008094f4      0x1a8 ../lab1_spi_bsp\libhal_bsp.a(alt_dev.o)
                0x008094f4                alt_dev_null
                0x0080951c                alt_fd_list
 .data          0x0080969c        0x0 ../lab1_spi_bsp\libhal_bsp.a(alt_errno.o)
 .data          0x0080969c        0x0 ../lab1_spi_bsp\libhal_bsp.a(alt_fstat.o)
 .data          0x0080969c        0x0 ../lab1_spi_bsp\libhal_bsp.a(alt_irq_register.o)
 .data          0x0080969c        0x0 ../lab1_spi_bsp\libhal_bsp.a(alt_irq_vars.o)
 .data          0x0080969c        0x0 ../lab1_spi_bsp\libhal_bsp.a(alt_isatty.o)
 .data          0x0080969c        0x0 ../lab1_spi_bsp\libhal_bsp.a(alt_load.o)
 .data          0x0080969c        0x0 ../lab1_spi_bsp\libhal_bsp.a(alt_lseek.o)
 .data          0x0080969c        0x0 ../lab1_spi_bsp\libhal_bsp.a(alt_main.o)
 .data          0x0080969c        0x0 ../lab1_spi_bsp\libhal_bsp.a(alt_malloc_lock.o)
 .data          0x0080969c        0x0 ../lab1_spi_bsp\libhal_bsp.a(alt_read.o)
 .data          0x0080969c        0x0 ../lab1_spi_bsp\libhal_bsp.a(alt_release_fd.o)
 .data          0x0080969c        0x0 ../lab1_spi_bsp\libhal_bsp.a(alt_sbrk.o)
 .data          0x0080969c        0x0 ../lab1_spi_bsp\libhal_bsp.a(alt_usleep.o)
 .data          0x0080969c        0x0 ../lab1_spi_bsp\libhal_bsp.a(alt_write.o)
 .data          0x0080969c     0x1298 ../lab1_spi_bsp\libhal_bsp.a(alt_sys_init.o)
 .data          0x0080a934        0x0 ../lab1_spi_bsp\libhal_bsp.a(altera_avalon_cfi_flash.o)
 .data          0x0080a934        0x0 ../lab1_spi_bsp\libhal_bsp.a(altera_avalon_cfi_flash_table.o)
 .data          0x0080a934        0x0 ../lab1_spi_bsp\libhal_bsp.a(altera_avalon_jtag_uart_fd.o)
 .data          0x0080a934        0x0 ../lab1_spi_bsp\libhal_bsp.a(altera_avalon_jtag_uart_init.o)
 .data          0x0080a934        0x0 ../lab1_spi_bsp\libhal_bsp.a(altera_avalon_jtag_uart_ioctl.o)
 .data          0x0080a934        0x0 ../lab1_spi_bsp\libhal_bsp.a(altera_avalon_jtag_uart_read.o)
 .data          0x0080a934        0x0 ../lab1_spi_bsp\libhal_bsp.a(altera_avalon_jtag_uart_write.o)
 .data          0x0080a934        0x0 ../lab1_spi_bsp\libhal_bsp.a(altera_avalon_timer_sc.o)
 .data          0x0080a934        0x0 ../lab1_spi_bsp\libhal_bsp.a(altera_avalon_uart_fd.o)
 .data          0x0080a934        0x0 ../lab1_spi_bsp\libhal_bsp.a(altera_avalon_uart_init.o)
 .data          0x0080a934        0x0 ../lab1_spi_bsp\libhal_bsp.a(altera_avalon_uart_read.o)
 .data          0x0080a934        0x0 ../lab1_spi_bsp\libhal_bsp.a(altera_avalon_uart_write.o)
 .data          0x0080a934        0x0 ../lab1_spi_bsp\libhal_bsp.a(altera_up_avalon_video_character_buffer_with_dma.o)
 .data          0x0080a934        0x0 ../lab1_spi_bsp\libhal_bsp.a(alt_alarm_start.o)
 .data          0x0080a934        0x0 ../lab1_spi_bsp\libhal_bsp.a(alt_busy_sleep.o)
 .data          0x0080a934        0x0 ../lab1_spi_bsp\libhal_bsp.a(alt_dcache_flush.o)
 .data          0x0080a934        0x0 ../lab1_spi_bsp\libhal_bsp.a(alt_dcache_flush_all.o)
 .data          0x0080a934        0x0 ../lab1_spi_bsp\libhal_bsp.a(alt_dev_llist_insert.o)
 .data          0x0080a934        0x0 ../lab1_spi_bsp\libhal_bsp.a(alt_do_ctors.o)
 .data          0x0080a934        0x0 ../lab1_spi_bsp\libhal_bsp.a(alt_do_dtors.o)
 .data          0x0080a934        0x0 ../lab1_spi_bsp\libhal_bsp.a(alt_find_dev.o)
 .data          0x0080a934        0x0 ../lab1_spi_bsp\libhal_bsp.a(alt_flash_dev.o)
 .data          0x0080a934        0x0 ../lab1_spi_bsp\libhal_bsp.a(alt_icache_flush_all.o)
 .data          0x0080a934        0x0 ../lab1_spi_bsp\libhal_bsp.a(alt_iic.o)
 .data          0x0080a934        0x0 ../lab1_spi_bsp\libhal_bsp.a(alt_iic_isr_register.o)
 .data          0x0080a934        0x0 ../lab1_spi_bsp\libhal_bsp.a(alt_io_redirect.o)
 .data          0x0080a934        0x0 ../lab1_spi_bsp\libhal_bsp.a(alt_irq_entry.o)
 .data          0x0080a934        0x0 ../lab1_spi_bsp\libhal_bsp.a(alt_irq_handler.o)
 .data          0x0080a934        0x0 ../lab1_spi_bsp\libhal_bsp.a(alt_open.o)
 .data          0x0080a934        0x0 ../lab1_spi_bsp\libhal_bsp.a(alt_tick.o)
 .data          0x0080a934        0x0 ../lab1_spi_bsp\libhal_bsp.a(altera_nios2_irq.o)
 .data          0x0080a934        0x0 ../lab1_spi_bsp\libhal_bsp.a(altera_avalon_cfi_flash_amd.o)
 .data          0x0080a934        0x0 ../lab1_spi_bsp\libhal_bsp.a(altera_avalon_cfi_flash_intel.o)
 .data          0x0080a934        0x0 ../lab1_spi_bsp\libhal_bsp.a(alt_exception_entry.o)
 .data          0x0080a934        0x0 ../lab1_spi_bsp\libhal_bsp.a(alt_find_file.o)
 .data          0x0080a934        0x0 ../lab1_spi_bsp\libhal_bsp.a(alt_get_fd.o)
 .data          0x0080a934        0x0 ../lab1_spi_bsp\libhal_bsp.a(alt_icache_flush.o)
 .data          0x0080a934        0x0 c:/altera/10.1/nios2eds/bin/gnu/h-i686-mingw32/bin/../lib/gcc/nios2-elf/4.1.2/../../../../nios2-elf/lib\libc.a(lib_a-atexit.o)
 .data          0x0080a934        0x0 c:/altera/10.1/nios2eds/bin/gnu/h-i686-mingw32/bin/../lib/gcc/nios2-elf/4.1.2/../../../../nios2-elf/lib\libc.a(lib_a-exit.o)
 .data          0x0080a934        0x0 c:/altera/10.1/nios2eds/bin/gnu/h-i686-mingw32/bin/../lib/gcc/nios2-elf/4.1.2/../../../../nios2-elf/lib\libc.a(lib_a-memcmp.o)
 .data          0x0080a934        0x0 c:/altera/10.1/nios2eds/bin/gnu/h-i686-mingw32/bin/../lib/gcc/nios2-elf/4.1.2/../../../../nios2-elf/lib\libc.a(lib_a-memcpy.o)
 .data          0x0080a934        0x0 c:/altera/10.1/nios2eds/bin/gnu/h-i686-mingw32/bin/../lib/gcc/nios2-elf/4.1.2/../../../../nios2-elf/lib\libc.a(lib_a-strcmp.o)
 .data          0x0080a934        0x0 c:/altera/10.1/nios2eds/bin/gnu/h-i686-mingw32/bin/../lib/gcc/nios2-elf/4.1.2/../../../../nios2-elf/lib\libc.a(lib_a-strlen.o)
 .data          0x0080a934        0x0 c:/altera/10.1/nios2eds/bin/gnu/h-i686-mingw32/bin/../lib/gcc/nios2-elf/4.1.2/../../../../nios2-elf/lib\libc.a(lib_a-__atexit.o)
 .data          0x0080a934        0x0 c:/altera/10.1/nios2eds/bin/gnu/h-i686-mingw32/bin/../lib/gcc/nios2-elf/4.1.2/../../../../nios2-elf/lib\libc.a(lib_a-__call_atexit.o)
 .data          0x0080a934        0x0 c:/altera/10.1/nios2eds/bin/gnu/h-i686-mingw32/bin/../lib/gcc/nios2-elf/4.1.2\libgcc.a(lib2-divmod.o)
 .data          0x0080a934        0x0 ../lab1_spi_bsp\libhal_bsp.a(alt_exit.o)
                0x00812934                _gp = ABSOLUTE ((. + 0x8000))
                0x00812934                PROVIDE (gp, _gp)
 *(.sdata .sdata.* .gnu.linkonce.s.*)
 .sdata         0x0080a934        0x8 c:/altera/10.1/nios2eds/bin/gnu/h-i686-mingw32/bin/../lib/gcc/nios2-elf/4.1.2/../../../../nios2-elf/lib\libc.a(lib_a-impure.o)
                0x0080a934                _impure_ptr
                0x0080a938                _global_impure_ptr
 .sdata         0x0080a93c        0x8 c:/altera/10.1/nios2eds/bin/gnu/h-i686-mingw32/bin/../lib/gcc/nios2-elf/4.1.2/../../../../nios2-elf/lib\libc.a(lib_a-mallocr.o)
                0x0080a93c                __malloc_trim_threshold
                0x0080a940                __malloc_sbrk_base
 .sdata         0x0080a944       0x14 ../lab1_spi_bsp\libhal_bsp.a(alt_dev.o)
                0x0080a944                alt_fs_list
                0x0080a94c                alt_dev_list
                0x0080a954                alt_max_fd
 .sdata         0x0080a958        0x4 ../lab1_spi_bsp\libhal_bsp.a(alt_errno.o)
                0x0080a958                alt_errno
 .sdata         0x0080a95c        0x4 ../lab1_spi_bsp\libhal_bsp.a(alt_irq_vars.o)
                0x0080a95c                alt_priority_mask
 .sdata         0x0080a960        0x4 ../lab1_spi_bsp\libhal_bsp.a(alt_sbrk.o)
 .sdata         0x0080a964        0x8 ../lab1_spi_bsp\libhal_bsp.a(alt_flash_dev.o)
                0x0080a964                alt_flash_dev_list
 .sdata         0x0080a96c        0x8 ../lab1_spi_bsp\libhal_bsp.a(alt_tick.o)
                0x0080a96c                alt_alarm_list
 *(.sdata2 .sdata2.* .gnu.linkonce.s2.*)
                0x0080a974                . = ALIGN (0x4)
                0x0080a974                _edata = ABSOLUTE (.)
                0x0080a974                PROVIDE (edata, ABSOLUTE (.))
                0x0080a974                PROVIDE (__ram_rwdata_end, ABSOLUTE (.))
                0x0080a974                PROVIDE (__flash_rwdata_start, LOADADDR (.rwdata))

.bss            0x0080c5fc      0x2e4
                0x0080c5fc                __bss_start = ABSOLUTE (.)
                0x0080c5fc                PROVIDE (__sbss_start, ABSOLUTE (.))
                0x0080c5fc                PROVIDE (___sbss_start, ABSOLUTE (.))
 *(.dynsbss)
 *(.sbss .sbss.* .gnu.linkonce.sb.*)
 .sbss          0x0080c5fc        0x1 obj/spiecho.o
 *fill*         0x0080c5fd        0x3 00
 .sbss          0x0080c600        0xc c:/altera/10.1/nios2eds/bin/gnu/h-i686-mingw32/bin/../lib/gcc/nios2-elf/4.1.2/../../../../nios2-elf/lib\libc.a(lib_a-mallocr.o)
                0x0080c600                __malloc_top_pad
                0x0080c604                __malloc_max_sbrked_mem
                0x0080c608                __malloc_max_total_mem
 .sbss          0x0080c60c        0x4 c:/altera/10.1/nios2eds/bin/gnu/h-i686-mingw32/bin/../lib/gcc/nios2-elf/4.1.2/../../../../nios2-elf/lib\libc.a(lib_a-int_errno.o)
                0x0080c60c                errno
 .sbss          0x0080c610        0x4 ../lab1_spi_bsp\libhal_bsp.a(alt_irq_vars.o)
                0x0080c610                alt_irq_active
 .sbss          0x0080c614        0xc ../lab1_spi_bsp\libhal_bsp.a(alt_main.o)
                0x0080c614                alt_argc
                0x0080c618                alt_argv
                0x0080c61c                alt_envp
 .sbss          0x0080c620        0x8 ../lab1_spi_bsp\libhal_bsp.a(alt_tick.o)
                0x0080c620                _alt_tick_rate
                0x0080c624                _alt_nticks
 *(.sbss2 .sbss2.* .gnu.linkonce.sb2.*)
 *(.scommon)
                0x0080c628                PROVIDE (__sbss_end, ABSOLUTE (.))
                0x0080c628                PROVIDE (___sbss_end, ABSOLUTE (.))
 *(.dynbss)
 *(.bss .bss.* .gnu.linkonce.b.*)
 .bss           0x0080c628        0x0 ../lab1_spi_bsp/obj/HAL/src/crt0.o
 .bss           0x0080c628        0x0 obj/spiecho.o
 .bss           0x0080c628        0x0 c:/altera/10.1/nios2eds/bin/gnu/h-i686-mingw32/bin/../lib/gcc/nios2-elf/4.1.2/../../../../nios2-elf/lib\libc.a(lib_a-getc.o)
 .bss           0x0080c628        0x0 c:/altera/10.1/nios2eds/bin/gnu/h-i686-mingw32/bin/../lib/gcc/nios2-elf/4.1.2/../../../../nios2-elf/lib\libc.a(lib_a-impure.o)
 .bss           0x0080c628        0x0 c:/altera/10.1/nios2eds/bin/gnu/h-i686-mingw32/bin/../lib/gcc/nios2-elf/4.1.2/../../../../nios2-elf/lib\libc.a(lib_a-putc.o)
 .bss           0x0080c628        0x0 c:/altera/10.1/nios2eds/bin/gnu/h-i686-mingw32/bin/../lib/gcc/nios2-elf/4.1.2/../../../../nios2-elf/lib\libc.a(lib_a-rget.o)
 .bss           0x0080c628        0x0 c:/altera/10.1/nios2eds/bin/gnu/h-i686-mingw32/bin/../lib/gcc/nios2-elf/4.1.2/../../../../nios2-elf/lib\libc.a(lib_a-wbuf.o)
 .bss           0x0080c628        0x0 c:/altera/10.1/nios2eds/bin/gnu/h-i686-mingw32/bin/../lib/gcc/nios2-elf/4.1.2/../../../../nios2-elf/lib\libc.a(lib_a-wsetup.o)
 .bss           0x0080c628        0x0 c:/altera/10.1/nios2eds/bin/gnu/h-i686-mingw32/bin/../lib/gcc/nios2-elf/4.1.2/../../../../nios2-elf/lib\libc.a(lib_a-fflush.o)
 .bss           0x0080c628        0x0 c:/altera/10.1/nios2eds/bin/gnu/h-i686-mingw32/bin/../lib/gcc/nios2-elf/4.1.2/../../../../nios2-elf/lib\libc.a(lib_a-findfp.o)
 .bss           0x0080c628        0x0 c:/altera/10.1/nios2eds/bin/gnu/h-i686-mingw32/bin/../lib/gcc/nios2-elf/4.1.2/../../../../nios2-elf/lib\libc.a(lib_a-freer.o)
 .bss           0x0080c628        0x0 c:/altera/10.1/nios2eds/bin/gnu/h-i686-mingw32/bin/../lib/gcc/nios2-elf/4.1.2/../../../../nios2-elf/lib\libc.a(lib_a-fwalk.o)
 .bss           0x0080c628        0x0 c:/altera/10.1/nios2eds/bin/gnu/h-i686-mingw32/bin/../lib/gcc/nios2-elf/4.1.2/../../../../nios2-elf/lib\libc.a(lib_a-makebuf.o)
 .bss           0x0080c628       0x28 c:/altera/10.1/nios2eds/bin/gnu/h-i686-mingw32/bin/../lib/gcc/nios2-elf/4.1.2/../../../../nios2-elf/lib\libc.a(lib_a-mallocr.o)
                0x0080c628                __malloc_current_mallinfo
 .bss           0x0080c650        0x0 c:/altera/10.1/nios2eds/bin/gnu/h-i686-mingw32/bin/../lib/gcc/nios2-elf/4.1.2/../../../../nios2-elf/lib\libc.a(lib_a-memset.o)
 .bss           0x0080c650        0x0 c:/altera/10.1/nios2eds/bin/gnu/h-i686-mingw32/bin/../lib/gcc/nios2-elf/4.1.2/../../../../nios2-elf/lib\libc.a(lib_a-refill.o)
 .bss           0x0080c650        0x0 c:/altera/10.1/nios2eds/bin/gnu/h-i686-mingw32/bin/../lib/gcc/nios2-elf/4.1.2/../../../../nios2-elf/lib\libc.a(lib_a-sbrkr.o)
 .bss           0x0080c650        0x0 c:/altera/10.1/nios2eds/bin/gnu/h-i686-mingw32/bin/../lib/gcc/nios2-elf/4.1.2/../../../../nios2-elf/lib\libc.a(lib_a-stdio.o)
 .bss           0x0080c650        0x0 c:/altera/10.1/nios2eds/bin/gnu/h-i686-mingw32/bin/../lib/gcc/nios2-elf/4.1.2/../../../../nios2-elf/lib\libc.a(lib_a-writer.o)
 .bss           0x0080c650        0x0 c:/altera/10.1/nios2eds/bin/gnu/h-i686-mingw32/bin/../lib/gcc/nios2-elf/4.1.2/../../../../nios2-elf/lib\libc.a(lib_a-closer.o)
 .bss           0x0080c650        0x0 c:/altera/10.1/nios2eds/bin/gnu/h-i686-mingw32/bin/../lib/gcc/nios2-elf/4.1.2/../../../../nios2-elf/lib\libc.a(lib_a-fclose.o)
 .bss           0x0080c650        0x0 c:/altera/10.1/nios2eds/bin/gnu/h-i686-mingw32/bin/../lib/gcc/nios2-elf/4.1.2/../../../../nios2-elf/lib\libc.a(lib_a-fstatr.o)
 .bss           0x0080c650        0x0 c:/altera/10.1/nios2eds/bin/gnu/h-i686-mingw32/bin/../lib/gcc/nios2-elf/4.1.2/../../../../nios2-elf/lib\libc.a(lib_a-int_errno.o)
 .bss           0x0080c650        0x0 c:/altera/10.1/nios2eds/bin/gnu/h-i686-mingw32/bin/../lib/gcc/nios2-elf/4.1.2/../../../../nios2-elf/lib\libc.a(lib_a-isattyr.o)
 .bss           0x0080c650        0x0 c:/altera/10.1/nios2eds/bin/gnu/h-i686-mingw32/bin/../lib/gcc/nios2-elf/4.1.2/../../../../nios2-elf/lib\libc.a(lib_a-lseekr.o)
 .bss           0x0080c650        0x0 c:/altera/10.1/nios2eds/bin/gnu/h-i686-mingw32/bin/../lib/gcc/nios2-elf/4.1.2/../../../../nios2-elf/lib\libc.a(lib_a-readr.o)
 .bss           0x0080c650        0x0 ../lab1_spi_bsp\libhal_bsp.a(alt_close.o)
 .bss           0x0080c650        0x0 ../lab1_spi_bsp\libhal_bsp.a(alt_dev.o)
 .bss           0x0080c650        0x0 ../lab1_spi_bsp\libhal_bsp.a(alt_errno.o)
 .bss           0x0080c650        0x0 ../lab1_spi_bsp\libhal_bsp.a(alt_fstat.o)
 .bss           0x0080c650        0x0 ../lab1_spi_bsp\libhal_bsp.a(alt_irq_register.o)
 .bss           0x0080c650        0x0 ../lab1_spi_bsp\libhal_bsp.a(alt_irq_vars.o)
 .bss           0x0080c650        0x0 ../lab1_spi_bsp\libhal_bsp.a(alt_isatty.o)
 .bss           0x0080c650        0x0 ../lab1_spi_bsp\libhal_bsp.a(alt_load.o)
 .bss           0x0080c650        0x0 ../lab1_spi_bsp\libhal_bsp.a(alt_lseek.o)
 .bss           0x0080c650        0x0 ../lab1_spi_bsp\libhal_bsp.a(alt_main.o)
 .bss           0x0080c650        0x0 ../lab1_spi_bsp\libhal_bsp.a(alt_malloc_lock.o)
 .bss           0x0080c650        0x0 ../lab1_spi_bsp\libhal_bsp.a(alt_read.o)
 .bss           0x0080c650        0x0 ../lab1_spi_bsp\libhal_bsp.a(alt_release_fd.o)
 .bss           0x0080c650        0x0 ../lab1_spi_bsp\libhal_bsp.a(alt_sbrk.o)
 .bss           0x0080c650        0x0 ../lab1_spi_bsp\libhal_bsp.a(alt_usleep.o)
 .bss           0x0080c650        0x0 ../lab1_spi_bsp\libhal_bsp.a(alt_write.o)
 .bss           0x0080c650        0x0 ../lab1_spi_bsp\libhal_bsp.a(alt_sys_init.o)
 .bss           0x0080c650        0x0 ../lab1_spi_bsp\libhal_bsp.a(altera_avalon_cfi_flash.o)
 .bss           0x0080c650        0x0 ../lab1_spi_bsp\libhal_bsp.a(altera_avalon_cfi_flash_table.o)
 .bss           0x0080c650        0x0 ../lab1_spi_bsp\libhal_bsp.a(altera_avalon_jtag_uart_fd.o)
 .bss           0x0080c650        0x0 ../lab1_spi_bsp\libhal_bsp.a(altera_avalon_jtag_uart_init.o)
 .bss           0x0080c650        0x0 ../lab1_spi_bsp\libhal_bsp.a(altera_avalon_jtag_uart_ioctl.o)
 .bss           0x0080c650        0x0 ../lab1_spi_bsp\libhal_bsp.a(altera_avalon_jtag_uart_read.o)
 .bss           0x0080c650        0x0 ../lab1_spi_bsp\libhal_bsp.a(altera_avalon_jtag_uart_write.o)
 .bss           0x0080c650        0x0 ../lab1_spi_bsp\libhal_bsp.a(altera_avalon_timer_sc.o)
 .bss           0x0080c650        0x0 ../lab1_spi_bsp\libhal_bsp.a(altera_avalon_uart_fd.o)
 .bss           0x0080c650        0x0 ../lab1_spi_bsp\libhal_bsp.a(altera_avalon_uart_init.o)
 .bss           0x0080c650        0x0 ../lab1_spi_bsp\libhal_bsp.a(altera_avalon_uart_read.o)
 .bss           0x0080c650        0x0 ../lab1_spi_bsp\libhal_bsp.a(altera_avalon_uart_write.o)
 .bss           0x0080c650        0x0 ../lab1_spi_bsp\libhal_bsp.a(altera_up_avalon_video_character_buffer_with_dma.o)
 .bss           0x0080c650        0x0 ../lab1_spi_bsp\libhal_bsp.a(alt_alarm_start.o)
 .bss           0x0080c650        0x0 ../lab1_spi_bsp\libhal_bsp.a(alt_busy_sleep.o)
 .bss           0x0080c650        0x0 ../lab1_spi_bsp\libhal_bsp.a(alt_dcache_flush.o)
 .bss           0x0080c650        0x0 ../lab1_spi_bsp\libhal_bsp.a(alt_dcache_flush_all.o)
 .bss           0x0080c650        0x0 ../lab1_spi_bsp\libhal_bsp.a(alt_dev_llist_insert.o)
 .bss           0x0080c650        0x0 ../lab1_spi_bsp\libhal_bsp.a(alt_do_ctors.o)
 .bss           0x0080c650        0x0 ../lab1_spi_bsp\libhal_bsp.a(alt_do_dtors.o)
 .bss           0x0080c650        0x0 ../lab1_spi_bsp\libhal_bsp.a(alt_find_dev.o)
 .bss           0x0080c650        0x0 ../lab1_spi_bsp\libhal_bsp.a(alt_flash_dev.o)
 .bss           0x0080c650        0x0 ../lab1_spi_bsp\libhal_bsp.a(alt_icache_flush_all.o)
 .bss           0x0080c650        0x0 ../lab1_spi_bsp\libhal_bsp.a(alt_iic.o)
 .bss           0x0080c650        0x0 ../lab1_spi_bsp\libhal_bsp.a(alt_iic_isr_register.o)
 .bss           0x0080c650        0x0 ../lab1_spi_bsp\libhal_bsp.a(alt_io_redirect.o)
 .bss           0x0080c650        0x0 ../lab1_spi_bsp\libhal_bsp.a(alt_irq_entry.o)
 .bss           0x0080c650        0x0 ../lab1_spi_bsp\libhal_bsp.a(alt_irq_handler.o)
 .bss           0x0080c650        0x0 ../lab1_spi_bsp\libhal_bsp.a(alt_open.o)
 .bss           0x0080c650        0x0 ../lab1_spi_bsp\libhal_bsp.a(alt_tick.o)
 .bss           0x0080c650        0x0 ../lab1_spi_bsp\libhal_bsp.a(altera_nios2_irq.o)
 .bss           0x0080c650        0x0 ../lab1_spi_bsp\libhal_bsp.a(altera_avalon_cfi_flash_amd.o)
 .bss           0x0080c650        0x0 ../lab1_spi_bsp\libhal_bsp.a(altera_avalon_cfi_flash_intel.o)
 .bss           0x0080c650        0x0 ../lab1_spi_bsp\libhal_bsp.a(alt_exception_entry.o)
 .bss           0x0080c650        0x0 ../lab1_spi_bsp\libhal_bsp.a(alt_find_file.o)
 .bss           0x0080c650        0x0 ../lab1_spi_bsp\libhal_bsp.a(alt_get_fd.o)
 .bss           0x0080c650        0x0 ../lab1_spi_bsp\libhal_bsp.a(alt_icache_flush.o)
 .bss           0x0080c650        0x0 c:/altera/10.1/nios2eds/bin/gnu/h-i686-mingw32/bin/../lib/gcc/nios2-elf/4.1.2/../../../../nios2-elf/lib\libc.a(lib_a-atexit.o)
 .bss           0x0080c650        0x0 c:/altera/10.1/nios2eds/bin/gnu/h-i686-mingw32/bin/../lib/gcc/nios2-elf/4.1.2/../../../../nios2-elf/lib\libc.a(lib_a-exit.o)
 .bss           0x0080c650        0x0 c:/altera/10.1/nios2eds/bin/gnu/h-i686-mingw32/bin/../lib/gcc/nios2-elf/4.1.2/../../../../nios2-elf/lib\libc.a(lib_a-memcmp.o)
 .bss           0x0080c650        0x0 c:/altera/10.1/nios2eds/bin/gnu/h-i686-mingw32/bin/../lib/gcc/nios2-elf/4.1.2/../../../../nios2-elf/lib\libc.a(lib_a-memcpy.o)
 .bss           0x0080c650        0x0 c:/altera/10.1/nios2eds/bin/gnu/h-i686-mingw32/bin/../lib/gcc/nios2-elf/4.1.2/../../../../nios2-elf/lib\libc.a(lib_a-strcmp.o)
 .bss           0x0080c650        0x0 c:/altera/10.1/nios2eds/bin/gnu/h-i686-mingw32/bin/../lib/gcc/nios2-elf/4.1.2/../../../../nios2-elf/lib\libc.a(lib_a-strlen.o)
 .bss           0x0080c650        0x0 c:/altera/10.1/nios2eds/bin/gnu/h-i686-mingw32/bin/../lib/gcc/nios2-elf/4.1.2/../../../../nios2-elf/lib\libc.a(lib_a-__atexit.o)
 .bss           0x0080c650        0x0 c:/altera/10.1/nios2eds/bin/gnu/h-i686-mingw32/bin/../lib/gcc/nios2-elf/4.1.2/../../../../nios2-elf/lib\libc.a(lib_a-__call_atexit.o)
 .bss           0x0080c650        0x0 c:/altera/10.1/nios2eds/bin/gnu/h-i686-mingw32/bin/../lib/gcc/nios2-elf/4.1.2\libgcc.a(lib2-divmod.o)
 .bss           0x0080c650        0x0 ../lab1_spi_bsp\libhal_bsp.a(alt_exit.o)
 *(COMMON)
 COMMON         0x0080c650      0x100 ../lab1_spi_bsp\libhal_bsp.a(alt_irq_handler.o)
                0x0080c650                alt_irq
 COMMON         0x0080c750      0x190 c:/altera/10.1/nios2eds/bin/gnu/h-i686-mingw32/bin/../lib/gcc/nios2-elf/4.1.2/../../../../nios2-elf/lib\libc.a(lib_a-atexit.o)
                0x0080c750                _atexit0
                0x0080c8e0                . = ALIGN (0x4)
                0x0080c8e0                __bss_end = ABSOLUTE (.)

.sdram          0x0080c8e0        0x0
                0x0080c8e0                PROVIDE (_alt_partition_sdram_start, ABSOLUTE (.))
 *(.sdram. sdram.*)
                0x0080c8e0                . = ALIGN (0x4)
                0x0080c8e0                PROVIDE (_alt_partition_sdram_end, ABSOLUTE (.))
                0x0080c8e0                _end = ABSOLUTE (.)
                0x0080c8e0                end = ABSOLUTE (.)
                0x0080c8e0                __alt_stack_base = ABSOLUTE (.)
                0x0080c8e0                PROVIDE (_alt_partition_sdram_load_addr, LOADADDR (.sdram))

.cfi_flash      0x01400000        0x0 load address 0x0080c8e0
                0x01400000                PROVIDE (_alt_partition_cfi_flash_start, ABSOLUTE (.))
 *(.cfi_flash. cfi_flash.*)
                0x01400000                . = ALIGN (0x4)
                0x01400000                PROVIDE (_alt_partition_cfi_flash_end, ABSOLUTE (.))
                0x0080c8e0                PROVIDE (_alt_partition_cfi_flash_load_addr, LOADADDR (.cfi_flash))

.onchip_memory  0x01800000        0x0 load address 0x0080c8e0
                0x01800000                PROVIDE (_alt_partition_onchip_memory_start, ABSOLUTE (.))
 *(.onchip_memory. onchip_memory.*)
                0x01800000                . = ALIGN (0x4)
                0x01800000                PROVIDE (_alt_partition_onchip_memory_end, ABSOLUTE (.))
                0x0080c8e0                PROVIDE (_alt_partition_onchip_memory_load_addr, LOADADDR (.onchip_memory))

.stab
 *(.stab)

.stabstr
 *(.stabstr)

.stab.excl
 *(.stab.excl)

.stab.exclstr
 *(.stab.exclstr)

.stab.index
 *(.stab.index)

.stab.indexstr
 *(.stab.indexstr)

.comment        0x00000000       0x23
 *(.comment)
 .comment       0x00000000       0x23 obj/spiecho.o
                                 0x24 (size before relaxing)
 .comment       0x00000000       0x24 c:/altera/10.1/nios2eds/bin/gnu/h-i686-mingw32/bin/../lib/gcc/nios2-elf/4.1.2/../../../../nios2-elf/lib\libc.a(lib_a-getc.o)
 .comment       0x00000000       0x24 c:/altera/10.1/nios2eds/bin/gnu/h-i686-mingw32/bin/../lib/gcc/nios2-elf/4.1.2/../../../../nios2-elf/lib\libc.a(lib_a-impure.o)
 .comment       0x00000000       0x24 c:/altera/10.1/nios2eds/bin/gnu/h-i686-mingw32/bin/../lib/gcc/nios2-elf/4.1.2/../../../../nios2-elf/lib\libc.a(lib_a-putc.o)
 .comment       0x00000000       0x24 c:/altera/10.1/nios2eds/bin/gnu/h-i686-mingw32/bin/../lib/gcc/nios2-elf/4.1.2/../../../../nios2-elf/lib\libc.a(lib_a-rget.o)
 .comment       0x00000000       0x24 c:/altera/10.1/nios2eds/bin/gnu/h-i686-mingw32/bin/../lib/gcc/nios2-elf/4.1.2/../../../../nios2-elf/lib\libc.a(lib_a-wbuf.o)
 .comment       0x00000000       0x24 c:/altera/10.1/nios2eds/bin/gnu/h-i686-mingw32/bin/../lib/gcc/nios2-elf/4.1.2/../../../../nios2-elf/lib\libc.a(lib_a-wsetup.o)
 .comment       0x00000000       0x24 c:/altera/10.1/nios2eds/bin/gnu/h-i686-mingw32/bin/../lib/gcc/nios2-elf/4.1.2/../../../../nios2-elf/lib\libc.a(lib_a-fflush.o)
 .comment       0x00000000       0x24 c:/altera/10.1/nios2eds/bin/gnu/h-i686-mingw32/bin/../lib/gcc/nios2-elf/4.1.2/../../../../nios2-elf/lib\libc.a(lib_a-findfp.o)
 .comment       0x00000000       0x24 c:/altera/10.1/nios2eds/bin/gnu/h-i686-mingw32/bin/../lib/gcc/nios2-elf/4.1.2/../../../../nios2-elf/lib\libc.a(lib_a-freer.o)
 .comment       0x00000000       0x24 c:/altera/10.1/nios2eds/bin/gnu/h-i686-mingw32/bin/../lib/gcc/nios2-elf/4.1.2/../../../../nios2-elf/lib\libc.a(lib_a-fwalk.o)
 .comment       0x00000000       0x24 c:/altera/10.1/nios2eds/bin/gnu/h-i686-mingw32/bin/../lib/gcc/nios2-elf/4.1.2/../../../../nios2-elf/lib\libc.a(lib_a-makebuf.o)
 .comment       0x00000000       0x24 c:/altera/10.1/nios2eds/bin/gnu/h-i686-mingw32/bin/../lib/gcc/nios2-elf/4.1.2/../../../../nios2-elf/lib\libc.a(lib_a-mallocr.o)
 .comment       0x00000000       0x24 c:/altera/10.1/nios2eds/bin/gnu/h-i686-mingw32/bin/../lib/gcc/nios2-elf/4.1.2/../../../../nios2-elf/lib\libc.a(lib_a-memset.o)
 .comment       0x00000000       0x24 c:/altera/10.1/nios2eds/bin/gnu/h-i686-mingw32/bin/../lib/gcc/nios2-elf/4.1.2/../../../../nios2-elf/lib\libc.a(lib_a-refill.o)
 .comment       0x00000000       0x24 c:/altera/10.1/nios2eds/bin/gnu/h-i686-mingw32/bin/../lib/gcc/nios2-elf/4.1.2/../../../../nios2-elf/lib\libc.a(lib_a-sbrkr.o)
 .comment       0x00000000       0x24 c:/altera/10.1/nios2eds/bin/gnu/h-i686-mingw32/bin/../lib/gcc/nios2-elf/4.1.2/../../../../nios2-elf/lib\libc.a(lib_a-stdio.o)
 .comment       0x00000000       0x24 c:/altera/10.1/nios2eds/bin/gnu/h-i686-mingw32/bin/../lib/gcc/nios2-elf/4.1.2/../../../../nios2-elf/lib\libc.a(lib_a-writer.o)
 .comment       0x00000000       0x24 c:/altera/10.1/nios2eds/bin/gnu/h-i686-mingw32/bin/../lib/gcc/nios2-elf/4.1.2/../../../../nios2-elf/lib\libc.a(lib_a-closer.o)
 .comment       0x00000000       0x24 c:/altera/10.1/nios2eds/bin/gnu/h-i686-mingw32/bin/../lib/gcc/nios2-elf/4.1.2/../../../../nios2-elf/lib\libc.a(lib_a-fclose.o)
 .comment       0x00000000       0x24 c:/altera/10.1/nios2eds/bin/gnu/h-i686-mingw32/bin/../lib/gcc/nios2-elf/4.1.2/../../../../nios2-elf/lib\libc.a(lib_a-fstatr.o)
 .comment       0x00000000       0x24 c:/altera/10.1/nios2eds/bin/gnu/h-i686-mingw32/bin/../lib/gcc/nios2-elf/4.1.2/../../../../nios2-elf/lib\libc.a(lib_a-int_errno.o)
 .comment       0x00000000       0x24 c:/altera/10.1/nios2eds/bin/gnu/h-i686-mingw32/bin/../lib/gcc/nios2-elf/4.1.2/../../../../nios2-elf/lib\libc.a(lib_a-isattyr.o)
 .comment       0x00000000       0x24 c:/altera/10.1/nios2eds/bin/gnu/h-i686-mingw32/bin/../lib/gcc/nios2-elf/4.1.2/../../../../nios2-elf/lib\libc.a(lib_a-lseekr.o)
 .comment       0x00000000       0x24 c:/altera/10.1/nios2eds/bin/gnu/h-i686-mingw32/bin/../lib/gcc/nios2-elf/4.1.2/../../../../nios2-elf/lib\libc.a(lib_a-readr.o)
 .comment       0x00000000       0x24 ../lab1_spi_bsp\libhal_bsp.a(alt_close.o)
 .comment       0x00000000       0x24 ../lab1_spi_bsp\libhal_bsp.a(alt_dev.o)
 .comment       0x00000000       0x24 ../lab1_spi_bsp\libhal_bsp.a(alt_errno.o)
 .comment       0x00000000       0x24 ../lab1_spi_bsp\libhal_bsp.a(alt_fstat.o)
 .comment       0x00000000       0x24 ../lab1_spi_bsp\libhal_bsp.a(alt_irq_register.o)
 .comment       0x00000000       0x24 ../lab1_spi_bsp\libhal_bsp.a(alt_irq_vars.o)
 .comment       0x00000000       0x24 ../lab1_spi_bsp\libhal_bsp.a(alt_isatty.o)
 .comment       0x00000000       0x24 ../lab1_spi_bsp\libhal_bsp.a(alt_load.o)
 .comment       0x00000000       0x24 ../lab1_spi_bsp\libhal_bsp.a(alt_lseek.o)
 .comment       0x00000000       0x24 ../lab1_spi_bsp\libhal_bsp.a(alt_main.o)
 .comment       0x00000000       0x24 ../lab1_spi_bsp\libhal_bsp.a(alt_malloc_lock.o)
 .comment       0x00000000       0x24 ../lab1_spi_bsp\libhal_bsp.a(alt_read.o)
 .comment       0x00000000       0x24 ../lab1_spi_bsp\libhal_bsp.a(alt_release_fd.o)
 .comment       0x00000000       0x24 ../lab1_spi_bsp\libhal_bsp.a(alt_sbrk.o)
 .comment       0x00000000       0x24 ../lab1_spi_bsp\libhal_bsp.a(alt_usleep.o)
 .comment       0x00000000       0x24 ../lab1_spi_bsp\libhal_bsp.a(alt_write.o)
 .comment       0x00000000       0x24 ../lab1_spi_bsp\libhal_bsp.a(alt_sys_init.o)
 .comment       0x00000000       0x24 ../lab1_spi_bsp\libhal_bsp.a(altera_avalon_cfi_flash.o)
 .comment       0x00000000       0x24 ../lab1_spi_bsp\libhal_bsp.a(altera_avalon_cfi_flash_table.o)
 .comment       0x00000000       0x24 ../lab1_spi_bsp\libhal_bsp.a(altera_avalon_jtag_uart_fd.o)
 .comment       0x00000000       0x24 ../lab1_spi_bsp\libhal_bsp.a(altera_avalon_jtag_uart_init.o)
 .comment       0x00000000       0x24 ../lab1_spi_bsp\libhal_bsp.a(altera_avalon_jtag_uart_ioctl.o)
 .comment       0x00000000       0x24 ../lab1_spi_bsp\libhal_bsp.a(altera_avalon_jtag_uart_read.o)
 .comment       0x00000000       0x24 ../lab1_spi_bsp\libhal_bsp.a(altera_avalon_jtag_uart_write.o)
 .comment       0x00000000       0x24 ../lab1_spi_bsp\libhal_bsp.a(altera_avalon_timer_sc.o)
 .comment       0x00000000       0x24 ../lab1_spi_bsp\libhal_bsp.a(altera_avalon_uart_fd.o)
 .comment       0x00000000       0x24 ../lab1_spi_bsp\libhal_bsp.a(altera_avalon_uart_init.o)
 .comment       0x00000000       0x24 ../lab1_spi_bsp\libhal_bsp.a(altera_avalon_uart_read.o)
 .comment       0x00000000       0x24 ../lab1_spi_bsp\libhal_bsp.a(altera_avalon_uart_write.o)
 .comment       0x00000000       0x24 ../lab1_spi_bsp\libhal_bsp.a(altera_up_avalon_video_character_buffer_with_dma.o)
 .comment       0x00000000       0x24 ../lab1_spi_bsp\libhal_bsp.a(alt_alarm_start.o)
 .comment       0x00000000       0x24 ../lab1_spi_bsp\libhal_bsp.a(alt_busy_sleep.o)
 .comment       0x00000000       0x24 ../lab1_spi_bsp\libhal_bsp.a(alt_dcache_flush.o)
 .comment       0x00000000       0x24 ../lab1_spi_bsp\libhal_bsp.a(alt_dcache_flush_all.o)
 .comment       0x00000000       0x24 ../lab1_spi_bsp\libhal_bsp.a(alt_dev_llist_insert.o)
 .comment       0x00000000       0x24 ../lab1_spi_bsp\libhal_bsp.a(alt_do_ctors.o)
 .comment       0x00000000       0x24 ../lab1_spi_bsp\libhal_bsp.a(alt_do_dtors.o)
 .comment       0x00000000       0x24 ../lab1_spi_bsp\libhal_bsp.a(alt_find_dev.o)
 .comment       0x00000000       0x24 ../lab1_spi_bsp\libhal_bsp.a(alt_flash_dev.o)
 .comment       0x00000000       0x24 ../lab1_spi_bsp\libhal_bsp.a(alt_icache_flush_all.o)
 .comment       0x00000000       0x24 ../lab1_spi_bsp\libhal_bsp.a(alt_iic.o)
 .comment       0x00000000       0x24 ../lab1_spi_bsp\libhal_bsp.a(alt_iic_isr_register.o)
 .comment       0x00000000       0x24 ../lab1_spi_bsp\libhal_bsp.a(alt_io_redirect.o)
 .comment       0x00000000       0x24 ../lab1_spi_bsp\libhal_bsp.a(alt_irq_handler.o)
 .comment       0x00000000       0x24 ../lab1_spi_bsp\libhal_bsp.a(alt_open.o)
 .comment       0x00000000       0x24 ../lab1_spi_bsp\libhal_bsp.a(alt_tick.o)
 .comment       0x00000000       0x24 ../lab1_spi_bsp\libhal_bsp.a(altera_nios2_irq.o)
 .comment       0x00000000       0x24 ../lab1_spi_bsp\libhal_bsp.a(altera_avalon_cfi_flash_amd.o)
 .comment       0x00000000       0x24 ../lab1_spi_bsp\libhal_bsp.a(altera_avalon_cfi_flash_intel.o)
 .comment       0x00000000       0x24 ../lab1_spi_bsp\libhal_bsp.a(alt_find_file.o)
 .comment       0x00000000       0x24 ../lab1_spi_bsp\libhal_bsp.a(alt_get_fd.o)
 .comment       0x00000000       0x24 ../lab1_spi_bsp\libhal_bsp.a(alt_icache_flush.o)
 .comment       0x00000000       0x24 c:/altera/10.1/nios2eds/bin/gnu/h-i686-mingw32/bin/../lib/gcc/nios2-elf/4.1.2/../../../../nios2-elf/lib\libc.a(lib_a-atexit.o)
 .comment       0x00000000       0x24 c:/altera/10.1/nios2eds/bin/gnu/h-i686-mingw32/bin/../lib/gcc/nios2-elf/4.1.2/../../../../nios2-elf/lib\libc.a(lib_a-exit.o)
 .comment       0x00000000       0x24 c:/altera/10.1/nios2eds/bin/gnu/h-i686-mingw32/bin/../lib/gcc/nios2-elf/4.1.2/../../../../nios2-elf/lib\libc.a(lib_a-memcmp.o)
 .comment       0x00000000       0x24 c:/altera/10.1/nios2eds/bin/gnu/h-i686-mingw32/bin/../lib/gcc/nios2-elf/4.1.2/../../../../nios2-elf/lib\libc.a(lib_a-memcpy.o)
 .comment       0x00000000       0x24 c:/altera/10.1/nios2eds/bin/gnu/h-i686-mingw32/bin/../lib/gcc/nios2-elf/4.1.2/../../../../nios2-elf/lib\libc.a(lib_a-strcmp.o)
 .comment       0x00000000       0x24 c:/altera/10.1/nios2eds/bin/gnu/h-i686-mingw32/bin/../lib/gcc/nios2-elf/4.1.2/../../../../nios2-elf/lib\libc.a(lib_a-strlen.o)
 .comment       0x00000000       0x24 c:/altera/10.1/nios2eds/bin/gnu/h-i686-mingw32/bin/../lib/gcc/nios2-elf/4.1.2/../../../../nios2-elf/lib\libc.a(lib_a-__atexit.o)
 .comment       0x00000000       0x24 c:/altera/10.1/nios2eds/bin/gnu/h-i686-mingw32/bin/../lib/gcc/nios2-elf/4.1.2/../../../../nios2-elf/lib\libc.a(lib_a-__call_atexit.o)
 .comment       0x00000000       0x24 c:/altera/10.1/nios2eds/bin/gnu/h-i686-mingw32/bin/../lib/gcc/nios2-elf/4.1.2\libgcc.a(lib2-divmod.o)
 .comment       0x00000000       0x24 ../lab1_spi_bsp\libhal_bsp.a(alt_exit.o)

.debug
 *(.debug)

.line
 *(.line)

.debug_srcinfo
 *(.debug_srcinfo)

.debug_sfnames
 *(.debug_sfnames)

.debug_aranges  0x00000000      0xaf8
 *(.debug_aranges)
 .debug_aranges
                0x00000000       0x28 ../lab1_spi_bsp/obj/HAL/src/crt0.o
 .debug_aranges
                0x00000028       0x20 obj/spiecho.o
 .debug_aranges
                0x00000048       0x20 c:/altera/10.1/nios2eds/bin/gnu/h-i686-mingw32/bin/../lib/gcc/nios2-elf/4.1.2/../../../../nios2-elf/lib\libc.a(lib_a-getc.o)
 .debug_aranges
                0x00000068       0x20 c:/altera/10.1/nios2eds/bin/gnu/h-i686-mingw32/bin/../lib/gcc/nios2-elf/4.1.2/../../../../nios2-elf/lib\libc.a(lib_a-putc.o)
 .debug_aranges
                0x00000088       0x20 c:/altera/10.1/nios2eds/bin/gnu/h-i686-mingw32/bin/../lib/gcc/nios2-elf/4.1.2/../../../../nios2-elf/lib\libc.a(lib_a-rget.o)
 .debug_aranges
                0x000000a8       0x20 c:/altera/10.1/nios2eds/bin/gnu/h-i686-mingw32/bin/../lib/gcc/nios2-elf/4.1.2/../../../../nios2-elf/lib\libc.a(lib_a-wbuf.o)
 .debug_aranges
                0x000000c8       0x20 c:/altera/10.1/nios2eds/bin/gnu/h-i686-mingw32/bin/../lib/gcc/nios2-elf/4.1.2/../../../../nios2-elf/lib\libc.a(lib_a-wsetup.o)
 .debug_aranges
                0x000000e8       0x20 c:/altera/10.1/nios2eds/bin/gnu/h-i686-mingw32/bin/../lib/gcc/nios2-elf/4.1.2/../../../../nios2-elf/lib\libc.a(lib_a-fflush.o)
 .debug_aranges
                0x00000108       0x20 c:/altera/10.1/nios2eds/bin/gnu/h-i686-mingw32/bin/../lib/gcc/nios2-elf/4.1.2/../../../../nios2-elf/lib\libc.a(lib_a-findfp.o)
 .debug_aranges
                0x00000128       0x20 c:/altera/10.1/nios2eds/bin/gnu/h-i686-mingw32/bin/../lib/gcc/nios2-elf/4.1.2/../../../../nios2-elf/lib\libc.a(lib_a-freer.o)
 .debug_aranges
                0x00000148       0x20 c:/altera/10.1/nios2eds/bin/gnu/h-i686-mingw32/bin/../lib/gcc/nios2-elf/4.1.2/../../../../nios2-elf/lib\libc.a(lib_a-fwalk.o)
 .debug_aranges
                0x00000168       0x20 c:/altera/10.1/nios2eds/bin/gnu/h-i686-mingw32/bin/../lib/gcc/nios2-elf/4.1.2/../../../../nios2-elf/lib\libc.a(lib_a-makebuf.o)
 .debug_aranges
                0x00000188       0x20 c:/altera/10.1/nios2eds/bin/gnu/h-i686-mingw32/bin/../lib/gcc/nios2-elf/4.1.2/../../../../nios2-elf/lib\libc.a(lib_a-mallocr.o)
 .debug_aranges
                0x000001a8       0x20 c:/altera/10.1/nios2eds/bin/gnu/h-i686-mingw32/bin/../lib/gcc/nios2-elf/4.1.2/../../../../nios2-elf/lib\libc.a(lib_a-memset.o)
 .debug_aranges
                0x000001c8       0x20 c:/altera/10.1/nios2eds/bin/gnu/h-i686-mingw32/bin/../lib/gcc/nios2-elf/4.1.2/../../../../nios2-elf/lib\libc.a(lib_a-refill.o)
 .debug_aranges
                0x000001e8       0x20 c:/altera/10.1/nios2eds/bin/gnu/h-i686-mingw32/bin/../lib/gcc/nios2-elf/4.1.2/../../../../nios2-elf/lib\libc.a(lib_a-sbrkr.o)
 .debug_aranges
                0x00000208       0x20 c:/altera/10.1/nios2eds/bin/gnu/h-i686-mingw32/bin/../lib/gcc/nios2-elf/4.1.2/../../../../nios2-elf/lib\libc.a(lib_a-stdio.o)
 .debug_aranges
                0x00000228       0x20 c:/altera/10.1/nios2eds/bin/gnu/h-i686-mingw32/bin/../lib/gcc/nios2-elf/4.1.2/../../../../nios2-elf/lib\libc.a(lib_a-writer.o)
 .debug_aranges
                0x00000248       0x20 c:/altera/10.1/nios2eds/bin/gnu/h-i686-mingw32/bin/../lib/gcc/nios2-elf/4.1.2/../../../../nios2-elf/lib\libc.a(lib_a-closer.o)
 .debug_aranges
                0x00000268       0x20 c:/altera/10.1/nios2eds/bin/gnu/h-i686-mingw32/bin/../lib/gcc/nios2-elf/4.1.2/../../../../nios2-elf/lib\libc.a(lib_a-fclose.o)
 .debug_aranges
                0x00000288       0x20 c:/altera/10.1/nios2eds/bin/gnu/h-i686-mingw32/bin/../lib/gcc/nios2-elf/4.1.2/../../../../nios2-elf/lib\libc.a(lib_a-fstatr.o)
 .debug_aranges
                0x000002a8       0x20 c:/altera/10.1/nios2eds/bin/gnu/h-i686-mingw32/bin/../lib/gcc/nios2-elf/4.1.2/../../../../nios2-elf/lib\libc.a(lib_a-isattyr.o)
 .debug_aranges
                0x000002c8       0x20 c:/altera/10.1/nios2eds/bin/gnu/h-i686-mingw32/bin/../lib/gcc/nios2-elf/4.1.2/../../../../nios2-elf/lib\libc.a(lib_a-lseekr.o)
 .debug_aranges
                0x000002e8       0x20 c:/altera/10.1/nios2eds/bin/gnu/h-i686-mingw32/bin/../lib/gcc/nios2-elf/4.1.2/../../../../nios2-elf/lib\libc.a(lib_a-readr.o)
 .debug_aranges
                0x00000308       0x20 ../lab1_spi_bsp\libhal_bsp.a(alt_close.o)
 .debug_aranges
                0x00000328       0x20 ../lab1_spi_bsp\libhal_bsp.a(alt_dev.o)
 .debug_aranges
                0x00000348       0x20 ../lab1_spi_bsp\libhal_bsp.a(alt_fstat.o)
 .debug_aranges
                0x00000368       0x20 ../lab1_spi_bsp\libhal_bsp.a(alt_irq_register.o)
 .debug_aranges
                0x00000388       0x20 ../lab1_spi_bsp\libhal_bsp.a(alt_isatty.o)
 .debug_aranges
                0x000003a8       0x20 ../lab1_spi_bsp\libhal_bsp.a(alt_load.o)
 .debug_aranges
                0x000003c8       0x20 ../lab1_spi_bsp\libhal_bsp.a(alt_lseek.o)
 .debug_aranges
                0x000003e8       0x20 ../lab1_spi_bsp\libhal_bsp.a(alt_main.o)
 .debug_aranges
                0x00000408       0x20 ../lab1_spi_bsp\libhal_bsp.a(alt_malloc_lock.o)
 .debug_aranges
                0x00000428       0x20 ../lab1_spi_bsp\libhal_bsp.a(alt_read.o)
 .debug_aranges
                0x00000448       0x20 ../lab1_spi_bsp\libhal_bsp.a(alt_release_fd.o)
 .debug_aranges
                0x00000468       0x20 ../lab1_spi_bsp\libhal_bsp.a(alt_sbrk.o)
 .debug_aranges
                0x00000488       0x20 ../lab1_spi_bsp\libhal_bsp.a(alt_usleep.o)
 .debug_aranges
                0x000004a8       0x20 ../lab1_spi_bsp\libhal_bsp.a(alt_write.o)
 .debug_aranges
                0x000004c8       0x20 ../lab1_spi_bsp\libhal_bsp.a(alt_sys_init.o)
 .debug_aranges
                0x000004e8       0x20 ../lab1_spi_bsp\libhal_bsp.a(altera_avalon_cfi_flash.o)
 .debug_aranges
                0x00000508       0x20 ../lab1_spi_bsp\libhal_bsp.a(altera_avalon_cfi_flash_table.o)
 .debug_aranges
                0x00000528       0x20 ../lab1_spi_bsp\libhal_bsp.a(altera_avalon_jtag_uart_fd.o)
 .debug_aranges
                0x00000548       0x20 ../lab1_spi_bsp\libhal_bsp.a(altera_avalon_jtag_uart_init.o)
 .debug_aranges
                0x00000568       0x20 ../lab1_spi_bsp\libhal_bsp.a(altera_avalon_jtag_uart_ioctl.o)
 .debug_aranges
                0x00000588       0x20 ../lab1_spi_bsp\libhal_bsp.a(altera_avalon_jtag_uart_read.o)
 .debug_aranges
                0x000005a8       0x20 ../lab1_spi_bsp\libhal_bsp.a(altera_avalon_jtag_uart_write.o)
 .debug_aranges
                0x000005c8       0x20 ../lab1_spi_bsp\libhal_bsp.a(altera_avalon_timer_sc.o)
 .debug_aranges
                0x000005e8       0x20 ../lab1_spi_bsp\libhal_bsp.a(altera_avalon_uart_fd.o)
 .debug_aranges
                0x00000608       0x20 ../lab1_spi_bsp\libhal_bsp.a(altera_avalon_uart_init.o)
 .debug_aranges
                0x00000628       0x20 ../lab1_spi_bsp\libhal_bsp.a(altera_avalon_uart_read.o)
 .debug_aranges
                0x00000648       0x20 ../lab1_spi_bsp\libhal_bsp.a(altera_avalon_uart_write.o)
 .debug_aranges
                0x00000668       0x20 ../lab1_spi_bsp\libhal_bsp.a(altera_up_avalon_video_character_buffer_with_dma.o)
 .debug_aranges
                0x00000688       0x20 ../lab1_spi_bsp\libhal_bsp.a(alt_alarm_start.o)
 .debug_aranges
                0x000006a8       0x20 ../lab1_spi_bsp\libhal_bsp.a(alt_busy_sleep.o)
 .debug_aranges
                0x000006c8       0x20 ../lab1_spi_bsp\libhal_bsp.a(alt_dcache_flush.o)
 .debug_aranges
                0x000006e8       0x20 ../lab1_spi_bsp\libhal_bsp.a(alt_dcache_flush_all.o)
 .debug_aranges
                0x00000708       0x20 ../lab1_spi_bsp\libhal_bsp.a(alt_dev_llist_insert.o)
 .debug_aranges
                0x00000728       0x20 ../lab1_spi_bsp\libhal_bsp.a(alt_do_ctors.o)
 .debug_aranges
                0x00000748       0x20 ../lab1_spi_bsp\libhal_bsp.a(alt_do_dtors.o)
 .debug_aranges
                0x00000768       0x20 ../lab1_spi_bsp\libhal_bsp.a(alt_find_dev.o)
 .debug_aranges
                0x00000788       0x20 ../lab1_spi_bsp\libhal_bsp.a(alt_flash_dev.o)
 .debug_aranges
                0x000007a8       0x20 ../lab1_spi_bsp\libhal_bsp.a(alt_icache_flush_all.o)
 .debug_aranges
                0x000007c8       0x20 ../lab1_spi_bsp\libhal_bsp.a(alt_iic.o)
 .debug_aranges
                0x000007e8       0x20 ../lab1_spi_bsp\libhal_bsp.a(alt_iic_isr_register.o)
 .debug_aranges
                0x00000808       0x20 ../lab1_spi_bsp\libhal_bsp.a(alt_io_redirect.o)
 .debug_aranges
                0x00000828       0x30 ../lab1_spi_bsp\libhal_bsp.a(alt_irq_entry.o)
 .debug_aranges
                0x00000858       0x28 ../lab1_spi_bsp\libhal_bsp.a(alt_irq_handler.o)
 .debug_aranges
                0x00000880       0x20 ../lab1_spi_bsp\libhal_bsp.a(alt_open.o)
 .debug_aranges
                0x000008a0       0x20 ../lab1_spi_bsp\libhal_bsp.a(alt_tick.o)
 .debug_aranges
                0x000008c0       0x20 ../lab1_spi_bsp\libhal_bsp.a(altera_nios2_irq.o)
 .debug_aranges
                0x000008e0       0x20 ../lab1_spi_bsp\libhal_bsp.a(altera_avalon_cfi_flash_amd.o)
 .debug_aranges
                0x00000900       0x20 ../lab1_spi_bsp\libhal_bsp.a(altera_avalon_cfi_flash_intel.o)
 .debug_aranges
                0x00000920       0x38 ../lab1_spi_bsp\libhal_bsp.a(alt_exception_entry.o)
 .debug_aranges
                0x00000958       0x20 ../lab1_spi_bsp\libhal_bsp.a(alt_find_file.o)
 .debug_aranges
                0x00000978       0x20 ../lab1_spi_bsp\libhal_bsp.a(alt_get_fd.o)
 .debug_aranges
                0x00000998       0x20 ../lab1_spi_bsp\libhal_bsp.a(alt_icache_flush.o)
 .debug_aranges
                0x000009b8       0x20 c:/altera/10.1/nios2eds/bin/gnu/h-i686-mingw32/bin/../lib/gcc/nios2-elf/4.1.2/../../../../nios2-elf/lib\libc.a(lib_a-atexit.o)
 .debug_aranges
                0x000009d8       0x20 c:/altera/10.1/nios2eds/bin/gnu/h-i686-mingw32/bin/../lib/gcc/nios2-elf/4.1.2/../../../../nios2-elf/lib\libc.a(lib_a-exit.o)
 .debug_aranges
                0x000009f8       0x20 c:/altera/10.1/nios2eds/bin/gnu/h-i686-mingw32/bin/../lib/gcc/nios2-elf/4.1.2/../../../../nios2-elf/lib\libc.a(lib_a-memcmp.o)
 .debug_aranges
                0x00000a18       0x20 c:/altera/10.1/nios2eds/bin/gnu/h-i686-mingw32/bin/../lib/gcc/nios2-elf/4.1.2/../../../../nios2-elf/lib\libc.a(lib_a-memcpy.o)
 .debug_aranges
                0x00000a38       0x20 c:/altera/10.1/nios2eds/bin/gnu/h-i686-mingw32/bin/../lib/gcc/nios2-elf/4.1.2/../../../../nios2-elf/lib\libc.a(lib_a-strcmp.o)
 .debug_aranges
                0x00000a58       0x20 c:/altera/10.1/nios2eds/bin/gnu/h-i686-mingw32/bin/../lib/gcc/nios2-elf/4.1.2/../../../../nios2-elf/lib\libc.a(lib_a-strlen.o)
 .debug_aranges
                0x00000a78       0x20 c:/altera/10.1/nios2eds/bin/gnu/h-i686-mingw32/bin/../lib/gcc/nios2-elf/4.1.2/../../../../nios2-elf/lib\libc.a(lib_a-__atexit.o)
 .debug_aranges
                0x00000a98       0x20 c:/altera/10.1/nios2eds/bin/gnu/h-i686-mingw32/bin/../lib/gcc/nios2-elf/4.1.2/../../../../nios2-elf/lib\libc.a(lib_a-__call_atexit.o)
 .debug_aranges
                0x00000ab8       0x20 c:/altera/10.1/nios2eds/bin/gnu/h-i686-mingw32/bin/../lib/gcc/nios2-elf/4.1.2\libgcc.a(lib2-divmod.o)
 .debug_aranges
                0x00000ad8       0x20 ../lab1_spi_bsp\libhal_bsp.a(alt_exit.o)

.debug_pubnames
                0x00000000     0x142b
 *(.debug_pubnames)
 .debug_pubnames
                0x00000000       0x27 obj/spiecho.o
 .debug_pubnames
                0x00000027       0x27 c:/altera/10.1/nios2eds/bin/gnu/h-i686-mingw32/bin/../lib/gcc/nios2-elf/4.1.2/../../../../nios2-elf/lib\libc.a(lib_a-getc.o)
 .debug_pubnames
                0x0000004e       0x39 c:/altera/10.1/nios2eds/bin/gnu/h-i686-mingw32/bin/../lib/gcc/nios2-elf/4.1.2/../../../../nios2-elf/lib\libc.a(lib_a-impure.o)
 .debug_pubnames
                0x00000087       0x27 c:/altera/10.1/nios2eds/bin/gnu/h-i686-mingw32/bin/../lib/gcc/nios2-elf/4.1.2/../../../../nios2-elf/lib\libc.a(lib_a-putc.o)
 .debug_pubnames
                0x000000ae       0x2c c:/altera/10.1/nios2eds/bin/gnu/h-i686-mingw32/bin/../lib/gcc/nios2-elf/4.1.2/../../../../nios2-elf/lib\libc.a(lib_a-rget.o)
 .debug_pubnames
                0x000000da       0x2c c:/altera/10.1/nios2eds/bin/gnu/h-i686-mingw32/bin/../lib/gcc/nios2-elf/4.1.2/../../../../nios2-elf/lib\libc.a(lib_a-wbuf.o)
 .debug_pubnames
                0x00000106       0x22 c:/altera/10.1/nios2eds/bin/gnu/h-i686-mingw32/bin/../lib/gcc/nios2-elf/4.1.2/../../../../nios2-elf/lib\libc.a(lib_a-wsetup.o)
 .debug_pubnames
                0x00000128       0x2b c:/altera/10.1/nios2eds/bin/gnu/h-i686-mingw32/bin/../lib/gcc/nios2-elf/4.1.2/../../../../nios2-elf/lib\libc.a(lib_a-fflush.o)
 .debug_pubnames
                0x00000153       0xdb c:/altera/10.1/nios2eds/bin/gnu/h-i686-mingw32/bin/../lib/gcc/nios2-elf/4.1.2/../../../../nios2-elf/lib\libc.a(lib_a-findfp.o)
 .debug_pubnames
                0x0000022e       0x31 c:/altera/10.1/nios2eds/bin/gnu/h-i686-mingw32/bin/../lib/gcc/nios2-elf/4.1.2/../../../../nios2-elf/lib\libc.a(lib_a-freer.o)
 .debug_pubnames
                0x0000025f       0x2e c:/altera/10.1/nios2eds/bin/gnu/h-i686-mingw32/bin/../lib/gcc/nios2-elf/4.1.2/../../../../nios2-elf/lib\libc.a(lib_a-fwalk.o)
 .debug_pubnames
                0x0000028d       0x23 c:/altera/10.1/nios2eds/bin/gnu/h-i686-mingw32/bin/../lib/gcc/nios2-elf/4.1.2/../../../../nios2-elf/lib\libc.a(lib_a-makebuf.o)
 .debug_pubnames
                0x000002b0       0xce c:/altera/10.1/nios2eds/bin/gnu/h-i686-mingw32/bin/../lib/gcc/nios2-elf/4.1.2/../../../../nios2-elf/lib\libc.a(lib_a-mallocr.o)
 .debug_pubnames
                0x0000037e       0x1d c:/altera/10.1/nios2eds/bin/gnu/h-i686-mingw32/bin/../lib/gcc/nios2-elf/4.1.2/../../../../nios2-elf/lib\libc.a(lib_a-memset.o)
 .debug_pubnames
                0x0000039b       0x22 c:/altera/10.1/nios2eds/bin/gnu/h-i686-mingw32/bin/../lib/gcc/nios2-elf/4.1.2/../../../../nios2-elf/lib\libc.a(lib_a-refill.o)
 .debug_pubnames
                0x000003bd       0x1e c:/altera/10.1/nios2eds/bin/gnu/h-i686-mingw32/bin/../lib/gcc/nios2-elf/4.1.2/../../../../nios2-elf/lib\libc.a(lib_a-sbrkr.o)
 .debug_pubnames
                0x000003db       0x44 c:/altera/10.1/nios2eds/bin/gnu/h-i686-mingw32/bin/../lib/gcc/nios2-elf/4.1.2/../../../../nios2-elf/lib\libc.a(lib_a-stdio.o)
 .debug_pubnames
                0x0000041f       0x1f c:/altera/10.1/nios2eds/bin/gnu/h-i686-mingw32/bin/../lib/gcc/nios2-elf/4.1.2/../../../../nios2-elf/lib\libc.a(lib_a-writer.o)
 .debug_pubnames
                0x0000043e       0x1f c:/altera/10.1/nios2eds/bin/gnu/h-i686-mingw32/bin/../lib/gcc/nios2-elf/4.1.2/../../../../nios2-elf/lib\libc.a(lib_a-closer.o)
 .debug_pubnames
                0x0000045d       0x2b c:/altera/10.1/nios2eds/bin/gnu/h-i686-mingw32/bin/../lib/gcc/nios2-elf/4.1.2/../../../../nios2-elf/lib\libc.a(lib_a-fclose.o)
 .debug_pubnames
                0x00000488       0x1f c:/altera/10.1/nios2eds/bin/gnu/h-i686-mingw32/bin/../lib/gcc/nios2-elf/4.1.2/../../../../nios2-elf/lib\libc.a(lib_a-fstatr.o)
 .debug_pubnames
                0x000004a7       0x1c c:/altera/10.1/nios2eds/bin/gnu/h-i686-mingw32/bin/../lib/gcc/nios2-elf/4.1.2/../../../../nios2-elf/lib\libc.a(lib_a-int_errno.o)
 .debug_pubnames
                0x000004c3       0x20 c:/altera/10.1/nios2eds/bin/gnu/h-i686-mingw32/bin/../lib/gcc/nios2-elf/4.1.2/../../../../nios2-elf/lib\libc.a(lib_a-isattyr.o)
 .debug_pubnames
                0x000004e3       0x1f c:/altera/10.1/nios2eds/bin/gnu/h-i686-mingw32/bin/../lib/gcc/nios2-elf/4.1.2/../../../../nios2-elf/lib\libc.a(lib_a-lseekr.o)
 .debug_pubnames
                0x00000502       0x1e c:/altera/10.1/nios2eds/bin/gnu/h-i686-mingw32/bin/../lib/gcc/nios2-elf/4.1.2/../../../../nios2-elf/lib\libc.a(lib_a-readr.o)
 .debug_pubnames
                0x00000520       0x1c ../lab1_spi_bsp\libhal_bsp.a(alt_close.o)
 .debug_pubnames
                0x0000053c       0x63 ../lab1_spi_bsp\libhal_bsp.a(alt_dev.o)
 .debug_pubnames
                0x0000059f       0x20 ../lab1_spi_bsp\libhal_bsp.a(alt_errno.o)
 .debug_pubnames
                0x000005bf       0x1c ../lab1_spi_bsp\libhal_bsp.a(alt_fstat.o)
 .debug_pubnames
                0x000005db       0x27 ../lab1_spi_bsp\libhal_bsp.a(alt_irq_register.o)
 .debug_pubnames
                0x00000602       0x3b ../lab1_spi_bsp\libhal_bsp.a(alt_irq_vars.o)
 .debug_pubnames
                0x0000063d       0x1d ../lab1_spi_bsp\libhal_bsp.a(alt_isatty.o)
 .debug_pubnames
                0x0000065a       0x1f ../lab1_spi_bsp\libhal_bsp.a(alt_load.o)
 .debug_pubnames
                0x00000679       0x1c ../lab1_spi_bsp\libhal_bsp.a(alt_lseek.o)
 .debug_pubnames
                0x00000695       0x46 ../lab1_spi_bsp\libhal_bsp.a(alt_main.o)
 .debug_pubnames
                0x000006db       0x38 ../lab1_spi_bsp\libhal_bsp.a(alt_malloc_lock.o)
 .debug_pubnames
                0x00000713       0x1b ../lab1_spi_bsp\libhal_bsp.a(alt_read.o)
 .debug_pubnames
                0x0000072e       0x25 ../lab1_spi_bsp\libhal_bsp.a(alt_release_fd.o)
 .debug_pubnames
                0x00000753       0x1b ../lab1_spi_bsp\libhal_bsp.a(alt_sbrk.o)
 .debug_pubnames
                0x0000076e       0x1d ../lab1_spi_bsp\libhal_bsp.a(alt_usleep.o)
 .debug_pubnames
                0x0000078b       0x1c ../lab1_spi_bsp\libhal_bsp.a(alt_write.o)
 .debug_pubnames
                0x000007a7       0x34 ../lab1_spi_bsp\libhal_bsp.a(alt_sys_init.o)
 .debug_pubnames
                0x000007db       0xac ../lab1_spi_bsp\libhal_bsp.a(altera_avalon_cfi_flash.o)
 .debug_pubnames
                0x00000887      0x27a ../lab1_spi_bsp\libhal_bsp.a(altera_avalon_cfi_flash_table.o)
 .debug_pubnames
                0x00000b01       0xa5 ../lab1_spi_bsp\libhal_bsp.a(altera_avalon_jtag_uart_fd.o)
 .debug_pubnames
                0x00000ba6       0x55 ../lab1_spi_bsp\libhal_bsp.a(altera_avalon_jtag_uart_init.o)
 .debug_pubnames
                0x00000bfb       0x34 ../lab1_spi_bsp\libhal_bsp.a(altera_avalon_jtag_uart_ioctl.o)
 .debug_pubnames
                0x00000c2f       0x33 ../lab1_spi_bsp\libhal_bsp.a(altera_avalon_jtag_uart_read.o)
 .debug_pubnames
                0x00000c62       0x34 ../lab1_spi_bsp\libhal_bsp.a(altera_avalon_jtag_uart_write.o)
 .debug_pubnames
                0x00000c96       0x2f ../lab1_spi_bsp\libhal_bsp.a(altera_avalon_timer_sc.o)
 .debug_pubnames
                0x00000cc5       0x71 ../lab1_spi_bsp\libhal_bsp.a(altera_avalon_uart_fd.o)
 .debug_pubnames
                0x00000d36       0x4b ../lab1_spi_bsp\libhal_bsp.a(altera_avalon_uart_init.o)
 .debug_pubnames
                0x00000d81       0x2e ../lab1_spi_bsp\libhal_bsp.a(altera_avalon_uart_read.o)
 .debug_pubnames
                0x00000daf       0x2f ../lab1_spi_bsp\libhal_bsp.a(altera_avalon_uart_write.o)
 .debug_pubnames
                0x00000dde       0xa5 ../lab1_spi_bsp\libhal_bsp.a(altera_up_avalon_video_character_buffer_with_dma.o)
 .debug_pubnames
                0x00000e83       0x26 ../lab1_spi_bsp\libhal_bsp.a(alt_alarm_start.o)
 .debug_pubnames
                0x00000ea9       0x25 ../lab1_spi_bsp\libhal_bsp.a(alt_busy_sleep.o)
 .debug_pubnames
                0x00000ece       0x27 ../lab1_spi_bsp\libhal_bsp.a(alt_dcache_flush.o)
 .debug_pubnames
                0x00000ef5       0x2b ../lab1_spi_bsp\libhal_bsp.a(alt_dcache_flush_all.o)
 .debug_pubnames
                0x00000f20       0x2b ../lab1_spi_bsp\libhal_bsp.a(alt_dev_llist_insert.o)
 .debug_pubnames
                0x00000f4b       0x20 ../lab1_spi_bsp\libhal_bsp.a(alt_do_ctors.o)
 .debug_pubnames
                0x00000f6b       0x20 ../lab1_spi_bsp\libhal_bsp.a(alt_do_dtors.o)
 .debug_pubnames
                0x00000f8b       0x23 ../lab1_spi_bsp\libhal_bsp.a(alt_find_dev.o)
 .debug_pubnames
                0x00000fae       0x58 ../lab1_spi_bsp\libhal_bsp.a(alt_flash_dev.o)
 .debug_pubnames
                0x00001006       0x2b ../lab1_spi_bsp\libhal_bsp.a(alt_icache_flush_all.o)
 .debug_pubnames
                0x00001031       0x6e ../lab1_spi_bsp\libhal_bsp.a(alt_iic.o)
 .debug_pubnames
                0x0000109f       0x2b ../lab1_spi_bsp\libhal_bsp.a(alt_iic_isr_register.o)
 .debug_pubnames
                0x000010ca       0x26 ../lab1_spi_bsp\libhal_bsp.a(alt_io_redirect.o)
 .debug_pubnames
                0x000010f0       0x32 ../lab1_spi_bsp\libhal_bsp.a(alt_irq_handler.o)
 .debug_pubnames
                0x00001122       0x1b ../lab1_spi_bsp\libhal_bsp.a(alt_open.o)
 .debug_pubnames
                0x0000113d       0x68 ../lab1_spi_bsp\libhal_bsp.a(alt_tick.o)
 .debug_pubnames
                0x000011a5       0x2c ../lab1_spi_bsp\libhal_bsp.a(altera_nios2_irq.o)
 .debug_pubnames
                0x000011d1       0x3e ../lab1_spi_bsp\libhal_bsp.a(altera_avalon_cfi_flash_amd.o)
 .debug_pubnames
                0x0000120f       0x42 ../lab1_spi_bsp\libhal_bsp.a(altera_avalon_cfi_flash_intel.o)
 .debug_pubnames
                0x00001251       0x24 ../lab1_spi_bsp\libhal_bsp.a(alt_find_file.o)
 .debug_pubnames
                0x00001275       0x21 ../lab1_spi_bsp\libhal_bsp.a(alt_get_fd.o)
 .debug_pubnames
                0x00001296       0x27 ../lab1_spi_bsp\libhal_bsp.a(alt_icache_flush.o)
 .debug_pubnames
                0x000012bd       0x2a c:/altera/10.1/nios2eds/bin/gnu/h-i686-mingw32/bin/../lib/gcc/nios2-elf/4.1.2/../../../../nios2-elf/lib\libc.a(lib_a-atexit.o)
 .debug_pubnames
                0x000012e7       0x1b c:/altera/10.1/nios2eds/bin/gnu/h-i686-mingw32/bin/../lib/gcc/nios2-elf/4.1.2/../../../../nios2-elf/lib\libc.a(lib_a-exit.o)
 .debug_pubnames
                0x00001302       0x1d c:/altera/10.1/nios2eds/bin/gnu/h-i686-mingw32/bin/../lib/gcc/nios2-elf/4.1.2/../../../../nios2-elf/lib\libc.a(lib_a-memcmp.o)
 .debug_pubnames
                0x0000131f       0x1d c:/altera/10.1/nios2eds/bin/gnu/h-i686-mingw32/bin/../lib/gcc/nios2-elf/4.1.2/../../../../nios2-elf/lib\libc.a(lib_a-memcpy.o)
 .debug_pubnames
                0x0000133c       0x1d c:/altera/10.1/nios2eds/bin/gnu/h-i686-mingw32/bin/../lib/gcc/nios2-elf/4.1.2/../../../../nios2-elf/lib\libc.a(lib_a-strcmp.o)
 .debug_pubnames
                0x00001359       0x1d c:/altera/10.1/nios2eds/bin/gnu/h-i686-mingw32/bin/../lib/gcc/nios2-elf/4.1.2/../../../../nios2-elf/lib\libc.a(lib_a-strlen.o)
 .debug_pubnames
                0x00001376       0x2a c:/altera/10.1/nios2eds/bin/gnu/h-i686-mingw32/bin/../lib/gcc/nios2-elf/4.1.2/../../../../nios2-elf/lib\libc.a(lib_a-__atexit.o)
 .debug_pubnames
                0x000013a0       0x27 c:/altera/10.1/nios2eds/bin/gnu/h-i686-mingw32/bin/../lib/gcc/nios2-elf/4.1.2/../../../../nios2-elf/lib\libc.a(lib_a-__call_atexit.o)
 .debug_pubnames
                0x000013c7       0x48 c:/altera/10.1/nios2eds/bin/gnu/h-i686-mingw32/bin/../lib/gcc/nios2-elf/4.1.2\libgcc.a(lib2-divmod.o)
 .debug_pubnames
                0x0000140f       0x1c ../lab1_spi_bsp\libhal_bsp.a(alt_exit.o)

.debug_info     0x00000000    0x210f3
 *(.debug_info .gnu.linkonce.wi.*)
 .debug_info    0x00000000       0x79 ../lab1_spi_bsp/obj/HAL/src/crt0.o
 .debug_info    0x00000079      0xc69 obj/spiecho.o
 .debug_info    0x00000ce2      0x9a7 c:/altera/10.1/nios2eds/bin/gnu/h-i686-mingw32/bin/../lib/gcc/nios2-elf/4.1.2/../../../../nios2-elf/lib\libc.a(lib_a-getc.o)
 .debug_info    0x00001689      0x93d c:/altera/10.1/nios2eds/bin/gnu/h-i686-mingw32/bin/../lib/gcc/nios2-elf/4.1.2/../../../../nios2-elf/lib\libc.a(lib_a-impure.o)
 .debug_info    0x00001fc6      0x9c1 c:/altera/10.1/nios2eds/bin/gnu/h-i686-mingw32/bin/../lib/gcc/nios2-elf/4.1.2/../../../../nios2-elf/lib\libc.a(lib_a-putc.o)
 .debug_info    0x00002987      0x987 c:/altera/10.1/nios2eds/bin/gnu/h-i686-mingw32/bin/../lib/gcc/nios2-elf/4.1.2/../../../../nios2-elf/lib\libc.a(lib_a-rget.o)
 .debug_info    0x0000330e      0x9ae c:/altera/10.1/nios2eds/bin/gnu/h-i686-mingw32/bin/../lib/gcc/nios2-elf/4.1.2/../../../../nios2-elf/lib\libc.a(lib_a-wbuf.o)
 .debug_info    0x00003cbc      0x95d c:/altera/10.1/nios2eds/bin/gnu/h-i686-mingw32/bin/../lib/gcc/nios2-elf/4.1.2/../../../../nios2-elf/lib\libc.a(lib_a-wsetup.o)
 .debug_info    0x00004619      0x9fe c:/altera/10.1/nios2eds/bin/gnu/h-i686-mingw32/bin/../lib/gcc/nios2-elf/4.1.2/../../../../nios2-elf/lib\libc.a(lib_a-fflush.o)
 .debug_info    0x00005017      0xb72 c:/altera/10.1/nios2eds/bin/gnu/h-i686-mingw32/bin/../lib/gcc/nios2-elf/4.1.2/../../../../nios2-elf/lib\libc.a(lib_a-findfp.o)
 .debug_info    0x00005b89      0xbc9 c:/altera/10.1/nios2eds/bin/gnu/h-i686-mingw32/bin/../lib/gcc/nios2-elf/4.1.2/../../../../nios2-elf/lib\libc.a(lib_a-freer.o)
 .debug_info    0x00006752      0xaed c:/altera/10.1/nios2eds/bin/gnu/h-i686-mingw32/bin/../lib/gcc/nios2-elf/4.1.2/../../../../nios2-elf/lib\libc.a(lib_a-fwalk.o)
 .debug_info    0x0000723f      0xb1a c:/altera/10.1/nios2eds/bin/gnu/h-i686-mingw32/bin/../lib/gcc/nios2-elf/4.1.2/../../../../nios2-elf/lib\libc.a(lib_a-makebuf.o)
 .debug_info    0x00007d59      0xcd0 c:/altera/10.1/nios2eds/bin/gnu/h-i686-mingw32/bin/../lib/gcc/nios2-elf/4.1.2/../../../../nios2-elf/lib\libc.a(lib_a-mallocr.o)
 .debug_info    0x00008a29      0x113 c:/altera/10.1/nios2eds/bin/gnu/h-i686-mingw32/bin/../lib/gcc/nios2-elf/4.1.2/../../../../nios2-elf/lib\libc.a(lib_a-memset.o)
 .debug_info    0x00008b3c      0x98b c:/altera/10.1/nios2eds/bin/gnu/h-i686-mingw32/bin/../lib/gcc/nios2-elf/4.1.2/../../../../nios2-elf/lib\libc.a(lib_a-refill.o)
 .debug_info    0x000094c7      0x962 c:/altera/10.1/nios2eds/bin/gnu/h-i686-mingw32/bin/../lib/gcc/nios2-elf/4.1.2/../../../../nios2-elf/lib\libc.a(lib_a-sbrkr.o)
 .debug_info    0x00009e29      0xaac c:/altera/10.1/nios2eds/bin/gnu/h-i686-mingw32/bin/../lib/gcc/nios2-elf/4.1.2/../../../../nios2-elf/lib\libc.a(lib_a-stdio.o)
 .debug_info    0x0000a8d5      0x993 c:/altera/10.1/nios2eds/bin/gnu/h-i686-mingw32/bin/../lib/gcc/nios2-elf/4.1.2/../../../../nios2-elf/lib\libc.a(lib_a-writer.o)
 .debug_info    0x0000b268      0x958 c:/altera/10.1/nios2eds/bin/gnu/h-i686-mingw32/bin/../lib/gcc/nios2-elf/4.1.2/../../../../nios2-elf/lib\libc.a(lib_a-closer.o)
 .debug_info    0x0000bbc0      0x994 c:/altera/10.1/nios2eds/bin/gnu/h-i686-mingw32/bin/../lib/gcc/nios2-elf/4.1.2/../../../../nios2-elf/lib\libc.a(lib_a-fclose.o)
 .debug_info    0x0000c554      0xafc c:/altera/10.1/nios2eds/bin/gnu/h-i686-mingw32/bin/../lib/gcc/nios2-elf/4.1.2/../../../../nios2-elf/lib\libc.a(lib_a-fstatr.o)
 .debug_info    0x0000d050       0x8c c:/altera/10.1/nios2eds/bin/gnu/h-i686-mingw32/bin/../lib/gcc/nios2-elf/4.1.2/../../../../nios2-elf/lib\libc.a(lib_a-int_errno.o)
 .debug_info    0x0000d0dc      0x958 c:/altera/10.1/nios2eds/bin/gnu/h-i686-mingw32/bin/../lib/gcc/nios2-elf/4.1.2/../../../../nios2-elf/lib\libc.a(lib_a-isattyr.o)
 .debug_info    0x0000da34      0x981 c:/altera/10.1/nios2eds/bin/gnu/h-i686-mingw32/bin/../lib/gcc/nios2-elf/4.1.2/../../../../nios2-elf/lib\libc.a(lib_a-lseekr.o)
 .debug_info    0x0000e3b5      0x98c c:/altera/10.1/nios2eds/bin/gnu/h-i686-mingw32/bin/../lib/gcc/nios2-elf/4.1.2/../../../../nios2-elf/lib\libc.a(lib_a-readr.o)
 .debug_info    0x0000ed41      0x465 ../lab1_spi_bsp\libhal_bsp.a(alt_close.o)
 .debug_info    0x0000f1a6      0x67d ../lab1_spi_bsp\libhal_bsp.a(alt_dev.o)
 .debug_info    0x0000f823      0x162 ../lab1_spi_bsp\libhal_bsp.a(alt_errno.o)
 .debug_info    0x0000f985      0x65e ../lab1_spi_bsp\libhal_bsp.a(alt_fstat.o)
 .debug_info    0x0000ffe3      0x428 ../lab1_spi_bsp\libhal_bsp.a(alt_irq_register.o)
 .debug_info    0x0001040b      0x165 ../lab1_spi_bsp\libhal_bsp.a(alt_irq_vars.o)
 .debug_info    0x00010570      0x664 ../lab1_spi_bsp\libhal_bsp.a(alt_isatty.o)
 .debug_info    0x00010bd4      0x28b ../lab1_spi_bsp\libhal_bsp.a(alt_load.o)
 .debug_info    0x00010e5f      0x498 ../lab1_spi_bsp\libhal_bsp.a(alt_lseek.o)
 .debug_info    0x000112f7      0x223 ../lab1_spi_bsp\libhal_bsp.a(alt_main.o)
 .debug_info    0x0001151a      0xbf2 ../lab1_spi_bsp\libhal_bsp.a(alt_malloc_lock.o)
 .debug_info    0x0001210c      0x688 ../lab1_spi_bsp\libhal_bsp.a(alt_read.o)
 .debug_info    0x00012794      0x3f0 ../lab1_spi_bsp\libhal_bsp.a(alt_release_fd.o)
 .debug_info    0x00012b84      0x2b5 ../lab1_spi_bsp\libhal_bsp.a(alt_sbrk.o)
 .debug_info    0x00012e39      0x142 ../lab1_spi_bsp\libhal_bsp.a(alt_usleep.o)
 .debug_info    0x00012f7b      0x691 ../lab1_spi_bsp\libhal_bsp.a(alt_write.o)
 .debug_info    0x0001360c      0xfb2 ../lab1_spi_bsp\libhal_bsp.a(alt_sys_init.o)
 .debug_info    0x000145be      0xb47 ../lab1_spi_bsp\libhal_bsp.a(altera_avalon_cfi_flash.o)
 .debug_info    0x00015105      0xe33 ../lab1_spi_bsp\libhal_bsp.a(altera_avalon_cfi_flash_table.o)
 .debug_info    0x00015f38      0x7d7 ../lab1_spi_bsp\libhal_bsp.a(altera_avalon_jtag_uart_fd.o)
 .debug_info    0x0001670f      0x5ff ../lab1_spi_bsp\libhal_bsp.a(altera_avalon_jtag_uart_init.o)
 .debug_info    0x00016d0e      0x441 ../lab1_spi_bsp\libhal_bsp.a(altera_avalon_jtag_uart_ioctl.o)
 .debug_info    0x0001714f      0x544 ../lab1_spi_bsp\libhal_bsp.a(altera_avalon_jtag_uart_read.o)
 .debug_info    0x00017693      0x53c ../lab1_spi_bsp\libhal_bsp.a(altera_avalon_jtag_uart_write.o)
 .debug_info    0x00017bcf      0x389 ../lab1_spi_bsp\libhal_bsp.a(altera_avalon_timer_sc.o)
 .debug_info    0x00017f58      0x63a ../lab1_spi_bsp\libhal_bsp.a(altera_avalon_uart_fd.o)
 .debug_info    0x00018592      0x50c ../lab1_spi_bsp\libhal_bsp.a(altera_avalon_uart_init.o)
 .debug_info    0x00018a9e      0x4c0 ../lab1_spi_bsp\libhal_bsp.a(altera_avalon_uart_read.o)
 .debug_info    0x00018f5e      0x4be ../lab1_spi_bsp\libhal_bsp.a(altera_avalon_uart_write.o)
 .debug_info    0x0001941c      0x690 ../lab1_spi_bsp\libhal_bsp.a(altera_up_avalon_video_character_buffer_with_dma.o)
 .debug_info    0x00019aac      0x440 ../lab1_spi_bsp\libhal_bsp.a(alt_alarm_start.o)
 .debug_info    0x00019eec      0x1a9 ../lab1_spi_bsp\libhal_bsp.a(alt_busy_sleep.o)
 .debug_info    0x0001a095      0x1a2 ../lab1_spi_bsp\libhal_bsp.a(alt_dcache_flush.o)
 .debug_info    0x0001a237      0x16d ../lab1_spi_bsp\libhal_bsp.a(alt_dcache_flush_all.o)
 .debug_info    0x0001a3a4      0x2b5 ../lab1_spi_bsp\libhal_bsp.a(alt_dev_llist_insert.o)
 .debug_info    0x0001a659       0xe9 ../lab1_spi_bsp\libhal_bsp.a(alt_do_ctors.o)
 .debug_info    0x0001a742       0xe8 ../lab1_spi_bsp\libhal_bsp.a(alt_do_dtors.o)