Archive member included because of file (symbol)

c:/altera/10.1/nios2eds/bin/gnu/h-i686-mingw32/bin/../lib/gcc/nios2-elf/4.1.2\libgcc.a(_gt_sf.o)
                              obj/hello_world.o (__gtsf2)
c:/altera/10.1/nios2eds/bin/gnu/h-i686-mingw32/bin/../lib/gcc/nios2-elf/4.1.2\libgcc.a(_lt_sf.o)
                              obj/hello_world.o (__ltsf2)
c:/altera/10.1/nios2eds/bin/gnu/h-i686-mingw32/bin/../lib/gcc/nios2-elf/4.1.2\libgcc.a(_sf_to_df.o)
                              obj/hello_world.o (__extendsfdf2)
c:/altera/10.1/nios2eds/bin/gnu/h-i686-mingw32/bin/../lib/gcc/nios2-elf/4.1.2\libgcc.a(_div_df.o)
                              obj/hello_world.o (__divdf3)
c:/altera/10.1/nios2eds/bin/gnu/h-i686-mingw32/bin/../lib/gcc/nios2-elf/4.1.2\libgcc.a(_gt_df.o)
                              obj/hello_world.o (__gtdf2)
c:/altera/10.1/nios2eds/bin/gnu/h-i686-mingw32/bin/../lib/gcc/nios2-elf/4.1.2\libgcc.a(_lt_df.o)
                              obj/hello_world.o (__ltdf2)
c:/altera/10.1/nios2eds/bin/gnu/h-i686-mingw32/bin/../lib/gcc/nios2-elf/4.1.2\libgcc.a(_si_to_df.o)
                              obj/hello_world.o (__floatsidf)
c:/altera/10.1/nios2eds/bin/gnu/h-i686-mingw32/bin/../lib/gcc/nios2-elf/4.1.2\libgcc.a(_make_df.o)
                              c:/altera/10.1/nios2eds/bin/gnu/h-i686-mingw32/bin/../lib/gcc/nios2-elf/4.1.2\libgcc.a(_sf_to_df.o) (__make_dp)
c:/altera/10.1/nios2eds/bin/gnu/h-i686-mingw32/bin/../lib/gcc/nios2-elf/4.1.2\libgcc.a(_df_to_sf.o)
                              obj/hello_world.o (__truncdfsf2)
c:/altera/10.1/nios2eds/bin/gnu/h-i686-mingw32/bin/../lib/gcc/nios2-elf/4.1.2\libgcc.a(_thenan_df.o)
                              c:/altera/10.1/nios2eds/bin/gnu/h-i686-mingw32/bin/../lib/gcc/nios2-elf/4.1.2\libgcc.a(_div_df.o) (__thenan_df)
c:/altera/10.1/nios2eds/bin/gnu/h-i686-mingw32/bin/../lib/gcc/nios2-elf/4.1.2\libgcc.a(lib2-divmod.o)
                              obj/hello_world.o (__modsi3)
c:/altera/10.1/nios2eds/bin/gnu/h-i686-mingw32/bin/../lib/gcc/nios2-elf/4.1.2\libgcc.a(_clzsi2.o)
                              c:/altera/10.1/nios2eds/bin/gnu/h-i686-mingw32/bin/../lib/gcc/nios2-elf/4.1.2\libgcc.a(_si_to_df.o) (__clzsi2)
c:/altera/10.1/nios2eds/bin/gnu/h-i686-mingw32/bin/../lib/gcc/nios2-elf/4.1.2\libgcc.a(_unpack_sf.o)
                              c:/altera/10.1/nios2eds/bin/gnu/h-i686-mingw32/bin/../lib/gcc/nios2-elf/4.1.2\libgcc.a(_gt_sf.o) (__unpack_f)
c:/altera/10.1/nios2eds/bin/gnu/h-i686-mingw32/bin/../lib/gcc/nios2-elf/4.1.2\libgcc.a(_fpcmp_parts_sf.o)
                              c:/altera/10.1/nios2eds/bin/gnu/h-i686-mingw32/bin/../lib/gcc/nios2-elf/4.1.2\libgcc.a(_gt_sf.o) (__fpcmp_parts_f)
c:/altera/10.1/nios2eds/bin/gnu/h-i686-mingw32/bin/../lib/gcc/nios2-elf/4.1.2\libgcc.a(_make_sf.o)
                              c:/altera/10.1/nios2eds/bin/gnu/h-i686-mingw32/bin/../lib/gcc/nios2-elf/4.1.2\libgcc.a(_df_to_sf.o) (__make_fp)
c:/altera/10.1/nios2eds/bin/gnu/h-i686-mingw32/bin/../lib/gcc/nios2-elf/4.1.2\libgcc.a(_pack_df.o)
                              c:/altera/10.1/nios2eds/bin/gnu/h-i686-mingw32/bin/../lib/gcc/nios2-elf/4.1.2\libgcc.a(_div_df.o) (__pack_d)
c:/altera/10.1/nios2eds/bin/gnu/h-i686-mingw32/bin/../lib/gcc/nios2-elf/4.1.2\libgcc.a(_unpack_df.o)
                              c:/altera/10.1/nios2eds/bin/gnu/h-i686-mingw32/bin/../lib/gcc/nios2-elf/4.1.2\libgcc.a(_div_df.o) (__unpack_d)
c:/altera/10.1/nios2eds/bin/gnu/h-i686-mingw32/bin/../lib/gcc/nios2-elf/4.1.2\libgcc.a(_fpcmp_parts_df.o)
                              c:/altera/10.1/nios2eds/bin/gnu/h-i686-mingw32/bin/../lib/gcc/nios2-elf/4.1.2\libgcc.a(_gt_df.o) (__fpcmp_parts_d)
c:/altera/10.1/nios2eds/bin/gnu/h-i686-mingw32/bin/../lib/gcc/nios2-elf/4.1.2\libgcc.a(_clz.o)
                              c:/altera/10.1/nios2eds/bin/gnu/h-i686-mingw32/bin/../lib/gcc/nios2-elf/4.1.2\libgcc.a(_clzsi2.o) (__clz_tab)
c:/altera/10.1/nios2eds/bin/gnu/h-i686-mingw32/bin/../lib/gcc/nios2-elf/4.1.2\libgcc.a(_pack_sf.o)
                              c:/altera/10.1/nios2eds/bin/gnu/h-i686-mingw32/bin/../lib/gcc/nios2-elf/4.1.2\libgcc.a(_make_sf.o) (__pack_f)
c:/altera/10.1/nios2eds/bin/gnu/h-i686-mingw32/bin/../lib/gcc/nios2-elf/4.1.2/../../../../nios2-elf/lib\libc.a(lib_a-printf.o)
                              obj/hello_world.o (printf)
c:/altera/10.1/nios2eds/bin/gnu/h-i686-mingw32/bin/../lib/gcc/nios2-elf/4.1.2/../../../../nios2-elf/lib\libc.a(lib_a-putchar.o)
                              obj/hello_world.o (putchar)
c:/altera/10.1/nios2eds/bin/gnu/h-i686-mingw32/bin/../lib/gcc/nios2-elf/4.1.2/../../../../nios2-elf/lib\libc.a(lib_a-rand.o)
                              obj/hello_world.o (srand)
c:/altera/10.1/nios2eds/bin/gnu/h-i686-mingw32/bin/../lib/gcc/nios2-elf/4.1.2/../../../../nios2-elf/lib\libc.a(lib_a-time.o)
                              obj/hello_world.o (time)
c:/altera/10.1/nios2eds/bin/gnu/h-i686-mingw32/bin/../lib/gcc/nios2-elf/4.1.2/../../../../nios2-elf/lib\libc.a(lib_a-vfprintf.o)
[...]
Memory Configuration

Name             Origin             Length             Attributes
sdram_BEFORE_EXCEPTION 0x00800000         0x00000020
sdram            0x00800020         0x007fffe0
reset            0x01400000         0x00000020
cfi_flash        0x01400020         0x003fffe0
onchip_memory    0x01800000         0x00002000
*default*        0x00000000         0xffffffff

Linker script and memory map

LOAD ../helloWorld_bsp/obj/HAL/src/crt0.o
LOAD obj/hello_world.o
LOAD c:/altera/10.1/nios2eds/bin/gnu/h-i686-mingw32/bin/../lib/gcc/nios2-elf/4.1.2/../../../../nios2-elf/lib\libstdc++.a
LOAD c:/altera/10.1/nios2eds/bin/gnu/h-i686-mingw32/bin/../lib/gcc/nios2-elf/4.1.2/../../../../nios2-elf/lib\libm.a
LOAD c:/altera/10.1/nios2eds/bin/gnu/h-i686-mingw32/bin/../lib/gcc/nios2-elf/4.1.2\libgcc.a
START GROUP
LOAD c:/altera/10.1/nios2eds/bin/gnu/h-i686-mingw32/bin/../lib/gcc/nios2-elf/4.1.2/../../../../nios2-elf/lib\libc.a
LOAD c:/altera/10.1/nios2eds/bin/gnu/h-i686-mingw32/bin/../lib/gcc/nios2-elf/4.1.2\libgcc.a
LOAD ../helloWorld_bsp\libhal_bsp.a
END GROUP
LOAD c:/altera/10.1/nios2eds/bin/gnu/h-i686-mingw32/bin/../lib/gcc/nios2-elf/4.1.2\libgcc.a
                0x00800000                __alt_mem_sdram = 0x800000
                0x01400000                __alt_mem_cfi_flash = 0x1400000
                0x01800000                __alt_mem_onchip_memory = 0x1800000

.entry          0x01400000        0x0
 *(.entry)
 .entry         0x01400000        0x0 ../helloWorld_bsp/obj/HAL/src/crt0.o
                0x01400000                __reset

.exceptions     0x00800020      0x198
                0x00800020                PROVIDE (__ram_exceptions_start, ABSOLUTE (.))
                0x00800020                . = ALIGN (0x20)
 *(.irq)
 *(.exceptions.entry.label)
 .exceptions.entry.label
                0x00800020        0x0 ../helloWorld_bsp\libhal_bsp.a(alt_irq_entry.o)
                0x00800020                alt_irq_entry
 .exceptions.entry.label
                0x00800020        0x0 ../helloWorld_bsp\libhal_bsp.a(alt_exception_entry.o)
                0x00800020                alt_exception
 *(.exceptions.entry.user)
 *(.exceptions.entry)
 .exceptions.entry
                0x00800020       0x54 ../helloWorld_bsp\libhal_bsp.a(alt_exception_entry.o)
 *(.exceptions.irqtest.user)
 *(.exceptions.irqtest)
 .exceptions.irqtest
                0x00800074       0x10 ../helloWorld_bsp\libhal_bsp.a(alt_irq_entry.o)
 *(.exceptions.irqhandler.user)
 *(.exceptions.irqhandler)
 .exceptions.irqhandler
                0x00800084        0x4 ../helloWorld_bsp\libhal_bsp.a(alt_irq_entry.o)
 *(.exceptions.irqreturn.user)
 *(.exceptions.irqreturn)
 .exceptions.irqreturn
                0x00800088        0x4 ../helloWorld_bsp\libhal_bsp.a(alt_irq_entry.o)
 *(.exceptions.notirq.label)
 .exceptions.notirq.label
                0x0080008c        0x0 ../helloWorld_bsp\libhal_bsp.a(alt_irq_entry.o)
 *(.exceptions.notirq.user)
 *(.exceptions.notirq)
 .exceptions.notirq
                0x0080008c        0x8 ../helloWorld_bsp\libhal_bsp.a(alt_exception_entry.o)
 *(.exceptions.soft.user)
 *(.exceptions.soft)
 *(.exceptions.unknown.user)
 *(.exceptions.unknown)
 .exceptions.unknown
                0x00800094        0x4 ../helloWorld_bsp\libhal_bsp.a(alt_exception_entry.o)
 *(.exceptions.exit.label)
 .exceptions.exit.label
                0x00800098        0x0 ../helloWorld_bsp\libhal_bsp.a(alt_irq_entry.o)
 .exceptions.exit.label
                0x00800098        0x0 ../helloWorld_bsp\libhal_bsp.a(alt_exception_entry.o)
 *(.exceptions.exit.user)
 *(.exceptions.exit)
 .exceptions.exit
                0x00800098       0x54 ../helloWorld_bsp\libhal_bsp.a(alt_exception_entry.o)
 *(.exceptions)
 .exceptions    0x008000ec       0xcc ../helloWorld_bsp\libhal_bsp.a(alt_irq_handler.o)
                0x008000ec                alt_irq_handler
                0x008001b8                PROVIDE (__ram_exceptions_end, ABSOLUTE (.))
                0x00800020                PROVIDE (__flash_exceptions_start, LOADADDR (.exceptions))

.text           0x008001b8    0x126f8
                0x008001b8                PROVIDE (stext, ABSOLUTE (.))
 *(.interp)
 *(.hash)
 *(.dynsym)
 *(.dynstr)
 *(.gnu.version)
 *(.gnu.version_d)
 *(.gnu.version_r)
 *(.rel.init)
 *(.rela.init)
 *(.rel.text .rel.text.* .rel.gnu.linkonce.t.*)
 *(.rela.text .rela.text.* .rela.gnu.linkonce.t.*)
 *(.rel.fini)
 *(.rela.fini)
 *(.rel.rodata .rel.rodata.* .rel.gnu.linkonce.r.*)
 *(.rela.rodata .rela.rodata.* .rela.gnu.linkonce.r.*)
 *(.rel.data .rel.data.* .rel.gnu.linkonce.d.*)
 *(.rela.data .rela.data.* .rela.gnu.linkonce.d.*)
 *(.rel.tdata .rel.tdata.* .rel.gnu.linkonce.td.*)
 *(.rela.tdata .rela.tdata.* .rela.gnu.linkonce.td.*)
 *(.rel.tbss .rel.tbss.* .rel.gnu.linkonce.tb.*)
 *(.rela.tbss .rela.tbss.* .rela.gnu.linkonce.tb.*)
 *(.rel.ctors)
 *(.rela.ctors)
 *(.rel.dtors)
 *(.rela.dtors)
 *(.rel.got)
 *(.rela.got)
 *(.rel.sdata .rel.sdata.* .rel.gnu.linkonce.s.*)
 *(.rela.sdata .rela.sdata.* .rela.gnu.linkonce.s.*)
 *(.rel.sbss .rel.sbss.* .rel.gnu.linkonce.sb.*)
 *(.rela.sbss .rela.sbss.* .rela.gnu.linkonce.sb.*)
 *(.rel.sdata2 .rel.sdata2.* .rel.gnu.linkonce.s2.*)
 *(.rela.sdata2 .rela.sdata2.* .rela.gnu.linkonce.s2.*)
 *(.rel.sbss2 .rel.sbss2.* .rel.gnu.linkonce.sb2.*)
 *(.rela.sbss2 .rela.sbss2.* .rela.gnu.linkonce.sb2.*)
 *(.rel.bss .rel.bss.* .rel.gnu.linkonce.b.*)
 *(.rela.bss .rela.bss.* .rela.gnu.linkonce.b.*)
 *(.rel.plt)
 *(.rela.plt)
 *(.rel.dyn)
 *(.init)
 *(.plt)
 *(.text .stub .text.* .gnu.linkonce.t.*)
 .text          0x008001b8       0x48 ../helloWorld_bsp/obj/HAL/src/crt0.o
                0x008001b8                _start
 .text          0x00800200     0x11e8 obj/hello_world.o
                0x00800200                main
                0x008006d0                init
                0x0080083c                showView
                0x0080097c                move
                0x00800c60                makeFood
                0x00800d2c                makeMap
                0x00800f28                ifEat
                0x00800fb4                ifReprat
                0x00801074                ifBump
                0x008011e4                get_x
                0x00801220                get_y
                0x0080126c                add2charbuffer
                0x00801334                del2charbuffer
                0x00801394                next_line
 .text          0x008013e8       0x78 c:/altera/10.1/nios2eds/bin/gnu/h-i686-mingw32/bin/../lib/gcc/nios2-elf/4.1.2\libgcc.a(_gt_sf.o)
                0x008013e8                __gtsf2
 .text          0x00801460       0x78 c:/altera/10.1/nios2eds/bin/gnu/h-i686-mingw32/bin/../lib/gcc/nios2-elf/4.1.2\libgcc.a(_lt_sf.o)
                0x00801460                __ltsf2
 .text          0x008014d8       0x54 c:/altera/10.1/nios2eds/bin/gnu/h-i686-mingw32/bin/../lib/gcc/nios2-elf/4.1.2\libgcc.a(_sf_to_df.o)
                0x008014d8                __extendsfdf2
 .text          0x0080152c      0x258 c:/altera/10.1/nios2eds/bin/gnu/h-i686-mingw32/bin/../lib/gcc/nios2-elf/4.1.2\libgcc.a(_div_df.o)
                0x0080152c                __divdf3
 .text          0x00801784       0x88 c:/altera/10.1/nios2eds/bin/gnu/h-i686-mingw32/bin/../lib/gcc/nios2-elf/4.1.2\libgcc.a(_gt_df.o)
                0x00801784                __gtdf2
 .text          0x0080180c       0x88 c:/altera/10.1/nios2eds/bin/gnu/h-i686-mingw32/bin/../lib/gcc/nios2-elf/4.1.2\libgcc.a(_lt_df.o)
                0x0080180c                __ltdf2
 .text          0x00801894       0xf8 c:/altera/10.1/nios2eds/bin/gnu/h-i686-mingw32/bin/../lib/gcc/nios2-elf/4.1.2\libgcc.a(_si_to_df.o)
                0x00801894                __floatsidf
 .text          0x0080198c       0x38 c:/altera/10.1/nios2eds/bin/gnu/h-i686-mingw32/bin/../lib/gcc/nios2-elf/4.1.2\libgcc.a(_make_df.o)
                0x0080198c                __make_dp
 .text          0x008019c4       0x74 c:/altera/10.1/nios2eds/bin/gnu/h-i686-mingw32/bin/../lib/gcc/nios2-elf/4.1.2\libgcc.a(_df_to_sf.o)
                0x008019c4                __truncdfsf2
 .text          0x00801a38        0x0 c:/altera/10.1/nios2eds/bin/gnu/h-i686-mingw32/bin/../lib/gcc/nios2-elf/4.1.2\libgcc.a(_thenan_df.o)
 .text          0x00801a38      0x14c c:/altera/10.1/nios2eds/bin/gnu/h-i686-mingw32/bin/../lib/gcc/nios2-elf/4.1.2\libgcc.a(lib2-divmod.o)
                0x00801ab4                __divsi3
                0x00801b14                __modsi3
                0x00801b74                __udivsi3
                0x00801b7c                __umodsi3
 .text          0x00801b84       0x80 c:/altera/10.1/nios2eds/bin/gnu/h-i686-mingw32/bin/../lib/gcc/nios2-elf/4.1.2\libgcc.a(_clzsi2.o)
                0x00801b84                __clzsi2
 .text          0x00801c04       0xc8 c:/altera/10.1/nios2eds/bin/gnu/h-i686-mingw32/bin/../lib/gcc/nios2-elf/4.1.2\libgcc.a(_unpack_sf.o)
                0x00801c04                __unpack_f
 .text          0x00801ccc       0xa8 c:/altera/10.1/nios2eds/bin/gnu/h-i686-mingw32/bin/../lib/gcc/nios2-elf/4.1.2\libgcc.a(_fpcmp_parts_sf.o)
                0x00801ccc                __fpcmp_parts_f
 .text          0x00801d74       0x2c c:/altera/10.1/nios2eds/bin/gnu/h-i686-mingw32/bin/../lib/gcc/nios2-elf/4.1.2\libgcc.a(_make_sf.o)
                0x00801d74                __make_fp
 .text          0x00801da0      0x314 c:/altera/10.1/nios2eds/bin/gnu/h-i686-mingw32/bin/../lib/gcc/nios2-elf/4.1.2\libgcc.a(_pack_df.o)
                0x00801da0                __pack_d
 .text          0x008020b4      0x138 c:/altera/10.1/nios2eds/bin/gnu/h-i686-mingw32/bin/../lib/gcc/nios2-elf/4.1.2\libgcc.a(_unpack_df.o)
                0x008020b4                __unpack_d
 .text          0x008021ec       0xc8 c:/altera/10.1/nios2eds/bin/gnu/h-i686-mingw32/bin/../lib/gcc/nios2-elf/4.1.2\libgcc.a(_fpcmp_parts_df.o)
                0x008021ec                __fpcmp_parts_d
 .text          0x008022b4        0x0 c:/altera/10.1/nios2eds/bin/gnu/h-i686-mingw32/bin/../lib/gcc/nios2-elf/4.1.2\libgcc.a(_clz.o)
 .text          0x008022b4      0x160 c:/altera/10.1/nios2eds/bin/gnu/h-i686-mingw32/bin/../lib/gcc/nios2-elf/4.1.2\libgcc.a(_pack_sf.o)
                0x008022b4                __pack_f
 .text          0x00802414       0x78 c:/altera/10.1/nios2eds/bin/gnu/h-i686-mingw32/bin/../lib/gcc/nios2-elf/4.1.2/../../../../nios2-elf/lib\libc.a(lib_a-printf.o)
                0x00802414                printf
                0x00802458                _printf_r
 .text          0x0080248c       0x24 c:/altera/10.1/nios2eds/bin/gnu/h-i686-mingw32/bin/../lib/gcc/nios2-elf/4.1.2/../../../../nios2-elf/lib\libc.a(lib_a-putchar.o)
                0x0080248c                putchar
                0x008024a8                _putchar_r
 .text          0x008024b0       0x94 c:/altera/10.1/nios2eds/bin/gnu/h-i686-mingw32/bin/../lib/gcc/nios2-elf/4.1.2/../../../../nios2-elf/lib\libc.a(lib_a-rand.o)
                0x008024b0                srand
                0x008024cc                rand
 .text          0x00802544       0x5c c:/altera/10.1/nios2eds/bin/gnu/h-i686-mingw32/bin/../lib/gcc/nios2-elf/4.1.2/../../../../nios2-elf/lib\libc.a(lib_a-time.o)
                0x00802544                time
 .text          0x008025a0     0x1f28 c:/altera/10.1/nios2eds/bin/gnu/h-i686-mingw32/bin/../lib/gcc/nios2-elf/4.1.2/../../../../nios2-elf/lib\libc.a(lib_a-vfprintf.o)
                0x008025f8                ___vfprintf_internal_r
                0x008044a4                __vfprintf_internal
 .text          0x008044c8      0x13c c:/altera/10.1/nios2eds/bin/gnu/h-i686-mingw32/bin/../lib/gcc/nios2-elf/4.1.2/../../../../nios2-elf/lib\libc.a(lib_a-wsetup.o)
                0x008044c8                __swsetup_r
 .text          0x00804604     0x17cc c:/altera/10.1/nios2eds/bin/gnu/h-i686-mingw32/bin/../lib/gcc/nios2-elf/4.1.2/../../../../nios2-elf/lib\libc.a(lib_a-dtoa.o)
                0x0080481c                _dtoa_r
 .text          0x00805dd0      0x230 c:/altera/10.1/nios2eds/bin/gnu/h-i686-mingw32/bin/../lib/gcc/nios2-elf/4.1.2/../../../../nios2-elf/lib\libc.a(lib_a-fflush.o)
                0x00805dd0                _fflush_r
                0x00805fcc                fflush
 .text          0x00806000      0x2c0 c:/altera/10.1/nios2eds/bin/gnu/h-i686-mingw32/bin/../lib/gcc/nios2-elf/4.1.2/../../../../nios2-elf/lib\libc.a(lib_a-findfp.o)
                0x00806058                __sfp_lock_acquire
                0x0080605c                __sfp_lock_release
                0x00806060                __sinit_lock_acquire
                0x00806064                __sinit_lock_release
                0x00806068                __sinit
                0x0080611c                __fp_unlock_all
                0x00806134                __fp_lock_all
                0x0080614c                _cleanup_r
                0x00806158                _cleanup
                0x00806168                __sfmoreglue
                0x008061d0                __sfp
 .text          0x008062c0      0x440 c:/altera/10.1/nios2eds/bin/gnu/h-i686-mingw32/bin/../lib/gcc/nios2-elf/4.1.2/../../../../nios2-elf/lib\libc.a(lib_a-freer.o)
                0x008062c0                _malloc_trim_r
                0x008063ec                _free_r
 .text          0x00806700      0x49c c:/altera/10.1/nios2eds/bin/gnu/h-i686-mingw32/bin/../lib/gcc/nios2-elf/4.1.2/../../../../nios2-elf/lib\libc.a(lib_a-fvwrite.o)
                0x00806700                __sfvwrite_r
 .text          0x00806b9c      0x180 c:/altera/10.1/nios2eds/bin/gnu/h-i686-mingw32/bin/../lib/gcc/nios2-elf/4.1.2/../../../../nios2-elf/lib\libc.a(lib_a-fwalk.o)
                0x00806b9c                _fwalk_reent
                0x00806c64                _fwalk
 .text          0x00806d1c       0x74 c:/altera/10.1/nios2eds/bin/gnu/h-i686-mingw32/bin/../lib/gcc/nios2-elf/4.1.2/../../../../nios2-elf/lib\libc.a(lib_a-gettimeofdayr.o)
                0x00806d1c                _gettimeofday_r
 .text          0x00806d90        0x0 c:/altera/10.1/nios2eds/bin/gnu/h-i686-mingw32/bin/../lib/gcc/nios2-elf/4.1.2/../../../../nios2-elf/lib\libc.a(lib_a-impure.o)
 .text          0x00806d90        0x0 c:/altera/10.1/nios2eds/bin/gnu/h-i686-mingw32/bin/../lib/gcc/nios2-elf/4.1.2/../../../../nios2-elf/lib\libc.a(lib_a-int_errno.o)
 .text          0x00806d90       0xc4 c:/altera/10.1/nios2eds/bin/gnu/h-i686-mingw32/bin/../lib/gcc/nios2-elf/4.1.2/../../../../nios2-elf/lib\libc.a(lib_a-locale.o)
                0x00806d90                __locale_charset
                0x00806d98                _localeconv_r
                0x00806da4                localeconv
                0x00806db4                _setlocale_r
                0x00806e38                setlocale
 .text          0x00806e54      0x194 c:/altera/10.1/nios2eds/bin/gnu/h-i686-mingw32/bin/../lib/gcc/nios2-elf/4.1.2/../../../../nios2-elf/lib\libc.a(lib_a-makebuf.o)
                0x00806e54                __smakebuf_r
 .text          0x00806fe8      0x740 c:/altera/10.1/nios2eds/bin/gnu/h-i686-mingw32/bin/../lib/gcc/nios2-elf/4.1.2/../../../../nios2-elf/lib\libc.a(lib_a-mallocr.o)
                0x00806fe8                _malloc_r
 .text          0x00807728       0xe4 c:/altera/10.1/nios2eds/bin/gnu/h-i686-mingw32/bin/../lib/gcc/nios2-elf/4.1.2/../../../../nios2-elf/lib\libc.a(lib_a-memchr.o)
                0x00807728                memchr
 .text          0x0080780c       0xa0 c:/altera/10.1/nios2eds/bin/gnu/h-i686-mingw32/bin/../lib/gcc/nios2-elf/4.1.2/../../../../nios2-elf/lib\libc.a(lib_a-memcpy.o)
                0x0080780c                memcpy
 .text          0x008078ac       0xe0 c:/altera/10.1/nios2eds/bin/gnu/h-i686-mingw32/bin/../lib/gcc/nios2-elf/4.1.2/../../../../nios2-elf/lib\libc.a(lib_a-memmove.o)
                0x008078ac                memmove
 .text          0x0080798c       0x98 c:/altera/10.1/nios2eds/bin/gnu/h-i686-mingw32/bin/../lib/gcc/nios2-elf/4.1.2/../../../../nios2-elf/lib\libc.a(lib_a-memset.o)
                0x0080798c                memset
 .text          0x00807a24      0xff4 c:/altera/10.1/nios2eds/bin/gnu/h-i686-mingw32/bin/../lib/gcc/nios2-elf/4.1.2/../../../../nios2-elf/lib\libc.a(lib_a-mprec.o)
                0x00807a24                _Bfree
                0x00807a4c                __hi0bits
                0x00807abc                __lo0bits
                0x00807b80                __mcmp
                0x00807be0                __ulp
                0x00807c60                __b2d
                0x00807d80                __ratio
                0x00807e30                _mprec_log10
                0x00807ec4                __copybits
                0x00807f1c                __any_on
                0x00807fa4                _Balloc
                0x00808060                __d2b
                0x008081dc                __mdiff
                0x00808368                __lshift
                0x008084b4                __multiply
                0x0080869c                __i2b
                0x008086d8                __multadd
                0x008087d8                __pow5mult
                0x008088f8                __s2b
 .text          0x00808a18      0x1ec c:/altera/10.1/nios2eds/bin/gnu/h-i686-mingw32/bin/../lib/gcc/nios2-elf/4.1.2/../../../../nios2-elf/lib\libc.a(lib_a-putc.o)
                0x00808a18                putc
                0x00808b1c                _putc_r
 .text          0x00808c04      0x5f4 c:/altera/10.1/nios2eds/bin/gnu/h-i686-mingw32/bin/../lib/gcc/nios2-elf/4.1.2/../../../../nios2-elf/lib\libc.a(lib_a-reallocr.o)
                0x00808c04                _realloc_r
 .text          0x008091f8       0x40 c:/altera/10.1/nios2eds/bin/gnu/h-i686-mingw32/bin/../lib/gcc/nios2-elf/4.1.2/../../../../nios2-elf/lib\libc.a(lib_a-s_isinfd.o)
                0x008091f8                __isinfd
 .text          0x00809238       0x30 c:/altera/10.1/nios2eds/bin/gnu/h-i686-mingw32/bin/../lib/gcc/nios2-elf/4.1.2/../../../../nios2-elf/lib\libc.a(lib_a-s_isnand.o)
                0x00809238                __isnand
 .text          0x00809268       0x70 c:/altera/10.1/nios2eds/bin/gnu/h-i686-mingw32/bin/../lib/gcc/nios2-elf/4.1.2/../../../../nios2-elf/lib\libc.a(lib_a-sbrkr.o)
                0x00809268                _sbrk_r
 .text          0x008092d8      0x14c c:/altera/10.1/nios2eds/bin/gnu/h-i686-mingw32/bin/../lib/gcc/nios2-elf/4.1.2/../../../../nios2-elf/lib\libc.a(lib_a-stdio.o)
                0x008092d8                __sclose
                0x008092e0                __sseek
                0x00809348                __swrite
                0x008093c4                __sread
 .text          0x00809424       0xbc c:/altera/10.1/nios2eds/bin/gnu/h-i686-mingw32/bin/../lib/gcc/nios2-elf/4.1.2/../../../../nios2-elf/lib\libc.a(lib_a-strcmp.o)
                0x00809424                strcmp
 .text          0x008094e0       0x74 c:/altera/10.1/nios2eds/bin/gnu/h-i686-mingw32/bin/../lib/gcc/nios2-elf/4.1.2/../../../../nios2-elf/lib\libc.a(lib_a-strlen.o)
                0x008094e0                strlen
 .text          0x00809554      0x14c c:/altera/10.1/nios2eds/bin/gnu/h-i686-mingw32/bin/../lib/gcc/nios2-elf/4.1.2/../../../../nios2-elf/lib\libc.a(lib_a-wbuf.o)
                0x00809554                __swbuf_r
                0x00809684                __swbuf
 .text          0x008096a0       0x78 c:/altera/10.1/nios2eds/bin/gnu/h-i686-mingw32/bin/../lib/gcc/nios2-elf/4.1.2/../../../../nios2-elf/lib\libc.a(lib_a-writer.o)
                0x008096a0                _write_r
 .text          0x00809718       0xb4 c:/altera/10.1/nios2eds/bin/gnu/h-i686-mingw32/bin/../lib/gcc/nios2-elf/4.1.2/../../../../nios2-elf/lib\libc.a(lib_a-callocr.o)
                0x00809718                _calloc_r
 .text          0x008097cc       0x70 c:/altera/10.1/nios2eds/bin/gnu/h-i686-mingw32/bin/../lib/gcc/nios2-elf/4.1.2/../../../../nios2-elf/lib\libc.a(lib_a-closer.o)
                0x008097cc                _close_r
 .text          0x0080983c      0x124 c:/altera/10.1/nios2eds/bin/gnu/h-i686-mingw32/bin/../lib/gcc/nios2-elf/4.1.2/../../../../nios2-elf/lib\libc.a(lib_a-fclose.o)
                0x0080983c                _fclose_r
                0x0080994c                fclose
 .text          0x00809960       0x74 c:/altera/10.1/nios2eds/bin/gnu/h-i686-mingw32/bin/../lib/gcc/nios2-elf/4.1.2/../../../../nios2-elf/lib\libc.a(lib_a-fstatr.o)
                0x00809960                _fstat_r
 .text          0x008099d4       0x70 c:/altera/10.1/nios2eds/bin/gnu/h-i686-mingw32/bin/../lib/gcc/nios2-elf/4.1.2/../../../../nios2-elf/lib\libc.a(lib_a-isattyr.o)
                0x008099d4                _isatty_r
 .text          0x00809a44       0x78 c:/altera/10.1/nios2eds/bin/gnu/h-i686-mingw32/bin/../lib/gcc/nios2-elf/4.1.2/../../../../nios2-elf/lib\libc.a(lib_a-lseekr.o)
                0x00809a44                _lseek_r
 .text          0x00809abc       0x78 c:/altera/10.1/nios2eds/bin/gnu/h-i686-mingw32/bin/../lib/gcc/nios2-elf/4.1.2/../../../../nios2-elf/lib\libc.a(lib_a-readr.o)
                0x00809abc                _read_r
 .text          0x00809b34       0x98 c:/altera/10.1/nios2eds/bin/gnu/h-i686-mingw32/bin/../lib/gcc/nios2-elf/4.1.2\libgcc.a(_muldi3.o)
                0x00809b34                __muldi3
 .text          0x00809bcc      0x5dc c:/altera/10.1/nios2eds/bin/gnu/h-i686-mingw32/bin/../lib/gcc/nios2-elf/4.1.2\libgcc.a(_udivdi3.o)
                0x00809bcc                __udivdi3
 .text          0x0080a1a8      0x5b0 c:/altera/10.1/nios2eds/bin/gnu/h-i686-mingw32/bin/../lib/gcc/nios2-elf/4.1.2\libgcc.a(_umoddi3.o)
                0x0080a1a8                __umoddi3
 .text          0x0080a758      0x504 c:/altera/10.1/nios2eds/bin/gnu/h-i686-mingw32/bin/../lib/gcc/nios2-elf/4.1.2\libgcc.a(_addsub_df.o)
                0x0080ab68                __subdf3
                0x0080abe8                __adddf3
 .text          0x0080ac5c      0x3c4 c:/altera/10.1/nios2eds/bin/gnu/h-i686-mingw32/bin/../lib/gcc/nios2-elf/4.1.2\libgcc.a(_mul_df.o)
                0x0080ac5c                __muldf3
 .text          0x0080b020       0x88 c:/altera/10.1/nios2eds/bin/gnu/h-i686-mingw32/bin/../lib/gcc/nios2-elf/4.1.2\libgcc.a(_eq_df.o)
                0x0080b020                __eqdf2
 .text          0x0080b0a8       0x88 c:/altera/10.1/nios2eds/bin/gnu/h-i686-mingw32/bin/../lib/gcc/nios2-elf/4.1.2\libgcc.a(_ne_df.o)
                0x0080b0a8                __nedf2
 .text          0x0080b130       0x88 c:/altera/10.1/nios2eds/bin/gnu/h-i686-mingw32/bin/../lib/gcc/nios2-elf/4.1.2\libgcc.a(_ge_df.o)
                0x0080b130                __gedf2
 .text          0x0080b1b8       0xd8 c:/altera/10.1/nios2eds/bin/gnu/h-i686-mingw32/bin/../lib/gcc/nios2-elf/4.1.2\libgcc.a(_df_to_si.o)
                0x0080b1b8                __fixdfsi
 .text          0x0080b290      0x194 c:/altera/10.1/nios2eds/bin/gnu/h-i686-mingw32/bin/../lib/gcc/nios2-elf/4.1.2\libgcc.a(_usi_to_df.o)
                0x0080b290                __floatunsidf
 .text          0x0080b424      0x15c ../helloWorld_bsp\libhal_bsp.a(alt_close.o)
                0x0080b424                close
 .text          0x0080b580       0x2c ../helloWorld_bsp\libhal_bsp.a(alt_dev.o)
 .text          0x0080b5ac        0x0 ../helloWorld_bsp\libhal_bsp.a(alt_errno.o)
 .text          0x0080b5ac      0x134 ../helloWorld_bsp\libhal_bsp.a(alt_fstat.o)
                0x0080b5ac                fstat
 .text          0x0080b6e0      0x21c ../helloWorld_bsp\libhal_bsp.a(alt_gettod.o)
                0x0080b6e0                gettimeofday
 .text          0x0080b8fc      0x120 ../helloWorld_bsp\libhal_bsp.a(alt_isatty.o)
                0x0080b8fc                isatty
 .text          0x0080ba1c      0x150 ../helloWorld_bsp\libhal_bsp.a(alt_lseek.o)
                0x0080ba1c                lseek
 .text          0x0080bb6c       0x6c ../helloWorld_bsp\libhal_bsp.a(alt_main.o)
                0x0080bb6c                alt_main
 .text          0x0080bbd8       0x40 ../helloWorld_bsp\libhal_bsp.a(alt_malloc_lock.o)
                0x0080bbd8                __malloc_lock
                0x0080bbf8                __malloc_unlock
 .text          0x0080bc18      0x258 ../helloWorld_bsp\libhal_bsp.a(alt_printf.o)
                0x0080bc18                alt_printf
 .text          0x0080be70       0x40 ../helloWorld_bsp\libhal_bsp.a(alt_putchar.o)
                0x0080be70                alt_putchar
 .text          0x0080beb0      0x180 ../helloWorld_bsp\libhal_bsp.a(alt_read.o)
                0x0080beb0                read
 .text          0x0080c030       0x60 ../helloWorld_bsp\libhal_bsp.a(alt_release_fd.o)
                0x0080c030                alt_release_fd
 .text          0x0080c090       0xbc ../helloWorld_bsp\libhal_bsp.a(alt_sbrk.o)
                0x0080c090                sbrk
 .text          0x0080c14c      0x1a4 ../helloWorld_bsp\libhal_bsp.a(alt_tick.o)
                0x0080c14c                alt_alarm_stop
                0x0080c1e4                alt_tick
 .text          0x0080c2f0       0x30 ../helloWorld_bsp\libhal_bsp.a(alt_usleep.o)
                0x0080c2f0                usleep
 .text          0x0080c320      0x180 ../helloWorld_bsp\libhal_bsp.a(alt_write.o)
                0x0080c320                write
 .text          0x0080c4a0      0x3c0 ../helloWorld_bsp\libhal_bsp.a(alt_sys_init.o)
                0x0080c4a0                alt_irq_init
                0x0080c4d4                alt_sys_init
 .text          0x0080c860      0x8c8 ../helloWorld_bsp\libhal_bsp.a(altera_avalon_cfi_flash.o)
                0x0080c860                alt_flash_cfi_init
                0x0080c934                alt_flash_cfi_write
                0x0080cbf4                alt_flash_cfi_get_info
                0x0080cc84                alt_flash_cfi_read
                0x0080ccec                alt_write_value_to_flash
                0x0080ce50                alt_flash_program_block
 .text          0x0080d128     0x1448 ../helloWorld_bsp\libhal_bsp.a(altera_avalon_cfi_flash_table.o)
                0x0080d128                alt_read_query_entry_8bit
                0x0080d168                alt_read_query_entry_16bit
                0x0080d1ac                alt_read_query_entry_32bit
                0x0080d1f4                alt_write_flash_command_8bit_device_8bit_mode
                0x0080d230                alt_write_flash_command_16bit_device_8bit_mode
                0x0080d2ac                alt_write_flash_command_32bit_device_8bit_mode
                0x0080d2f4                alt_write_flash_command_16bit_device_16bit_mode
                0x0080d338                alt_write_flash_command_32bit_device_16bit_mode
                0x0080d380                alt_write_flash_command_32bit_device_32bit_mode
                0x0080d3c8                alt_write_native_8bit
                0x0080d3fc                alt_write_native_16bit
                0x0080d430                alt_write_native_32bit
                0x0080d460                alt_set_flash_width_func
                0x0080d640                alt_set_flash_algorithm_func
                0x0080d768                alt_read_cfi_table
                0x0080dce8                alt_read_cfi_width
                0x0080e494                alt_check_primary_table
 .text          0x0080e570      0x148 ../helloWorld_bsp\libhal_bsp.a(altera_avalon_jtag_uart_fd.o)
                0x0080e570                altera_avalon_jtag_uart_read_fd
                0x0080e5c8                altera_avalon_jtag_uart_write_fd
                0x0080e620                altera_avalon_jtag_uart_close_fd
                0x0080e668                altera_avalon_jtag_uart_ioctl_fd
 .text          0x0080e6b8      0x408 ../helloWorld_bsp\libhal_bsp.a(altera_avalon_jtag_uart_init.o)
                0x0080e6b8                altera_avalon_jtag_uart_init
                0x0080ea4c                altera_avalon_jtag_uart_close
 .text          0x0080eac0       0xf4 ../helloWorld_bsp\libhal_bsp.a(altera_avalon_jtag_uart_ioctl.o)
                0x0080eac0                altera_avalon_jtag_uart_ioctl
 .text          0x0080ebb4      0x224 ../helloWorld_bsp\libhal_bsp.a(altera_avalon_jtag_uart_read.o)
                0x0080ebb4                altera_avalon_jtag_uart_read
 .text          0x0080edd8      0x240 ../helloWorld_bsp\libhal_bsp.a(altera_avalon_jtag_uart_write.o)
                0x0080edd8                altera_avalon_jtag_uart_write
 .text          0x0080f018      0x238 ../helloWorld_bsp\libhal_bsp.a(altera_avalon_spi.o)
                0x0080f018                alt_avalon_spi_command
 .text          0x0080f250       0xfc ../helloWorld_bsp\libhal_bsp.a(altera_avalon_timer_sc.o)
                0x0080f2c4                alt_avalon_timer_sc_init
 .text          0x0080f34c       0xf8 ../helloWorld_bsp\libhal_bsp.a(altera_avalon_uart_fd.o)
                0x0080f34c                altera_avalon_uart_read_fd
                0x0080f3a4                altera_avalon_uart_write_fd
                0x0080f3fc                altera_avalon_uart_close_fd
 .text          0x0080f444      0x3fc ../helloWorld_bsp\libhal_bsp.a(altera_avalon_uart_init.o)
                0x0080f444                altera_avalon_uart_init
                0x0080f7e0                altera_avalon_uart_close
 .text          0x0080f840      0x290 ../helloWorld_bsp\libhal_bsp.a(altera_avalon_uart_read.o)
                0x0080f840                altera_avalon_uart_read
 .text          0x0080fad0      0x228 ../helloWorld_bsp\libhal_bsp.a(altera_avalon_uart_write.o)
                0x0080fad0                altera_avalon_uart_write
 .text          0x0080fcf8      0x700 ../helloWorld_bsp\libhal_bsp.a(altera_up_avalon_ps2.o)
                0x0080fcf8                read_RI_bit
                0x0080fd2c                read_RE_bit
                0x0080fd5c                read_CE_bit
                0x0080fd90                read_num_bytes_available
                0x0080fdc4                read_data_valid
                0x0080fdf8                read_data_byte
                0x0080fe24                alt_up_ps2_init
                0x0080fef0                alt_up_ps2_enable_read_interrupt
                0x0080ff44                alt_up_ps2_disable_read_interrupt
                0x0080ff9c                alt_up_ps2_write_data_byte
                0x00810014                alt_up_ps2_wait_for_ack
                0x00810084                alt_up_ps2_write_data_byte_with_ack
                0x008100f0                alt_up_ps2_read_data_byte_timeout
                0x008101a0                alt_up_ps2_read_data_byte
                0x0081021c                alt_up_ps2_clear_fifo
                0x00810274                alt_up_ps2_read_fd
                0x00810310                alt_up_ps2_write_fd
                0x008103b8                alt_up_ps2_open_dev
 .text          0x008103f8      0x304 ../helloWorld_bsp\libhal_bsp.a(altera_up_avalon_video_character_buffer_with_dma.o)
                0x008103f8                alt_up_char_buffer_init
                0x0081047c                alt_up_char_buffer_open_dev
                0x008104bc                alt_up_char_buffer_draw
                0x0081058c                alt_up_char_buffer_string
                0x008106a0                alt_up_char_buffer_clear
 .text          0x008106fc      0x5e0 ../helloWorld_bsp\libhal_bsp.a(altera_up_ps2_keyboard.o)
                0x008106fc                get_multi_byte_make_code_index
                0x00810774                get_single_byte_make_code_index
                0x008107ec                get_next_state
                0x00810a48                decode_scancode
                0x00810af4                set_keyboard_rate
                0x00810b54                translate_make_code
                0x00810c5c                reset_keyboard
 .text          0x00810cdc      0x154 ../helloWorld_bsp\libhal_bsp.a(alt_alarm_start.o)
                0x00810cdc                alt_alarm_start
 .text          0x00810e30      0x14c ../helloWorld_bsp\libhal_bsp.a(alt_busy_sleep.o)
                0x00810e30                alt_busy_sleep
 .text          0x00810f7c       0x78 ../helloWorld_bsp\libhal_bsp.a(alt_dcache_flush.o)
                0x00810f7c                alt_dcache_flush
 .text          0x00810ff4      0x114 ../helloWorld_bsp\libhal_bsp.a(alt_dev_llist_insert.o)
                0x00810ff4                alt_dev_llist_insert
 .text          0x00811108       0x64 ../helloWorld_bsp\libhal_bsp.a(alt_do_ctors.o)
                0x00811108                _do_ctors
 .text          0x0081116c       0x64 ../helloWorld_bsp\libhal_bsp.a(alt_do_dtors.o)
                0x0081116c                _do_dtors
 .text          0x008111d0       0x94 ../helloWorld_bsp\libhal_bsp.a(alt_find_dev.o)
                0x008111d0                alt_find_dev
 .text          0x00811264       0xd0 ../helloWorld_bsp\libhal_bsp.a(alt_flash_dev.o)
                0x00811264                alt_flash_open_dev
                0x008112e0                alt_flash_close_dev
 .text          0x00811334      0x13c ../helloWorld_bsp\libhal_bsp.a(alt_io_redirect.o)
                0x008113f8                alt_io_redirect
 .text          0x00811470      0x1c0 ../helloWorld_bsp\libhal_bsp.a(alt_irq_register.o)
                0x00811470                alt_irq_register
 .text          0x00811630        0x0 ../helloWorld_bsp\libhal_bsp.a(alt_irq_vars.o)
 .text          0x00811630      0x2c4 ../helloWorld_bsp\libhal_bsp.a(alt_open.o)
                0x0081170c                open
 .text          0x008118f4       0x20 ../helloWorld_bsp\libhal_bsp.a(altera_nios2_irq.o)
                0x008118f4                altera_nios2_irq_init
 .text          0x00811914      0x460 ../helloWorld_bsp\libhal_bsp.a(altera_avalon_cfi_flash_amd.o)
                0x00811914                alt_program_amd
                0x0081197c                alt_erase_block_amd
 .text          0x00811d74      0x460 ../helloWorld_bsp\libhal_bsp.a(altera_avalon_cfi_flash_intel.o)
                0x00811d74                alt_program_intel
                0x00811df8                alt_erase_block_intel
 .text          0x008121d4      0x120 ../helloWorld_bsp\libhal_bsp.a(alt_find_file.o)
                0x008121d4                alt_find_file
 .text          0x008122f4       0xb8 ../helloWorld_bsp\libhal_bsp.a(alt_get_fd.o)
                0x008122f4                alt_get_fd
 .text          0x008123ac        0x0 ../helloWorld_bsp\libhal_bsp.a(alt_irq_entry.o)
 .text          0x008123ac        0x0 ../helloWorld_bsp\libhal_bsp.a(alt_irq_handler.o)
 .text          0x008123ac        0x0 ../helloWorld_bsp\libhal_bsp.a(alt_exception_entry.o)
 .text          0x008123ac       0x14 c:/altera/10.1/nios2eds/bin/gnu/h-i686-mingw32/bin/../lib/gcc/nios2-elf/4.1.2/../../../../nios2-elf/lib\libc.a(lib_a-atexit.o)
                0x008123ac                atexit
 .text          0x008123c0       0x38 c:/altera/10.1/nios2eds/bin/gnu/h-i686-mingw32/bin/../lib/gcc/nios2-elf/4.1.2/../../../../nios2-elf/lib\libc.a(lib_a-exit.o)
                0x008123c0                exit
 .text          0x008123f8       0x74 c:/altera/10.1/nios2eds/bin/gnu/h-i686-mingw32/bin/../lib/gcc/nios2-elf/4.1.2/../../../../nios2-elf/lib\libc.a(lib_a-memcmp.o)
                0x008123f8                memcmp
 .text          0x0081246c       0x8c c:/altera/10.1/nios2eds/bin/gnu/h-i686-mingw32/bin/../lib/gcc/nios2-elf/4.1.2/../../../../nios2-elf/lib\libc.a(lib_a-strcpy.o)
                0x0081246c                strcpy
 .text          0x008124f8      0x134 c:/altera/10.1/nios2eds/bin/gnu/h-i686-mingw32/bin/../lib/gcc/nios2-elf/4.1.2/../../../../nios2-elf/lib\libc.a(lib_a-__atexit.o)
                0x008124f8                __register_exitproc
 .text          0x0081262c      0x1b4 c:/altera/10.1/nios2eds/bin/gnu/h-i686-mingw32/bin/../lib/gcc/nios2-elf/4.1.2/../../../../nios2-elf/lib\libc.a(lib_a-__call_atexit.o)
                0x00812630                __call_exitprocs
 .text          0x008127e0       0x60 ../helloWorld_bsp\libhal_bsp.a(alt_exit.o)
                0x00812820                _exit
 *(.gnu.warning.*)
 *(.fini)
                0x00812840                PROVIDE (__etext, ABSOLUTE (.))
                0x00812840                PROVIDE (_etext, ABSOLUTE (.))
                0x00812840                PROVIDE (etext, ABSOLUTE (.))
 *(.eh_frame_hdr)
                0x00812840                . = ALIGN (0x4)
                0x00812840                PROVIDE (__preinit_array_start, ABSOLUTE (.))
 *(.preinit_array)
                0x00812840                PROVIDE (__preinit_array_end, ABSOLUTE (.))
                0x00812840                PROVIDE (__init_array_start, ABSOLUTE (.))
 *(.init_array)
                0x00812840                PROVIDE (__init_array_end, ABSOLUTE (.))
                0x00812840                PROVIDE (__fini_array_start, ABSOLUTE (.))
 *(.fini_array)
                0x00812840                PROVIDE (__fini_array_end, ABSOLUTE (.))
 *(.eh_frame)
 .eh_frame      0x00812840       0x40 c:/altera/10.1/nios2eds/bin/gnu/h-i686-mingw32/bin/../lib/gcc/nios2-elf/4.1.2\libgcc.a(_udivdi3.o)
 .eh_frame      0x00812880       0x2c c:/altera/10.1/nios2eds/bin/gnu/h-i686-mingw32/bin/../lib/gcc/nios2-elf/4.1.2\libgcc.a(_umoddi3.o)
                                 0x40 (size before relaxing)
 *(.gcc_except_table)
 *(.dynamic)
                0x008128ac                PROVIDE (__CTOR_LIST__, ABSOLUTE (.))
 *(.ctors)
 *(SORT(.ctors.*))
 .ctors.65535   0x008128ac        0x4 c:/altera/10.1/nios2eds/bin/gnu/h-i686-mingw32/bin/../lib/gcc/nios2-elf/4.1.2/../../../../nios2-elf/lib\libc.a(lib_a-__call_atexit.o)
                0x008128b0                PROVIDE (__CTOR_END__, ABSOLUTE (.))
                0x008128b0                PROVIDE (__DTOR_LIST__, ABSOLUTE (.))
 *(.dtors)
 *(SORT(.dtors.*))
                0x008128b0                PROVIDE (__DTOR_END__, ABSOLUTE (.))
 *(.jcr)
                0x008128b0                . = ALIGN (0x4)

.rodata         0x008128b0      0x6b0
                0x008128b0                PROVIDE (__ram_rodata_start, ABSOLUTE (.))
                0x008128b0                . = ALIGN (0x4)
 *(.rodata .rodata.* .gnu.linkonce.r.*)
 .rodata        0x008128b0       0x9c obj/hello_world.o
 .rodata        0x0081294c       0x14 c:/altera/10.1/nios2eds/bin/gnu/h-i686-mingw32/bin/../lib/gcc/nios2-elf/4.1.2\libgcc.a(_thenan_df.o)
                0x0081294c                __thenan_df
 .rodata        0x00812960      0x100 c:/altera/10.1/nios2eds/bin/gnu/h-i686-mingw32/bin/../lib/gcc/nios2-elf/4.1.2\libgcc.a(_clz.o)
                0x00812960                __clz_tab
 .rodata.str1.4
                0x00812a60       0x5e c:/altera/10.1/nios2eds/bin/gnu/h-i686-mingw32/bin/../lib/gcc/nios2-elf/4.1.2/../../../../nios2-elf/lib\libc.a(lib_a-vfprintf.o)
                                 0x60 (size before relaxing)
 .rodata        0x00812abe       0x20 c:/altera/10.1/nios2eds/bin/gnu/h-i686-mingw32/bin/../lib/gcc/nios2-elf/4.1.2/../../../../nios2-elf/lib\libc.a(lib_a-vfprintf.o)
 *fill*         0x00812ade        0x2 00
 .rodata.str1.4
                0x00812ae0       0x10 c:/altera/10.1/nios2eds/bin/gnu/h-i686-mingw32/bin/../lib/gcc/nios2-elf/4.1.2/../../../../nios2-elf/lib\libc.a(lib_a-dtoa.o)
                                 0x14 (size before relaxing)
 .rodata.str1.4
                0x00812af0        0x2 c:/altera/10.1/nios2eds/bin/gnu/h-i686-mingw32/bin/../lib/gcc/nios2-elf/4.1.2/../../../../nios2-elf/lib\libc.a(lib_a-impure.o)
                                  0x4 (size before relaxing)
 *fill*         0x00812af2        0x2 00
 .rodata.str1.4
                0x00812af4       0x10 c:/altera/10.1/nios2eds/bin/gnu/h-i686-mingw32/bin/../lib/gcc/nios2-elf/4.1.2/../../../../nios2-elf/lib\libc.a(lib_a-locale.o)
                                 0x18 (size before relaxing)
 .rodata        0x00812b04       0x30 c:/altera/10.1/nios2eds/bin/gnu/h-i686-mingw32/bin/../lib/gcc/nios2-elf/4.1.2/../../../../nios2-elf/lib\libc.a(lib_a-locale.o)
 .rodata        0x00812b34      0x124 c:/altera/10.1/nios2eds/bin/gnu/h-i686-mingw32/bin/../lib/gcc/nios2-elf/4.1.2/../../../../nios2-elf/lib\libc.a(lib_a-mprec.o)
                0x00812b34                __mprec_tens
                0x00812bfc                __mprec_bigtens
                0x00812c24                __mprec_tinytens
 .rodata        0x00812c58        0xc ../helloWorld_bsp\libhal_bsp.a(alt_dev.o)
 .rodata        0x00812c64       0x10 ../helloWorld_bsp\libhal_bsp.a(alt_main.o)
 .rodata        0x00812c74       0x94 ../helloWorld_bsp\libhal_bsp.a(alt_sys_init.o)
 .rodata        0x00812d08       0x1c ../helloWorld_bsp\libhal_bsp.a(altera_up_avalon_video_character_buffer_with_dma.o)
 .rodata        0x00812d24      0x23c ../helloWorld_bsp\libhal_bsp.a(altera_up_ps2_keyboard.o)
 *(.rodata1)
                0x00812f60                . = ALIGN (0x4)
                0x00812f60                PROVIDE (__ram_rodata_end, ABSOLUTE (.))
                0x008128b0                PROVIDE (__flash_rodata_start, LOADADDR (.rodata))

.rwdata         0x00812f60     0x1fb4
                0x00812f60                PROVIDE (__ram_rwdata_start, ABSOLUTE (.))
                0x00812f60                . = ALIGN (0x4)
 *(.got.plt)
 *(.got)
 *(.data1)
 *(.data .data.* .gnu.linkonce.d.*)
 .data          0x00812f60        0x0 ../helloWorld_bsp/obj/HAL/src/crt0.o
 .data          0x00812f60        0x0 obj/hello_world.o
 .data          0x00812f60        0x0 c:/altera/10.1/nios2eds/bin/gnu/h-i686-mingw32/bin/../lib/gcc/nios2-elf/4.1.2\libgcc.a(_gt_sf.o)
 .data          0x00812f60        0x0 c:/altera/10.1/nios2eds/bin/gnu/h-i686-mingw32/bin/../lib/gcc/nios2-elf/4.1.2\libgcc.a(_lt_sf.o)
 .data          0x00812f60        0x0 c:/altera/10.1/nios2eds/bin/gnu/h-i686-mingw32/bin/../lib/gcc/nios2-elf/4.1.2\libgcc.a(_sf_to_df.o)
 .data          0x00812f60        0x0 c:/altera/10.1/nios2eds/bin/gnu/h-i686-mingw32/bin/../lib/gcc/nios2-elf/4.1.2\libgcc.a(_div_df.o)
 .data          0x00812f60        0x0 c:/altera/10.1/nios2eds/bin/gnu/h-i686-mingw32/bin/../lib/gcc/nios2-elf/4.1.2\libgcc.a(_gt_df.o)
 .data          0x00812f60        0x0 c:/altera/10.1/nios2eds/bin/gnu/h-i686-mingw32/bin/../lib/gcc/nios2-elf/4.1.2\libgcc.a(_lt_df.o)
 .data          0x00812f60        0x0 c:/altera/10.1/nios2eds/bin/gnu/h-i686-mingw32/bin/../lib/gcc/nios2-elf/4.1.2\libgcc.a(_si_to_df.o)
 .data          0x00812f60        0x0 c:/altera/10.1/nios2eds/bin/gnu/h-i686-mingw32/bin/../lib/gcc/nios2-elf/4.1.2\libgcc.a(_make_df.o)
 .data          0x00812f60        0x0 c:/altera/10.1/nios2eds/bin/gnu/h-i686-mingw32/bin/../lib/gcc/nios2-elf/4.1.2\libgcc.a(_df_to_sf.o)
 .data          0x00812f60        0x0 c:/altera/10.1/nios2eds/bin/gnu/h-i686-mingw32/bin/../lib/gcc/nios2-elf/4.1.2\libgcc.a(_thenan_df.o)
 .data          0x00812f60        0x0 c:/altera/10.1/nios2eds/bin/gnu/h-i686-mingw32/bin/../lib/gcc/nios2-elf/4.1.2\libgcc.a(lib2-divmod.o)
 .data          0x00812f60        0x0 c:/altera/10.1/nios2eds/bin/gnu/h-i686-mingw32/bin/../lib/gcc/nios2-elf/4.1.2\libgcc.a(_clzsi2.o)
 .data          0x00812f60        0x0 c:/altera/10.1/nios2eds/bin/gnu/h-i686-mingw32/bin/../lib/gcc/nios2-elf/4.1.2\libgcc.a(_unpack_sf.o)
 .data          0x00812f60        0x0 c:/altera/10.1/nios2eds/bin/gnu/h-i686-mingw32/bin/../lib/gcc/nios2-elf/4.1.2\libgcc.a(_fpcmp_parts_sf.o)
 .data          0x00812f60        0x0 c:/altera/10.1/nios2eds/bin/gnu/h-i686-mingw32/bin/../lib/gcc/nios2-elf/4.1.2\libgcc.a(_make_sf.o)
 .data          0x00812f60        0x0 c:/altera/10.1/nios2eds/bin/gnu/h-i686-mingw32/bin/../lib/gcc/nios2-elf/4.1.2\libgcc.a(_pack_df.o)
 .data          0x00812f60        0x0 c:/altera/10.1/nios2eds/bin/gnu/h-i686-mingw32/bin/../lib/gcc/nios2-elf/4.1.2\libgcc.a(_unpack_df.o)
 .data          0x00812f60        0x0 c:/altera/10.1/nios2eds/bin/gnu/h-i686-mingw32/bin/../lib/gcc/nios2-elf/4.1.2\libgcc.a(_fpcmp_parts_df.o)
 .data          0x00812f60        0x0 c:/altera/10.1/nios2eds/bin/gnu/h-i686-mingw32/bin/../lib/gcc/nios2-elf/4.1.2\libgcc.a(_clz.o)
 .data          0x00812f60        0x0 c:/altera/10.1/nios2eds/bin/gnu/h-i686-mingw32/bin/../lib/gcc/nios2-elf/4.1.2\libgcc.a(_pack_sf.o)
 .data          0x00812f60        0x0 c:/altera/10.1/nios2eds/bin/gnu/h-i686-mingw32/bin/../lib/gcc/nios2-elf/4.1.2/../../../../nios2-elf/lib\libc.a(lib_a-printf.o)
 .data          0x00812f60        0x0 c:/altera/10.1/nios2eds/bin/gnu/h-i686-mingw32/bin/../lib/gcc/nios2-elf/4.1.2/../../../../nios2-elf/lib\libc.a(lib_a-putchar.o)
 .data          0x00812f60        0x0 c:/altera/10.1/nios2eds/bin/gnu/h-i686-mingw32/bin/../lib/gcc/nios2-elf/4.1.2/../../../../nios2-elf/lib\libc.a(lib_a-rand.o)
 .data          0x00812f60        0x0 c:/altera/10.1/nios2eds/bin/gnu/h-i686-mingw32/bin/../lib/gcc/nios2-elf/4.1.2/../../../../nios2-elf/lib\libc.a(lib_a-time.o)
 .data          0x00812f60        0x0 c:/altera/10.1/nios2eds/bin/gnu/h-i686-mingw32/bin/../lib/gcc/nios2-elf/4.1.2/../../../../nios2-elf/lib\libc.a(lib_a-vfprintf.o)
 .data          0x00812f60        0x0 c:/altera/10.1/nios2eds/bin/gnu/h-i686-mingw32/bin/../lib/gcc/nios2-elf/4.1.2/../../../../nios2-elf/lib\libc.a(lib_a-wsetup.o)
 .data          0x00812f60        0x0 c:/altera/10.1/nios2eds/bin/gnu/h-i686-mingw32/bin/../lib/gcc/nios2-elf/4.1.2/../../../../nios2-elf/lib\libc.a(lib_a-dtoa.o)
 .data          0x00812f60        0x0 c:/altera/10.1/nios2eds/bin/gnu/h-i686-mingw32/bin/../lib/gcc/nios2-elf/4.1.2/../../../../nios2-elf/lib\libc.a(lib_a-fflush.o)
 .data          0x00812f60        0x0 c:/altera/10.1/nios2eds/bin/gnu/h-i686-mingw32/bin/../lib/gcc/nios2-elf/4.1.2/../../../../nios2-elf/lib\libc.a(lib_a-findfp.o)
 .data          0x00812f60        0x0 c:/altera/10.1/nios2eds/bin/gnu/h-i686-mingw32/bin/../lib/gcc/nios2-elf/4.1.2/../../../../nios2-elf/lib\libc.a(lib_a-freer.o)
 .data          0x00812f60        0x0 c:/altera/10.1/nios2eds/bin/gnu/h-i686-mingw32/bin/../lib/gcc/nios2-elf/4.1.2/../../../../nios2-elf/lib\libc.a(lib_a-fvwrite.o)
 .data          0x00812f60        0x0 c:/altera/10.1/nios2eds/bin/gnu/h-i686-mingw32/bin/../lib/gcc/nios2-elf/4.1.2/../../../../nios2-elf/lib\libc.a(lib_a-fwalk.o)
 .data          0x00812f60        0x0 c:/altera/10.1/nios2eds/bin/gnu/h-i686-mingw32/bin/../lib/gcc/nios2-elf/4.1.2/../../../../nios2-elf/lib\libc.a(lib_a-gettimeofdayr.o)
 .data          0x00812f60      0x400 c:/altera/10.1/nios2eds/bin/gnu/h-i686-mingw32/bin/../lib/gcc/nios2-elf/4.1.2/../../../../nios2-elf/lib\libc.a(lib_a-impure.o)
 .data          0x00813360        0x0 c:/altera/10.1/nios2eds/bin/gnu/h-i686-mingw32/bin/../lib/gcc/nios2-elf/4.1.2/../../../../nios2-elf/lib\libc.a(lib_a-int_errno.o)
 .data          0x00813360        0xc c:/altera/10.1/nios2eds/bin/gnu/h-i686-mingw32/bin/../lib/gcc/nios2-elf/4.1.2/../../../../nios2-elf/lib\libc.a(lib_a-locale.o)
                0x00813360                __lc_ctype
 .data          0x0081336c        0x0 c:/altera/10.1/nios2eds/bin/gnu/h-i686-mingw32/bin/../lib/gcc/nios2-elf/4.1.2/../../../../nios2-elf/lib\libc.a(lib_a-makebuf.o)
 .data          0x0081336c      0x408 c:/altera/10.1/nios2eds/bin/gnu/h-i686-mingw32/bin/../lib/gcc/nios2-elf/4.1.2/../../../../nios2-elf/lib\libc.a(lib_a-mallocr.o)
                0x0081336c                __malloc_av_
 .data          0x00813774        0x0 c:/altera/10.1/nios2eds/bin/gnu/h-i686-mingw32/bin/../lib/gcc/nios2-elf/4.1.2/../../../../nios2-elf/lib\libc.a(lib_a-memchr.o)
 .data          0x00813774        0x0 c:/altera/10.1/nios2eds/bin/gnu/h-i686-mingw32/bin/../lib/gcc/nios2-elf/4.1.2/../../../../nios2-elf/lib\libc.a(lib_a-memcpy.o)
 .data          0x00813774        0x0 c:/altera/10.1/nios2eds/bin/gnu/h-i686-mingw32/bin/../lib/gcc/nios2-elf/4.1.2/../../../../nios2-elf/lib\libc.a(lib_a-memmove.o)
 .data          0x00813774        0x0 c:/altera/10.1/nios2eds/bin/gnu/h-i686-mingw32/bin/../lib/gcc/nios2-elf/4.1.2/../../../../nios2-elf/lib\libc.a(lib_a-memset.o)
 .data          0x00813774        0x0 c:/altera/10.1/nios2eds/bin/gnu/h-i686-mingw32/bin/../lib/gcc/nios2-elf/4.1.2/../../../../nios2-elf/lib\libc.a(lib_a-mprec.o)
 .data          0x00813774        0x0 c:/altera/10.1/nios2eds/bin/gnu/h-i686-mingw32/bin/../lib/gcc/nios2-elf/4.1.2/../../../../nios2-elf/lib\libc.a(lib_a-putc.o)
 .data          0x00813774        0x0 c:/altera/10.1/nios2eds/bin/gnu/h-i686-mingw32/bin/../lib/gcc/nios2-elf/4.1.2/../../../../nios2-elf/lib\libc.a(lib_a-reallocr.o)
 .data          0x00813774        0x0 c:/altera/10.1/nios2eds/bin/gnu/h-i686-mingw32/bin/../lib/gcc/nios2-elf/4.1.2/../../../../nios2-elf/lib\libc.a(lib_a-s_isinfd.o)
 .data          0x00813774        0x0 c:/altera/10.1/nios2eds/bin/gnu/h-i686-mingw32/bin/../lib/gcc/nios2-elf/4.1.2/../../../../nios2-elf/lib\libc.a(lib_a-s_isnand.o)
 .data          0x00813774        0x0 c:/altera/10.1/nios2eds/bin/gnu/h-i686-mingw32/bin/../lib/gcc/nios2-elf/4.1.2/../../../../nios2-elf/lib\libc.a(lib_a-sbrkr.o)
 .data          0x00813774        0x0 c:/altera/10.1/nios2eds/bin/gnu/h-i686-mingw32/bin/../lib/gcc/nios2-elf/4.1.2/../../../../nios2-elf/lib\libc.a(lib_a-stdio.o)
 .data          0x00813774        0x0 c:/altera/10.1/nios2eds/bin/gnu/h-i686-mingw32/bin/../lib/gcc/nios2-elf/4.1.2/../../../../nios2-elf/lib\libc.a(lib_a-strcmp.o)
 .data          0x00813774        0x0 c:/altera/10.1/nios2eds/bin/gnu/h-i686-mingw32/bin/../lib/gcc/nios2-elf/4.1.2/../../../../nios2-elf/lib\libc.a(lib_a-strlen.o)
 .data          0x00813774        0x0 c:/altera/10.1/nios2eds/bin/gnu/h-i686-mingw32/bin/../lib/gcc/nios2-elf/4.1.2/../../../../nios2-elf/lib\libc.a(lib_a-wbuf.o)
 .data          0x00813774        0x0 c:/altera/10.1/nios2eds/bin/gnu/h-i686-mingw32/bin/../lib/gcc/nios2-elf/4.1.2/../../../../nios2-elf/lib\libc.a(lib_a-writer.o)
 .data          0x00813774        0x0 c:/altera/10.1/nios2eds/bin/gnu/h-i686-mingw32/bin/../lib/gcc/nios2-elf/4.1.2/../../../../nios2-elf/lib\libc.a(lib_a-callocr.o)
 .data          0x00813774        0x0 c:/altera/10.1/nios2eds/bin/gnu/h-i686-mingw32/bin/../lib/gcc/nios2-elf/4.1.2/../../../../nios2-elf/lib\libc.a(lib_a-closer.o)
 .data          0x00813774        0x0 c:/altera/10.1/nios2eds/bin/gnu/h-i686-mingw32/bin/../lib/gcc/nios2-elf/4.1.2/../../../../nios2-elf/lib\libc.a(lib_a-fclose.o)
 .data          0x00813774        0x0 c:/altera/10.1/nios2eds/bin/gnu/h-i686-mingw32/bin/../lib/gcc/nios2-elf/4.1.2/../../../../nios2-elf/lib\libc.a(lib_a-fstatr.o)
 .data          0x00813774        0x0 c:/altera/10.1/nios2eds/bin/gnu/h-i686-mingw32/bin/../lib/gcc/nios2-elf/4.1.2/../../../../nios2-elf/lib\libc.a(lib_a-isattyr.o)
 .data          0x00813774        0x0 c:/altera/10.1/nios2eds/bin/gnu/h-i686-mingw32/bin/../lib/gcc/nios2-elf/4.1.2/../../../../nios2-elf/lib\libc.a(lib_a-lseekr.o)
 .data          0x00813774        0x0 c:/altera/10.1/nios2eds/bin/gnu/h-i686-mingw32/bin/../lib/gcc/nios2-elf/4.1.2/../../../../nios2-elf/lib\libc.a(lib_a-readr.o)
 .data          0x00813774        0x0 c:/altera/10.1/nios2eds/bin/gnu/h-i686-mingw32/bin/../lib/gcc/nios2-elf/4.1.2\libgcc.a(_muldi3.o)
 .data          0x00813774        0x0 c:/altera/10.1/nios2eds/bin/gnu/h-i686-mingw32/bin/../lib/gcc/nios2-elf/4.1.2\libgcc.a(_udivdi3.o)
 .data          0x00813774        0x0 c:/altera/10.1/nios2eds/bin/gnu/h-i686-mingw32/bin/../lib/gcc/nios2-elf/4.1.2\libgcc.a(_umoddi3.o)
 .data          0x00813774        0x0 c:/altera/10.1/nios2eds/bin/gnu/h-i686-mingw32/bin/../lib/gcc/nios2-elf/4.1.2\libgcc.a(_addsub_df.o)
 .data          0x00813774        0x0 c:/altera/10.1/nios2eds/bin/gnu/h-i686-mingw32/bin/../lib/gcc/nios2-elf/4.1.2\libgcc.a(_mul_df.o)
 .data          0x00813774        0x0 c:/altera/10.1/nios2eds/bin/gnu/h-i686-mingw32/bin/../lib/gcc/nios2-elf/4.1.2\libgcc.a(_eq_df.o)
 .data          0x00813774        0x0 c:/altera/10.1/nios2eds/bin/gnu/h-i686-mingw32/bin/../lib/gcc/nios2-elf/4.1.2\libgcc.a(_ne_df.o)
 .data          0x00813774        0x0 c:/altera/10.1/nios2eds/bin/gnu/h-i686-mingw32/bin/../lib/gcc/nios2-elf/4.1.2\libgcc.a(_ge_df.o)
 .data          0x00813774        0x0 c:/altera/10.1/nios2eds/bin/gnu/h-i686-mingw32/bin/../lib/gcc/nios2-elf/4.1.2\libgcc.a(_df_to_si.o)
 .data          0x00813774        0x0 c:/altera/10.1/nios2eds/bin/gnu/h-i686-mingw32/bin/../lib/gcc/nios2-elf/4.1.2\libgcc.a(_usi_to_df.o)
 .data          0x00813774        0x0 ../helloWorld_bsp\libhal_bsp.a(alt_close.o)
 .data          0x00813774      0x1a8 ../helloWorld_bsp\libhal_bsp.a(alt_dev.o)
                0x00813774                alt_dev_null
                0x0081379c                alt_fd_list
 .data          0x0081391c        0x0 ../helloWorld_bsp\libhal_bsp.a(alt_errno.o)
 .data          0x0081391c        0x0 ../helloWorld_bsp\libhal_bsp.a(alt_fstat.o)
 .data          0x0081391c        0x0 ../helloWorld_bsp\libhal_bsp.a(alt_gettod.o)
 .data          0x0081391c        0x0 ../helloWorld_bsp\libhal_bsp.a(alt_isatty.o)
 .data          0x0081391c        0x0 ../helloWorld_bsp\libhal_bsp.a(alt_lseek.o)
 .data          0x0081391c        0x0 ../helloWorld_bsp\libhal_bsp.a(alt_main.o)
 .data          0x0081391c        0x0 ../helloWorld_bsp\libhal_bsp.a(alt_malloc_lock.o)
 .data          0x0081391c        0x0 ../helloWorld_bsp\libhal_bsp.a(alt_printf.o)
 .data          0x0081391c        0x0 ../helloWorld_bsp\libhal_bsp.a(alt_putchar.o)
 .data          0x0081391c        0x0 ../helloWorld_bsp\libhal_bsp.a(alt_read.o)
 .data          0x0081391c        0x0 ../helloWorld_bsp\libhal_bsp.a(alt_release_fd.o)
 .data          0x0081391c        0x0 ../helloWorld_bsp\libhal_bsp.a(alt_sbrk.o)
 .data          0x0081391c        0x0 ../helloWorld_bsp\libhal_bsp.a(alt_tick.o)
 .data          0x0081391c        0x0 ../helloWorld_bsp\libhal_bsp.a(alt_usleep.o)
 .data          0x0081391c        0x0 ../helloWorld_bsp\libhal_bsp.a(alt_write.o)
 .data          0x0081391c     0x12d0 ../helloWorld_bsp\libhal_bsp.a(alt_sys_init.o)
 .data          0x00814bec        0x0 ../helloWorld_bsp\libhal_bsp.a(altera_avalon_cfi_flash.o)
 .data          0x00814bec        0x0 ../helloWorld_bsp\libhal_bsp.a(altera_avalon_cfi_flash_table.o)
 .data          0x00814bec        0x0 ../helloWorld_bsp\libhal_bsp.a(altera_avalon_jtag_uart_fd.o)
 .data          0x00814bec        0x0 ../helloWorld_bsp\libhal_bsp.a(altera_avalon_jtag_uart_init.o)
 .data          0x00814bec        0x0 ../helloWorld_bsp\libhal_bsp.a(altera_avalon_jtag_uart_ioctl.o)
 .data          0x00814bec        0x0 ../helloWorld_bsp\libhal_bsp.a(altera_avalon_jtag_uart_read.o)
 .data          0x00814bec        0x0 ../helloWorld_bsp\libhal_bsp.a(altera_avalon_jtag_uart_write.o)
 .data          0x00814bec        0x0 ../helloWorld_bsp\libhal_bsp.a(altera_avalon_spi.o)
 .data          0x00814bec        0x0 ../helloWorld_bsp\libhal_bsp.a(altera_avalon_timer_sc.o)
 .data          0x00814bec        0x0 ../helloWorld_bsp\libhal_bsp.a(altera_avalon_uart_fd.o)
 .data          0x00814bec        0x0 ../helloWorld_bsp\libhal_bsp.a(altera_avalon_uart_init.o)
 .data          0x00814bec        0x0 ../helloWorld_bsp\libhal_bsp.a(altera_avalon_uart_read.o)
 .data          0x00814bec        0x0 ../helloWorld_bsp\libhal_bsp.a(altera_avalon_uart_write.o)
 .data          0x00814bec        0x0 ../helloWorld_bsp\libhal_bsp.a(altera_up_avalon_ps2.o)
 .data          0x00814bec        0x0 ../helloWorld_bsp\libhal_bsp.a(altera_up_avalon_video_character_buffer_with_dma.o)
 .data          0x00814bec      0x2cc ../helloWorld_bsp\libhal_bsp.a(altera_up_ps2_keyboard.o)
                0x00814bec                key_table
                0x00814d84                ascii_codes
                0x00814dea                single_byte_make_code
                0x00814e50                multi_byte_make_code
 .data          0x00814eb8        0x0 ../helloWorld_bsp\libhal_bsp.a(alt_alarm_start.o)
 .data          0x00814eb8        0x0 ../helloWorld_bsp\libhal_bsp.a(alt_busy_sleep.o)
 .data          0x00814eb8        0x0 ../helloWorld_bsp\libhal_bsp.a(alt_dcache_flush.o)
 .data          0x00814eb8        0x0 ../helloWorld_bsp\libhal_bsp.a(alt_dev_llist_insert.o)
 .data          0x00814eb8        0x0 ../helloWorld_bsp\libhal_bsp.a(alt_do_ctors.o)
 .data          0x00814eb8        0x0 ../helloWorld_bsp\libhal_bsp.a(alt_do_dtors.o)
 .data          0x00814eb8        0x0 ../helloWorld_bsp\libhal_bsp.a(alt_find_dev.o)
 .data          0x00814eb8        0x0 ../helloWorld_bsp\libhal_bsp.a(alt_flash_dev.o)
 .data          0x00814eb8        0x0 ../helloWorld_bsp\libhal_bsp.a(alt_io_redirect.o)
 .data          0x00814eb8        0x0 ../helloWorld_bsp\libhal_bsp.a(alt_irq_register.o)
 .data          0x00814eb8        0x0 ../helloWorld_bsp\libhal_bsp.a(alt_irq_vars.o)
 .data          0x00814eb8        0x0 ../helloWorld_bsp\libhal_bsp.a(alt_open.o)
 .data          0x00814eb8        0x0 ../helloWorld_bsp\libhal_bsp.a(altera_nios2_irq.o)
 .data          0x00814eb8        0x0 ../helloWorld_bsp\libhal_bsp.a(altera_avalon_cfi_flash_amd.o)
 .data          0x00814eb8        0x0 ../helloWorld_bsp\libhal_bsp.a(altera_avalon_cfi_flash_intel.o)
 .data          0x00814eb8        0x0 ../helloWorld_bsp\libhal_bsp.a(alt_find_file.o)
 .data          0x00814eb8        0x0 ../helloWorld_bsp\libhal_bsp.a(alt_get_fd.o)
 .data          0x00814eb8        0x0 ../helloWorld_bsp\libhal_bsp.a(alt_irq_entry.o)
 .data          0x00814eb8        0x0 ../helloWorld_bsp\libhal_bsp.a(alt_irq_handler.o)
 .data          0x00814eb8        0x0 ../helloWorld_bsp\libhal_bsp.a(alt_exception_entry.o)
 .data          0x00814eb8        0x0 c:/altera/10.1/nios2eds/bin/gnu/h-i686-mingw32/bin/../lib/gcc/nios2-elf/4.1.2/../../../../nios2-elf/lib\libc.a(lib_a-atexit.o)
 .data          0x00814eb8        0x0 c:/altera/10.1/nios2eds/bin/gnu/h-i686-mingw32/bin/../lib/gcc/nios2-elf/4.1.2/../../../../nios2-elf/lib\libc.a(lib_a-exit.o)
 .data          0x00814eb8        0x0 c:/altera/10.1/nios2eds/bin/gnu/h-i686-mingw32/bin/../lib/gcc/nios2-elf/4.1.2/../../../../nios2-elf/lib\libc.a(lib_a-memcmp.o)
 .data          0x00814eb8        0x0 c:/altera/10.1/nios2eds/bin/gnu/h-i686-mingw32/bin/../lib/gcc/nios2-elf/4.1.2/../../../../nios2-elf/lib\libc.a(lib_a-strcpy.o)
 .data          0x00814eb8        0x0 c:/altera/10.1/nios2eds/bin/gnu/h-i686-mingw32/bin/../lib/gcc/nios2-elf/4.1.2/../../../../nios2-elf/lib\libc.a(lib_a-__atexit.o)
 .data          0x00814eb8        0x0 c:/altera/10.1/nios2eds/bin/gnu/h-i686-mingw32/bin/../lib/gcc/nios2-elf/4.1.2/../../../../nios2-elf/lib\libc.a(lib_a-__call_atexit.o)
 .data          0x00814eb8        0x0 ../helloWorld_bsp\libhal_bsp.a(alt_exit.o)
                0x0081ceb8                _gp = ABSOLUTE ((. + 0x8000))
                0x0081ceb8                PROVIDE (gp, _gp)
 *(.sdata .sdata.* .gnu.linkonce.s.*)
 .sdata         0x00814eb8       0x14 obj/hello_world.o
                0x00814eb8                W
                0x00814ebc                H
                0x00814ec0                direct
                0x00814ec4                food
 .sdata         0x00814ecc        0x8 c:/altera/10.1/nios2eds/bin/gnu/h-i686-mingw32/bin/../lib/gcc/nios2-elf/4.1.2/../../../../nios2-elf/lib\libc.a(lib_a-impure.o)
                0x00814ecc                _impure_ptr
                0x00814ed0                _global_impure_ptr
 .sdata         0x00814ed4        0x8 c:/altera/10.1/nios2eds/bin/gnu/h-i686-mingw32/bin/../lib/gcc/nios2-elf/4.1.2/../../../../nios2-elf/lib\libc.a(lib_a-locale.o)
                0x00814ed4                __mb_cur_max
 .sdata         0x00814edc        0x8 c:/altera/10.1/nios2eds/bin/gnu/h-i686-mingw32/bin/../lib/gcc/nios2-elf/4.1.2/../../../../nios2-elf/lib\libc.a(lib_a-mallocr.o)
                0x00814edc                __malloc_trim_threshold
                0x00814ee0                __malloc_sbrk_base
 .sdata         0x00814ee4       0x14 ../helloWorld_bsp\libhal_bsp.a(alt_dev.o)
                0x00814ee4                alt_fs_list
                0x00814eec                alt_dev_list
                0x00814ef4                alt_max_fd
 .sdata         0x00814ef8        0x4 ../helloWorld_bsp\libhal_bsp.a(alt_errno.o)
                0x00814ef8                alt_errno
 .sdata         0x00814efc        0x4 ../helloWorld_bsp\libhal_bsp.a(alt_sbrk.o)
 .sdata         0x00814f00        0x8 ../helloWorld_bsp\libhal_bsp.a(alt_tick.o)
                0x00814f00                alt_alarm_list
 .sdata         0x00814f08        0x8 ../helloWorld_bsp\libhal_bsp.a(alt_flash_dev.o)
                0x00814f08                alt_flash_dev_list
 .sdata         0x00814f10        0x4 ../helloWorld_bsp\libhal_bsp.a(alt_irq_vars.o)
                0x00814f10                alt_priority_mask
 *(.sdata2 .sdata2.* .gnu.linkonce.s2.*)
                0x00814f14                . = ALIGN (0x4)
                0x00814f14                _edata = ABSOLUTE (.)
                0x00814f14                PROVIDE (edata, ABSOLUTE (.))
                0x00814f14                PROVIDE (__ram_rwdata_end, ABSOLUTE (.))
                0x00812f60                PROVIDE (__flash_rwdata_start, LOADADDR (.rwdata))

.bss            0x00814f14     0x1a48
                0x00814f14                __bss_start = ABSOLUTE (.)
                0x00814f14                PROVIDE (__sbss_start, ABSOLUTE (.))
                0x00814f14                PROVIDE (___sbss_start, ABSOLUTE (.))
 *(.dynsbss)
 *(.sbss .sbss.* .gnu.linkonce.sb.*)
 .sbss          0x00814f14       0x10 obj/hello_world.o
                0x00814f14                key
                0x00814f18                num
                0x00814f1c                btime
 .sbss          0x00814f24        0x4 obj/hello_world.o
                0x00814f24                head
 .sbss          0x00814f28        0x4 c:/altera/10.1/nios2eds/bin/gnu/h-i686-mingw32/bin/../lib/gcc/nios2-elf/4.1.2/../../../../nios2-elf/lib\libc.a(lib_a-int_errno.o)
                0x00814f28                errno
 .sbss          0x00814f2c        0xc c:/altera/10.1/nios2eds/bin/gnu/h-i686-mingw32/bin/../lib/gcc/nios2-elf/4.1.2/../../../../nios2-elf/lib\libc.a(lib_a-locale.o)
                0x00814f2c                __nlocale_changed
                0x00814f30                __mlocale_changed
                0x00814f34                _PathLocale
 .sbss          0x00814f38        0xc c:/altera/10.1/nios2eds/bin/gnu/h-i686-mingw32/bin/../lib/gcc/nios2-elf/4.1.2/../../../../nios2-elf/lib\libc.a(lib_a-mallocr.o)
                0x00814f38                __malloc_top_pad
                0x00814f3c                __malloc_max_sbrked_mem
                0x00814f40                __malloc_max_total_mem
 .sbss          0x00814f44       0x10 ../helloWorld_bsp\libhal_bsp.a(alt_gettod.o)
                0x00814f44                alt_timezone
                0x00814f4c                alt_resettime
 .sbss          0x00814f54        0xc ../helloWorld_bsp\libhal_bsp.a(alt_main.o)
                0x00814f54                alt_argc
                0x00814f58                alt_argv
                0x00814f5c                alt_envp
 .sbss          0x00814f60        0x8 ../helloWorld_bsp\libhal_bsp.a(alt_tick.o)
                0x00814f60                _alt_tick_rate
                0x00814f64                _alt_nticks
 .sbss          0x00814f68        0x4 ../helloWorld_bsp\libhal_bsp.a(alt_irq_vars.o)
                0x00814f68                alt_irq_active
 *(.sbss2 .sbss2.* .gnu.linkonce.sb2.*)
 *(.scommon)
                0x00814f6c                PROVIDE (__sbss_end, ABSOLUTE (.))
                0x00814f6c                PROVIDE (___sbss_end, ABSOLUTE (.))
 *(.dynbss)
 *(.bss .bss.* .gnu.linkonce.b.*)
 .bss           0x00814f6c        0x0 ../helloWorld_bsp/obj/HAL/src/crt0.o
 .bss           0x00814f6c        0x0 obj/hello_world.o
 .bss           0x00814f6c        0x0 c:/altera/10.1/nios2eds/bin/gnu/h-i686-mingw32/bin/../lib/gcc/nios2-elf/4.1.2\libgcc.a(_gt_sf.o)
 .bss           0x00814f6c        0x0 c:/altera/10.1/nios2eds/bin/gnu/h-i686-mingw32/bin/../lib/gcc/nios2-elf/4.1.2\libgcc.a(_lt_sf.o)
 .bss           0x00814f6c        0x0 c:/altera/10.1/nios2eds/bin/gnu/h-i686-mingw32/bin/../lib/gcc/nios2-elf/4.1.2\libgcc.a(_sf_to_df.o)
 .bss           0x00814f6c        0x0 c:/altera/10.1/nios2eds/bin/gnu/h-i686-mingw32/bin/../lib/gcc/nios2-elf/4.1.2\libgcc.a(_div_df.o)
 .bss           0x00814f6c        0x0 c:/altera/10.1/nios2eds/bin/gnu/h-i686-mingw32/bin/../lib/gcc/nios2-elf/4.1.2\libgcc.a(_gt_df.o)
 .bss           0x00814f6c        0x0 c:/altera/10.1/nios2eds/bin/gnu/h-i686-mingw32/bin/../lib/gcc/nios2-elf/4.1.2\libgcc.a(_lt_df.o)
 .bss           0x00814f6c        0x0 c:/altera/10.1/nios2eds/bin/gnu/h-i686-mingw32/bin/../lib/gcc/nios2-elf/4.1.2\libgcc.a(_si_to_df.o)
 .bss           0x00814f6c        0x0 c:/altera/10.1/nios2eds/bin/gnu/h-i686-mingw32/bin/../lib/gcc/nios2-elf/4.1.2\libgcc.a(_make_df.o)
 .bss           0x00814f6c        0x0 c:/altera/10.1/nios2eds/bin/gnu/h-i686-mingw32/bin/../lib/gcc/nios2-elf/4.1.2\libgcc.a(_df_to_sf.o)
 .bss           0x00814f6c        0x0 c:/altera/10.1/nios2eds/bin/gnu/h-i686-mingw32/bin/../lib/gcc/nios2-elf/4.1.2\libgcc.a(_thenan_df.o)
 .bss           0x00814f6c        0x0 c:/altera/10.1/nios2eds/bin/gnu/h-i686-mingw32/bin/../lib/gcc/nios2-elf/4.1.2\libgcc.a(lib2-divmod.o)
 .bss           0x00814f6c        0x0 c:/altera/10.1/nios2eds/bin/gnu/h-i686-mingw32/bin/../lib/gcc/nios2-elf/4.1.2\libgcc.a(_clzsi2.o)
 .bss           0x00814f6c        0x0 c:/altera/10.1/nios2eds/bin/gnu/h-i686-mingw32/bin/../lib/gcc/nios2-elf/4.1.2\libgcc.a(_unpack_sf.o)
 .bss           0x00814f6c        0x0 c:/altera/10.1/nios2eds/bin/gnu/h-i686-mingw32/bin/../lib/gcc/nios2-elf/4.1.2\libgcc.a(_fpcmp_parts_sf.o)
 .bss           0x00814f6c        0x0 c:/altera/10.1/nios2eds/bin/gnu/h-i686-mingw32/bin/../lib/gcc/nios2-elf/4.1.2\libgcc.a(_make_sf.o)
 .bss           0x00814f6c        0x0 c:/altera/10.1/nios2eds/bin/gnu/h-i686-mingw32/bin/../lib/gcc/nios2-elf/4.1.2\libgcc.a(_pack_df.o)
 .bss           0x00814f6c        0x0 c:/altera/10.1/nios2eds/bin/gnu/h-i686-mingw32/bin/../lib/gcc/nios2-elf/4.1.2\libgcc.a(_unpack_df.o)
 .bss           0x00814f6c        0x0 c:/altera/10.1/nios2eds/bin/gnu/h-i686-mingw32/bin/../lib/gcc/nios2-elf/4.1.2\libgcc.a(_fpcmp_parts_df.o)
 .bss           0x00814f6c        0x0 c:/altera/10.1/nios2eds/bin/gnu/h-i686-mingw32/bin/../lib/gcc/nios2-elf/4.1.2\libgcc.a(_clz.o)
 .bss           0x00814f6c        0x0 c:/altera/10.1/nios2eds/bin/gnu/h-i686-mingw32/bin/../lib/gcc/nios2-elf/4.1.2\libgcc.a(_pack_sf.o)
 .bss           0x00814f6c        0x0 c:/altera/10.1/nios2eds/bin/gnu/h-i686-mingw32/bin/../lib/gcc/nios2-elf/4.1.2/../../../../nios2-elf/lib\libc.a(lib_a-printf.o)
 .bss           0x00814f6c        0x0 c:/altera/10.1/nios2eds/bin/gnu/h-i686-mingw32/bin/../lib/gcc/nios2-elf/4.1.2/../../../../nios2-elf/lib\libc.a(lib_a-putchar.o)
 .bss           0x00814f6c        0x0 c:/altera/10.1/nios2eds/bin/gnu/h-i686-mingw32/bin/../lib/gcc/nios2-elf/4.1.2/../../../../nios2-elf/lib\libc.a(lib_a-rand.o)
 .bss           0x00814f6c        0x0 c:/altera/10.1/nios2eds/bin/gnu/h-i686-mingw32/bin/../lib/gcc/nios2-elf/4.1.2/../../../../nios2-elf/lib\libc.a(lib_a-time.o)
 .bss           0x00814f6c        0x0 c:/altera/10.1/nios2eds/bin/gnu/h-i686-mingw32/bin/../lib/gcc/nios2-elf/4.1.2/../../../../nios2-elf/lib\libc.a(lib_a-vfprintf.o)
 .bss           0x00814f6c        0x0 c:/altera/10.1/nios2eds/bin/gnu/h-i686-mingw32/bin/../lib/gcc/nios2-elf/4.1.2/../../../../nios2-elf/lib\libc.a(lib_a-wsetup.o)
 .bss           0x00814f6c        0x0 c:/altera/10.1/nios2eds/bin/gnu/h-i686-mingw32/bin/../lib/gcc/nios2-elf/4.1.2/../../../../nios2-elf/lib\libc.a(lib_a-dtoa.o)
 .bss           0x00814f6c        0x0 c:/altera/10.1/nios2eds/bin/gnu/h-i686-mingw32/bin/../lib/gcc/nios2-elf/4.1.2/../../../../nios2-elf/lib\libc.a(lib_a-fflush.o)
 .bss           0x00814f6c        0x0 c:/altera/10.1/nios2eds/bin/gnu/h-i686-mingw32/bin/../lib/gcc/nios2-elf/4.1.2/../../../../nios2-elf/lib\libc.a(lib_a-findfp.o)
 .bss           0x00814f6c        0x0 c:/altera/10.1/nios2eds/bin/gnu/h-i686-mingw32/bin/../lib/gcc/nios2-elf/4.1.2/../../../../nios2-elf/lib\libc.a(lib_a-freer.o)
 .bss           0x00814f6c        0x0 c:/altera/10.1/nios2eds/bin/gnu/h-i686-mingw32/bin/../lib/gcc/nios2-elf/4.1.2/../../../../nios2-elf/lib\libc.a(lib_a-fvwrite.o)
 .bss           0x00814f6c        0x0 c:/altera/10.1/nios2eds/bin/gnu/h-i686-mingw32/bin/../lib/gcc/nios2-elf/4.1.2/../../../../nios2-elf/lib\libc.a(lib_a-fwalk.o)
 .bss           0x00814f6c        0x0 c:/altera/10.1/nios2eds/bin/gnu/h-i686-mingw32/bin/../lib/gcc/nios2-elf/4.1.2/../../../../nios2-elf/lib\libc.a(lib_a-gettimeofdayr.o)
 .bss           0x00814f6c        0x0 c:/altera/10.1/nios2eds/bin/gnu/h-i686-mingw32/bin/../lib/gcc/nios2-elf/4.1.2/../../../../nios2-elf/lib\libc.a(lib_a-impure.o)
 .bss           0x00814f6c        0x0 c:/altera/10.1/nios2eds/bin/gnu/h-i686-mingw32/bin/../lib/gcc/nios2-elf/4.1.2/../../../../nios2-elf/lib\libc.a(lib_a-int_errno.o)
 .bss           0x00814f6c        0x0 c:/altera/10.1/nios2eds/bin/gnu/h-i686-mingw32/bin/../lib/gcc/nios2-elf/4.1.2/../../../../nios2-elf/lib\libc.a(lib_a-locale.o)
 .bss           0x00814f6c        0x0 c:/altera/10.1/nios2eds/bin/gnu/h-i686-mingw32/bin/../lib/gcc/nios2-elf/4.1.2/../../../../nios2-elf/lib\libc.a(lib_a-makebuf.o)
 .bss           0x00814f6c       0x28 c:/altera/10.1/nios2eds/bin/gnu/h-i686-mingw32/bin/../lib/gcc/nios2-elf/4.1.2/../../../../nios2-elf/lib\libc.a(lib_a-mallocr.o)
                0x00814f6c                __malloc_current_mallinfo
 .bss           0x00814f94        0x0 c:/altera/10.1/nios2eds/bin/gnu/h-i686-mingw32/bin/../lib/gcc/nios2-elf/4.1.2/../../../../nios2-elf/lib\libc.a(lib_a-memchr.o)
 .bss           0x00814f94        0x0 c:/altera/10.1/nios2eds/bin/gnu/h-i686-mingw32/bin/../lib/gcc/nios2-elf/4.1.2/../../../../nios2-elf/lib\libc.a(lib_a-memcpy.o)
 .bss           0x00814f94        0x0 c:/altera/10.1/nios2eds/bin/gnu/h-i686-mingw32/bin/../lib/gcc/nios2-elf/4.1.2/../../../../nios2-elf/lib\libc.a(lib_a-memmove.o)
 .bss           0x00814f94        0x0 c:/altera/10.1/nios2eds/bin/gnu/h-i686-mingw32/bin/../lib/gcc/nios2-elf/4.1.2/../../../../nios2-elf/lib\libc.a(lib_a-memset.o)
 .bss           0x00814f94        0x0 c:/altera/10.1/nios2eds/bin/gnu/h-i686-mingw32/bin/../lib/gcc/nios2-elf/4.1.2/../../../../nios2-elf/lib\libc.a(lib_a-mprec.o)
 .bss           0x00814f94        0x0 c:/altera/10.1/nios2eds/bin/gnu/h-i686-mingw32/bin/../lib/gcc/nios2-elf/4.1.2/../../../../nios2-elf/lib\libc.a(lib_a-putc.o)
 .bss           0x00814f94        0x0 c:/altera/10.1/nios2eds/bin/gnu/h-i686-mingw32/bin/../lib/gcc/nios2-elf/4.1.2/../../../../nios2-elf/lib\libc.a(lib_a-reallocr.o)
 .bss           0x00814f94        0x0 c:/altera/10.1/nios2eds/bin/gnu/h-i686-mingw32/bin/../lib/gcc/nios2-elf/4.1.2/../../../../nios2-elf/lib\libc.a(lib_a-s_isinfd.o)
 .bss           0x00814f94        0x0 c:/altera/10.1/nios2eds/bin/gnu/h-i686-mingw32/bin/../lib/gcc/nios2-elf/4.1.2/../../../../nios2-elf/lib\libc.a(lib_a-s_isnand.o)
 .bss           0x00814f94        0x0 c:/altera/10.1/nios2eds/bin/gnu/h-i686-mingw32/bin/../lib/gcc/nios2-elf/4.1.2/../../../../nios2-elf/lib\libc.a(lib_a-sbrkr.o)
 .bss           0x00814f94        0x0 c:/altera/10.1/nios2eds/bin/gnu/h-i686-mingw32/bin/../lib/gcc/nios2-elf/4.1.2/../../../../nios2-elf/lib\libc.a(lib_a-stdio.o)
 .bss           0x00814f94        0x0 c:/altera/10.1/nios2eds/bin/gnu/h-i686-mingw32/bin/../lib/gcc/nios2-elf/4.1.2/../../../../nios2-elf/lib\libc.a(lib_a-strcmp.o)
 .bss           0x00814f94        0x0 c:/altera/10.1/nios2eds/bin/gnu/h-i686-mingw32/bin/../lib/gcc/nios2-elf/4.1.2/../../../../nios2-elf/lib\libc.a(lib_a-strlen.o)
 .bss           0x00814f94        0x0 c:/altera/10.1/nios2eds/bin/gnu/h-i686-mingw32/bin/../lib/gcc/nios2-elf/4.1.2/../../../../nios2-elf/lib\libc.a(lib_a-wbuf.o)
 .bss           0x00814f94        0x0 c:/altera/10.1/nios2eds/bin/gnu/h-i686-mingw32/bin/../lib/gcc/nios2-elf/4.1.2/../../../../nios2-elf/lib\libc.a(lib_a-writer.o)
 .bss           0x00814f94        0x0 c:/altera/10.1/nios2eds/bin/gnu/h-i686-mingw32/bin/../lib/gcc/nios2-elf/4.1.2/../../../../nios2-elf/lib\libc.a(lib_a-callocr.o)
 .bss           0x00814f94        0x0 c:/altera/10.1/nios2eds/bin/gnu/h-i686-mingw32/bin/../lib/gcc/nios2-elf/4.1.2/../../../../nios2-elf/lib\libc.a(lib_a-closer.o)
 .bss           0x00814f94        0x0 c:/altera/10.1/nios2eds/bin/gnu/h-i686-mingw32/bin/../lib/gcc/nios2-elf/4.1.2/../../../../nios2-elf/lib\libc.a(lib_a-fclose.o)
 .bss           0x00814f94        0x0 c:/altera/10.1/nios2eds/bin/gnu/h-i686-mingw32/bin/../lib/gcc/nios2-elf/4.1.2/../../../../nios2-elf/lib\libc.a(lib_a-fstatr.o)
 .bss           0x00814f94        0x0 c:/altera/10.1/nios2eds/bin/gnu/h-i686-mingw32/bin/../lib/gcc/nios2-elf/4.1.2/../../../../nios2-elf/lib\libc.a(lib_a-isattyr.o)
 .bss           0x00814f94        0x0 c:/altera/10.1/nios2eds/bin/gnu/h-i686-mingw32/bin/../lib/gcc/nios2-elf/4.1.2/../../../../nios2-elf/lib\libc.a(lib_a-lseekr.o)
 .bss           0x00814f94        0x0 c:/altera/10.1/nios2eds/bin/gnu/h-i686-mingw32/bin/../lib/gcc/nios2-elf/4.1.2/../../../../nios2-elf/lib\libc.a(lib_a-readr.o)
 .bss           0x00814f94        0x0 c:/altera/10.1/nios2eds/bin/gnu/h-i686-mingw32/bin/../lib/gcc/nios2-elf/4.1.2\libgcc.a(_muldi3.o)
 .bss           0x00814f94        0x0 c:/altera/10.1/nios2eds/bin/gnu/h-i686-mingw32/bin/../lib/gcc/nios2-elf/4.1.2\libgcc.a(_udivdi3.o)
 .bss           0x00814f94        0x0 c:/altera/10.1/nios2eds/bin/gnu/h-i686-mingw32/bin/../lib/gcc/nios2-elf/4.1.2\libgcc.a(_umoddi3.o)
 .bss           0x00814f94        0x0 c:/altera/10.1/nios2eds/bin/gnu/h-i686-mingw32/bin/../lib/gcc/nios2-elf/4.1.2\libgcc.a(_addsub_df.o)
 .bss           0x00814f94        0x0 c:/altera/10.1/nios2eds/bin/gnu/h-i686-mingw32/bin/../lib/gcc/nios2-elf/4.1.2\libgcc.a(_mul_df.o)
 .bss           0x00814f94        0x0 c:/altera/10.1/nios2eds/bin/gnu/h-i686-mingw32/bin/../lib/gcc/nios2-elf/4.1.2\libgcc.a(_eq_df.o)
 .bss           0x00814f94        0x0 c:/altera/10.1/nios2eds/bin/gnu/h-i686-mingw32/bin/../lib/gcc/nios2-elf/4.1.2\libgcc.a(_ne_df.o)
 .bss           0x00814f94        0x0 c:/altera/10.1/nios2eds/bin/gnu/h-i686-mingw32/bin/../lib/gcc/nios2-elf/4.1.2\libgcc.a(_ge_df.o)
 .bss           0x00814f94        0x0 c:/altera/10.1/nios2eds/bin/gnu/h-i686-mingw32/bin/../lib/gcc/nios2-elf/4.1.2\libgcc.a(_df_to_si.o)
 .bss           0x00814f94        0x0 c:/altera/10.1/nios2eds/bin/gnu/h-i686-mingw32/bin/../lib/gcc/nios2-elf/4.1.2\libgcc.a(_usi_to_df.o)
 .bss           0x00814f94        0x0 ../helloWorld_bsp\libhal_bsp.a(alt_close.o)
 .bss           0x00814f94        0x0 ../helloWorld_bsp\libhal_bsp.a(alt_dev.o)
 .bss           0x00814f94        0x0 ../helloWorld_bsp\libhal_bsp.a(alt_errno.o)
 .bss           0x00814f94        0x0 ../helloWorld_bsp\libhal_bsp.a(alt_fstat.o)
 .bss           0x00814f94        0x0 ../helloWorld_bsp\libhal_bsp.a(alt_gettod.o)
 .bss           0x00814f94        0x0 ../helloWorld_bsp\libhal_bsp.a(alt_isatty.o)
 .bss           0x00814f94        0x0 ../helloWorld_bsp\libhal_bsp.a(alt_lseek.o)
 .bss           0x00814f94        0x0 ../helloWorld_bsp\libhal_bsp.a(alt_main.o)
 .bss           0x00814f94        0x0 ../helloWorld_bsp\libhal_bsp.a(alt_malloc_lock.o)
 .bss           0x00814f94        0x0 ../helloWorld_bsp\libhal_bsp.a(alt_printf.o)
 .bss           0x00814f94        0x0 ../helloWorld_bsp\libhal_bsp.a(alt_putchar.o)
 .bss           0x00814f94        0x0 ../helloWorld_bsp\libhal_bsp.a(alt_read.o)
 .bss           0x00814f94        0x0 ../helloWorld_bsp\libhal_bsp.a(alt_release_fd.o)
 .bss           0x00814f94        0x0 ../helloWorld_bsp\libhal_bsp.a(alt_sbrk.o)
 .bss           0x00814f94        0x0 ../helloWorld_bsp\libhal_bsp.a(alt_tick.o)
 .bss           0x00814f94        0x0 ../helloWorld_bsp\libhal_bsp.a(alt_usleep.o)
 .bss           0x00814f94        0x0 ../helloWorld_bsp\libhal_bsp.a(alt_write.o)
 .bss           0x00814f94        0x0 ../helloWorld_bsp\libhal_bsp.a(alt_sys_init.o)
 .bss           0x00814f94        0x0 ../helloWorld_bsp\libhal_bsp.a(altera_avalon_cfi_flash.o)
 .bss           0x00814f94        0x0 ../helloWorld_bsp\libhal_bsp.a(altera_avalon_cfi_flash_table.o)
 .bss           0x00814f94        0x0 ../helloWorld_bsp\libhal_bsp.a(altera_avalon_jtag_uart_fd.o)
 .bss           0x00814f94        0x0 ../helloWorld_bsp\libhal_bsp.a(altera_avalon_jtag_uart_init.o)
 .bss           0x00814f94        0x0 ../helloWorld_bsp\libhal_bsp.a(altera_avalon_jtag_uart_ioctl.o)
 .bss           0x00814f94        0x0 ../helloWorld_bsp\libhal_bsp.a(altera_avalon_jtag_uart_read.o)
 .bss           0x00814f94        0x0 ../helloWorld_bsp\libhal_bsp.a(altera_avalon_jtag_uart_write.o)
 .bss           0x00814f94        0x0 ../helloWorld_bsp\libhal_bsp.a(altera_avalon_spi.o)
 .bss           0x00814f94        0x0 ../helloWorld_bsp\libhal_bsp.a(altera_avalon_timer_sc.o)
 .bss           0x00814f94        0x0 ../helloWorld_bsp\libhal_bsp.a(altera_avalon_uart_fd.o)
 .bss           0x00814f94        0x0 ../helloWorld_bsp\libhal_bsp.a(altera_avalon_uart_init.o)
 .bss           0x00814f94        0x0 ../helloWorld_bsp\libhal_bsp.a(altera_avalon_uart_read.o)
 .bss           0x00814f94        0x0 ../helloWorld_bsp\libhal_bsp.a(altera_avalon_uart_write.o)
 .bss           0x00814f94        0x0 ../helloWorld_bsp\libhal_bsp.a(altera_up_avalon_ps2.o)
 .bss           0x00814f94        0x0 ../helloWorld_bsp\libhal_bsp.a(altera_up_avalon_video_character_buffer_with_dma.o)
 .bss           0x00814f94        0x0 ../helloWorld_bsp\libhal_bsp.a(altera_up_ps2_keyboard.o)
 .bss           0x00814f94        0x0 ../helloWorld_bsp\libhal_bsp.a(alt_alarm_start.o)
 .bss           0x00814f94        0x0 ../helloWorld_bsp\libhal_bsp.a(alt_busy_sleep.o)
 .bss           0x00814f94        0x0 ../helloWorld_bsp\libhal_bsp.a(alt_dcache_flush.o)
 .bss           0x00814f94        0x0 ../helloWorld_bsp\libhal_bsp.a(alt_dev_llist_insert.o)
 .bss           0x00814f94        0x0 ../helloWorld_bsp\libhal_bsp.a(alt_do_ctors.o)
 .bss           0x00814f94        0x0 ../helloWorld_bsp\libhal_bsp.a(alt_do_dtors.o)
 .bss           0x00814f94        0x0 ../helloWorld_bsp\libhal_bsp.a(alt_find_dev.o)
 .bss           0x00814f94        0x0 ../helloWorld_bsp\libhal_bsp.a(alt_flash_dev.o)
 .bss           0x00814f94        0x0 ../helloWorld_bsp\libhal_bsp.a(alt_io_redirect.o)
 .bss           0x00814f94        0x0 ../helloWorld_bsp\libhal_bsp.a(alt_irq_register.o)
 .bss           0x00814f94        0x0 ../helloWorld_bsp\libhal_bsp.a(alt_irq_vars.o)
 .bss           0x00814f94        0x0 ../helloWorld_bsp\libhal_bsp.a(alt_open.o)
 .bss           0x00814f94        0x0 ../helloWorld_bsp\libhal_bsp.a(altera_nios2_irq.o)
 .bss           0x00814f94        0x0 ../helloWorld_bsp\libhal_bsp.a(altera_avalon_cfi_flash_amd.o)
 .bss           0x00814f94        0x0 ../helloWorld_bsp\libhal_bsp.a(altera_avalon_cfi_flash_intel.o)
 .bss           0x00814f94        0x0 ../helloWorld_bsp\libhal_bsp.a(alt_find_file.o)
 .bss           0x00814f94        0x0 ../helloWorld_bsp\libhal_bsp.a(alt_get_fd.o)
 .bss           0x00814f94        0x0 ../helloWorld_bsp\libhal_bsp.a(alt_irq_entry.o)
 .bss           0x00814f94        0x0 ../helloWorld_bsp\libhal_bsp.a(alt_irq_handler.o)
 .bss           0x00814f94        0x0 ../helloWorld_bsp\libhal_bsp.a(alt_exception_entry.o)
 .bss           0x00814f94        0x0 c:/altera/10.1/nios2eds/bin/gnu/h-i686-mingw32/bin/../lib/gcc/nios2-elf/4.1.2/../../../../nios2-elf/lib\libc.a(lib_a-atexit.o)
 .bss           0x00814f94        0x0 c:/altera/10.1/nios2eds/bin/gnu/h-i686-mingw32/bin/../lib/gcc/nios2-elf/4.1.2/../../../../nios2-elf/lib\libc.a(lib_a-exit.o)
 .bss           0x00814f94        0x0 c:/altera/10.1/nios2eds/bin/gnu/h-i686-mingw32/bin/../lib/gcc/nios2-elf/4.1.2/../../../../nios2-elf/lib\libc.a(lib_a-memcmp.o)
 .bss           0x00814f94        0x0 c:/altera/10.1/nios2eds/bin/gnu/h-i686-mingw32/bin/../lib/gcc/nios2-elf/4.1.2/../../../../nios2-elf/lib\libc.a(lib_a-strcpy.o)
 .bss           0x00814f94        0x0 c:/altera/10.1/nios2eds/bin/gnu/h-i686-mingw32/bin/../lib/gcc/nios2-elf/4.1.2/../../../../nios2-elf/lib\libc.a(lib_a-__atexit.o)
 .bss           0x00814f94        0x0 c:/altera/10.1/nios2eds/bin/gnu/h-i686-mingw32/bin/../lib/gcc/nios2-elf/4.1.2/../../../../nios2-elf/lib\libc.a(lib_a-__call_atexit.o)
 .bss           0x00814f94        0x0 ../helloWorld_bsp\libhal_bsp.a(alt_exit.o)
 *(COMMON)
 COMMON         0x00814f94     0x1738 obj/hello_world.o
                0x00814f94                snake
                0x00816254                map
 COMMON         0x008166cc      0x100 ../helloWorld_bsp\libhal_bsp.a(alt_irq_handler.o)
                0x008166cc                alt_irq
 COMMON         0x008167cc      0x190 c:/altera/10.1/nios2eds/bin/gnu/h-i686-mingw32/bin/../lib/gcc/nios2-elf/4.1.2/../../../../nios2-elf/lib\libc.a(lib_a-atexit.o)
                0x008167cc                _atexit0
                0x0081695c                . = ALIGN (0x4)
                0x0081695c                __bss_end = ABSOLUTE (.)

.sdram          0x0081695c        0x0
                0x0081695c                PROVIDE (_alt_partition_sdram_start, ABSOLUTE (.))
 *(.sdram. sdram.*)
                0x0081695c                . = ALIGN (0x4)
                0x0081695c                PROVIDE (_alt_partition_sdram_end, ABSOLUTE (.))
                0x0081695c                _end = ABSOLUTE (.)
                0x0081695c                end = ABSOLUTE (.)
                0x0081695c                __alt_stack_base = ABSOLUTE (.)
                0x0081695c                PROVIDE (_alt_partition_sdram_load_addr, LOADADDR (.sdram))

.cfi_flash      0x01400020        0x0
                0x01400020                PROVIDE (_alt_partition_cfi_flash_start, ABSOLUTE (.))
 *(.cfi_flash. cfi_flash.*)
                0x01400020                . = ALIGN (0x4)
                0x01400020                PROVIDE (_alt_partition_cfi_flash_end, ABSOLUTE (.))
                0x01400020                PROVIDE (_alt_partition_cfi_flash_load_addr, LOADADDR (.cfi_flash))

.onchip_memory  0x01800000        0x0
                0x01800000                PROVIDE (_alt_partition_onchip_memory_start, ABSOLUTE (.))
 *(.onchip_memory. onchip_memory.*)
                0x01800000                . = ALIGN (0x4)
                0x01800000                PROVIDE (_alt_partition_onchip_memory_end, ABSOLUTE (.))
                0x01800000                PROVIDE (_alt_partition_onchip_memory_load_addr, LOADADDR (.onchip_memory))

.stab
 *(.stab)

.stabstr
 *(.stabstr)

.stab.excl
 *(.stab.excl)

.stab.exclstr
 *(.stab.exclstr)

.stab.index
 *(.stab.index)

.stab.indexstr
 *(.stab.indexstr)

.comment        0x00000000       0x23
 *(.comment)
 .comment       0x00000000       0x23 obj/hello_world.o
                                 0x24 (size before relaxing)
 .comment       0x00000000       0x24 c:/altera/10.1/nios2eds/bin/gnu/h-i686-mingw32/bin/../lib/gcc/nios2-elf/4.1.2\libgcc.a(_gt_sf.o)
 .comment       0x00000000       0x24 c:/altera/10.1/nios2eds/bin/gnu/h-i686-mingw32/bin/../lib/gcc/nios2-elf/4.1.2\libgcc.a(_lt_sf.o)
 .comment       0x00000000       0x24 c:/altera/10.1/nios2eds/bin/gnu/h-i686-mingw32/bin/../lib/gcc/nios2-elf/4.1.2\libgcc.a(_sf_to_df.o)
 .comment       0x00000000       0x24 c:/altera/10.1/nios2eds/bin/gnu/h-i686-mingw32/bin/../lib/gcc/nios2-elf/4.1.2\libgcc.a(_div_df.o)
 .comment       0x00000000       0x24 c:/altera/10.1/nios2eds/bin/gnu/h-i686-mingw32/bin/../lib/gcc/nios2-elf/4.1.2\libgcc.a(_gt_df.o)
 .comment       0x00000000       0x24 c:/altera/10.1/nios2eds/bin/gnu/h-i686-mingw32/bin/../lib/gcc/nios2-elf/4.1.2\libgcc.a(_lt_df.o)
 .comment       0x00000000       0x24 c:/altera/10.1/nios2eds/bin/gnu/h-i686-mingw32/bin/../lib/gcc/nios2-elf/4.1.2\libgcc.a(_si_to_df.o)
 .comment       0x00000000       0x24 c:/altera/10.1/nios2eds/bin/gnu/h-i686-mingw32/bin/../lib/gcc/nios2-elf/4.1.2\libgcc.a(_make_df.o)
 .comment       0x00000000       0x24 c:/altera/10.1/nios2eds/bin/gnu/h-i686-mingw32/bin/../lib/gcc/nios2-elf/4.1.2\libgcc.a(_df_to_sf.o)
 .comment       0x00000000       0x24 c:/altera/10.1/nios2eds/bin/gnu/h-i686-mingw32/bin/../lib/gcc/nios2-elf/4.1.2\libgcc.a(_thenan_df.o)
 .comment       0x00000000       0x24 c:/altera/10.1/nios2eds/bin/gnu/h-i686-mingw32/bin/../lib/gcc/nios2-elf/4.1.2\libgcc.a(lib2-divmod.o)
 .comment       0x00000000       0x24 c:/altera/10.1/nios2eds/bin/gnu/h-i686-mingw32/bin/../lib/gcc/nios2-elf/4.1.2\libgcc.a(_clzsi2.o)
 .comment       0x00000000       0x24 c:/altera/10.1/nios2eds/bin/gnu/h-i686-mingw32/bin/../lib/gcc/nios2-elf/4.1.2\libgcc.a(_unpack_sf.o)
 .comment       0x00000000       0x24 c:/altera/10.1/nios2eds/bin/gnu/h-i686-mingw32/bin/../lib/gcc/nios2-elf/4.1.2\libgcc.a(_fpcmp_parts_sf.o)
 .comment       0x00000000       0x24 c:/altera/10.1/nios2eds/bin/gnu/h-i686-mingw32/bin/../lib/gcc/nios2-elf/4.1.2\libgcc.a(_make_sf.o)
 .comment       0x00000000       0x24 c:/altera/10.1/nios2eds/bin/gnu/h-i686-mingw32/bin/../lib/gcc/nios2-elf/4.1.2\libgcc.a(_pack_df.o)
 .comment       0x00000000       0x24 c:/altera/10.1/nios2eds/bin/gnu/h-i686-mingw32/bin/../lib/gcc/nios2-elf/4.1.2\libgcc.a(_unpack_df.o)
 .comment       0x00000000       0x24 c:/altera/10.1/nios2eds/bin/gnu/h-i686-mingw32/bin/../lib/gcc/nios2-elf/4.1.2\libgcc.a(_fpcmp_parts_df.o)
 .comment       0x00000000       0x24 c:/altera/10.1/nios2eds/bin/gnu/h-i686-mingw32/bin/../lib/gcc/nios2-elf/4.1.2\libgcc.a(_clz.o)
 .comment       0x00000000       0x24 c:/altera/10.1/nios2eds/bin/gnu/h-i686-mingw32/bin/../lib/gcc/nios2-elf/4.1.2\libgcc.a(_pack_sf.o)
 .comment       0x00000000       0x24 c:/altera/10.1/nios2eds/bin/gnu/h-i686-mingw32/bin/../lib/gcc/nios2-elf/4.1.2/../../../../nios2-elf/lib\libc.a(lib_a-printf.o)
 .comment       0x00000000       0x24 c:/altera/10.1/nios2eds/bin/gnu/h-i686-mingw32/bin/../lib/gcc/nios2-elf/4.1.2/../../../../nios2-elf/lib\libc.a(lib_a-putchar.o)
 .comment       0x00000000       0x24 c:/altera/10.1/nios2eds/bin/gnu/h-i686-mingw32/bin/../lib/gcc/nios2-elf/4.1.2/../../../../nios2-elf/lib\libc.a(lib_a-rand.o)
 .comment       0x00000000       0x24 c:/altera/10.1/nios2eds/bin/gnu/h-i686-mingw32/bin/../lib/gcc/nios2-elf/4.1.2/../../../../nios2-elf/lib\libc.a(lib_a-time.o)
 .comment       0x00000000       0x24 c:/altera/10.1/nios2eds/bin/gnu/h-i686-mingw32/bin/../lib/gcc/nios2-elf/4.1.2/../../../../nios2-elf/lib\libc.a(lib_a-vfprintf.o)
 .comment       0x00000000       0x24 c:/altera/10.1/nios2eds/bin/gnu/h-i686-mingw32/bin/../lib/gcc/nios2-elf/4.1.2/../../../../nios2-elf/lib\libc.a(lib_a-wsetup.o)
 .comment       0x00000000       0x24 c:/altera/10.1/nios2eds/bin/gnu/h-i686-mingw32/bin/../lib/gcc/nios2-elf/4.1.2/../../../../nios2-elf/lib\libc.a(lib_a-dtoa.o)
 .comment       0x00000000       0x24 c:/altera/10.1/nios2eds/bin/gnu/h-i686-mingw32/bin/../lib/gcc/nios2-elf/4.1.2/../../../../nios2-elf/lib\libc.a(lib_a-fflush.o)
 .comment       0x00000000       0x24 c:/altera/10.1/nios2eds/bin/gnu/h-i686-mingw32/bin/../lib/gcc/nios2-elf/4.1.2/../../../../nios2-elf/lib\libc.a(lib_a-findfp.o)
 .comment       0x00000000       0x24 c:/altera/10.1/nios2eds/bin/gnu/h-i686-mingw32/bin/../lib/gcc/nios2-elf/4.1.2/../../../../nios2-elf/lib\libc.a(lib_a-freer.o)
 .comment       0x00000000       0x24 c:/altera/10.1/nios2eds/bin/gnu/h-i686-mingw32/bin/../lib/gcc/nios2-elf/4.1.2/../../../../nios2-elf/lib\libc.a(lib_a-fvwrite.o)
 .comment       0x00000000       0x24 c:/altera/10.1/nios2eds/bin/gnu/h-i686-mingw32/bin/../lib/gcc/nios2-elf/4.1.2/../../../../nios2-elf/lib\libc.a(lib_a-fwalk.o)
 .comment       0x00000000       0x24 c:/altera/10.1/nios2eds/bin/gnu/h-i686-mingw32/bin/../lib/gcc/nios2-elf/4.1.2/../../../../nios2-elf/lib\libc.a(lib_a-gettimeofdayr.o)
 .comment       0x00000000       0x24 c:/altera/10.1/nios2eds/bin/gnu/h-i686-mingw32/bin/../lib/gcc/nios2-elf/4.1.2/../../../../nios2-elf/lib\libc.a(lib_a-impure.o)
 .comment       0x00000000       0x24 c:/altera/10.1/nios2eds/bin/gnu/h-i686-mingw32/bin/../lib/gcc/nios2-elf/4.1.2/../../../../nios2-elf/lib\libc.a(lib_a-int_errno.o)
 .comment       0x00000000       0x24 c:/altera/10.1/nios2eds/bin/gnu/h-i686-mingw32/bin/../lib/gcc/nios2-elf/4.1.2/../../../../nios2-elf/lib\libc.a(lib_a-locale.o)
 .comment       0x00000000       0x24 c:/altera/10.1/nios2eds/bin/gnu/h-i686-mingw32/bin/../lib/gcc/nios2-elf/4.1.2/../../../../nios2-elf/lib\libc.a(lib_a-makebuf.o)
 .comment       0x00000000       0x24 c:/altera/10.1/nios2eds/bin/gnu/h-i686-mingw32/bin/../lib/gcc/nios2-elf/4.1.2/../../../../nios2-elf/lib\libc.a(lib_a-mallocr.o)
 .comment       0x00000000       0x24 c:/altera/10.1/nios2eds/bin/gnu/h-i686-mingw32/bin/../lib/gcc/nios2-elf/4.1.2/../../../../nios2-elf/lib\libc.a(lib_a-memchr.o)
 .comment       0x00000000       0x24 c:/altera/10.1/nios2eds/bin/gnu/h-i686-mingw32/bin/../lib/gcc/nios2-elf/4.1.2/../../../../nios2-elf/lib\libc.a(lib_a-memcpy.o)
 .comment       0x00000000       0x24 c:/altera/10.1/nios2eds/bin/gnu/h-i686-mingw32/bin/../lib/gcc/nios2-elf/4.1.2/../../../../nios2-elf/lib\libc.a(lib_a-memmove.o)
 .comment       0x00000000       0x24 c:/altera/10.1/nios2eds/bin/gnu/h-i686-mingw32/bin/../lib/gcc/nios2-elf/4.1.2/../../../../nios2-elf/lib\libc.a(lib_a-memset.o)
 .comment       0x00000000       0x24 c:/altera/10.1/nios2eds/bin/gnu/h-i686-mingw32/bin/../lib/gcc/nios2-elf/4.1.2/../../../../nios2-elf/lib\libc.a(lib_a-mprec.o)
 .comment       0x00000000       0x24 c:/altera/10.1/nios2eds/bin/gnu/h-i686-mingw32/bin/../lib/gcc/nios2-elf/4.1.2/../../../../nios2-elf/lib\libc.a(lib_a-putc.o)
 .comment       0x00000000       0x24 c:/altera/10.1/nios2eds/bin/gnu/h-i686-mingw32/bin/../lib/gcc/nios2-elf/4.1.2/../../../../nios2-elf/lib\libc.a(lib_a-reallocr.o)
 .comment       0x00000000       0x24 c:/altera/10.1/nios2eds/bin/gnu/h-i686-mingw32/bin/../lib/gcc/nios2-elf/4.1.2/../../../../nios2-elf/lib\libc.a(lib_a-s_isinfd.o)
 .comment       0x00000000       0x24 c:/altera/10.1/nios2eds/bin/gnu/h-i686-mingw32/bin/../lib/gcc/nios2-elf/4.1.2/../../../../nios2-elf/lib\libc.a(lib_a-s_isnand.o)
 .comment       0x00000000       0x24 c:/altera/10.1/nios2eds/bin/gnu/h-i686-mingw32/bin/../lib/gcc/nios2-elf/4.1.2/../../../../nios2-elf/lib\libc.a(lib_a-sbrkr.o)
 .comment       0x00000000       0x24 c:/altera/10.1/nios2eds/bin/gnu/h-i686-mingw32/bin/../lib/gcc/nios2-elf/4.1.2/../../../../nios2-elf/lib\libc.a(lib_a-stdio.o)
 .comment       0x00000000       0x24 c:/altera/10.1/nios2eds/bin/gnu/h-i686-mingw32/bin/../lib/gcc/nios2-elf/4.1.2/../../../../nios2-elf/lib\libc.a(lib_a-strcmp.o)
 .comment       0x00000000       0x24 c:/altera/10.1/nios2eds/bin/gnu/h-i686-mingw32/bin/../lib/gcc/nios2-elf/4.1.2/../../../../nios2-elf/lib\libc.a(lib_a-strlen.o)
 .comment       0x00000000       0x24 c:/altera/10.1/nios2eds/bin/gnu/h-i686-mingw32/bin/../lib/gcc/nios2-elf/4.1.2/../../../../nios2-elf/lib\libc.a(lib_a-wbuf.o)
 .comment       0x00000000       0x24 c:/altera/10.1/nios2eds/bin/gnu/h-i686-mingw32/bin/../lib/gcc/nios2-elf/4.1.2/../../../../nios2-elf/lib\libc.a(lib_a-writer.o)
 .comment       0x00000000       0x24 c:/altera/10.1/nios2eds/bin/gnu/h-i686-mingw32/bin/../lib/gcc/nios2-elf/4.1.2/../../../../nios2-elf/lib\libc.a(lib_a-callocr.o)
 .comment       0x00000000       0x24 c:/altera/10.1/nios2eds/bin/gnu/h-i686-mingw32/bin/../lib/gcc/nios2-elf/4.1.2/../../../../nios2-elf/lib\libc.a(lib_a-closer.o)
 .comment       0x00000000       0x24 c:/altera/10.1/nios2eds/bin/gnu/h-i686-mingw32/bin/../lib/gcc/nios2-elf/4.1.2/../../../../nios2-elf/lib\libc.a(lib_a-fclose.o)
 .comment       0x00000000       0x24 c:/altera/10.1/nios2eds/bin/gnu/h-i686-mingw32/bin/../lib/gcc/nios2-elf/4.1.2/../../../../nios2-elf/lib\libc.a(lib_a-fstatr.o)
 .comment       0x00000000       0x24 c:/altera/10.1/nios2eds/bin/gnu/h-i686-mingw32/bin/../lib/gcc/nios2-elf/4.1.2/../../../../nios2-elf/lib\libc.a(lib_a-isattyr.o)
 .comment       0x00000000       0x24 c:/altera/10.1/nios2eds/bin/gnu/h-i686-mingw32/bin/../lib/gcc/nios2-elf/4.1.2/../../../../nios2-elf/lib\libc.a(lib_a-lseekr.o)
 .comment       0x00000000       0x24 c:/altera/10.1/nios2eds/bin/gnu/h-i686-mingw32/bin/../lib/gcc/nios2-elf/4.1.2/../../../../nios2-elf/lib\libc.a(lib_a-readr.o)
 .comment       0x00000000       0x24 c:/altera/10.1/nios2eds/bin/gnu/h-i686-mingw32/bin/../lib/gcc/nios2-elf/4.1.2\libgcc.a(_muldi3.o)
 .comment       0x00000000       0x24 c:/altera/10.1/nios2eds/bin/gnu/h-i686-mingw32/bin/../lib/gcc/nios2-elf/4.1.2\libgcc.a(_udivdi3.o)
 .comment       0x00000000       0x24 c:/altera/10.1/nios2eds/bin/gnu/h-i686-mingw32/bin/../lib/gcc/nios2-elf/4.1.2\libgcc.a(_umoddi3.o)
 .comment       0x00000000       0x24 c:/altera/10.1/nios2eds/bin/gnu/h-i686-mingw32/bin/../lib/gcc/nios2-elf/4.1.2\libgcc.a(_addsub_df.o)
 .comment       0x00000000       0x24 c:/altera/10.1/nios2eds/bin/gnu/h-i686-mingw32/bin/../lib/gcc/nios2-elf/4.1.2\libgcc.a(_mul_df.o)
 .comment       0x00000000       0x24 c:/altera/10.1/nios2eds/bin/gnu/h-i686-mingw32/bin/../lib/gcc/nios2-elf/4.1.2\libgcc.a(_eq_df.o)
 .comment       0x00000000       0x24 c:/altera/10.1/nios2eds/bin/gnu/h-i686-mingw32/bin/../lib/gcc/nios2-elf/4.1.2\libgcc.a(_ne_df.o)
 .comment       0x00000000       0x24 c:/altera/10.1/nios2eds/bin/gnu/h-i686-mingw32/bin/../lib/gcc/nios2-elf/4.1.2\libgcc.a(_ge_df.o)
 .comment       0x00000000       0x24 c:/altera/10.1/nios2eds/bin/gnu/h-i686-mingw32/bin/../lib/gcc/nios2-elf/4.1.2\libgcc.a(_df_to_si.o)
 .comment       0x00000000       0x24 c:/altera/10.1/nios2eds/bin/gnu/h-i686-mingw32/bin/../lib/gcc/nios2-elf/4.1.2\libgcc.a(_usi_to_df.o)
 .comment       0x00000000       0x24 ../helloWorld_bsp\libhal_bsp.a(alt_close.o)
 .comment       0x00000000       0x24 ../helloWorld_bsp\libhal_bsp.a(alt_dev.o)
 .comment       0x00000000       0x24 ../helloWorld_bsp\libhal_bsp.a(alt_errno.o)
 .comment       0x00000000       0x24 ../helloWorld_bsp\libhal_bsp.a(alt_fstat.o)
 .comment       0x00000000       0x24 ../helloWorld_bsp\libhal_bsp.a(alt_gettod.o)
 .comment       0x00000000       0x24 ../helloWorld_bsp\libhal_bsp.a(alt_isatty.o)
 .comment       0x00000000       0x24 ../helloWorld_bsp\libhal_bsp.a(alt_lseek.o)
 .comment       0x00000000       0x24 ../helloWorld_bsp\libhal_bsp.a(alt_main.o)
 .comment       0x00000000       0x24 ../helloWorld_bsp\libhal_bsp.a(alt_malloc_lock.o)
 .comment       0x00000000       0x24 ../helloWorld_bsp\libhal_bsp.a(alt_printf.o)
 .comment       0x00000000       0x24 ../helloWorld_bsp\libhal_bsp.a(alt_putchar.o)
 .comment       0x00000000       0x24 ../helloWorld_bsp\libhal_bsp.a(alt_read.o)
 .comment       0x00000000       0x24 ../helloWorld_bsp\libhal_bsp.a(alt_release_fd.o)