Archive member included because of file (symbol)

c:/altera/10.1/nios2eds/bin/gnu/h-i686-mingw32/bin/../lib/gcc/nios2-elf/4.1.2\libgcc.a(_gt_sf.o)
                              obj/hello_world.o (__gtsf2)
c:/altera/10.1/nios2eds/bin/gnu/h-i686-mingw32/bin/../lib/gcc/nios2-elf/4.1.2\libgcc.a(_lt_sf.o)
                              obj/hello_world.o (__ltsf2)
c:/altera/10.1/nios2eds/bin/gnu/h-i686-mingw32/bin/../lib/gcc/nios2-elf/4.1.2\libgcc.a(_sf_to_df.o)
                              obj/hello_world.o (__extendsfdf2)
c:/altera/10.1/nios2eds/bin/gnu/h-i686-mingw32/bin/../lib/gcc/nios2-elf/4.1.2\libgcc.a(_div_df.o)
                              obj/hello_world.o (__divdf3)
c:/altera/10.1/nios2eds/bin/gnu/h-i686-mingw32/bin/../lib/gcc/nios2-elf/4.1.2\libgcc.a(_gt_df.o)
                              obj/hello_world.o (__gtdf2)
c:/altera/10.1/nios2eds/bin/gnu/h-i686-mingw32/bin/../lib/gcc/nios2-elf/4.1.2\libgcc.a(_lt_df.o)
                              obj/hello_world.o (__ltdf2)
c:/altera/10.1/nios2eds/bin/gnu/h-i686-mingw32/bin/../lib/gcc/nios2-elf/4.1.2\libgcc.a(_si_to_df.o)
                              obj/hello_world.o (__floatsidf)
c:/altera/10.1/nios2eds/bin/gnu/h-i686-mingw32/bin/../lib/gcc/nios2-elf/4.1.2\libgcc.a(_make_df.o)
                              c:/altera/10.1/nios2eds/bin/gnu/h-i686-mingw32/bin/../lib/gcc/nios2-elf/4.1.2\libgcc.a(_sf_to_df.o) (__make_dp)
c:/altera/10.1/nios2eds/bin/gnu/h-i686-mingw32/bin/../lib/gcc/nios2-elf/4.1.2\libgcc.a(_df_to_sf.o)
                              obj/hello_world.o (__truncdfsf2)
c:/altera/10.1/nios2eds/bin/gnu/h-i686-mingw32/bin/../lib/gcc/nios2-elf/4.1.2\libgcc.a(_thenan_df.o)
                              c:/altera/10.1/nios2eds/bin/gnu/h-i686-mingw32/bin/../lib/gcc/nios2-elf/4.1.2\libgcc.a(_div_df.o) (__thenan_df)
c:/altera/10.1/nios2eds/bin/gnu/h-i686-mingw32/bin/../lib/gcc/nios2-elf/4.1.2\libgcc.a(lib2-divmod.o)
                              obj/hello_world.o (__modsi3)
c:/altera/10.1/nios2eds/bin/gnu/h-i686-mingw32/bin/../lib/gcc/nios2-elf/4.1.2\libgcc.a(_clzsi2.o)
                              c:/altera/10.1/nios2eds/bin/gnu/h-i686-mingw32/bin/../lib/gcc/nios2-elf/4.1.2\libgcc.a(_si_to_df.o) (__clzsi2)
c:/altera/10.1/nios2eds/bin/gnu/h-i686-mingw32/bin/../lib/gcc/nios2-elf/4.1.2\libgcc.a(_unpack_sf.o)
                              c:/altera/10.1/nios2eds/bin/gnu/h-i686-mingw32/bin/../lib/gcc/nios2-elf/4.1.2\libgcc.a(_gt_sf.o) (__unpack_f)
c:/altera/10.1/nios2eds/bin/gnu/h-i686-mingw32/bin/../lib/gcc/nios2-elf/4.1.2\libgcc.a(_fpcmp_parts_sf.o)
                              c:/altera/10.1/nios2eds/bin/gnu/h-i686-mingw32/bin/../lib/gcc/nios2-elf/4.1.2\libgcc.a(_gt_sf.o) (__fpcmp_parts_f)
c:/altera/10.1/nios2eds/bin/gnu/h-i686-mingw32/bin/../lib/gcc/nios2-elf/4.1.2\libgcc.a(_make_sf.o)
                              c:/altera/10.1/nios2eds/bin/gnu/h-i686-mingw32/bin/../lib/gcc/nios2-elf/4.1.2\libgcc.a(_df_to_sf.o) (__make_fp)
c:/altera/10.1/nios2eds/bin/gnu/h-i686-mingw32/bin/../lib/gcc/nios2-elf/4.1.2\libgcc.a(_pack_df.o)
                              c:/altera/10.1/nios2eds/bin/gnu/h-i686-mingw32/bin/../lib/gcc/nios2-elf/4.1.2\libgcc.a(_div_df.o) (__pack_d)
c:/altera/10.1/nios2eds/bin/gnu/h-i686-mingw32/bin/../lib/gcc/nios2-elf/4.1.2\libgcc.a(_unpack_df.o)
                              c:/altera/10.1/nios2eds/bin/gnu/h-i686-mingw32/bin/../lib/gcc/nios2-elf/4.1.2\libgcc.a(_div_df.o) (__unpack_d)
c:/altera/10.1/nios2eds/bin/gnu/h-i686-mingw32/bin/../lib/gcc/nios2-elf/4.1.2\libgcc.a(_fpcmp_parts_df.o)
                              c:/altera/10.1/nios2eds/bin/gnu/h-i686-mingw32/bin/../lib/gcc/nios2-elf/4.1.2\libgcc.a(_gt_df.o) (__fpcmp_parts_d)
c:/altera/10.1/nios2eds/bin/gnu/h-i686-mingw32/bin/../lib/gcc/nios2-elf/4.1.2\libgcc.a(_clz.o)
                              c:/altera/10.1/nios2eds/bin/gnu/h-i686-mingw32/bin/../lib/gcc/nios2-elf/4.1.2\libgcc.a(_clzsi2.o) (__clz_tab)
c:/altera/10.1/nios2eds/bin/gnu/h-i686-mingw32/bin/../lib/gcc/nios2-elf/4.1.2\libgcc.a(_pack_sf.o)
                              c:/altera/10.1/nios2eds/bin/gnu/h-i686-mingw32/bin/../lib/gcc/nios2-elf/4.1.2\libgcc.a(_make_sf.o) (__pack_f)
c:/altera/10.1/nios2eds/bin/gnu/h-i686-mingw32/bin/../lib/gcc/nios2-elf/4.1.2/../../../../nios2-elf/lib\libc.a(lib_a-printf.o)
                              obj/hello_world.o (printf)
c:/altera/10.1/nios2eds/bin/gnu/h-i686-mingw32/bin/../lib/gcc/nios2-elf/4.1.2/../../../../nios2-elf/lib\libc.a(lib_a-rand.o)
                              obj/hello_world.o (srand)
c:/altera/10.1/nios2eds/bin/gnu/h-i686-mingw32/bin/../lib/gcc/nios2-elf/4.1.2/../../../../nios2-elf/lib\libc.a(lib_a-time.o)
                              obj/hello_world.o (time)
c:/altera/10.1/nios2eds/bin/gnu/h-i686-mingw32/bin/../lib/gcc/nios2-elf/4.1.2/../../../../nios2-elf/lib\libc.a(lib_a-vfprintf.o)
                              c:/altera/10.1/nios2eds/bin/gnu/h-i686-mingw32/bin/../lib/gcc/nios2-elf/4.1.2/../../../../nios2-elf/lib\libc.a(lib_a-printf.o) (___vfprintf_internal_r)
[...]
Memory Configuration

Name             Origin             Length             Attributes
sdram_BEFORE_EXCEPTION 0x00800000         0x00000020
sdram            0x00800020         0x007fffe0
reset            0x01400000         0x00000020
cfi_flash        0x01400020         0x003fffe0
onchip_memory    0x01800000         0x00002000
*default*        0x00000000         0xffffffff

Linker script and memory map

LOAD ../hi_bsp/obj/HAL/src/crt0.o
LOAD obj/hello_world.o
LOAD c:/altera/10.1/nios2eds/bin/gnu/h-i686-mingw32/bin/../lib/gcc/nios2-elf/4.1.2/../../../../nios2-elf/lib\libstdc++.a
LOAD c:/altera/10.1/nios2eds/bin/gnu/h-i686-mingw32/bin/../lib/gcc/nios2-elf/4.1.2/../../../../nios2-elf/lib\libm.a
LOAD c:/altera/10.1/nios2eds/bin/gnu/h-i686-mingw32/bin/../lib/gcc/nios2-elf/4.1.2\libgcc.a
START GROUP
LOAD c:/altera/10.1/nios2eds/bin/gnu/h-i686-mingw32/bin/../lib/gcc/nios2-elf/4.1.2/../../../../nios2-elf/lib\libc.a
LOAD c:/altera/10.1/nios2eds/bin/gnu/h-i686-mingw32/bin/../lib/gcc/nios2-elf/4.1.2\libgcc.a
LOAD ../hi_bsp\libhal_bsp.a
END GROUP
LOAD c:/altera/10.1/nios2eds/bin/gnu/h-i686-mingw32/bin/../lib/gcc/nios2-elf/4.1.2\libgcc.a
                0x00800000                __alt_mem_sdram = 0x800000
                0x01400000                __alt_mem_cfi_flash = 0x1400000
                0x01800000                __alt_mem_onchip_memory = 0x1800000

.entry          0x01400000        0x0
 *(.entry)
 .entry         0x01400000        0x0 ../hi_bsp/obj/HAL/src/crt0.o
                0x01400000                __reset

.exceptions     0x00800020      0x198
                0x00800020                PROVIDE (__ram_exceptions_start, ABSOLUTE (.))
                0x00800020                . = ALIGN (0x20)
 *(.irq)
 *(.exceptions.entry.label)
 .exceptions.entry.label
                0x00800020        0x0 ../hi_bsp\libhal_bsp.a(alt_irq_entry.o)
                0x00800020                alt_irq_entry
 .exceptions.entry.label
                0x00800020        0x0 ../hi_bsp\libhal_bsp.a(alt_exception_entry.o)
                0x00800020                alt_exception
 *(.exceptions.entry.user)
 *(.exceptions.entry)
 .exceptions.entry
                0x00800020       0x54 ../hi_bsp\libhal_bsp.a(alt_exception_entry.o)
 *(.exceptions.irqtest.user)
 *(.exceptions.irqtest)
 .exceptions.irqtest
                0x00800074       0x10 ../hi_bsp\libhal_bsp.a(alt_irq_entry.o)
 *(.exceptions.irqhandler.user)
 *(.exceptions.irqhandler)
 .exceptions.irqhandler
                0x00800084        0x4 ../hi_bsp\libhal_bsp.a(alt_irq_entry.o)
 *(.exceptions.irqreturn.user)
 *(.exceptions.irqreturn)
 .exceptions.irqreturn
                0x00800088        0x4 ../hi_bsp\libhal_bsp.a(alt_irq_entry.o)
 *(.exceptions.notirq.label)
 .exceptions.notirq.label
                0x0080008c        0x0 ../hi_bsp\libhal_bsp.a(alt_irq_entry.o)
 *(.exceptions.notirq.user)
 *(.exceptions.notirq)
 .exceptions.notirq
                0x0080008c        0x8 ../hi_bsp\libhal_bsp.a(alt_exception_entry.o)
 *(.exceptions.soft.user)
 *(.exceptions.soft)
 *(.exceptions.unknown.user)
 *(.exceptions.unknown)
 .exceptions.unknown
                0x00800094        0x4 ../hi_bsp\libhal_bsp.a(alt_exception_entry.o)
 *(.exceptions.exit.label)
 .exceptions.exit.label
                0x00800098        0x0 ../hi_bsp\libhal_bsp.a(alt_irq_entry.o)
 .exceptions.exit.label
                0x00800098        0x0 ../hi_bsp\libhal_bsp.a(alt_exception_entry.o)
 *(.exceptions.exit.user)
 *(.exceptions.exit)
 .exceptions.exit
                0x00800098       0x54 ../hi_bsp\libhal_bsp.a(alt_exception_entry.o)
 *(.exceptions)
 .exceptions    0x008000ec       0xcc ../hi_bsp\libhal_bsp.a(alt_irq_handler.o)
                0x008000ec                alt_irq_handler
                0x008001b8                PROVIDE (__ram_exceptions_end, ABSOLUTE (.))
                0x00800020                PROVIDE (__flash_exceptions_start, LOADADDR (.exceptions))

.text           0x008001b8    0x12710
                0x008001b8                PROVIDE (stext, ABSOLUTE (.))
 *(.interp)
 *(.hash)
 *(.dynsym)
 *(.dynstr)
 *(.gnu.version)
 *(.gnu.version_d)
 *(.gnu.version_r)
 *(.rel.init)
 *(.rela.init)
 *(.rel.text .rel.text.* .rel.gnu.linkonce.t.*)
 *(.rela.text .rela.text.* .rela.gnu.linkonce.t.*)
 *(.rel.fini)
 *(.rela.fini)
 *(.rel.rodata .rel.rodata.* .rel.gnu.linkonce.r.*)
 *(.rela.rodata .rela.rodata.* .rela.gnu.linkonce.r.*)
 *(.rel.data .rel.data.* .rel.gnu.linkonce.d.*)
 *(.rela.data .rela.data.* .rela.gnu.linkonce.d.*)
 *(.rel.tdata .rel.tdata.* .rel.gnu.linkonce.td.*)
 *(.rela.tdata .rela.tdata.* .rela.gnu.linkonce.td.*)
 *(.rel.tbss .rel.tbss.* .rel.gnu.linkonce.tb.*)
 *(.rela.tbss .rela.tbss.* .rela.gnu.linkonce.tb.*)
 *(.rel.ctors)
 *(.rela.ctors)
 *(.rel.dtors)
 *(.rela.dtors)
 *(.rel.got)
 *(.rela.got)
 *(.rel.sdata .rel.sdata.* .rel.gnu.linkonce.s.*)
 *(.rela.sdata .rela.sdata.* .rela.gnu.linkonce.s.*)
 *(.rel.sbss .rel.sbss.* .rel.gnu.linkonce.sb.*)
 *(.rela.sbss .rela.sbss.* .rela.gnu.linkonce.sb.*)
 *(.rel.sdata2 .rel.sdata2.* .rel.gnu.linkonce.s2.*)
 *(.rela.sdata2 .rela.sdata2.* .rela.gnu.linkonce.s2.*)
 *(.rel.sbss2 .rel.sbss2.* .rel.gnu.linkonce.sb2.*)
 *(.rela.sbss2 .rela.sbss2.* .rela.gnu.linkonce.sb2.*)
 *(.rel.bss .rel.bss.* .rel.gnu.linkonce.b.*)
 *(.rela.bss .rela.bss.* .rela.gnu.linkonce.b.*)
 *(.rel.plt)
 *(.rela.plt)
 *(.rel.dyn)
 *(.init)
 *(.plt)
 *(.text .stub .text.* .gnu.linkonce.t.*)
 .text          0x008001b8       0x48 ../hi_bsp/obj/HAL/src/crt0.o
                0x008001b8                _start
 .text          0x00800200     0x1224 obj/hello_world.o
                0x00800200                main
                0x00800744                init
                0x008008b0                showView
                0x008009b8                move
                0x00800c9c                makeFood
                0x00800d68                makeMap
                0x00800f64                ifEat
                0x00800ff0                ifReprat
                0x008010b0                ifBump
                0x00801220                get_x
                0x0080125c                get_y
                0x008012a8                add2charbuffer
                0x00801370                del2charbuffer
                0x008013d0                next_line
 .text          0x00801424       0x78 c:/altera/10.1/nios2eds/bin/gnu/h-i686-mingw32/bin/../lib/gcc/nios2-elf/4.1.2\libgcc.a(_gt_sf.o)
                0x00801424                __gtsf2
 .text          0x0080149c       0x78 c:/altera/10.1/nios2eds/bin/gnu/h-i686-mingw32/bin/../lib/gcc/nios2-elf/4.1.2\libgcc.a(_lt_sf.o)
                0x0080149c                __ltsf2
 .text          0x00801514       0x54 c:/altera/10.1/nios2eds/bin/gnu/h-i686-mingw32/bin/../lib/gcc/nios2-elf/4.1.2\libgcc.a(_sf_to_df.o)
                0x00801514                __extendsfdf2
 .text          0x00801568      0x258 c:/altera/10.1/nios2eds/bin/gnu/h-i686-mingw32/bin/../lib/gcc/nios2-elf/4.1.2\libgcc.a(_div_df.o)
                0x00801568                __divdf3
 .text          0x008017c0       0x88 c:/altera/10.1/nios2eds/bin/gnu/h-i686-mingw32/bin/../lib/gcc/nios2-elf/4.1.2\libgcc.a(_gt_df.o)
                0x008017c0                __gtdf2
 .text          0x00801848       0x88 c:/altera/10.1/nios2eds/bin/gnu/h-i686-mingw32/bin/../lib/gcc/nios2-elf/4.1.2\libgcc.a(_lt_df.o)
                0x00801848                __ltdf2
 .text          0x008018d0       0xf8 c:/altera/10.1/nios2eds/bin/gnu/h-i686-mingw32/bin/../lib/gcc/nios2-elf/4.1.2\libgcc.a(_si_to_df.o)
                0x008018d0                __floatsidf
 .text          0x008019c8       0x38 c:/altera/10.1/nios2eds/bin/gnu/h-i686-mingw32/bin/../lib/gcc/nios2-elf/4.1.2\libgcc.a(_make_df.o)
                0x008019c8                __make_dp
 .text          0x00801a00       0x74 c:/altera/10.1/nios2eds/bin/gnu/h-i686-mingw32/bin/../lib/gcc/nios2-elf/4.1.2\libgcc.a(_df_to_sf.o)
                0x00801a00                __truncdfsf2
 .text          0x00801a74        0x0 c:/altera/10.1/nios2eds/bin/gnu/h-i686-mingw32/bin/../lib/gcc/nios2-elf/4.1.2\libgcc.a(_thenan_df.o)
 .text          0x00801a74      0x14c c:/altera/10.1/nios2eds/bin/gnu/h-i686-mingw32/bin/../lib/gcc/nios2-elf/4.1.2\libgcc.a(lib2-divmod.o)
                0x00801af0                __divsi3
                0x00801b50                __modsi3
                0x00801bb0                __udivsi3
                0x00801bb8                __umodsi3
 .text          0x00801bc0       0x80 c:/altera/10.1/nios2eds/bin/gnu/h-i686-mingw32/bin/../lib/gcc/nios2-elf/4.1.2\libgcc.a(_clzsi2.o)
                0x00801bc0                __clzsi2
 .text          0x00801c40       0xc8 c:/altera/10.1/nios2eds/bin/gnu/h-i686-mingw32/bin/../lib/gcc/nios2-elf/4.1.2\libgcc.a(_unpack_sf.o)
                0x00801c40                __unpack_f
 .text          0x00801d08       0xa8 c:/altera/10.1/nios2eds/bin/gnu/h-i686-mingw32/bin/../lib/gcc/nios2-elf/4.1.2\libgcc.a(_fpcmp_parts_sf.o)
                0x00801d08                __fpcmp_parts_f
 .text          0x00801db0       0x2c c:/altera/10.1/nios2eds/bin/gnu/h-i686-mingw32/bin/../lib/gcc/nios2-elf/4.1.2\libgcc.a(_make_sf.o)
                0x00801db0                __make_fp
 .text          0x00801ddc      0x314 c:/altera/10.1/nios2eds/bin/gnu/h-i686-mingw32/bin/../lib/gcc/nios2-elf/4.1.2\libgcc.a(_pack_df.o)
                0x00801ddc                __pack_d
 .text          0x008020f0      0x138 c:/altera/10.1/nios2eds/bin/gnu/h-i686-mingw32/bin/../lib/gcc/nios2-elf/4.1.2\libgcc.a(_unpack_df.o)
                0x008020f0                __unpack_d
 .text          0x00802228       0xc8 c:/altera/10.1/nios2eds/bin/gnu/h-i686-mingw32/bin/../lib/gcc/nios2-elf/4.1.2\libgcc.a(_fpcmp_parts_df.o)
                0x00802228                __fpcmp_parts_d
 .text          0x008022f0        0x0 c:/altera/10.1/nios2eds/bin/gnu/h-i686-mingw32/bin/../lib/gcc/nios2-elf/4.1.2\libgcc.a(_clz.o)
 .text          0x008022f0      0x160 c:/altera/10.1/nios2eds/bin/gnu/h-i686-mingw32/bin/../lib/gcc/nios2-elf/4.1.2\libgcc.a(_pack_sf.o)
                0x008022f0                __pack_f
 .text          0x00802450       0x78 c:/altera/10.1/nios2eds/bin/gnu/h-i686-mingw32/bin/../lib/gcc/nios2-elf/4.1.2/../../../../nios2-elf/lib\libc.a(lib_a-printf.o)
                0x00802450                printf
                0x00802494                _printf_r
 .text          0x008024c8       0x94 c:/altera/10.1/nios2eds/bin/gnu/h-i686-mingw32/bin/../lib/gcc/nios2-elf/4.1.2/../../../../nios2-elf/lib\libc.a(lib_a-rand.o)
                0x008024c8                srand
                0x008024e4                rand
 .text          0x0080255c       0x5c c:/altera/10.1/nios2eds/bin/gnu/h-i686-mingw32/bin/../lib/gcc/nios2-elf/4.1.2/../../../../nios2-elf/lib\libc.a(lib_a-time.o)
                0x0080255c                time
 .text          0x008025b8     0x1f28 c:/altera/10.1/nios2eds/bin/gnu/h-i686-mingw32/bin/../lib/gcc/nios2-elf/4.1.2/../../../../nios2-elf/lib\libc.a(lib_a-vfprintf.o)
                0x00802610                ___vfprintf_internal_r
                0x008044bc                __vfprintf_internal
 .text          0x008044e0      0x13c c:/altera/10.1/nios2eds/bin/gnu/h-i686-mingw32/bin/../lib/gcc/nios2-elf/4.1.2/../../../../nios2-elf/lib\libc.a(lib_a-wsetup.o)
                0x008044e0                __swsetup_r
 .text          0x0080461c     0x17cc c:/altera/10.1/nios2eds/bin/gnu/h-i686-mingw32/bin/../lib/gcc/nios2-elf/4.1.2/../../../../nios2-elf/lib\libc.a(lib_a-dtoa.o)
                0x00804834                _dtoa_r
 .text          0x00805de8      0x230 c:/altera/10.1/nios2eds/bin/gnu/h-i686-mingw32/bin/../lib/gcc/nios2-elf/4.1.2/../../../../nios2-elf/lib\libc.a(lib_a-fflush.o)
                0x00805de8                _fflush_r
                0x00805fe4                fflush
 .text          0x00806018      0x2c0 c:/altera/10.1/nios2eds/bin/gnu/h-i686-mingw32/bin/../lib/gcc/nios2-elf/4.1.2/../../../../nios2-elf/lib\libc.a(lib_a-findfp.o)
                0x00806070                __sfp_lock_acquire
                0x00806074                __sfp_lock_release
                0x00806078                __sinit_lock_acquire
                0x0080607c                __sinit_lock_release
                0x00806080                __sinit
                0x00806134                __fp_unlock_all
                0x0080614c                __fp_lock_all
                0x00806164                _cleanup_r
                0x00806170                _cleanup
                0x00806180                __sfmoreglue
                0x008061e8                __sfp
 .text          0x008062d8      0x440 c:/altera/10.1/nios2eds/bin/gnu/h-i686-mingw32/bin/../lib/gcc/nios2-elf/4.1.2/../../../../nios2-elf/lib\libc.a(lib_a-freer.o)
                0x008062d8                _malloc_trim_r
                0x00806404                _free_r
 .text          0x00806718      0x49c c:/altera/10.1/nios2eds/bin/gnu/h-i686-mingw32/bin/../lib/gcc/nios2-elf/4.1.2/../../../../nios2-elf/lib\libc.a(lib_a-fvwrite.o)
                0x00806718                __sfvwrite_r
 .text          0x00806bb4      0x180 c:/altera/10.1/nios2eds/bin/gnu/h-i686-mingw32/bin/../lib/gcc/nios2-elf/4.1.2/../../../../nios2-elf/lib\libc.a(lib_a-fwalk.o)
                0x00806bb4                _fwalk_reent
                0x00806c7c                _fwalk
 .text          0x00806d34       0x74 c:/altera/10.1/nios2eds/bin/gnu/h-i686-mingw32/bin/../lib/gcc/nios2-elf/4.1.2/../../../../nios2-elf/lib\libc.a(lib_a-gettimeofdayr.o)
                0x00806d34                _gettimeofday_r
 .text          0x00806da8        0x0 c:/altera/10.1/nios2eds/bin/gnu/h-i686-mingw32/bin/../lib/gcc/nios2-elf/4.1.2/../../../../nios2-elf/lib\libc.a(lib_a-impure.o)
 .text          0x00806da8        0x0 c:/altera/10.1/nios2eds/bin/gnu/h-i686-mingw32/bin/../lib/gcc/nios2-elf/4.1.2/../../../../nios2-elf/lib\libc.a(lib_a-int_errno.o)
 .text          0x00806da8       0xc4 c:/altera/10.1/nios2eds/bin/gnu/h-i686-mingw32/bin/../lib/gcc/nios2-elf/4.1.2/../../../../nios2-elf/lib\libc.a(lib_a-locale.o)
                0x00806da8                __locale_charset
                0x00806db0                _localeconv_r
                0x00806dbc                localeconv
                0x00806dcc                _setlocale_r
                0x00806e50                setlocale
 .text          0x00806e6c      0x194 c:/altera/10.1/nios2eds/bin/gnu/h-i686-mingw32/bin/../lib/gcc/nios2-elf/4.1.2/../../../../nios2-elf/lib\libc.a(lib_a-makebuf.o)
                0x00806e6c                __smakebuf_r
 .text          0x00807000      0x740 c:/altera/10.1/nios2eds/bin/gnu/h-i686-mingw32/bin/../lib/gcc/nios2-elf/4.1.2/../../../../nios2-elf/lib\libc.a(lib_a-mallocr.o)
                0x00807000                _malloc_r
 .text          0x00807740       0xe4 c:/altera/10.1/nios2eds/bin/gnu/h-i686-mingw32/bin/../lib/gcc/nios2-elf/4.1.2/../../../../nios2-elf/lib\libc.a(lib_a-memchr.o)
                0x00807740                memchr
 .text          0x00807824       0xa0 c:/altera/10.1/nios2eds/bin/gnu/h-i686-mingw32/bin/../lib/gcc/nios2-elf/4.1.2/../../../../nios2-elf/lib\libc.a(lib_a-memcpy.o)
                0x00807824                memcpy
 .text          0x008078c4       0xe0 c:/altera/10.1/nios2eds/bin/gnu/h-i686-mingw32/bin/../lib/gcc/nios2-elf/4.1.2/../../../../nios2-elf/lib\libc.a(lib_a-memmove.o)
                0x008078c4                memmove
 .text          0x008079a4       0x98 c:/altera/10.1/nios2eds/bin/gnu/h-i686-mingw32/bin/../lib/gcc/nios2-elf/4.1.2/../../../../nios2-elf/lib\libc.a(lib_a-memset.o)
                0x008079a4                memset
 .text          0x00807a3c      0xff4 c:/altera/10.1/nios2eds/bin/gnu/h-i686-mingw32/bin/../lib/gcc/nios2-elf/4.1.2/../../../../nios2-elf/lib\libc.a(lib_a-mprec.o)
                0x00807a3c                _Bfree
                0x00807a64                __hi0bits
                0x00807ad4                __lo0bits
                0x00807b98                __mcmp
                0x00807bf8                __ulp
                0x00807c78                __b2d
                0x00807d98                __ratio
                0x00807e48                _mprec_log10
                0x00807edc                __copybits
                0x00807f34                __any_on
                0x00807fbc                _Balloc
                0x00808078                __d2b
                0x008081f4                __mdiff
                0x00808380                __lshift
                0x008084cc                __multiply
                0x008086b4                __i2b
                0x008086f0                __multadd
                0x008087f0                __pow5mult
                0x00808910                __s2b
 .text          0x00808a30      0x5f4 c:/altera/10.1/nios2eds/bin/gnu/h-i686-mingw32/bin/../lib/gcc/nios2-elf/4.1.2/../../../../nios2-elf/lib\libc.a(lib_a-reallocr.o)
                0x00808a30                _realloc_r
 .text          0x00809024       0x40 c:/altera/10.1/nios2eds/bin/gnu/h-i686-mingw32/bin/../lib/gcc/nios2-elf/4.1.2/../../../../nios2-elf/lib\libc.a(lib_a-s_isinfd.o)
                0x00809024                __isinfd
 .text          0x00809064       0x30 c:/altera/10.1/nios2eds/bin/gnu/h-i686-mingw32/bin/../lib/gcc/nios2-elf/4.1.2/../../../../nios2-elf/lib\libc.a(lib_a-s_isnand.o)
                0x00809064                __isnand
 .text          0x00809094       0x70 c:/altera/10.1/nios2eds/bin/gnu/h-i686-mingw32/bin/../lib/gcc/nios2-elf/4.1.2/../../../../nios2-elf/lib\libc.a(lib_a-sbrkr.o)
                0x00809094                _sbrk_r
 .text          0x00809104      0x14c c:/altera/10.1/nios2eds/bin/gnu/h-i686-mingw32/bin/../lib/gcc/nios2-elf/4.1.2/../../../../nios2-elf/lib\libc.a(lib_a-stdio.o)
                0x00809104                __sclose
                0x0080910c                __sseek
                0x00809174                __swrite
                0x008091f0                __sread
 .text          0x00809250       0xbc c:/altera/10.1/nios2eds/bin/gnu/h-i686-mingw32/bin/../lib/gcc/nios2-elf/4.1.2/../../../../nios2-elf/lib\libc.a(lib_a-strcmp.o)
                0x00809250                strcmp
 .text          0x0080930c       0x74 c:/altera/10.1/nios2eds/bin/gnu/h-i686-mingw32/bin/../lib/gcc/nios2-elf/4.1.2/../../../../nios2-elf/lib\libc.a(lib_a-strlen.o)
                0x0080930c                strlen
 .text          0x00809380       0x78 c:/altera/10.1/nios2eds/bin/gnu/h-i686-mingw32/bin/../lib/gcc/nios2-elf/4.1.2/../../../../nios2-elf/lib\libc.a(lib_a-writer.o)
                0x00809380                _write_r
 .text          0x008093f8       0xb4 c:/altera/10.1/nios2eds/bin/gnu/h-i686-mingw32/bin/../lib/gcc/nios2-elf/4.1.2/../../../../nios2-elf/lib\libc.a(lib_a-callocr.o)
                0x008093f8                _calloc_r
 .text          0x008094ac       0x70 c:/altera/10.1/nios2eds/bin/gnu/h-i686-mingw32/bin/../lib/gcc/nios2-elf/4.1.2/../../../../nios2-elf/lib\libc.a(lib_a-closer.o)
                0x008094ac                _close_r
 .text          0x0080951c      0x124 c:/altera/10.1/nios2eds/bin/gnu/h-i686-mingw32/bin/../lib/gcc/nios2-elf/4.1.2/../../../../nios2-elf/lib\libc.a(lib_a-fclose.o)
                0x0080951c                _fclose_r
                0x0080962c                fclose
 .text          0x00809640       0x74 c:/altera/10.1/nios2eds/bin/gnu/h-i686-mingw32/bin/../lib/gcc/nios2-elf/4.1.2/../../../../nios2-elf/lib\libc.a(lib_a-fstatr.o)
                0x00809640                _fstat_r
 .text          0x008096b4       0x70 c:/altera/10.1/nios2eds/bin/gnu/h-i686-mingw32/bin/../lib/gcc/nios2-elf/4.1.2/../../../../nios2-elf/lib\libc.a(lib_a-isattyr.o)
                0x008096b4                _isatty_r
 .text          0x00809724       0x78 c:/altera/10.1/nios2eds/bin/gnu/h-i686-mingw32/bin/../lib/gcc/nios2-elf/4.1.2/../../../../nios2-elf/lib\libc.a(lib_a-lseekr.o)
                0x00809724                _lseek_r
 .text          0x0080979c       0x78 c:/altera/10.1/nios2eds/bin/gnu/h-i686-mingw32/bin/../lib/gcc/nios2-elf/4.1.2/../../../../nios2-elf/lib\libc.a(lib_a-readr.o)
                0x0080979c                _read_r
 .text          0x00809814       0x98 c:/altera/10.1/nios2eds/bin/gnu/h-i686-mingw32/bin/../lib/gcc/nios2-elf/4.1.2\libgcc.a(_muldi3.o)
                0x00809814                __muldi3
 .text          0x008098ac      0x5dc c:/altera/10.1/nios2eds/bin/gnu/h-i686-mingw32/bin/../lib/gcc/nios2-elf/4.1.2\libgcc.a(_udivdi3.o)
                0x008098ac                __udivdi3
 .text          0x00809e88      0x5b0 c:/altera/10.1/nios2eds/bin/gnu/h-i686-mingw32/bin/../lib/gcc/nios2-elf/4.1.2\libgcc.a(_umoddi3.o)
                0x00809e88                __umoddi3
 .text          0x0080a438      0x504 c:/altera/10.1/nios2eds/bin/gnu/h-i686-mingw32/bin/../lib/gcc/nios2-elf/4.1.2\libgcc.a(_addsub_df.o)
                0x0080a848                __subdf3
                0x0080a8c8                __adddf3
 .text          0x0080a93c      0x3c4 c:/altera/10.1/nios2eds/bin/gnu/h-i686-mingw32/bin/../lib/gcc/nios2-elf/4.1.2\libgcc.a(_mul_df.o)
                0x0080a93c                __muldf3
 .text          0x0080ad00       0x88 c:/altera/10.1/nios2eds/bin/gnu/h-i686-mingw32/bin/../lib/gcc/nios2-elf/4.1.2\libgcc.a(_eq_df.o)
                0x0080ad00                __eqdf2
 .text          0x0080ad88       0x88 c:/altera/10.1/nios2eds/bin/gnu/h-i686-mingw32/bin/../lib/gcc/nios2-elf/4.1.2\libgcc.a(_ne_df.o)
                0x0080ad88                __nedf2
 .text          0x0080ae10       0x88 c:/altera/10.1/nios2eds/bin/gnu/h-i686-mingw32/bin/../lib/gcc/nios2-elf/4.1.2\libgcc.a(_ge_df.o)
                0x0080ae10                __gedf2
 .text          0x0080ae98       0xd8 c:/altera/10.1/nios2eds/bin/gnu/h-i686-mingw32/bin/../lib/gcc/nios2-elf/4.1.2\libgcc.a(_df_to_si.o)
                0x0080ae98                __fixdfsi
 .text          0x0080af70      0x194 c:/altera/10.1/nios2eds/bin/gnu/h-i686-mingw32/bin/../lib/gcc/nios2-elf/4.1.2\libgcc.a(_usi_to_df.o)
                0x0080af70                __floatunsidf
 .text          0x0080b104      0x15c ../hi_bsp\libhal_bsp.a(alt_close.o)
                0x0080b104                close
 .text          0x0080b260       0x2c ../hi_bsp\libhal_bsp.a(alt_dev.o)
 .text          0x0080b28c        0x0 ../hi_bsp\libhal_bsp.a(alt_errno.o)
 .text          0x0080b28c      0x134 ../hi_bsp\libhal_bsp.a(alt_fstat.o)
                0x0080b28c                fstat
 .text          0x0080b3c0      0x21c ../hi_bsp\libhal_bsp.a(alt_gettod.o)
                0x0080b3c0                gettimeofday
 .text          0x0080b5dc      0x120 ../hi_bsp\libhal_bsp.a(alt_isatty.o)
                0x0080b5dc                isatty
 .text          0x0080b6fc      0x150 ../hi_bsp\libhal_bsp.a(alt_lseek.o)
                0x0080b6fc                lseek
 .text          0x0080b84c       0x6c ../hi_bsp\libhal_bsp.a(alt_main.o)
                0x0080b84c                alt_main
 .text          0x0080b8b8       0x40 ../hi_bsp\libhal_bsp.a(alt_malloc_lock.o)
                0x0080b8b8                __malloc_lock
                0x0080b8d8                __malloc_unlock
 .text          0x0080b8f8      0x258 ../hi_bsp\libhal_bsp.a(alt_printf.o)
                0x0080b8f8                alt_printf
 .text          0x0080bb50       0x40 ../hi_bsp\libhal_bsp.a(alt_putchar.o)
                0x0080bb50                alt_putchar
 .text          0x0080bb90      0x180 ../hi_bsp\libhal_bsp.a(alt_read.o)
                0x0080bb90                read
 .text          0x0080bd10       0x60 ../hi_bsp\libhal_bsp.a(alt_release_fd.o)
                0x0080bd10                alt_release_fd
 .text          0x0080bd70       0xbc ../hi_bsp\libhal_bsp.a(alt_sbrk.o)
                0x0080bd70                sbrk
 .text          0x0080be2c      0x1a4 ../hi_bsp\libhal_bsp.a(alt_tick.o)
                0x0080be2c                alt_alarm_stop
                0x0080bec4                alt_tick
 .text          0x0080bfd0       0x30 ../hi_bsp\libhal_bsp.a(alt_usleep.o)
                0x0080bfd0                usleep
 .text          0x0080c000      0x180 ../hi_bsp\libhal_bsp.a(alt_write.o)
                0x0080c000                write
 .text          0x0080c180      0x3c0 ../hi_bsp\libhal_bsp.a(alt_sys_init.o)
                0x0080c180                alt_irq_init
                0x0080c1b4                alt_sys_init
 .text          0x0080c540      0x8c8 ../hi_bsp\libhal_bsp.a(altera_avalon_cfi_flash.o)
                0x0080c540                alt_flash_cfi_init
                0x0080c614                alt_flash_cfi_write
                0x0080c8d4                alt_flash_cfi_get_info
                0x0080c964                alt_flash_cfi_read
                0x0080c9cc                alt_write_value_to_flash
                0x0080cb30                alt_flash_program_block
 .text          0x0080ce08     0x1448 ../hi_bsp\libhal_bsp.a(altera_avalon_cfi_flash_table.o)
                0x0080ce08                alt_read_query_entry_8bit
                0x0080ce48                alt_read_query_entry_16bit
                0x0080ce8c                alt_read_query_entry_32bit
                0x0080ced4                alt_write_flash_command_8bit_device_8bit_mode
                0x0080cf10                alt_write_flash_command_16bit_device_8bit_mode
                0x0080cf8c                alt_write_flash_command_32bit_device_8bit_mode
                0x0080cfd4                alt_write_flash_command_16bit_device_16bit_mode
                0x0080d018                alt_write_flash_command_32bit_device_16bit_mode
                0x0080d060                alt_write_flash_command_32bit_device_32bit_mode
                0x0080d0a8                alt_write_native_8bit
                0x0080d0dc                alt_write_native_16bit
                0x0080d110                alt_write_native_32bit
                0x0080d140                alt_set_flash_width_func
                0x0080d320                alt_set_flash_algorithm_func
                0x0080d448                alt_read_cfi_table
                0x0080d9c8                alt_read_cfi_width
                0x0080e174                alt_check_primary_table
 .text          0x0080e250      0x148 ../hi_bsp\libhal_bsp.a(altera_avalon_jtag_uart_fd.o)
                0x0080e250                altera_avalon_jtag_uart_read_fd
                0x0080e2a8                altera_avalon_jtag_uart_write_fd
                0x0080e300                altera_avalon_jtag_uart_close_fd
                0x0080e348                altera_avalon_jtag_uart_ioctl_fd
 .text          0x0080e398      0x408 ../hi_bsp\libhal_bsp.a(altera_avalon_jtag_uart_init.o)
                0x0080e398                altera_avalon_jtag_uart_init
                0x0080e72c                altera_avalon_jtag_uart_close
 .text          0x0080e7a0       0xf4 ../hi_bsp\libhal_bsp.a(altera_avalon_jtag_uart_ioctl.o)
                0x0080e7a0                altera_avalon_jtag_uart_ioctl
 .text          0x0080e894      0x224 ../hi_bsp\libhal_bsp.a(altera_avalon_jtag_uart_read.o)
                0x0080e894                altera_avalon_jtag_uart_read
 .text          0x0080eab8      0x240 ../hi_bsp\libhal_bsp.a(altera_avalon_jtag_uart_write.o)
                0x0080eab8                altera_avalon_jtag_uart_write
 .text          0x0080ecf8      0x238 ../hi_bsp\libhal_bsp.a(altera_avalon_spi.o)
                0x0080ecf8                alt_avalon_spi_command
 .text          0x0080ef30       0xfc ../hi_bsp\libhal_bsp.a(altera_avalon_timer_sc.o)
                0x0080efa4                alt_avalon_timer_sc_init
 .text          0x0080f02c       0xf8 ../hi_bsp\libhal_bsp.a(altera_avalon_uart_fd.o)
                0x0080f02c                altera_avalon_uart_read_fd
                0x0080f084                altera_avalon_uart_write_fd
                0x0080f0dc                altera_avalon_uart_close_fd
 .text          0x0080f124      0x3fc ../hi_bsp\libhal_bsp.a(altera_avalon_uart_init.o)
                0x0080f124                altera_avalon_uart_init
                0x0080f4c0                altera_avalon_uart_close
 .text          0x0080f520      0x290 ../hi_bsp\libhal_bsp.a(altera_avalon_uart_read.o)
                0x0080f520                altera_avalon_uart_read
 .text          0x0080f7b0      0x228 ../hi_bsp\libhal_bsp.a(altera_avalon_uart_write.o)
                0x0080f7b0                altera_avalon_uart_write
 .text          0x0080f9d8      0x700 ../hi_bsp\libhal_bsp.a(altera_up_avalon_ps2.o)
                0x0080f9d8                read_RI_bit
                0x0080fa0c                read_RE_bit
                0x0080fa3c                read_CE_bit
                0x0080fa70                read_num_bytes_available
                0x0080faa4                read_data_valid
                0x0080fad8                read_data_byte
                0x0080fb04                alt_up_ps2_init
                0x0080fbd0                alt_up_ps2_enable_read_interrupt
                0x0080fc24                alt_up_ps2_disable_read_interrupt
                0x0080fc7c                alt_up_ps2_write_data_byte
                0x0080fcf4                alt_up_ps2_wait_for_ack
                0x0080fd64                alt_up_ps2_write_data_byte_with_ack
                0x0080fdd0                alt_up_ps2_read_data_byte_timeout
                0x0080fe80                alt_up_ps2_read_data_byte
                0x0080fefc                alt_up_ps2_clear_fifo
                0x0080ff54                alt_up_ps2_read_fd
                0x0080fff0                alt_up_ps2_write_fd
                0x00810098                alt_up_ps2_open_dev
 .text          0x008100d8      0x304 ../hi_bsp\libhal_bsp.a(altera_up_avalon_video_character_buffer_with_dma.o)
                0x008100d8                alt_up_char_buffer_init
                0x0081015c                alt_up_char_buffer_open_dev
                0x0081019c                alt_up_char_buffer_draw
                0x0081026c                alt_up_char_buffer_string
                0x00810380                alt_up_char_buffer_clear
 .text          0x008103dc      0x5e0 ../hi_bsp\libhal_bsp.a(altera_up_ps2_keyboard.o)
                0x008103dc                get_multi_byte_make_code_index
                0x00810454                get_single_byte_make_code_index
                0x008104cc                get_next_state
                0x00810728                decode_scancode
                0x008107d4                set_keyboard_rate
                0x00810834                translate_make_code
                0x0081093c                reset_keyboard
 .text          0x008109bc      0x154 ../hi_bsp\libhal_bsp.a(alt_alarm_start.o)
                0x008109bc                alt_alarm_start
 .text          0x00810b10      0x14c ../hi_bsp\libhal_bsp.a(alt_busy_sleep.o)
                0x00810b10                alt_busy_sleep
 .text          0x00810c5c       0x78 ../hi_bsp\libhal_bsp.a(alt_dcache_flush.o)
                0x00810c5c                alt_dcache_flush
 .text          0x00810cd4      0x114 ../hi_bsp\libhal_bsp.a(alt_dev_llist_insert.o)
                0x00810cd4                alt_dev_llist_insert
 .text          0x00810de8       0x64 ../hi_bsp\libhal_bsp.a(alt_do_ctors.o)
                0x00810de8                _do_ctors
 .text          0x00810e4c       0x64 ../hi_bsp\libhal_bsp.a(alt_do_dtors.o)
                0x00810e4c                _do_dtors
 .text          0x00810eb0       0x94 ../hi_bsp\libhal_bsp.a(alt_find_dev.o)
                0x00810eb0                alt_find_dev
 .text          0x00810f44       0xd0 ../hi_bsp\libhal_bsp.a(alt_flash_dev.o)
                0x00810f44                alt_flash_open_dev
                0x00810fc0                alt_flash_close_dev
 .text          0x00811014      0x13c ../hi_bsp\libhal_bsp.a(alt_io_redirect.o)
                0x008110d8                alt_io_redirect
 .text          0x00811150      0x1c0 ../hi_bsp\libhal_bsp.a(alt_irq_register.o)
                0x00811150                alt_irq_register
 .text          0x00811310        0x0 ../hi_bsp\libhal_bsp.a(alt_irq_vars.o)
 .text          0x00811310      0x2c4 ../hi_bsp\libhal_bsp.a(alt_open.o)
                0x008113ec                open
 .text          0x008115d4       0x20 ../hi_bsp\libhal_bsp.a(altera_nios2_irq.o)
                0x008115d4                altera_nios2_irq_init
 .text          0x008115f4      0x460 ../hi_bsp\libhal_bsp.a(altera_avalon_cfi_flash_amd.o)
                0x008115f4                alt_program_amd
                0x0081165c                alt_erase_block_amd
 .text          0x00811a54      0x460 ../hi_bsp\libhal_bsp.a(altera_avalon_cfi_flash_intel.o)
                0x00811a54                alt_program_intel
                0x00811ad8                alt_erase_block_intel
 .text          0x00811eb4      0x120 ../hi_bsp\libhal_bsp.a(alt_find_file.o)
                0x00811eb4                alt_find_file
 .text          0x00811fd4       0xb8 ../hi_bsp\libhal_bsp.a(alt_get_fd.o)
                0x00811fd4                alt_get_fd
 .text          0x0081208c        0x0 ../hi_bsp\libhal_bsp.a(alt_irq_entry.o)
 .text          0x0081208c        0x0 ../hi_bsp\libhal_bsp.a(alt_irq_handler.o)
 .text          0x0081208c        0x0 ../hi_bsp\libhal_bsp.a(alt_exception_entry.o)
 .text          0x0081208c       0x14 c:/altera/10.1/nios2eds/bin/gnu/h-i686-mingw32/bin/../lib/gcc/nios2-elf/4.1.2/../../../../nios2-elf/lib\libc.a(lib_a-atexit.o)
                0x0081208c                atexit
 .text          0x008120a0       0x38 c:/altera/10.1/nios2eds/bin/gnu/h-i686-mingw32/bin/../lib/gcc/nios2-elf/4.1.2/../../../../nios2-elf/lib\libc.a(lib_a-exit.o)
                0x008120a0                exit
 .text          0x008120d8       0x74 c:/altera/10.1/nios2eds/bin/gnu/h-i686-mingw32/bin/../lib/gcc/nios2-elf/4.1.2/../../../../nios2-elf/lib\libc.a(lib_a-memcmp.o)
                0x008120d8                memcmp
 .text          0x0081214c      0x1ec c:/altera/10.1/nios2eds/bin/gnu/h-i686-mingw32/bin/../lib/gcc/nios2-elf/4.1.2/../../../../nios2-elf/lib\libc.a(lib_a-putc.o)
                0x0081214c                putc
                0x00812250                _putc_r
 .text          0x00812338       0x8c c:/altera/10.1/nios2eds/bin/gnu/h-i686-mingw32/bin/../lib/gcc/nios2-elf/4.1.2/../../../../nios2-elf/lib\libc.a(lib_a-strcpy.o)
                0x00812338                strcpy
 .text          0x008123c4      0x14c c:/altera/10.1/nios2eds/bin/gnu/h-i686-mingw32/bin/../lib/gcc/nios2-elf/4.1.2/../../../../nios2-elf/lib\libc.a(lib_a-wbuf.o)
                0x008123c4                __swbuf_r
                0x008124f4                __swbuf
 .text          0x00812510      0x134 c:/altera/10.1/nios2eds/bin/gnu/h-i686-mingw32/bin/../lib/gcc/nios2-elf/4.1.2/../../../../nios2-elf/lib\libc.a(lib_a-__atexit.o)
                0x00812510                __register_exitproc
 .text          0x00812644      0x1b4 c:/altera/10.1/nios2eds/bin/gnu/h-i686-mingw32/bin/../lib/gcc/nios2-elf/4.1.2/../../../../nios2-elf/lib\libc.a(lib_a-__call_atexit.o)
                0x00812648                __call_exitprocs
 .text          0x008127f8       0x60 ../hi_bsp\libhal_bsp.a(alt_exit.o)
                0x00812838                _exit
 *(.gnu.warning.*)
 *(.fini)
                0x00812858                PROVIDE (__etext, ABSOLUTE (.))
                0x00812858                PROVIDE (_etext, ABSOLUTE (.))
                0x00812858                PROVIDE (etext, ABSOLUTE (.))
 *(.eh_frame_hdr)
                0x00812858                . = ALIGN (0x4)
                0x00812858                PROVIDE (__preinit_array_start, ABSOLUTE (.))
 *(.preinit_array)
                0x00812858                PROVIDE (__preinit_array_end, ABSOLUTE (.))
                0x00812858                PROVIDE (__init_array_start, ABSOLUTE (.))
 *(.init_array)
                0x00812858                PROVIDE (__init_array_end, ABSOLUTE (.))
                0x00812858                PROVIDE (__fini_array_start, ABSOLUTE (.))
 *(.fini_array)
                0x00812858                PROVIDE (__fini_array_end, ABSOLUTE (.))
 *(.eh_frame)
 .eh_frame      0x00812858       0x40 c:/altera/10.1/nios2eds/bin/gnu/h-i686-mingw32/bin/../lib/gcc/nios2-elf/4.1.2\libgcc.a(_udivdi3.o)
 .eh_frame      0x00812898       0x2c c:/altera/10.1/nios2eds/bin/gnu/h-i686-mingw32/bin/../lib/gcc/nios2-elf/4.1.2\libgcc.a(_umoddi3.o)
                                 0x40 (size before relaxing)
 *(.gcc_except_table)
 *(.dynamic)
                0x008128c4                PROVIDE (__CTOR_LIST__, ABSOLUTE (.))
 *(.ctors)
 *(SORT(.ctors.*))
 .ctors.65535   0x008128c4        0x4 c:/altera/10.1/nios2eds/bin/gnu/h-i686-mingw32/bin/../lib/gcc/nios2-elf/4.1.2/../../../../nios2-elf/lib\libc.a(lib_a-__call_atexit.o)
                0x008128c8                PROVIDE (__CTOR_END__, ABSOLUTE (.))
                0x008128c8                PROVIDE (__DTOR_LIST__, ABSOLUTE (.))
 *(.dtors)
 *(SORT(.dtors.*))
                0x008128c8                PROVIDE (__DTOR_END__, ABSOLUTE (.))
 *(.jcr)
                0x008128c8                . = ALIGN (0x4)

.rodata         0x008128c8      0x6ac
                0x008128c8                PROVIDE (__ram_rodata_start, ABSOLUTE (.))
                0x008128c8                . = ALIGN (0x4)
 *(.rodata .rodata.* .gnu.linkonce.r.*)
 .rodata        0x008128c8       0x98 obj/hello_world.o
 .rodata        0x00812960       0x14 c:/altera/10.1/nios2eds/bin/gnu/h-i686-mingw32/bin/../lib/gcc/nios2-elf/4.1.2\libgcc.a(_thenan_df.o)
                0x00812960                __thenan_df
 .rodata        0x00812974      0x100 c:/altera/10.1/nios2eds/bin/gnu/h-i686-mingw32/bin/../lib/gcc/nios2-elf/4.1.2\libgcc.a(_clz.o)
                0x00812974                __clz_tab
 .rodata.str1.4
                0x00812a74       0x5e c:/altera/10.1/nios2eds/bin/gnu/h-i686-mingw32/bin/../lib/gcc/nios2-elf/4.1.2/../../../../nios2-elf/lib\libc.a(lib_a-vfprintf.o)
                                 0x60 (size before relaxing)
 .rodata        0x00812ad2       0x20 c:/altera/10.1/nios2eds/bin/gnu/h-i686-mingw32/bin/../lib/gcc/nios2-elf/4.1.2/../../../../nios2-elf/lib\libc.a(lib_a-vfprintf.o)
 *fill*         0x00812af2        0x2 00
 .rodata.str1.4
                0x00812af4       0x10 c:/altera/10.1/nios2eds/bin/gnu/h-i686-mingw32/bin/../lib/gcc/nios2-elf/4.1.2/../../../../nios2-elf/lib\libc.a(lib_a-dtoa.o)
                                 0x14 (size before relaxing)
 .rodata.str1.4
                0x00812b04        0x2 c:/altera/10.1/nios2eds/bin/gnu/h-i686-mingw32/bin/../lib/gcc/nios2-elf/4.1.2/../../../../nios2-elf/lib\libc.a(lib_a-impure.o)
                                  0x4 (size before relaxing)
 *fill*         0x00812b06        0x2 00
 .rodata.str1.4
                0x00812b08       0x10 c:/altera/10.1/nios2eds/bin/gnu/h-i686-mingw32/bin/../lib/gcc/nios2-elf/4.1.2/../../../../nios2-elf/lib\libc.a(lib_a-locale.o)
                                 0x18 (size before relaxing)
 .rodata        0x00812b18       0x30 c:/altera/10.1/nios2eds/bin/gnu/h-i686-mingw32/bin/../lib/gcc/nios2-elf/4.1.2/../../../../nios2-elf/lib\libc.a(lib_a-locale.o)
 .rodata        0x00812b48      0x124 c:/altera/10.1/nios2eds/bin/gnu/h-i686-mingw32/bin/../lib/gcc/nios2-elf/4.1.2/../../../../nios2-elf/lib\libc.a(lib_a-mprec.o)
                0x00812b48                __mprec_tens
                0x00812c10                __mprec_bigtens
                0x00812c38                __mprec_tinytens
 .rodata        0x00812c6c        0xc ../hi_bsp\libhal_bsp.a(alt_dev.o)
 .rodata        0x00812c78       0x10 ../hi_bsp\libhal_bsp.a(alt_main.o)
 .rodata        0x00812c88       0x94 ../hi_bsp\libhal_bsp.a(alt_sys_init.o)
 .rodata        0x00812d1c       0x1c ../hi_bsp\libhal_bsp.a(altera_up_avalon_video_character_buffer_with_dma.o)
 .rodata        0x00812d38      0x23c ../hi_bsp\libhal_bsp.a(altera_up_ps2_keyboard.o)
 *(.rodata1)
                0x00812f74                . = ALIGN (0x4)
                0x00812f74                PROVIDE (__ram_rodata_end, ABSOLUTE (.))
                0x008128c8                PROVIDE (__flash_rodata_start, LOADADDR (.rodata))

.rwdata         0x00812f74     0x1fb4
                0x00812f74                PROVIDE (__ram_rwdata_start, ABSOLUTE (.))
                0x00812f74                . = ALIGN (0x4)
 *(.got.plt)
 *(.got)
 *(.data1)
 *(.data .data.* .gnu.linkonce.d.*)
 .data          0x00812f74        0x0 ../hi_bsp/obj/HAL/src/crt0.o
 .data          0x00812f74        0x0 obj/hello_world.o
 .data          0x00812f74        0x0 c:/altera/10.1/nios2eds/bin/gnu/h-i686-mingw32/bin/../lib/gcc/nios2-elf/4.1.2\libgcc.a(_gt_sf.o)
 .data          0x00812f74        0x0 c:/altera/10.1/nios2eds/bin/gnu/h-i686-mingw32/bin/../lib/gcc/nios2-elf/4.1.2\libgcc.a(_lt_sf.o)
 .data          0x00812f74        0x0 c:/altera/10.1/nios2eds/bin/gnu/h-i686-mingw32/bin/../lib/gcc/nios2-elf/4.1.2\libgcc.a(_sf_to_df.o)
 .data          0x00812f74        0x0 c:/altera/10.1/nios2eds/bin/gnu/h-i686-mingw32/bin/../lib/gcc/nios2-elf/4.1.2\libgcc.a(_div_df.o)
 .data          0x00812f74        0x0 c:/altera/10.1/nios2eds/bin/gnu/h-i686-mingw32/bin/../lib/gcc/nios2-elf/4.1.2\libgcc.a(_gt_df.o)
 .data          0x00812f74        0x0 c:/altera/10.1/nios2eds/bin/gnu/h-i686-mingw32/bin/../lib/gcc/nios2-elf/4.1.2\libgcc.a(_lt_df.o)
 .data          0x00812f74        0x0 c:/altera/10.1/nios2eds/bin/gnu/h-i686-mingw32/bin/../lib/gcc/nios2-elf/4.1.2\libgcc.a(_si_to_df.o)
 .data          0x00812f74        0x0 c:/altera/10.1/nios2eds/bin/gnu/h-i686-mingw32/bin/../lib/gcc/nios2-elf/4.1.2\libgcc.a(_make_df.o)
 .data          0x00812f74        0x0 c:/altera/10.1/nios2eds/bin/gnu/h-i686-mingw32/bin/../lib/gcc/nios2-elf/4.1.2\libgcc.a(_df_to_sf.o)
 .data          0x00812f74        0x0 c:/altera/10.1/nios2eds/bin/gnu/h-i686-mingw32/bin/../lib/gcc/nios2-elf/4.1.2\libgcc.a(_thenan_df.o)
 .data          0x00812f74        0x0 c:/altera/10.1/nios2eds/bin/gnu/h-i686-mingw32/bin/../lib/gcc/nios2-elf/4.1.2\libgcc.a(lib2-divmod.o)
 .data          0x00812f74        0x0 c:/altera/10.1/nios2eds/bin/gnu/h-i686-mingw32/bin/../lib/gcc/nios2-elf/4.1.2\libgcc.a(_clzsi2.o)
 .data          0x00812f74        0x0 c:/altera/10.1/nios2eds/bin/gnu/h-i686-mingw32/bin/../lib/gcc/nios2-elf/4.1.2\libgcc.a(_unpack_sf.o)
 .data          0x00812f74        0x0 c:/altera/10.1/nios2eds/bin/gnu/h-i686-mingw32/bin/../lib/gcc/nios2-elf/4.1.2\libgcc.a(_fpcmp_parts_sf.o)
 .data          0x00812f74        0x0 c:/altera/10.1/nios2eds/bin/gnu/h-i686-mingw32/bin/../lib/gcc/nios2-elf/4.1.2\libgcc.a(_make_sf.o)
 .data          0x00812f74        0x0 c:/altera/10.1/nios2eds/bin/gnu/h-i686-mingw32/bin/../lib/gcc/nios2-elf/4.1.2\libgcc.a(_pack_df.o)
 .data          0x00812f74        0x0 c:/altera/10.1/nios2eds/bin/gnu/h-i686-mingw32/bin/../lib/gcc/nios2-elf/4.1.2\libgcc.a(_unpack_df.o)
 .data          0x00812f74        0x0 c:/altera/10.1/nios2eds/bin/gnu/h-i686-mingw32/bin/../lib/gcc/nios2-elf/4.1.2\libgcc.a(_fpcmp_parts_df.o)
 .data          0x00812f74        0x0 c:/altera/10.1/nios2eds/bin/gnu/h-i686-mingw32/bin/../lib/gcc/nios2-elf/4.1.2\libgcc.a(_clz.o)
 .data          0x00812f74        0x0 c:/altera/10.1/nios2eds/bin/gnu/h-i686-mingw32/bin/../lib/gcc/nios2-elf/4.1.2\libgcc.a(_pack_sf.o)
 .data          0x00812f74        0x0 c:/altera/10.1/nios2eds/bin/gnu/h-i686-mingw32/bin/../lib/gcc/nios2-elf/4.1.2/../../../../nios2-elf/lib\libc.a(lib_a-printf.o)
 .data          0x00812f74        0x0 c:/altera/10.1/nios2eds/bin/gnu/h-i686-mingw32/bin/../lib/gcc/nios2-elf/4.1.2/../../../../nios2-elf/lib\libc.a(lib_a-rand.o)
 .data          0x00812f74        0x0 c:/altera/10.1/nios2eds/bin/gnu/h-i686-mingw32/bin/../lib/gcc/nios2-elf/4.1.2/../../../../nios2-elf/lib\libc.a(lib_a-time.o)
 .data          0x00812f74        0x0 c:/altera/10.1/nios2eds/bin/gnu/h-i686-mingw32/bin/../lib/gcc/nios2-elf/4.1.2/../../../../nios2-elf/lib\libc.a(lib_a-vfprintf.o)
 .data          0x00812f74        0x0 c:/altera/10.1/nios2eds/bin/gnu/h-i686-mingw32/bin/../lib/gcc/nios2-elf/4.1.2/../../../../nios2-elf/lib\libc.a(lib_a-wsetup.o)
 .data          0x00812f74        0x0 c:/altera/10.1/nios2eds/bin/gnu/h-i686-mingw32/bin/../lib/gcc/nios2-elf/4.1.2/../../../../nios2-elf/lib\libc.a(lib_a-dtoa.o)
 .data          0x00812f74        0x0 c:/altera/10.1/nios2eds/bin/gnu/h-i686-mingw32/bin/../lib/gcc/nios2-elf/4.1.2/../../../../nios2-elf/lib\libc.a(lib_a-fflush.o)
 .data          0x00812f74        0x0 c:/altera/10.1/nios2eds/bin/gnu/h-i686-mingw32/bin/../lib/gcc/nios2-elf/4.1.2/../../../../nios2-elf/lib\libc.a(lib_a-findfp.o)
 .data          0x00812f74        0x0 c:/altera/10.1/nios2eds/bin/gnu/h-i686-mingw32/bin/../lib/gcc/nios2-elf/4.1.2/../../../../nios2-elf/lib\libc.a(lib_a-freer.o)
 .data          0x00812f74        0x0 c:/altera/10.1/nios2eds/bin/gnu/h-i686-mingw32/bin/../lib/gcc/nios2-elf/4.1.2/../../../../nios2-elf/lib\libc.a(lib_a-fvwrite.o)
 .data          0x00812f74        0x0 c:/altera/10.1/nios2eds/bin/gnu/h-i686-mingw32/bin/../lib/gcc/nios2-elf/4.1.2/../../../../nios2-elf/lib\libc.a(lib_a-fwalk.o)
 .data          0x00812f74        0x0 c:/altera/10.1/nios2eds/bin/gnu/h-i686-mingw32/bin/../lib/gcc/nios2-elf/4.1.2/../../../../nios2-elf/lib\libc.a(lib_a-gettimeofdayr.o)
 .data          0x00812f74      0x400 c:/altera/10.1/nios2eds/bin/gnu/h-i686-mingw32/bin/../lib/gcc/nios2-elf/4.1.2/../../../../nios2-elf/lib\libc.a(lib_a-impure.o)
 .data          0x00813374        0x0 c:/altera/10.1/nios2eds/bin/gnu/h-i686-mingw32/bin/../lib/gcc/nios2-elf/4.1.2/../../../../nios2-elf/lib\libc.a(lib_a-int_errno.o)
 .data          0x00813374        0xc c:/altera/10.1/nios2eds/bin/gnu/h-i686-mingw32/bin/../lib/gcc/nios2-elf/4.1.2/../../../../nios2-elf/lib\libc.a(lib_a-locale.o)
                0x00813374                __lc_ctype
 .data          0x00813380        0x0 c:/altera/10.1/nios2eds/bin/gnu/h-i686-mingw32/bin/../lib/gcc/nios2-elf/4.1.2/../../../../nios2-elf/lib\libc.a(lib_a-makebuf.o)
 .data          0x00813380      0x408 c:/altera/10.1/nios2eds/bin/gnu/h-i686-mingw32/bin/../lib/gcc/nios2-elf/4.1.2/../../../../nios2-elf/lib\libc.a(lib_a-mallocr.o)
                0x00813380                __malloc_av_
 .data          0x00813788        0x0 c:/altera/10.1/nios2eds/bin/gnu/h-i686-mingw32/bin/../lib/gcc/nios2-elf/4.1.2/../../../../nios2-elf/lib\libc.a(lib_a-memchr.o)
 .data          0x00813788        0x0 c:/altera/10.1/nios2eds/bin/gnu/h-i686-mingw32/bin/../lib/gcc/nios2-elf/4.1.2/../../../../nios2-elf/lib\libc.a(lib_a-memcpy.o)
 .data          0x00813788        0x0 c:/altera/10.1/nios2eds/bin/gnu/h-i686-mingw32/bin/../lib/gcc/nios2-elf/4.1.2/../../../../nios2-elf/lib\libc.a(lib_a-memmove.o)
 .data          0x00813788        0x0 c:/altera/10.1/nios2eds/bin/gnu/h-i686-mingw32/bin/../lib/gcc/nios2-elf/4.1.2/../../../../nios2-elf/lib\libc.a(lib_a-memset.o)
 .data          0x00813788        0x0 c:/altera/10.1/nios2eds/bin/gnu/h-i686-mingw32/bin/../lib/gcc/nios2-elf/4.1.2/../../../../nios2-elf/lib\libc.a(lib_a-mprec.o)
 .data          0x00813788        0x0 c:/altera/10.1/nios2eds/bin/gnu/h-i686-mingw32/bin/../lib/gcc/nios2-elf/4.1.2/../../../../nios2-elf/lib\libc.a(lib_a-reallocr.o)
 .data          0x00813788        0x0 c:/altera/10.1/nios2eds/bin/gnu/h-i686-mingw32/bin/../lib/gcc/nios2-elf/4.1.2/../../../../nios2-elf/lib\libc.a(lib_a-s_isinfd.o)
 .data          0x00813788        0x0 c:/altera/10.1/nios2eds/bin/gnu/h-i686-mingw32/bin/../lib/gcc/nios2-elf/4.1.2/../../../../nios2-elf/lib\libc.a(lib_a-s_isnand.o)
 .data          0x00813788        0x0 c:/altera/10.1/nios2eds/bin/gnu/h-i686-mingw32/bin/../lib/gcc/nios2-elf/4.1.2/../../../../nios2-elf/lib\libc.a(lib_a-sbrkr.o)
 .data          0x00813788        0x0 c:/altera/10.1/nios2eds/bin/gnu/h-i686-mingw32/bin/../lib/gcc/nios2-elf/4.1.2/../../../../nios2-elf/lib\libc.a(lib_a-stdio.o)
 .data          0x00813788        0x0 c:/altera/10.1/nios2eds/bin/gnu/h-i686-mingw32/bin/../lib/gcc/nios2-elf/4.1.2/../../../../nios2-elf/lib\libc.a(lib_a-strcmp.o)
 .data          0x00813788        0x0 c:/altera/10.1/nios2eds/bin/gnu/h-i686-mingw32/bin/../lib/gcc/nios2-elf/4.1.2/../../../../nios2-elf/lib\libc.a(lib_a-strlen.o)
 .data          0x00813788        0x0 c:/altera/10.1/nios2eds/bin/gnu/h-i686-mingw32/bin/../lib/gcc/nios2-elf/4.1.2/../../../../nios2-elf/lib\libc.a(lib_a-writer.o)
 .data          0x00813788        0x0 c:/altera/10.1/nios2eds/bin/gnu/h-i686-mingw32/bin/../lib/gcc/nios2-elf/4.1.2/../../../../nios2-elf/lib\libc.a(lib_a-callocr.o)
 .data          0x00813788        0x0 c:/altera/10.1/nios2eds/bin/gnu/h-i686-mingw32/bin/../lib/gcc/nios2-elf/4.1.2/../../../../nios2-elf/lib\libc.a(lib_a-closer.o)
 .data          0x00813788        0x0 c:/altera/10.1/nios2eds/bin/gnu/h-i686-mingw32/bin/../lib/gcc/nios2-elf/4.1.2/../../../../nios2-elf/lib\libc.a(lib_a-fclose.o)
 .data          0x00813788        0x0 c:/altera/10.1/nios2eds/bin/gnu/h-i686-mingw32/bin/../lib/gcc/nios2-elf/4.1.2/../../../../nios2-elf/lib\libc.a(lib_a-fstatr.o)
 .data          0x00813788        0x0 c:/altera/10.1/nios2eds/bin/gnu/h-i686-mingw32/bin/../lib/gcc/nios2-elf/4.1.2/../../../../nios2-elf/lib\libc.a(lib_a-isattyr.o)
 .data          0x00813788        0x0 c:/altera/10.1/nios2eds/bin/gnu/h-i686-mingw32/bin/../lib/gcc/nios2-elf/4.1.2/../../../../nios2-elf/lib\libc.a(lib_a-lseekr.o)
 .data          0x00813788        0x0 c:/altera/10.1/nios2eds/bin/gnu/h-i686-mingw32/bin/../lib/gcc/nios2-elf/4.1.2/../../../../nios2-elf/lib\libc.a(lib_a-readr.o)
 .data          0x00813788        0x0 c:/altera/10.1/nios2eds/bin/gnu/h-i686-mingw32/bin/../lib/gcc/nios2-elf/4.1.2\libgcc.a(_muldi3.o)
 .data          0x00813788        0x0 c:/altera/10.1/nios2eds/bin/gnu/h-i686-mingw32/bin/../lib/gcc/nios2-elf/4.1.2\libgcc.a(_udivdi3.o)
 .data          0x00813788        0x0 c:/altera/10.1/nios2eds/bin/gnu/h-i686-mingw32/bin/../lib/gcc/nios2-elf/4.1.2\libgcc.a(_umoddi3.o)
 .data          0x00813788        0x0 c:/altera/10.1/nios2eds/bin/gnu/h-i686-mingw32/bin/../lib/gcc/nios2-elf/4.1.2\libgcc.a(_addsub_df.o)
 .data          0x00813788        0x0 c:/altera/10.1/nios2eds/bin/gnu/h-i686-mingw32/bin/../lib/gcc/nios2-elf/4.1.2\libgcc.a(_mul_df.o)
 .data          0x00813788        0x0 c:/altera/10.1/nios2eds/bin/gnu/h-i686-mingw32/bin/../lib/gcc/nios2-elf/4.1.2\libgcc.a(_eq_df.o)
 .data          0x00813788        0x0 c:/altera/10.1/nios2eds/bin/gnu/h-i686-mingw32/bin/../lib/gcc/nios2-elf/4.1.2\libgcc.a(_ne_df.o)
 .data          0x00813788        0x0 c:/altera/10.1/nios2eds/bin/gnu/h-i686-mingw32/bin/../lib/gcc/nios2-elf/4.1.2\libgcc.a(_ge_df.o)
 .data          0x00813788        0x0 c:/altera/10.1/nios2eds/bin/gnu/h-i686-mingw32/bin/../lib/gcc/nios2-elf/4.1.2\libgcc.a(_df_to_si.o)
 .data          0x00813788        0x0 c:/altera/10.1/nios2eds/bin/gnu/h-i686-mingw32/bin/../lib/gcc/nios2-elf/4.1.2\libgcc.a(_usi_to_df.o)
 .data          0x00813788        0x0 ../hi_bsp\libhal_bsp.a(alt_close.o)
 .data          0x00813788      0x1a8 ../hi_bsp\libhal_bsp.a(alt_dev.o)
                0x00813788                alt_dev_null
                0x008137b0                alt_fd_list
 .data          0x00813930        0x0 ../hi_bsp\libhal_bsp.a(alt_errno.o)
 .data          0x00813930        0x0 ../hi_bsp\libhal_bsp.a(alt_fstat.o)
 .data          0x00813930        0x0 ../hi_bsp\libhal_bsp.a(alt_gettod.o)
 .data          0x00813930        0x0 ../hi_bsp\libhal_bsp.a(alt_isatty.o)
 .data          0x00813930        0x0 ../hi_bsp\libhal_bsp.a(alt_lseek.o)
 .data          0x00813930        0x0 ../hi_bsp\libhal_bsp.a(alt_main.o)
 .data          0x00813930        0x0 ../hi_bsp\libhal_bsp.a(alt_malloc_lock.o)
 .data          0x00813930        0x0 ../hi_bsp\libhal_bsp.a(alt_printf.o)
 .data          0x00813930        0x0 ../hi_bsp\libhal_bsp.a(alt_putchar.o)
 .data          0x00813930        0x0 ../hi_bsp\libhal_bsp.a(alt_read.o)
 .data          0x00813930        0x0 ../hi_bsp\libhal_bsp.a(alt_release_fd.o)
 .data          0x00813930        0x0 ../hi_bsp\libhal_bsp.a(alt_sbrk.o)
 .data          0x00813930        0x0 ../hi_bsp\libhal_bsp.a(alt_tick.o)
 .data          0x00813930        0x0 ../hi_bsp\libhal_bsp.a(alt_usleep.o)
 .data          0x00813930        0x0 ../hi_bsp\libhal_bsp.a(alt_write.o)
 .data          0x00813930     0x12d0 ../hi_bsp\libhal_bsp.a(alt_sys_init.o)
 .data          0x00814c00        0x0 ../hi_bsp\libhal_bsp.a(altera_avalon_cfi_flash.o)
 .data          0x00814c00        0x0 ../hi_bsp\libhal_bsp.a(altera_avalon_cfi_flash_table.o)
 .data          0x00814c00        0x0 ../hi_bsp\libhal_bsp.a(altera_avalon_jtag_uart_fd.o)
 .data          0x00814c00        0x0 ../hi_bsp\libhal_bsp.a(altera_avalon_jtag_uart_init.o)
 .data          0x00814c00        0x0 ../hi_bsp\libhal_bsp.a(altera_avalon_jtag_uart_ioctl.o)
 .data          0x00814c00        0x0 ../hi_bsp\libhal_bsp.a(altera_avalon_jtag_uart_read.o)
 .data          0x00814c00        0x0 ../hi_bsp\libhal_bsp.a(altera_avalon_jtag_uart_write.o)
 .data          0x00814c00        0x0 ../hi_bsp\libhal_bsp.a(altera_avalon_spi.o)
 .data          0x00814c00        0x0 ../hi_bsp\libhal_bsp.a(altera_avalon_timer_sc.o)
 .data          0x00814c00        0x0 ../hi_bsp\libhal_bsp.a(altera_avalon_uart_fd.o)
 .data          0x00814c00        0x0 ../hi_bsp\libhal_bsp.a(altera_avalon_uart_init.o)
 .data          0x00814c00        0x0 ../hi_bsp\libhal_bsp.a(altera_avalon_uart_read.o)
 .data          0x00814c00        0x0 ../hi_bsp\libhal_bsp.a(altera_avalon_uart_write.o)
 .data          0x00814c00        0x0 ../hi_bsp\libhal_bsp.a(altera_up_avalon_ps2.o)
 .data          0x00814c00        0x0 ../hi_bsp\libhal_bsp.a(altera_up_avalon_video_character_buffer_with_dma.o)
 .data          0x00814c00      0x2cc ../hi_bsp\libhal_bsp.a(altera_up_ps2_keyboard.o)
                0x00814c00                key_table
                0x00814d98                ascii_codes
                0x00814dfe                single_byte_make_code
                0x00814e64                multi_byte_make_code
 .data          0x00814ecc        0x0 ../hi_bsp\libhal_bsp.a(alt_alarm_start.o)
 .data          0x00814ecc        0x0 ../hi_bsp\libhal_bsp.a(alt_busy_sleep.o)
 .data          0x00814ecc        0x0 ../hi_bsp\libhal_bsp.a(alt_dcache_flush.o)
 .data          0x00814ecc        0x0 ../hi_bsp\libhal_bsp.a(alt_dev_llist_insert.o)
 .data          0x00814ecc        0x0 ../hi_bsp\libhal_bsp.a(alt_do_ctors.o)
 .data          0x00814ecc        0x0 ../hi_bsp\libhal_bsp.a(alt_do_dtors.o)
 .data          0x00814ecc        0x0 ../hi_bsp\libhal_bsp.a(alt_find_dev.o)
 .data          0x00814ecc        0x0 ../hi_bsp\libhal_bsp.a(alt_flash_dev.o)
 .data          0x00814ecc        0x0 ../hi_bsp\libhal_bsp.a(alt_io_redirect.o)
 .data          0x00814ecc        0x0 ../hi_bsp\libhal_bsp.a(alt_irq_register.o)
 .data          0x00814ecc        0x0 ../hi_bsp\libhal_bsp.a(alt_irq_vars.o)
 .data          0x00814ecc        0x0 ../hi_bsp\libhal_bsp.a(alt_open.o)
 .data          0x00814ecc        0x0 ../hi_bsp\libhal_bsp.a(altera_nios2_irq.o)
 .data          0x00814ecc        0x0 ../hi_bsp\libhal_bsp.a(altera_avalon_cfi_flash_amd.o)
 .data          0x00814ecc        0x0 ../hi_bsp\libhal_bsp.a(altera_avalon_cfi_flash_intel.o)
 .data          0x00814ecc        0x0 ../hi_bsp\libhal_bsp.a(alt_find_file.o)
 .data          0x00814ecc        0x0 ../hi_bsp\libhal_bsp.a(alt_get_fd.o)
 .data          0x00814ecc        0x0 ../hi_bsp\libhal_bsp.a(alt_irq_entry.o)
 .data          0x00814ecc        0x0 ../hi_bsp\libhal_bsp.a(alt_irq_handler.o)
 .data          0x00814ecc        0x0 ../hi_bsp\libhal_bsp.a(alt_exception_entry.o)
 .data          0x00814ecc        0x0 c:/altera/10.1/nios2eds/bin/gnu/h-i686-mingw32/bin/../lib/gcc/nios2-elf/4.1.2/../../../../nios2-elf/lib\libc.a(lib_a-atexit.o)
 .data          0x00814ecc        0x0 c:/altera/10.1/nios2eds/bin/gnu/h-i686-mingw32/bin/../lib/gcc/nios2-elf/4.1.2/../../../../nios2-elf/lib\libc.a(lib_a-exit.o)
 .data          0x00814ecc        0x0 c:/altera/10.1/nios2eds/bin/gnu/h-i686-mingw32/bin/../lib/gcc/nios2-elf/4.1.2/../../../../nios2-elf/lib\libc.a(lib_a-memcmp.o)
 .data          0x00814ecc        0x0 c:/altera/10.1/nios2eds/bin/gnu/h-i686-mingw32/bin/../lib/gcc/nios2-elf/4.1.2/../../../../nios2-elf/lib\libc.a(lib_a-putc.o)
 .data          0x00814ecc        0x0 c:/altera/10.1/nios2eds/bin/gnu/h-i686-mingw32/bin/../lib/gcc/nios2-elf/4.1.2/../../../../nios2-elf/lib\libc.a(lib_a-strcpy.o)
 .data          0x00814ecc        0x0 c:/altera/10.1/nios2eds/bin/gnu/h-i686-mingw32/bin/../lib/gcc/nios2-elf/4.1.2/../../../../nios2-elf/lib\libc.a(lib_a-wbuf.o)
 .data          0x00814ecc        0x0 c:/altera/10.1/nios2eds/bin/gnu/h-i686-mingw32/bin/../lib/gcc/nios2-elf/4.1.2/../../../../nios2-elf/lib\libc.a(lib_a-__atexit.o)
 .data          0x00814ecc        0x0 c:/altera/10.1/nios2eds/bin/gnu/h-i686-mingw32/bin/../lib/gcc/nios2-elf/4.1.2/../../../../nios2-elf/lib\libc.a(lib_a-__call_atexit.o)
 .data          0x00814ecc        0x0 ../hi_bsp\libhal_bsp.a(alt_exit.o)
                0x0081cecc                _gp = ABSOLUTE ((. + 0x8000))
                0x0081cecc                PROVIDE (gp, _gp)
 *(.sdata .sdata.* .gnu.linkonce.s.*)
 .sdata         0x00814ecc       0x14 obj/hello_world.o
                0x00814ecc                W
                0x00814ed0                H
                0x00814ed4                direct
                0x00814ed8                food
 .sdata         0x00814ee0        0x8 c:/altera/10.1/nios2eds/bin/gnu/h-i686-mingw32/bin/../lib/gcc/nios2-elf/4.1.2/../../../../nios2-elf/lib\libc.a(lib_a-impure.o)
                0x00814ee0                _impure_ptr
                0x00814ee4                _global_impure_ptr
 .sdata         0x00814ee8        0x8 c:/altera/10.1/nios2eds/bin/gnu/h-i686-mingw32/bin/../lib/gcc/nios2-elf/4.1.2/../../../../nios2-elf/lib\libc.a(lib_a-locale.o)
                0x00814ee8                __mb_cur_max
 .sdata         0x00814ef0        0x8 c:/altera/10.1/nios2eds/bin/gnu/h-i686-mingw32/bin/../lib/gcc/nios2-elf/4.1.2/../../../../nios2-elf/lib\libc.a(lib_a-mallocr.o)
                0x00814ef0                __malloc_trim_threshold
                0x00814ef4                __malloc_sbrk_base
 .sdata         0x00814ef8       0x14 ../hi_bsp\libhal_bsp.a(alt_dev.o)
                0x00814ef8                alt_fs_list
                0x00814f00                alt_dev_list
                0x00814f08                alt_max_fd
 .sdata         0x00814f0c        0x4 ../hi_bsp\libhal_bsp.a(alt_errno.o)
                0x00814f0c                alt_errno
 .sdata         0x00814f10        0x4 ../hi_bsp\libhal_bsp.a(alt_sbrk.o)
 .sdata         0x00814f14        0x8 ../hi_bsp\libhal_bsp.a(alt_tick.o)
                0x00814f14                alt_alarm_list
 .sdata         0x00814f1c        0x8 ../hi_bsp\libhal_bsp.a(alt_flash_dev.o)
                0x00814f1c                alt_flash_dev_list
 .sdata         0x00814f24        0x4 ../hi_bsp\libhal_bsp.a(alt_irq_vars.o)
                0x00814f24                alt_priority_mask
 *(.sdata2 .sdata2.* .gnu.linkonce.s2.*)
                0x00814f28                . = ALIGN (0x4)
                0x00814f28                _edata = ABSOLUTE (.)
                0x00814f28                PROVIDE (edata, ABSOLUTE (.))
                0x00814f28                PROVIDE (__ram_rwdata_end, ABSOLUTE (.))
                0x00812f74                PROVIDE (__flash_rwdata_start, LOADADDR (.rwdata))

.bss            0x00814f28     0x1a48
                0x00814f28                __bss_start = ABSOLUTE (.)
                0x00814f28                PROVIDE (__sbss_start, ABSOLUTE (.))
                0x00814f28                PROVIDE (___sbss_start, ABSOLUTE (.))
 *(.dynsbss)
 *(.sbss .sbss.* .gnu.linkonce.sb.*)
 .sbss          0x00814f28       0x10 obj/hello_world.o
                0x00814f28                key
                0x00814f2c                num
                0x00814f30                btime
 .sbss          0x00814f38        0x4 obj/hello_world.o
                0x00814f38                head
 .sbss          0x00814f3c        0x4 c:/altera/10.1/nios2eds/bin/gnu/h-i686-mingw32/bin/../lib/gcc/nios2-elf/4.1.2/../../../../nios2-elf/lib\libc.a(lib_a-int_errno.o)
                0x00814f3c                errno
 .sbss          0x00814f40        0xc c:/altera/10.1/nios2eds/bin/gnu/h-i686-mingw32/bin/../lib/gcc/nios2-elf/4.1.2/../../../../nios2-elf/lib\libc.a(lib_a-locale.o)
                0x00814f40                __nlocale_changed
                0x00814f44                __mlocale_changed
                0x00814f48                _PathLocale
 .sbss          0x00814f4c        0xc c:/altera/10.1/nios2eds/bin/gnu/h-i686-mingw32/bin/../lib/gcc/nios2-elf/4.1.2/../../../../nios2-elf/lib\libc.a(lib_a-mallocr.o)
                0x00814f4c                __malloc_top_pad
                0x00814f50                __malloc_max_sbrked_mem
                0x00814f54                __malloc_max_total_mem
 .sbss          0x00814f58       0x10 ../hi_bsp\libhal_bsp.a(alt_gettod.o)
                0x00814f58                alt_timezone
                0x00814f60                alt_resettime
 .sbss          0x00814f68        0xc ../hi_bsp\libhal_bsp.a(alt_main.o)
                0x00814f68                alt_argc
                0x00814f6c                alt_argv
                0x00814f70                alt_envp
 .sbss          0x00814f74        0x8 ../hi_bsp\libhal_bsp.a(alt_tick.o)
                0x00814f74                _alt_tick_rate
                0x00814f78                _alt_nticks
 .sbss          0x00814f7c        0x4 ../hi_bsp\libhal_bsp.a(alt_irq_vars.o)
                0x00814f7c                alt_irq_active
 *(.sbss2 .sbss2.* .gnu.linkonce.sb2.*)
 *(.scommon)
                0x00814f80                PROVIDE (__sbss_end, ABSOLUTE (.))
                0x00814f80                PROVIDE (___sbss_end, ABSOLUTE (.))
 *(.dynbss)
 *(.bss .bss.* .gnu.linkonce.b.*)
 .bss           0x00814f80        0x0 ../hi_bsp/obj/HAL/src/crt0.o
 .bss           0x00814f80        0x0 obj/hello_world.o
 .bss           0x00814f80        0x0 c:/altera/10.1/nios2eds/bin/gnu/h-i686-mingw32/bin/../lib/gcc/nios2-elf/4.1.2\libgcc.a(_gt_sf.o)
 .bss           0x00814f80        0x0 c:/altera/10.1/nios2eds/bin/gnu/h-i686-mingw32/bin/../lib/gcc/nios2-elf/4.1.2\libgcc.a(_lt_sf.o)
 .bss           0x00814f80        0x0 c:/altera/10.1/nios2eds/bin/gnu/h-i686-mingw32/bin/../lib/gcc/nios2-elf/4.1.2\libgcc.a(_sf_to_df.o)
 .bss           0x00814f80        0x0 c:/altera/10.1/nios2eds/bin/gnu/h-i686-mingw32/bin/../lib/gcc/nios2-elf/4.1.2\libgcc.a(_div_df.o)
 .bss           0x00814f80        0x0 c:/altera/10.1/nios2eds/bin/gnu/h-i686-mingw32/bin/../lib/gcc/nios2-elf/4.1.2\libgcc.a(_gt_df.o)
 .bss           0x00814f80        0x0 c:/altera/10.1/nios2eds/bin/gnu/h-i686-mingw32/bin/../lib/gcc/nios2-elf/4.1.2\libgcc.a(_lt_df.o)
 .bss           0x00814f80        0x0 c:/altera/10.1/nios2eds/bin/gnu/h-i686-mingw32/bin/../lib/gcc/nios2-elf/4.1.2\libgcc.a(_si_to_df.o)
 .bss           0x00814f80        0x0 c:/altera/10.1/nios2eds/bin/gnu/h-i686-mingw32/bin/../lib/gcc/nios2-elf/4.1.2\libgcc.a(_make_df.o)
 .bss           0x00814f80        0x0 c:/altera/10.1/nios2eds/bin/gnu/h-i686-mingw32/bin/../lib/gcc/nios2-elf/4.1.2\libgcc.a(_df_to_sf.o)
 .bss           0x00814f80        0x0 c:/altera/10.1/nios2eds/bin/gnu/h-i686-mingw32/bin/../lib/gcc/nios2-elf/4.1.2\libgcc.a(_thenan_df.o)
 .bss           0x00814f80        0x0 c:/altera/10.1/nios2eds/bin/gnu/h-i686-mingw32/bin/../lib/gcc/nios2-elf/4.1.2\libgcc.a(lib2-divmod.o)
 .bss           0x00814f80        0x0 c:/altera/10.1/nios2eds/bin/gnu/h-i686-mingw32/bin/../lib/gcc/nios2-elf/4.1.2\libgcc.a(_clzsi2.o)
 .bss           0x00814f80        0x0 c:/altera/10.1/nios2eds/bin/gnu/h-i686-mingw32/bin/../lib/gcc/nios2-elf/4.1.2\libgcc.a(_unpack_sf.o)
 .bss           0x00814f80        0x0 c:/altera/10.1/nios2eds/bin/gnu/h-i686-mingw32/bin/../lib/gcc/nios2-elf/4.1.2\libgcc.a(_fpcmp_parts_sf.o)
 .bss           0x00814f80        0x0 c:/altera/10.1/nios2eds/bin/gnu/h-i686-mingw32/bin/../lib/gcc/nios2-elf/4.1.2\libgcc.a(_make_sf.o)
 .bss           0x00814f80        0x0 c:/altera/10.1/nios2eds/bin/gnu/h-i686-mingw32/bin/../lib/gcc/nios2-elf/4.1.2\libgcc.a(_pack_df.o)
 .bss           0x00814f80        0x0 c:/altera/10.1/nios2eds/bin/gnu/h-i686-mingw32/bin/../lib/gcc/nios2-elf/4.1.2\libgcc.a(_unpack_df.o)
 .bss           0x00814f80        0x0 c:/altera/10.1/nios2eds/bin/gnu/h-i686-mingw32/bin/../lib/gcc/nios2-elf/4.1.2\libgcc.a(_fpcmp_parts_df.o)
 .bss           0x00814f80        0x0 c:/altera/10.1/nios2eds/bin/gnu/h-i686-mingw32/bin/../lib/gcc/nios2-elf/4.1.2\libgcc.a(_clz.o)
 .bss           0x00814f80        0x0 c:/altera/10.1/nios2eds/bin/gnu/h-i686-mingw32/bin/../lib/gcc/nios2-elf/4.1.2\libgcc.a(_pack_sf.o)
 .bss           0x00814f80        0x0 c:/altera/10.1/nios2eds/bin/gnu/h-i686-mingw32/bin/../lib/gcc/nios2-elf/4.1.2/../../../../nios2-elf/lib\libc.a(lib_a-printf.o)
 .bss           0x00814f80        0x0 c:/altera/10.1/nios2eds/bin/gnu/h-i686-mingw32/bin/../lib/gcc/nios2-elf/4.1.2/../../../../nios2-elf/lib\libc.a(lib_a-rand.o)
 .bss           0x00814f80        0x0 c:/altera/10.1/nios2eds/bin/gnu/h-i686-mingw32/bin/../lib/gcc/nios2-elf/4.1.2/../../../../nios2-elf/lib\libc.a(lib_a-time.o)
 .bss           0x00814f80        0x0 c:/altera/10.1/nios2eds/bin/gnu/h-i686-mingw32/bin/../lib/gcc/nios2-elf/4.1.2/../../../../nios2-elf/lib\libc.a(lib_a-vfprintf.o)
 .bss           0x00814f80        0x0 c:/altera/10.1/nios2eds/bin/gnu/h-i686-mingw32/bin/../lib/gcc/nios2-elf/4.1.2/../../../../nios2-elf/lib\libc.a(lib_a-wsetup.o)
 .bss           0x00814f80        0x0 c:/altera/10.1/nios2eds/bin/gnu/h-i686-mingw32/bin/../lib/gcc/nios2-elf/4.1.2/../../../../nios2-elf/lib\libc.a(lib_a-dtoa.o)
 .bss           0x00814f80        0x0 c:/altera/10.1/nios2eds/bin/gnu/h-i686-mingw32/bin/../lib/gcc/nios2-elf/4.1.2/../../../../nios2-elf/lib\libc.a(lib_a-fflush.o)
 .bss           0x00814f80        0x0 c:/altera/10.1/nios2eds/bin/gnu/h-i686-mingw32/bin/../lib/gcc/nios2-elf/4.1.2/../../../../nios2-elf/lib\libc.a(lib_a-findfp.o)
 .bss           0x00814f80        0x0 c:/altera/10.1/nios2eds/bin/gnu/h-i686-mingw32/bin/../lib/gcc/nios2-elf/4.1.2/../../../../nios2-elf/lib\libc.a(lib_a-freer.o)
 .bss           0x00814f80        0x0 c:/altera/10.1/nios2eds/bin/gnu/h-i686-mingw32/bin/../lib/gcc/nios2-elf/4.1.2/../../../../nios2-elf/lib\libc.a(lib_a-fvwrite.o)
 .bss           0x00814f80        0x0 c:/altera/10.1/nios2eds/bin/gnu/h-i686-mingw32/bin/../lib/gcc/nios2-elf/4.1.2/../../../../nios2-elf/lib\libc.a(lib_a-fwalk.o)
 .bss           0x00814f80        0x0 c:/altera/10.1/nios2eds/bin/gnu/h-i686-mingw32/bin/../lib/gcc/nios2-elf/4.1.2/../../../../nios2-elf/lib\libc.a(lib_a-gettimeofdayr.o)
 .bss           0x00814f80        0x0 c:/altera/10.1/nios2eds/bin/gnu/h-i686-mingw32/bin/../lib/gcc/nios2-elf/4.1.2/../../../../nios2-elf/lib\libc.a(lib_a-impure.o)
 .bss           0x00814f80        0x0 c:/altera/10.1/nios2eds/bin/gnu/h-i686-mingw32/bin/../lib/gcc/nios2-elf/4.1.2/../../../../nios2-elf/lib\libc.a(lib_a-int_errno.o)
 .bss           0x00814f80        0x0 c:/altera/10.1/nios2eds/bin/gnu/h-i686-mingw32/bin/../lib/gcc/nios2-elf/4.1.2/../../../../nios2-elf/lib\libc.a(lib_a-locale.o)
 .bss           0x00814f80        0x0 c:/altera/10.1/nios2eds/bin/gnu/h-i686-mingw32/bin/../lib/gcc/nios2-elf/4.1.2/../../../../nios2-elf/lib\libc.a(lib_a-makebuf.o)
 .bss           0x00814f80       0x28 c:/altera/10.1/nios2eds/bin/gnu/h-i686-mingw32/bin/../lib/gcc/nios2-elf/4.1.2/../../../../nios2-elf/lib\libc.a(lib_a-mallocr.o)
                0x00814f80                __malloc_current_mallinfo
 .bss           0x00814fa8        0x0 c:/altera/10.1/nios2eds/bin/gnu/h-i686-mingw32/bin/../lib/gcc/nios2-elf/4.1.2/../../../../nios2-elf/lib\libc.a(lib_a-memchr.o)
 .bss           0x00814fa8        0x0 c:/altera/10.1/nios2eds/bin/gnu/h-i686-mingw32/bin/../lib/gcc/nios2-elf/4.1.2/../../../../nios2-elf/lib\libc.a(lib_a-memcpy.o)
 .bss           0x00814fa8        0x0 c:/altera/10.1/nios2eds/bin/gnu/h-i686-mingw32/bin/../lib/gcc/nios2-elf/4.1.2/../../../../nios2-elf/lib\libc.a(lib_a-memmove.o)
 .bss           0x00814fa8        0x0 c:/altera/10.1/nios2eds/bin/gnu/h-i686-mingw32/bin/../lib/gcc/nios2-elf/4.1.2/../../../../nios2-elf/lib\libc.a(lib_a-memset.o)
 .bss           0x00814fa8        0x0 c:/altera/10.1/nios2eds/bin/gnu/h-i686-mingw32/bin/../lib/gcc/nios2-elf/4.1.2/../../../../nios2-elf/lib\libc.a(lib_a-mprec.o)
 .bss           0x00814fa8        0x0 c:/altera/10.1/nios2eds/bin/gnu/h-i686-mingw32/bin/../lib/gcc/nios2-elf/4.1.2/../../../../nios2-elf/lib\libc.a(lib_a-reallocr.o)
 .bss           0x00814fa8        0x0 c:/altera/10.1/nios2eds/bin/gnu/h-i686-mingw32/bin/../lib/gcc/nios2-elf/4.1.2/../../../../nios2-elf/lib\libc.a(lib_a-s_isinfd.o)
 .bss           0x00814fa8        0x0 c:/altera/10.1/nios2eds/bin/gnu/h-i686-mingw32/bin/../lib/gcc/nios2-elf/4.1.2/../../../../nios2-elf/lib\libc.a(lib_a-s_isnand.o)
 .bss           0x00814fa8        0x0 c:/altera/10.1/nios2eds/bin/gnu/h-i686-mingw32/bin/../lib/gcc/nios2-elf/4.1.2/../../../../nios2-elf/lib\libc.a(lib_a-sbrkr.o)
 .bss           0x00814fa8        0x0 c:/altera/10.1/nios2eds/bin/gnu/h-i686-mingw32/bin/../lib/gcc/nios2-elf/4.1.2/../../../../nios2-elf/lib\libc.a(lib_a-stdio.o)
 .bss           0x00814fa8        0x0 c:/altera/10.1/nios2eds/bin/gnu/h-i686-mingw32/bin/../lib/gcc/nios2-elf/4.1.2/../../../../nios2-elf/lib\libc.a(lib_a-strcmp.o)
 .bss           0x00814fa8        0x0 c:/altera/10.1/nios2eds/bin/gnu/h-i686-mingw32/bin/../lib/gcc/nios2-elf/4.1.2/../../../../nios2-elf/lib\libc.a(lib_a-strlen.o)
 .bss           0x00814fa8        0x0 c:/altera/10.1/nios2eds/bin/gnu/h-i686-mingw32/bin/../lib/gcc/nios2-elf/4.1.2/../../../../nios2-elf/lib\libc.a(lib_a-writer.o)
 .bss           0x00814fa8        0x0 c:/altera/10.1/nios2eds/bin/gnu/h-i686-mingw32/bin/../lib/gcc/nios2-elf/4.1.2/../../../../nios2-elf/lib\libc.a(lib_a-callocr.o)
 .bss           0x00814fa8        0x0 c:/altera/10.1/nios2eds/bin/gnu/h-i686-mingw32/bin/../lib/gcc/nios2-elf/4.1.2/../../../../nios2-elf/lib\libc.a(lib_a-closer.o)
 .bss           0x00814fa8        0x0 c:/altera/10.1/nios2eds/bin/gnu/h-i686-mingw32/bin/../lib/gcc/nios2-elf/4.1.2/../../../../nios2-elf/lib\libc.a(lib_a-fclose.o)
 .bss           0x00814fa8        0x0 c:/altera/10.1/nios2eds/bin/gnu/h-i686-mingw32/bin/../lib/gcc/nios2-elf/4.1.2/../../../../nios2-elf/lib\libc.a(lib_a-fstatr.o)
 .bss           0x00814fa8        0x0 c:/altera/10.1/nios2eds/bin/gnu/h-i686-mingw32/bin/../lib/gcc/nios2-elf/4.1.2/../../../../nios2-elf/lib\libc.a(lib_a-isattyr.o)
 .bss           0x00814fa8        0x0 c:/altera/10.1/nios2eds/bin/gnu/h-i686-mingw32/bin/../lib/gcc/nios2-elf/4.1.2/../../../../nios2-elf/lib\libc.a(lib_a-lseekr.o)
 .bss           0x00814fa8        0x0 c:/altera/10.1/nios2eds/bin/gnu/h-i686-mingw32/bin/../lib/gcc/nios2-elf/4.1.2/../../../../nios2-elf/lib\libc.a(lib_a-readr.o)
 .bss           0x00814fa8        0x0 c:/altera/10.1/nios2eds/bin/gnu/h-i686-mingw32/bin/../lib/gcc/nios2-elf/4.1.2\libgcc.a(_muldi3.o)
 .bss           0x00814fa8        0x0 c:/altera/10.1/nios2eds/bin/gnu/h-i686-mingw32/bin/../lib/gcc/nios2-elf/4.1.2\libgcc.a(_udivdi3.o)
 .bss           0x00814fa8        0x0 c:/altera/10.1/nios2eds/bin/gnu/h-i686-mingw32/bin/../lib/gcc/nios2-elf/4.1.2\libgcc.a(_umoddi3.o)
 .bss           0x00814fa8        0x0 c:/altera/10.1/nios2eds/bin/gnu/h-i686-mingw32/bin/../lib/gcc/nios2-elf/4.1.2\libgcc.a(_addsub_df.o)
 .bss           0x00814fa8        0x0 c:/altera/10.1/nios2eds/bin/gnu/h-i686-mingw32/bin/../lib/gcc/nios2-elf/4.1.2\libgcc.a(_mul_df.o)
 .bss           0x00814fa8        0x0 c:/altera/10.1/nios2eds/bin/gnu/h-i686-mingw32/bin/../lib/gcc/nios2-elf/4.1.2\libgcc.a(_eq_df.o)
 .bss           0x00814fa8        0x0 c:/altera/10.1/nios2eds/bin/gnu/h-i686-mingw32/bin/../lib/gcc/nios2-elf/4.1.2\libgcc.a(_ne_df.o)
 .bss           0x00814fa8        0x0 c:/altera/10.1/nios2eds/bin/gnu/h-i686-mingw32/bin/../lib/gcc/nios2-elf/4.1.2\libgcc.a(_ge_df.o)
 .bss           0x00814fa8        0x0 c:/altera/10.1/nios2eds/bin/gnu/h-i686-mingw32/bin/../lib/gcc/nios2-elf/4.1.2\libgcc.a(_df_to_si.o)
 .bss           0x00814fa8        0x0 c:/altera/10.1/nios2eds/bin/gnu/h-i686-mingw32/bin/../lib/gcc/nios2-elf/4.1.2\libgcc.a(_usi_to_df.o)
 .bss           0x00814fa8        0x0 ../hi_bsp\libhal_bsp.a(alt_close.o)
 .bss           0x00814fa8        0x0 ../hi_bsp\libhal_bsp.a(alt_dev.o)
 .bss           0x00814fa8        0x0 ../hi_bsp\libhal_bsp.a(alt_errno.o)
 .bss           0x00814fa8        0x0 ../hi_bsp\libhal_bsp.a(alt_fstat.o)
 .bss           0x00814fa8        0x0 ../hi_bsp\libhal_bsp.a(alt_gettod.o)
 .bss           0x00814fa8        0x0 ../hi_bsp\libhal_bsp.a(alt_isatty.o)
 .bss           0x00814fa8        0x0 ../hi_bsp\libhal_bsp.a(alt_lseek.o)
 .bss           0x00814fa8        0x0 ../hi_bsp\libhal_bsp.a(alt_main.o)
 .bss           0x00814fa8        0x0 ../hi_bsp\libhal_bsp.a(alt_malloc_lock.o)
 .bss           0x00814fa8        0x0 ../hi_bsp\libhal_bsp.a(alt_printf.o)
 .bss           0x00814fa8        0x0 ../hi_bsp\libhal_bsp.a(alt_putchar.o)
 .bss           0x00814fa8        0x0 ../hi_bsp\libhal_bsp.a(alt_read.o)
 .bss           0x00814fa8        0x0 ../hi_bsp\libhal_bsp.a(alt_release_fd.o)
 .bss           0x00814fa8        0x0 ../hi_bsp\libhal_bsp.a(alt_sbrk.o)
 .bss           0x00814fa8        0x0 ../hi_bsp\libhal_bsp.a(alt_tick.o)
 .bss           0x00814fa8        0x0 ../hi_bsp\libhal_bsp.a(alt_usleep.o)
 .bss           0x00814fa8        0x0 ../hi_bsp\libhal_bsp.a(alt_write.o)
 .bss           0x00814fa8        0x0 ../hi_bsp\libhal_bsp.a(alt_sys_init.o)
 .bss           0x00814fa8        0x0 ../hi_bsp\libhal_bsp.a(altera_avalon_cfi_flash.o)
 .bss           0x00814fa8        0x0 ../hi_bsp\libhal_bsp.a(altera_avalon_cfi_flash_table.o)
 .bss           0x00814fa8        0x0 ../hi_bsp\libhal_bsp.a(altera_avalon_jtag_uart_fd.o)
 .bss           0x00814fa8        0x0 ../hi_bsp\libhal_bsp.a(altera_avalon_jtag_uart_init.o)
 .bss           0x00814fa8        0x0 ../hi_bsp\libhal_bsp.a(altera_avalon_jtag_uart_ioctl.o)
 .bss           0x00814fa8        0x0 ../hi_bsp\libhal_bsp.a(altera_avalon_jtag_uart_read.o)
 .bss           0x00814fa8        0x0 ../hi_bsp\libhal_bsp.a(altera_avalon_jtag_uart_write.o)
 .bss           0x00814fa8        0x0 ../hi_bsp\libhal_bsp.a(altera_avalon_spi.o)
 .bss           0x00814fa8        0x0 ../hi_bsp\libhal_bsp.a(altera_avalon_timer_sc.o)
 .bss           0x00814fa8        0x0 ../hi_bsp\libhal_bsp.a(altera_avalon_uart_fd.o)
 .bss           0x00814fa8        0x0 ../hi_bsp\libhal_bsp.a(altera_avalon_uart_init.o)
 .bss           0x00814fa8        0x0 ../hi_bsp\libhal_bsp.a(altera_avalon_uart_read.o)
 .bss           0x00814fa8        0x0 ../hi_bsp\libhal_bsp.a(altera_avalon_uart_write.o)
 .bss           0x00814fa8        0x0 ../hi_bsp\libhal_bsp.a(altera_up_avalon_ps2.o)
 .bss           0x00814fa8        0x0 ../hi_bsp\libhal_bsp.a(altera_up_avalon_video_character_buffer_with_dma.o)
 .bss           0x00814fa8        0x0 ../hi_bsp\libhal_bsp.a(altera_up_ps2_keyboard.o)
 .bss           0x00814fa8        0x0 ../hi_bsp\libhal_bsp.a(alt_alarm_start.o)
 .bss           0x00814fa8        0x0 ../hi_bsp\libhal_bsp.a(alt_busy_sleep.o)
 .bss           0x00814fa8        0x0 ../hi_bsp\libhal_bsp.a(alt_dcache_flush.o)
 .bss           0x00814fa8        0x0 ../hi_bsp\libhal_bsp.a(alt_dev_llist_insert.o)
 .bss           0x00814fa8        0x0 ../hi_bsp\libhal_bsp.a(alt_do_ctors.o)
 .bss           0x00814fa8        0x0 ../hi_bsp\libhal_bsp.a(alt_do_dtors.o)
 .bss           0x00814fa8        0x0 ../hi_bsp\libhal_bsp.a(alt_find_dev.o)
 .bss           0x00814fa8        0x0 ../hi_bsp\libhal_bsp.a(alt_flash_dev.o)
 .bss           0x00814fa8        0x0 ../hi_bsp\libhal_bsp.a(alt_io_redirect.o)
 .bss           0x00814fa8        0x0 ../hi_bsp\libhal_bsp.a(alt_irq_register.o)
 .bss           0x00814fa8        0x0 ../hi_bsp\libhal_bsp.a(alt_irq_vars.o)
 .bss           0x00814fa8        0x0 ../hi_bsp\libhal_bsp.a(alt_open.o)
 .bss           0x00814fa8        0x0 ../hi_bsp\libhal_bsp.a(altera_nios2_irq.o)
 .bss           0x00814fa8        0x0 ../hi_bsp\libhal_bsp.a(altera_avalon_cfi_flash_amd.o)
 .bss           0x00814fa8        0x0 ../hi_bsp\libhal_bsp.a(altera_avalon_cfi_flash_intel.o)
 .bss           0x00814fa8        0x0 ../hi_bsp\libhal_bsp.a(alt_find_file.o)
 .bss           0x00814fa8        0x0 ../hi_bsp\libhal_bsp.a(alt_get_fd.o)
 .bss           0x00814fa8        0x0 ../hi_bsp\libhal_bsp.a(alt_irq_entry.o)
 .bss           0x00814fa8        0x0 ../hi_bsp\libhal_bsp.a(alt_irq_handler.o)
 .bss           0x00814fa8        0x0 ../hi_bsp\libhal_bsp.a(alt_exception_entry.o)
 .bss           0x00814fa8        0x0 c:/altera/10.1/nios2eds/bin/gnu/h-i686-mingw32/bin/../lib/gcc/nios2-elf/4.1.2/../../../../nios2-elf/lib\libc.a(lib_a-atexit.o)
 .bss           0x00814fa8        0x0 c:/altera/10.1/nios2eds/bin/gnu/h-i686-mingw32/bin/../lib/gcc/nios2-elf/4.1.2/../../../../nios2-elf/lib\libc.a(lib_a-exit.o)
 .bss           0x00814fa8        0x0 c:/altera/10.1/nios2eds/bin/gnu/h-i686-mingw32/bin/../lib/gcc/nios2-elf/4.1.2/../../../../nios2-elf/lib\libc.a(lib_a-memcmp.o)
 .bss           0x00814fa8        0x0 c:/altera/10.1/nios2eds/bin/gnu/h-i686-mingw32/bin/../lib/gcc/nios2-elf/4.1.2/../../../../nios2-elf/lib\libc.a(lib_a-putc.o)
 .bss           0x00814fa8        0x0 c:/altera/10.1/nios2eds/bin/gnu/h-i686-mingw32/bin/../lib/gcc/nios2-elf/4.1.2/../../../../nios2-elf/lib\libc.a(lib_a-strcpy.o)
 .bss           0x00814fa8        0x0 c:/altera/10.1/nios2eds/bin/gnu/h-i686-mingw32/bin/../lib/gcc/nios2-elf/4.1.2/../../../../nios2-elf/lib\libc.a(lib_a-wbuf.o)
 .bss           0x00814fa8        0x0 c:/altera/10.1/nios2eds/bin/gnu/h-i686-mingw32/bin/../lib/gcc/nios2-elf/4.1.2/../../../../nios2-elf/lib\libc.a(lib_a-__atexit.o)
 .bss           0x00814fa8        0x0 c:/altera/10.1/nios2eds/bin/gnu/h-i686-mingw32/bin/../lib/gcc/nios2-elf/4.1.2/../../../../nios2-elf/lib\libc.a(lib_a-__call_atexit.o)
 .bss           0x00814fa8        0x0 ../hi_bsp\libhal_bsp.a(alt_exit.o)
 *(COMMON)
 COMMON         0x00814fa8     0x1738 obj/hello_world.o
                0x00814fa8                snake
                0x00816268                map
 COMMON         0x008166e0      0x100 ../hi_bsp\libhal_bsp.a(alt_irq_handler.o)
                0x008166e0                alt_irq
 COMMON         0x008167e0      0x190 c:/altera/10.1/nios2eds/bin/gnu/h-i686-mingw32/bin/../lib/gcc/nios2-elf/4.1.2/../../../../nios2-elf/lib\libc.a(lib_a-atexit.o)
                0x008167e0                _atexit0
                0x00816970                . = ALIGN (0x4)
                0x00816970                __bss_end = ABSOLUTE (.)

.sdram          0x00816970        0x0
                0x00816970                PROVIDE (_alt_partition_sdram_start, ABSOLUTE (.))
 *(.sdram. sdram.*)
                0x00816970                . = ALIGN (0x4)
                0x00816970                PROVIDE (_alt_partition_sdram_end, ABSOLUTE (.))
                0x00816970                _end = ABSOLUTE (.)
                0x00816970                end = ABSOLUTE (.)
                0x00816970                __alt_stack_base = ABSOLUTE (.)
                0x00816970                PROVIDE (_alt_partition_sdram_load_addr, LOADADDR (.sdram))

.cfi_flash      0x01400020        0x0
                0x01400020                PROVIDE (_alt_partition_cfi_flash_start, ABSOLUTE (.))
 *(.cfi_flash. cfi_flash.*)
                0x01400020                . = ALIGN (0x4)
                0x01400020                PROVIDE (_alt_partition_cfi_flash_end, ABSOLUTE (.))
                0x01400020                PROVIDE (_alt_partition_cfi_flash_load_addr, LOADADDR (.cfi_flash))

.onchip_memory  0x01800000        0x0
                0x01800000                PROVIDE (_alt_partition_onchip_memory_start, ABSOLUTE (.))
 *(.onchip_memory. onchip_memory.*)
                0x01800000                . = ALIGN (0x4)
                0x01800000                PROVIDE (_alt_partition_onchip_memory_end, ABSOLUTE (.))
                0x01800000                PROVIDE (_alt_partition_onchip_memory_load_addr, LOADADDR (.onchip_memory))

.stab
 *(.stab)

.stabstr
 *(.stabstr)

.stab.excl
 *(.stab.excl)

.stab.exclstr
 *(.stab.exclstr)

.stab.index
 *(.stab.index)

.stab.indexstr
 *(.stab.indexstr)

.comment        0x00000000       0x23
 *(.comment)
 .comment       0x00000000       0x23 obj/hello_world.o
                                 0x24 (size before relaxing)
 .comment       0x00000000       0x24 c:/altera/10.1/nios2eds/bin/gnu/h-i686-mingw32/bin/../lib/gcc/nios2-elf/4.1.2\libgcc.a(_gt_sf.o)
 .comment       0x00000000       0x24 c:/altera/10.1/nios2eds/bin/gnu/h-i686-mingw32/bin/../lib/gcc/nios2-elf/4.1.2\libgcc.a(_lt_sf.o)
 .comment       0x00000000       0x24 c:/altera/10.1/nios2eds/bin/gnu/h-i686-mingw32/bin/../lib/gcc/nios2-elf/4.1.2\libgcc.a(_sf_to_df.o)
 .comment       0x00000000       0x24 c:/altera/10.1/nios2eds/bin/gnu/h-i686-mingw32/bin/../lib/gcc/nios2-elf/4.1.2\libgcc.a(_div_df.o)
 .comment       0x00000000       0x24 c:/altera/10.1/nios2eds/bin/gnu/h-i686-mingw32/bin/../lib/gcc/nios2-elf/4.1.2\libgcc.a(_gt_df.o)
 .comment       0x00000000       0x24 c:/altera/10.1/nios2eds/bin/gnu/h-i686-mingw32/bin/../lib/gcc/nios2-elf/4.1.2\libgcc.a(_lt_df.o)
 .comment       0x00000000       0x24 c:/altera/10.1/nios2eds/bin/gnu/h-i686-mingw32/bin/../lib/gcc/nios2-elf/4.1.2\libgcc.a(_si_to_df.o)
 .comment       0x00000000       0x24 c:/altera/10.1/nios2eds/bin/gnu/h-i686-mingw32/bin/../lib/gcc/nios2-elf/4.1.2\libgcc.a(_make_df.o)
 .comment       0x00000000       0x24 c:/altera/10.1/nios2eds/bin/gnu/h-i686-mingw32/bin/../lib/gcc/nios2-elf/4.1.2\libgcc.a(_df_to_sf.o)
 .comment       0x00000000       0x24 c:/altera/10.1/nios2eds/bin/gnu/h-i686-mingw32/bin/../lib/gcc/nios2-elf/4.1.2\libgcc.a(_thenan_df.o)
 .comment       0x00000000       0x24 c:/altera/10.1/nios2eds/bin/gnu/h-i686-mingw32/bin/../lib/gcc/nios2-elf/4.1.2\libgcc.a(lib2-divmod.o)
 .comment       0x00000000       0x24 c:/altera/10.1/nios2eds/bin/gnu/h-i686-mingw32/bin/../lib/gcc/nios2-elf/4.1.2\libgcc.a(_clzsi2.o)
 .comment       0x00000000       0x24 c:/altera/10.1/nios2eds/bin/gnu/h-i686-mingw32/bin/../lib/gcc/nios2-elf/4.1.2\libgcc.a(_unpack_sf.o)
 .comment       0x00000000       0x24 c:/altera/10.1/nios2eds/bin/gnu/h-i686-mingw32/bin/../lib/gcc/nios2-elf/4.1.2\libgcc.a(_fpcmp_parts_sf.o)
 .comment       0x00000000       0x24 c:/altera/10.1/nios2eds/bin/gnu/h-i686-mingw32/bin/../lib/gcc/nios2-elf/4.1.2\libgcc.a(_make_sf.o)
 .comment       0x00000000       0x24 c:/altera/10.1/nios2eds/bin/gnu/h-i686-mingw32/bin/../lib/gcc/nios2-elf/4.1.2\libgcc.a(_pack_df.o)
 .comment       0x00000000       0x24 c:/altera/10.1/nios2eds/bin/gnu/h-i686-mingw32/bin/../lib/gcc/nios2-elf/4.1.2\libgcc.a(_unpack_df.o)
 .comment       0x00000000       0x24 c:/altera/10.1/nios2eds/bin/gnu/h-i686-mingw32/bin/../lib/gcc/nios2-elf/4.1.2\libgcc.a(_fpcmp_parts_df.o)
 .comment       0x00000000       0x24 c:/altera/10.1/nios2eds/bin/gnu/h-i686-mingw32/bin/../lib/gcc/nios2-elf/4.1.2\libgcc.a(_clz.o)
 .comment       0x00000000       0x24 c:/altera/10.1/nios2eds/bin/gnu/h-i686-mingw32/bin/../lib/gcc/nios2-elf/4.1.2\libgcc.a(_pack_sf.o)
 .comment       0x00000000       0x24 c:/altera/10.1/nios2eds/bin/gnu/h-i686-mingw32/bin/../lib/gcc/nios2-elf/4.1.2/../../../../nios2-elf/lib\libc.a(lib_a-printf.o)
 .comment       0x00000000       0x24 c:/altera/10.1/nios2eds/bin/gnu/h-i686-mingw32/bin/../lib/gcc/nios2-elf/4.1.2/../../../../nios2-elf/lib\libc.a(lib_a-rand.o)
 .comment       0x00000000       0x24 c:/altera/10.1/nios2eds/bin/gnu/h-i686-mingw32/bin/../lib/gcc/nios2-elf/4.1.2/../../../../nios2-elf/lib\libc.a(lib_a-time.o)
 .comment       0x00000000       0x24 c:/altera/10.1/nios2eds/bin/gnu/h-i686-mingw32/bin/../lib/gcc/nios2-elf/4.1.2/../../../../nios2-elf/lib\libc.a(lib_a-vfprintf.o)
 .comment       0x00000000       0x24 c:/altera/10.1/nios2eds/bin/gnu/h-i686-mingw32/bin/../lib/gcc/nios2-elf/4.1.2/../../../../nios2-elf/lib\libc.a(lib_a-wsetup.o)
 .comment       0x00000000       0x24 c:/altera/10.1/nios2eds/bin/gnu/h-i686-mingw32/bin/../lib/gcc/nios2-elf/4.1.2/../../../../nios2-elf/lib\libc.a(lib_a-dtoa.o)
 .comment       0x00000000       0x24 c:/altera/10.1/nios2eds/bin/gnu/h-i686-mingw32/bin/../lib/gcc/nios2-elf/4.1.2/../../../../nios2-elf/lib\libc.a(lib_a-fflush.o)
 .comment       0x00000000       0x24 c:/altera/10.1/nios2eds/bin/gnu/h-i686-mingw32/bin/../lib/gcc/nios2-elf/4.1.2/../../../../nios2-elf/lib\libc.a(lib_a-findfp.o)
 .comment       0x00000000       0x24 c:/altera/10.1/nios2eds/bin/gnu/h-i686-mingw32/bin/../lib/gcc/nios2-elf/4.1.2/../../../../nios2-elf/lib\libc.a(lib_a-freer.o)
 .comment       0x00000000       0x24 c:/altera/10.1/nios2eds/bin/gnu/h-i686-mingw32/bin/../lib/gcc/nios2-elf/4.1.2/../../../../nios2-elf/lib\libc.a(lib_a-fvwrite.o)
 .comment       0x00000000       0x24 c:/altera/10.1/nios2eds/bin/gnu/h-i686-mingw32/bin/../lib/gcc/nios2-elf/4.1.2/../../../../nios2-elf/lib\libc.a(lib_a-fwalk.o)
 .comment       0x00000000       0x24 c:/altera/10.1/nios2eds/bin/gnu/h-i686-mingw32/bin/../lib/gcc/nios2-elf/4.1.2/../../../../nios2-elf/lib\libc.a(lib_a-gettimeofdayr.o)
 .comment       0x00000000       0x24 c:/altera/10.1/nios2eds/bin/gnu/h-i686-mingw32/bin/../lib/gcc/nios2-elf/4.1.2/../../../../nios2-elf/lib\libc.a(lib_a-impure.o)
 .comment       0x00000000       0x24 c:/altera/10.1/nios2eds/bin/gnu/h-i686-mingw32/bin/../lib/gcc/nios2-elf/4.1.2/../../../../nios2-elf/lib\libc.a(lib_a-int_errno.o)
 .comment       0x00000000       0x24 c:/altera/10.1/nios2eds/bin/gnu/h-i686-mingw32/bin/../lib/gcc/nios2-elf/4.1.2/../../../../nios2-elf/lib\libc.a(lib_a-locale.o)
 .comment       0x00000000       0x24 c:/altera/10.1/nios2eds/bin/gnu/h-i686-mingw32/bin/../lib/gcc/nios2-elf/4.1.2/../../../../nios2-elf/lib\libc.a(lib_a-makebuf.o)
 .comment       0x00000000       0x24 c:/altera/10.1/nios2eds/bin/gnu/h-i686-mingw32/bin/../lib/gcc/nios2-elf/4.1.2/../../../../nios2-elf/lib\libc.a(lib_a-mallocr.o)
 .comment       0x00000000       0x24 c:/altera/10.1/nios2eds/bin/gnu/h-i686-mingw32/bin/../lib/gcc/nios2-elf/4.1.2/../../../../nios2-elf/lib\libc.a(lib_a-memchr.o)
 .comment       0x00000000       0x24 c:/altera/10.1/nios2eds/bin/gnu/h-i686-mingw32/bin/../lib/gcc/nios2-elf/4.1.2/../../../../nios2-elf/lib\libc.a(lib_a-memcpy.o)
 .comment       0x00000000       0x24 c:/altera/10.1/nios2eds/bin/gnu/h-i686-mingw32/bin/../lib/gcc/nios2-elf/4.1.2/../../../../nios2-elf/lib\libc.a(lib_a-memmove.o)
 .comment       0x00000000       0x24 c:/altera/10.1/nios2eds/bin/gnu/h-i686-mingw32/bin/../lib/gcc/nios2-elf/4.1.2/../../../../nios2-elf/lib\libc.a(lib_a-memset.o)
 .comment       0x00000000       0x24 c:/altera/10.1/nios2eds/bin/gnu/h-i686-mingw32/bin/../lib/gcc/nios2-elf/4.1.2/../../../../nios2-elf/lib\libc.a(lib_a-mprec.o)
 .comment       0x00000000       0x24 c:/altera/10.1/nios2eds/bin/gnu/h-i686-mingw32/bin/../lib/gcc/nios2-elf/4.1.2/../../../../nios2-elf/lib\libc.a(lib_a-reallocr.o)
 .comment       0x00000000       0x24 c:/altera/10.1/nios2eds/bin/gnu/h-i686-mingw32/bin/../lib/gcc/nios2-elf/4.1.2/../../../../nios2-elf/lib\libc.a(lib_a-s_isinfd.o)
 .comment       0x00000000       0x24 c:/altera/10.1/nios2eds/bin/gnu/h-i686-mingw32/bin/../lib/gcc/nios2-elf/4.1.2/../../../../nios2-elf/lib\libc.a(lib_a-s_isnand.o)
 .comment       0x00000000       0x24 c:/altera/10.1/nios2eds/bin/gnu/h-i686-mingw32/bin/../lib/gcc/nios2-elf/4.1.2/../../../../nios2-elf/lib\libc.a(lib_a-sbrkr.o)
 .comment       0x00000000       0x24 c:/altera/10.1/nios2eds/bin/gnu/h-i686-mingw32/bin/../lib/gcc/nios2-elf/4.1.2/../../../../nios2-elf/lib\libc.a(lib_a-stdio.o)
 .comment       0x00000000       0x24 c:/altera/10.1/nios2eds/bin/gnu/h-i686-mingw32/bin/../lib/gcc/nios2-elf/4.1.2/../../../../nios2-elf/lib\libc.a(lib_a-strcmp.o)
 .comment       0x00000000       0x24 c:/altera/10.1/nios2eds/bin/gnu/h-i686-mingw32/bin/../lib/gcc/nios2-elf/4.1.2/../../../../nios2-elf/lib\libc.a(lib_a-strlen.o)
 .comment       0x00000000       0x24 c:/altera/10.1/nios2eds/bin/gnu/h-i686-mingw32/bin/../lib/gcc/nios2-elf/4.1.2/../../../../nios2-elf/lib\libc.a(lib_a-writer.o)
 .comment       0x00000000       0x24 c:/altera/10.1/nios2eds/bin/gnu/h-i686-mingw32/bin/../lib/gcc/nios2-elf/4.1.2/../../../../nios2-elf/lib\libc.a(lib_a-callocr.o)
 .comment       0x00000000       0x24 c:/altera/10.1/nios2eds/bin/gnu/h-i686-mingw32/bin/../lib/gcc/nios2-elf/4.1.2/../../../../nios2-elf/lib\libc.a(lib_a-closer.o)
 .comment       0x00000000       0x24 c:/altera/10.1/nios2eds/bin/gnu/h-i686-mingw32/bin/../lib/gcc/nios2-elf/4.1.2/../../../../nios2-elf/lib\libc.a(lib_a-fclose.o)
 .comment       0x00000000       0x24 c:/altera/10.1/nios2eds/bin/gnu/h-i686-mingw32/bin/../lib/gcc/nios2-elf/4.1.2/../../../../nios2-elf/lib\libc.a(lib_a-fstatr.o)
 .comment       0x00000000       0x24 c:/altera/10.1/nios2eds/bin/gnu/h-i686-mingw32/bin/../lib/gcc/nios2-elf/4.1.2/../../../../nios2-elf/lib\libc.a(lib_a-isattyr.o)
 .comment       0x00000000       0x24 c:/altera/10.1/nios2eds/bin/gnu/h-i686-mingw32/bin/../lib/gcc/nios2-elf/4.1.2/../../../../nios2-elf/lib\libc.a(lib_a-lseekr.o)
 .comment       0x00000000       0x24 c:/altera/10.1/nios2eds/bin/gnu/h-i686-mingw32/bin/../lib/gcc/nios2-elf/4.1.2/../../../../nios2-elf/lib\libc.a(lib_a-readr.o)
 .comment       0x00000000       0x24 c:/altera/10.1/nios2eds/bin/gnu/h-i686-mingw32/bin/../lib/gcc/nios2-elf/4.1.2\libgcc.a(_muldi3.o)
 .comment       0x00000000       0x24 c:/altera/10.1/nios2eds/bin/gnu/h-i686-mingw32/bin/../lib/gcc/nios2-elf/4.1.2\libgcc.a(_udivdi3.o)
 .comment       0x00000000       0x24 c:/altera/10.1/nios2eds/bin/gnu/h-i686-mingw32/bin/../lib/gcc/nios2-elf/4.1.2\libgcc.a(_umoddi3.o)
 .comment       0x00000000       0x24 c:/altera/10.1/nios2eds/bin/gnu/h-i686-mingw32/bin/../lib/gcc/nios2-elf/4.1.2\libgcc.a(_addsub_df.o)
 .comment       0x00000000       0x24 c:/altera/10.1/nios2eds/bin/gnu/h-i686-mingw32/bin/../lib/gcc/nios2-elf/4.1.2\libgcc.a(_mul_df.o)
 .comment       0x00000000       0x24 c:/altera/10.1/nios2eds/bin/gnu/h-i686-mingw32/bin/../lib/gcc/nios2-elf/4.1.2\libgcc.a(_eq_df.o)
 .comment       0x00000000       0x24 c:/altera/10.1/nios2eds/bin/gnu/h-i686-mingw32/bin/../lib/gcc/nios2-elf/4.1.2\libgcc.a(_ne_df.o)
 .comment       0x00000000       0x24 c:/altera/10.1/nios2eds/bin/gnu/h-i686-mingw32/bin/../lib/gcc/nios2-elf/4.1.2\libgcc.a(_ge_df.o)
 .comment       0x00000000       0x24 c:/altera/10.1/nios2eds/bin/gnu/h-i686-mingw32/bin/../lib/gcc/nios2-elf/4.1.2\libgcc.a(_df_to_si.o)
 .comment       0x00000000       0x24 c:/altera/10.1/nios2eds/bin/gnu/h-i686-mingw32/bin/../lib/gcc/nios2-elf/4.1.2\libgcc.a(_usi_to_df.o)
 .comment       0x00000000       0x24 ../hi_bsp\libhal_bsp.a(alt_close.o)
 .comment       0x00000000       0x24 ../hi_bsp\libhal_bsp.a(alt_dev.o)
 .comment       0x00000000       0x24 ../hi_bsp\libhal_bsp.a(alt_errno.o)
 .comment       0x00000000       0x24 ../hi_bsp\libhal_bsp.a(alt_fstat.o)
 .comment       0x00000000       0x24 ../hi_bsp\libhal_bsp.a(alt_gettod.o)
 .comment       0x00000000       0x24 ../hi_bsp\libhal_bsp.a(alt_isatty.o)
 .comment       0x00000000       0x24 ../hi_bsp\libhal_bsp.a(alt_lseek.o)
 .comment       0x00000000       0x24 ../hi_bsp\libhal_bsp.a(alt_main.o)
 .comment       0x00000000       0x24 ../hi_bsp\libhal_bsp.a(alt_malloc_lock.o)
 .comment       0x00000000       0x24 ../hi_bsp\libhal_bsp.a(alt_printf.o)
 .comment       0x00000000       0x24 ../hi_bsp\libhal_bsp.a(alt_putchar.o)
 .comment       0x00000000       0x24 ../hi_bsp\libhal_bsp.a(alt_read.o)
 .comment       0x00000000       0x24 ../hi_bsp\libhal_bsp.a(alt_release_fd.o)
 .comment       0x00000000       0x24 ../hi_bsp\libhal_bsp.a(alt_sbrk.o)
 .comment       0x00000000       0x24 ../hi_bsp\libhal_bsp.a(alt_tick.o)
 .comment       0x00000000       0x24 ../hi_bsp\libhal_bsp.a(alt_usleep.o)
 .comment       0x00000000       0x24 ../hi_bsp\libhal_bsp.a(alt_write.o)
 .comment       0x00000000       0x24 ../hi_bsp\libhal_bsp.a(alt_sys_init.o)
 .comment       0x00000000       0x24 ../hi_bsp\libhal_bsp.a(altera_avalon_cfi_flash.o)
 .comment       0x00000000       0x24 ../hi_bsp\libhal_bsp.a(altera_avalon_cfi_flash_table.o)
 .comment       0x00000000       0x24 ../hi_bsp\libhal_bsp.a(altera_avalon_jtag_uart_fd.o)
 .comment       0x00000000       0x24 ../hi_bsp\libhal_bsp.a(altera_avalon_jtag_uart_init.o)
 .comment       0x00000000       0x24 ../hi_bsp\libhal_bsp.a(altera_avalon_jtag_uart_ioctl.o)
 .comment       0x00000000       0x24 ../hi_bsp\libhal_bsp.a(altera_avalon_jtag_uart_read.o)
 .comment       0x00000000       0x24 ../hi_bsp\libhal_bsp.a(altera_avalon_jtag_uart_write.o)
 .comment       0x00000000       0x24 ../hi_bsp\libhal_bsp.a(altera_avalon_spi.o)
 .comment       0x00000000       0x24 ../hi_bsp\libhal_bsp.a(altera_avalon_timer_sc.o)
 .comment       0x00000000       0x24 ../hi_bsp\libhal_bsp.a(altera_avalon_uart_fd.o)
 .comment       0x00000000       0x24 ../hi_bsp\libhal_bsp.a(altera_avalon_uart_init.o)
 .comment       0x00000000       0x24 ../hi_bsp\libhal_bsp.a(altera_avalon_uart_read.o)
 .comment       0x00000000       0x24 ../hi_bsp\libhal_bsp.a(altera_avalon_uart_write.o)
 .comment       0x00000000       0x24 ../hi_bsp\libhal_bsp.a(altera_up_avalon_ps2.o)
 .comment       0x00000000       0x24 ../hi_bsp\libhal_bsp.a(altera_up_avalon_video_character_buffer_with_dma.o)
 .comment       0x00000000       0x24 ../hi_bsp\libhal_bsp.a(altera_up_ps2_keyboard.o)
 .comment       0x00000000       0x24 ../hi_bsp\libhal_bsp.a(alt_alarm_start.o)
 .comment       0x00000000       0x24 ../hi_bsp\libhal_bsp.a(alt_busy_sleep.o)
 .comment       0x00000000       0x24 ../hi_bsp\libhal_bsp.a(alt_dcache_flush.o)
 .comment       0x00000000       0x24 ../hi_bsp\libhal_bsp.a(alt_dev_llist_insert.o)
 .comment       0x00000000       0x24 ../hi_bsp\libhal_bsp.a(alt_do_ctors.o)
 .comment       0x00000000       0x24 ../hi_bsp\libhal_bsp.a(alt_do_dtors.o)
 .comment       0x00000000       0x24 ../hi_bsp\libhal_bsp.a(alt_find_dev.o)
 .comment       0x00000000       0x24 ../hi_bsp\libhal_bsp.a(alt_flash_dev.o)
 .comment       0x00000000       0x24 ../hi_bsp\libhal_bsp.a(alt_io_redirect.o)
 .comment       0x00000000       0x24 ../hi_bsp\libhal_bsp.a(alt_irq_register.o)
 .comment       0x00000000       0x24 ../hi_bsp\libhal_bsp.a(alt_irq_vars.o)
 .comment       0x00000000       0x24 ../hi_bsp\libhal_bsp.a(alt_open.o)
 .comment       0x00000000       0x24 ../hi_bsp\libhal_bsp.a(altera_nios2_irq.o)