Archive member included because of file (symbol)

c:/altera/10.1/nios2eds/bin/gnu/h-i686-mingw32/bin/../lib/gcc/nios2-elf/4.1.2/../../../../nios2-elf/lib\libc.a(lib_a-impure.o)
                              obj/tco.o (_impure_ptr)
c:/altera/10.1/nios2eds/bin/gnu/h-i686-mingw32/bin/../lib/gcc/nios2-elf/4.1.2/../../../../nios2-elf/lib\libc.a(lib_a-putc.o)
                              obj/tco.o (putc)
c:/altera/10.1/nios2eds/bin/gnu/h-i686-mingw32/bin/../lib/gcc/nios2-elf/4.1.2/../../../../nios2-elf/lib\libc.a(lib_a-scanf.o)
                              obj/tco.o (scanf)
c:/altera/10.1/nios2eds/bin/gnu/h-i686-mingw32/bin/../lib/gcc/nios2-elf/4.1.2/../../../../nios2-elf/lib\libc.a(lib_a-strlen.o)
                              obj/tco.o (strlen)
c:/altera/10.1/nios2eds/bin/gnu/h-i686-mingw32/bin/../lib/gcc/nios2-elf/4.1.2/../../../../nios2-elf/lib\libc.a(lib_a-vfscanf.o)
                              c:/altera/10.1/nios2eds/bin/gnu/h-i686-mingw32/bin/../lib/gcc/nios2-elf/4.1.2/../../../../nios2-elf/lib\libc.a(lib_a-scanf.o) (__svfscanf_r)
c:/altera/10.1/nios2eds/bin/gnu/h-i686-mingw32/bin/../lib/gcc/nios2-elf/4.1.2/../../../../nios2-elf/lib\libc.a(lib_a-wbuf.o)
                              c:/altera/10.1/nios2eds/bin/gnu/h-i686-mingw32/bin/../lib/gcc/nios2-elf/4.1.2/../../../../nios2-elf/lib\libc.a(lib_a-putc.o) (__swbuf_r)
c:/altera/10.1/nios2eds/bin/gnu/h-i686-mingw32/bin/../lib/gcc/nios2-elf/4.1.2/../../../../nios2-elf/lib\libc.a(lib_a-wsetup.o)
                              c:/altera/10.1/nios2eds/bin/gnu/h-i686-mingw32/bin/../lib/gcc/nios2-elf/4.1.2/../../../../nios2-elf/lib\libc.a(lib_a-wbuf.o) (__swsetup_r)
c:/altera/10.1/nios2eds/bin/gnu/h-i686-mingw32/bin/../lib/gcc/nios2-elf/4.1.2/../../../../nios2-elf/lib\libc.a(lib_a-ctype_.o)
                              c:/altera/10.1/nios2eds/bin/gnu/h-i686-mingw32/bin/../lib/gcc/nios2-elf/4.1.2/../../../../nios2-elf/lib\libc.a(lib_a-vfscanf.o) (__ctype_ptr)
c:/altera/10.1/nios2eds/bin/gnu/h-i686-mingw32/bin/../lib/gcc/nios2-elf/4.1.2/../../../../nios2-elf/lib\libc.a(lib_a-fflush.o)
                              c:/altera/10.1/nios2eds/bin/gnu/h-i686-mingw32/bin/../lib/gcc/nios2-elf/4.1.2/../../../../nios2-elf/lib\libc.a(lib_a-wbuf.o) (_fflush_r)
c:/altera/10.1/nios2eds/bin/gnu/h-i686-mingw32/bin/../lib/gcc/nios2-elf/4.1.2/../../../../nios2-elf/lib\libc.a(lib_a-findfp.o)
                              c:/altera/10.1/nios2eds/bin/gnu/h-i686-mingw32/bin/../lib/gcc/nios2-elf/4.1.2/../../../../nios2-elf/lib\libc.a(lib_a-putc.o) (__sinit)
c:/altera/10.1/nios2eds/bin/gnu/h-i686-mingw32/bin/../lib/gcc/nios2-elf/4.1.2/../../../../nios2-elf/lib\libc.a(lib_a-fread.o)
                              c:/altera/10.1/nios2eds/bin/gnu/h-i686-mingw32/bin/../lib/gcc/nios2-elf/4.1.2/../../../../nios2-elf/lib\libc.a(lib_a-vfscanf.o) (fread)
c:/altera/10.1/nios2eds/bin/gnu/h-i686-mingw32/bin/../lib/gcc/nios2-elf/4.1.2/../../../../nios2-elf/lib\libc.a(lib_a-freer.o)
                              c:/altera/10.1/nios2eds/bin/gnu/h-i686-mingw32/bin/../lib/gcc/nios2-elf/4.1.2/../../../../nios2-elf/lib\libc.a(lib_a-wsetup.o) (_free_r)
c:/altera/10.1/nios2eds/bin/gnu/h-i686-mingw32/bin/../lib/gcc/nios2-elf/4.1.2/../../../../nios2-elf/lib\libc.a(lib_a-fwalk.o)
                              c:/altera/10.1/nios2eds/bin/gnu/h-i686-mingw32/bin/../lib/gcc/nios2-elf/4.1.2/../../../../nios2-elf/lib\libc.a(lib_a-fflush.o) (_fwalk_reent)
c:/altera/10.1/nios2eds/bin/gnu/h-i686-mingw32/bin/../lib/gcc/nios2-elf/4.1.2/../../../../nios2-elf/lib\libc.a(lib_a-iswspace.o)
                              c:/altera/10.1/nios2eds/bin/gnu/h-i686-mingw32/bin/../lib/gcc/nios2-elf/4.1.2/../../../../nios2-elf/lib\libc.a(lib_a-vfscanf.o) (iswspace)
c:/altera/10.1/nios2eds/bin/gnu/h-i686-mingw32/bin/../lib/gcc/nios2-elf/4.1.2/../../../../nios2-elf/lib\libc.a(lib_a-locale.o)
                              c:/altera/10.1/nios2eds/bin/gnu/h-i686-mingw32/bin/../lib/gcc/nios2-elf/4.1.2/../../../../nios2-elf/lib\libc.a(lib_a-vfscanf.o) (__mb_cur_max)
c:/altera/10.1/nios2eds/bin/gnu/h-i686-mingw32/bin/../lib/gcc/nios2-elf/4.1.2/../../../../nios2-elf/lib\libc.a(lib_a-makebuf.o)
                              c:/altera/10.1/nios2eds/bin/gnu/h-i686-mingw32/bin/../lib/gcc/nios2-elf/4.1.2/../../../../nios2-elf/lib\libc.a(lib_a-wsetup.o) (__smakebuf_r)
c:/altera/10.1/nios2eds/bin/gnu/h-i686-mingw32/bin/../lib/gcc/nios2-elf/4.1.2/../../../../nios2-elf/lib\libc.a(lib_a-mallocr.o)
                              c:/altera/10.1/nios2eds/bin/gnu/h-i686-mingw32/bin/../lib/gcc/nios2-elf/4.1.2/../../../../nios2-elf/lib\libc.a(lib_a-findfp.o) (_malloc_r)
c:/altera/10.1/nios2eds/bin/gnu/h-i686-mingw32/bin/../lib/gcc/nios2-elf/4.1.2/../../../../nios2-elf/lib\libc.a(lib_a-mbrtowc.o)
                              c:/altera/10.1/nios2eds/bin/gnu/h-i686-mingw32/bin/../lib/gcc/nios2-elf/4.1.2/../../../../nios2-elf/lib\libc.a(lib_a-vfscanf.o) (_mbrtowc_r)
[...]
Memory Configuration

Name             Origin             Length             Attributes
reset            0x00800000         0x00000020
sdram            0x00800020         0x007fffe0
cfi_flash        0x01400000         0x00400000
onchip_memory    0x01800000         0x00002000
*default*        0x00000000         0xffffffff

Linker script and memory map

LOAD ../lab3_tcp_bsp/obj/HAL/src/crt0.o
LOAD obj/tco.o
LOAD c:/altera/10.1/nios2eds/bin/gnu/h-i686-mingw32/bin/../lib/gcc/nios2-elf/4.1.2/../../../../nios2-elf/lib\libstdc++.a
LOAD c:/altera/10.1/nios2eds/bin/gnu/h-i686-mingw32/bin/../lib/gcc/nios2-elf/4.1.2/../../../../nios2-elf/lib\libm.a
LOAD c:/altera/10.1/nios2eds/bin/gnu/h-i686-mingw32/bin/../lib/gcc/nios2-elf/4.1.2\libgcc.a
START GROUP
LOAD c:/altera/10.1/nios2eds/bin/gnu/h-i686-mingw32/bin/../lib/gcc/nios2-elf/4.1.2/../../../../nios2-elf/lib\libc.a
LOAD c:/altera/10.1/nios2eds/bin/gnu/h-i686-mingw32/bin/../lib/gcc/nios2-elf/4.1.2\libgcc.a
LOAD ../lab3_tcp_bsp\libhal_bsp.a
END GROUP
LOAD c:/altera/10.1/nios2eds/bin/gnu/h-i686-mingw32/bin/../lib/gcc/nios2-elf/4.1.2\libgcc.a
                0x00800000                __alt_mem_sdram = 0x800000
                0x01400000                __alt_mem_cfi_flash = 0x1400000
                0x01800000                __alt_mem_onchip_memory = 0x1800000

.entry          0x00800000       0x20
 *(.entry)
 .entry         0x00800000       0x20 ../lab3_tcp_bsp/obj/HAL/src/crt0.o
                0x00800000                __reset

.exceptions     0x00800020      0x194
                0x00800020                PROVIDE (__ram_exceptions_start, ABSOLUTE (.))
                0x00800020                . = ALIGN (0x20)
 *(.irq)
 *(.exceptions.entry.label)
 .exceptions.entry.label
                0x00800020        0x0 ../lab3_tcp_bsp\libhal_bsp.a(alt_irq_entry.o)
                0x00800020                alt_irq_entry
 .exceptions.entry.label
                0x00800020        0x0 ../lab3_tcp_bsp\libhal_bsp.a(alt_exception_entry.o)
                0x00800020                alt_exception
 *(.exceptions.entry.user)
 *(.exceptions.entry)
 .exceptions.entry
                0x00800020       0x54 ../lab3_tcp_bsp\libhal_bsp.a(alt_exception_entry.o)
 *(.exceptions.irqtest.user)
 *(.exceptions.irqtest)
 .exceptions.irqtest
                0x00800074       0x10 ../lab3_tcp_bsp\libhal_bsp.a(alt_irq_entry.o)
 *(.exceptions.irqhandler.user)
 *(.exceptions.irqhandler)
 .exceptions.irqhandler
                0x00800084        0x4 ../lab3_tcp_bsp\libhal_bsp.a(alt_irq_entry.o)
 *(.exceptions.irqreturn.user)
 *(.exceptions.irqreturn)
 .exceptions.irqreturn
                0x00800088        0x4 ../lab3_tcp_bsp\libhal_bsp.a(alt_irq_entry.o)
 *(.exceptions.notirq.label)
 .exceptions.notirq.label
                0x0080008c        0x0 ../lab3_tcp_bsp\libhal_bsp.a(alt_irq_entry.o)
 *(.exceptions.notirq.user)
 *(.exceptions.notirq)
 .exceptions.notirq
                0x0080008c        0x8 ../lab3_tcp_bsp\libhal_bsp.a(alt_exception_entry.o)
 *(.exceptions.soft.user)
 *(.exceptions.soft)
 *(.exceptions.unknown.user)
 *(.exceptions.unknown)
 .exceptions.unknown
                0x00800094        0x4 ../lab3_tcp_bsp\libhal_bsp.a(alt_exception_entry.o)
 *(.exceptions.exit.label)
 .exceptions.exit.label
                0x00800098        0x0 ../lab3_tcp_bsp\libhal_bsp.a(alt_irq_entry.o)
 .exceptions.exit.label
                0x00800098        0x0 ../lab3_tcp_bsp\libhal_bsp.a(alt_exception_entry.o)
 *(.exceptions.exit.user)
 *(.exceptions.exit)
 .exceptions.exit
                0x00800098       0x54 ../lab3_tcp_bsp\libhal_bsp.a(alt_exception_entry.o)
 *(.exceptions)
 .exceptions    0x008000ec       0xc8 ../lab3_tcp_bsp\libhal_bsp.a(alt_irq_handler.o)
                0x008000ec                alt_irq_handler
                0x008001b4                PROVIDE (__ram_exceptions_end, ABSOLUTE (.))
                0x00800020                PROVIDE (__flash_exceptions_start, LOADADDR (.exceptions))

.text           0x008001b4    0x154a4
                0x008001b4                PROVIDE (stext, ABSOLUTE (.))
 *(.interp)
 *(.hash)
 *(.dynsym)
 *(.dynstr)
 *(.gnu.version)
 *(.gnu.version_d)
 *(.gnu.version_r)
 *(.rel.init)
 *(.rela.init)
 *(.rel.text .rel.text.* .rel.gnu.linkonce.t.*)
 *(.rela.text .rela.text.* .rela.gnu.linkonce.t.*)
 *(.rel.fini)
 *(.rela.fini)
 *(.rel.rodata .rel.rodata.* .rel.gnu.linkonce.r.*)
 *(.rela.rodata .rela.rodata.* .rela.gnu.linkonce.r.*)
 *(.rel.data .rel.data.* .rel.gnu.linkonce.d.*)
 *(.rela.data .rela.data.* .rela.gnu.linkonce.d.*)
 *(.rel.tdata .rel.tdata.* .rel.gnu.linkonce.td.*)
 *(.rela.tdata .rela.tdata.* .rela.gnu.linkonce.td.*)
 *(.rel.tbss .rel.tbss.* .rel.gnu.linkonce.tb.*)
 *(.rela.tbss .rela.tbss.* .rela.gnu.linkonce.tb.*)
 *(.rel.ctors)
 *(.rela.ctors)
 *(.rel.dtors)
 *(.rela.dtors)
 *(.rel.got)
 *(.rela.got)
 *(.rel.sdata .rel.sdata.* .rel.gnu.linkonce.s.*)
 *(.rela.sdata .rela.sdata.* .rela.gnu.linkonce.s.*)
 *(.rel.sbss .rel.sbss.* .rel.gnu.linkonce.sb.*)
 *(.rela.sbss .rela.sbss.* .rela.gnu.linkonce.sb.*)
 *(.rel.sdata2 .rel.sdata2.* .rel.gnu.linkonce.s2.*)
 *(.rela.sdata2 .rela.sdata2.* .rela.gnu.linkonce.s2.*)
 *(.rel.sbss2 .rel.sbss2.* .rel.gnu.linkonce.sb2.*)
 *(.rela.sbss2 .rela.sbss2.* .rela.gnu.linkonce.sb2.*)
 *(.rel.bss .rel.bss.* .rel.gnu.linkonce.b.*)
 *(.rela.bss .rela.bss.* .rela.gnu.linkonce.b.*)
 *(.rel.plt)
 *(.rela.plt)
 *(.rel.dyn)
 *(.init)
 *(.plt)
 *(.text .stub .text.* .gnu.linkonce.t.*)
 .text          0x008001b4       0x4c ../lab3_tcp_bsp/obj/HAL/src/crt0.o
                0x008001b4                _start
 .text          0x00800200      0x1f4 obj/tco.o
                0x00800200                uart_write
                0x00800284                uart_putc
                0x008002cc                uart_isr
                0x00800330                uart_init
                0x00800368                main
 .text          0x008003f4        0x0 c:/altera/10.1/nios2eds/bin/gnu/h-i686-mingw32/bin/../lib/gcc/nios2-elf/4.1.2/../../../../nios2-elf/lib\libc.a(lib_a-impure.o)
 .text          0x008003f4      0x1ec c:/altera/10.1/nios2eds/bin/gnu/h-i686-mingw32/bin/../lib/gcc/nios2-elf/4.1.2/../../../../nios2-elf/lib\libc.a(lib_a-putc.o)
                0x008003f4                putc
                0x008004f8                _putc_r
 .text          0x008005e0       0x7c c:/altera/10.1/nios2eds/bin/gnu/h-i686-mingw32/bin/../lib/gcc/nios2-elf/4.1.2/../../../../nios2-elf/lib\libc.a(lib_a-scanf.o)
                0x008005e0                _scanf_r
                0x00800614                scanf
 .text          0x0080065c       0x74 c:/altera/10.1/nios2eds/bin/gnu/h-i686-mingw32/bin/../lib/gcc/nios2-elf/4.1.2/../../../../nios2-elf/lib\libc.a(lib_a-strlen.o)
                0x0080065c                strlen
 .text          0x008006d0     0x1780 c:/altera/10.1/nios2eds/bin/gnu/h-i686-mingw32/bin/../lib/gcc/nios2-elf/4.1.2/../../../../nios2-elf/lib\libc.a(lib_a-vfscanf.o)
                0x008006d0                __svfscanf_r
                0x00801d50                __svfscanf
                0x00801d74                _vfscanf_r
                0x00801ddc                vfscanf
 .text          0x00801e50      0x14c c:/altera/10.1/nios2eds/bin/gnu/h-i686-mingw32/bin/../lib/gcc/nios2-elf/4.1.2/../../../../nios2-elf/lib\libc.a(lib_a-wbuf.o)
                0x00801e50                __swbuf_r
                0x00801f80                __swbuf
 .text          0x00801f9c      0x13c c:/altera/10.1/nios2eds/bin/gnu/h-i686-mingw32/bin/../lib/gcc/nios2-elf/4.1.2/../../../../nios2-elf/lib\libc.a(lib_a-wsetup.o)
                0x00801f9c                __swsetup_r
 .text          0x008020d8        0x0 c:/altera/10.1/nios2eds/bin/gnu/h-i686-mingw32/bin/../lib/gcc/nios2-elf/4.1.2/../../../../nios2-elf/lib\libc.a(lib_a-ctype_.o)
 .text          0x008020d8      0x230 c:/altera/10.1/nios2eds/bin/gnu/h-i686-mingw32/bin/../lib/gcc/nios2-elf/4.1.2/../../../../nios2-elf/lib\libc.a(lib_a-fflush.o)
                0x008020d8                _fflush_r
                0x008022d4                fflush
 .text          0x00802308      0x2c0 c:/altera/10.1/nios2eds/bin/gnu/h-i686-mingw32/bin/../lib/gcc/nios2-elf/4.1.2/../../../../nios2-elf/lib\libc.a(lib_a-findfp.o)
                0x00802360                __sfp_lock_acquire
                0x00802364                __sfp_lock_release
                0x00802368                __sinit_lock_acquire
                0x0080236c                __sinit_lock_release
                0x00802370                __sinit
                0x00802424                __fp_unlock_all
                0x0080243c                __fp_lock_all
                0x00802454                _cleanup_r
                0x00802460                _cleanup
                0x00802470                __sfmoreglue
                0x008024d8                __sfp
 .text          0x008025c8      0x23c c:/altera/10.1/nios2eds/bin/gnu/h-i686-mingw32/bin/../lib/gcc/nios2-elf/4.1.2/../../../../nios2-elf/lib\libc.a(lib_a-fread.o)
                0x008025c8                _fread_r
                0x008027c4                fread
 .text          0x00802804      0x440 c:/altera/10.1/nios2eds/bin/gnu/h-i686-mingw32/bin/../lib/gcc/nios2-elf/4.1.2/../../../../nios2-elf/lib\libc.a(lib_a-freer.o)
                0x00802804                _malloc_trim_r
                0x00802930                _free_r
 .text          0x00802c44      0x180 c:/altera/10.1/nios2eds/bin/gnu/h-i686-mingw32/bin/../lib/gcc/nios2-elf/4.1.2/../../../../nios2-elf/lib\libc.a(lib_a-fwalk.o)
                0x00802c44                _fwalk_reent
                0x00802d0c                _fwalk
 .text          0x00802dc4       0x2c c:/altera/10.1/nios2eds/bin/gnu/h-i686-mingw32/bin/../lib/gcc/nios2-elf/4.1.2/../../../../nios2-elf/lib\libc.a(lib_a-iswspace.o)
                0x00802dc4                iswspace
 .text          0x00802df0       0xc4 c:/altera/10.1/nios2eds/bin/gnu/h-i686-mingw32/bin/../lib/gcc/nios2-elf/4.1.2/../../../../nios2-elf/lib\libc.a(lib_a-locale.o)
                0x00802df0                __locale_charset
                0x00802df8                _localeconv_r
                0x00802e04                localeconv
                0x00802e14                _setlocale_r
                0x00802e98                setlocale
 .text          0x00802eb4      0x194 c:/altera/10.1/nios2eds/bin/gnu/h-i686-mingw32/bin/../lib/gcc/nios2-elf/4.1.2/../../../../nios2-elf/lib\libc.a(lib_a-makebuf.o)
                0x00802eb4                __smakebuf_r
 .text          0x00803048      0x740 c:/altera/10.1/nios2eds/bin/gnu/h-i686-mingw32/bin/../lib/gcc/nios2-elf/4.1.2/../../../../nios2-elf/lib\libc.a(lib_a-mallocr.o)
                0x00803048                _malloc_r
 .text          0x00803788       0xc0 c:/altera/10.1/nios2eds/bin/gnu/h-i686-mingw32/bin/../lib/gcc/nios2-elf/4.1.2/../../../../nios2-elf/lib\libc.a(lib_a-mbrtowc.o)
                0x00803788                _mbrtowc_r
                0x00803808                mbrtowc
 .text          0x00803848       0x40 c:/altera/10.1/nios2eds/bin/gnu/h-i686-mingw32/bin/../lib/gcc/nios2-elf/4.1.2/../../../../nios2-elf/lib\libc.a(lib_a-mbtowc_r.o)
                0x00803848                _mbtowc_r
 .text          0x00803888       0xa0 c:/altera/10.1/nios2eds/bin/gnu/h-i686-mingw32/bin/../lib/gcc/nios2-elf/4.1.2/../../../../nios2-elf/lib\libc.a(lib_a-memcpy.o)
                0x00803888                memcpy
 .text          0x00803928       0x98 c:/altera/10.1/nios2eds/bin/gnu/h-i686-mingw32/bin/../lib/gcc/nios2-elf/4.1.2/../../../../nios2-elf/lib\libc.a(lib_a-memset.o)
                0x00803928                memset
 .text          0x008039c0      0x1e0 c:/altera/10.1/nios2eds/bin/gnu/h-i686-mingw32/bin/../lib/gcc/nios2-elf/4.1.2/../../../../nios2-elf/lib\libc.a(lib_a-refill.o)
                0x008039c0                __srefill_r
 .text          0x00803ba0       0x30 c:/altera/10.1/nios2eds/bin/gnu/h-i686-mingw32/bin/../lib/gcc/nios2-elf/4.1.2/../../../../nios2-elf/lib\libc.a(lib_a-s_isnand.o)
                0x00803ba0                __isnand
 .text          0x00803bd0       0x70 c:/altera/10.1/nios2eds/bin/gnu/h-i686-mingw32/bin/../lib/gcc/nios2-elf/4.1.2/../../../../nios2-elf/lib\libc.a(lib_a-sbrkr.o)
                0x00803bd0                _sbrk_r
 .text          0x00803c40       0xc0 c:/altera/10.1/nios2eds/bin/gnu/h-i686-mingw32/bin/../lib/gcc/nios2-elf/4.1.2/../../../../nios2-elf/lib\libc.a(lib_a-sccl.o)
                0x00803c40                __sccl
 .text          0x00803d00        0x8 c:/altera/10.1/nios2eds/bin/gnu/h-i686-mingw32/bin/../lib/gcc/nios2-elf/4.1.2/../../../../nios2-elf/lib\libc.a(lib_a-sf_nan.o)
                0x00803d00                nanf
 .text          0x00803d08       0xd4 c:/altera/10.1/nios2eds/bin/gnu/h-i686-mingw32/bin/../lib/gcc/nios2-elf/4.1.2/../../../../nios2-elf/lib\libc.a(lib_a-sprintf.o)
                0x00803d08                sprintf
                0x00803d7c                _sprintf_r
 .text          0x00803ddc      0x14c c:/altera/10.1/nios2eds/bin/gnu/h-i686-mingw32/bin/../lib/gcc/nios2-elf/4.1.2/../../../../nios2-elf/lib\libc.a(lib_a-stdio.o)
                0x00803ddc                __sclose
                0x00803de4                __sseek
                0x00803e4c                __swrite
                0x00803ec8                __sread
 .text          0x00803f28       0xbc c:/altera/10.1/nios2eds/bin/gnu/h-i686-mingw32/bin/../lib/gcc/nios2-elf/4.1.2/../../../../nios2-elf/lib\libc.a(lib_a-strcmp.o)
                0x00803f28                strcmp
 .text          0x00803fe4     0x166c c:/altera/10.1/nios2eds/bin/gnu/h-i686-mingw32/bin/../lib/gcc/nios2-elf/4.1.2/../../../../nios2-elf/lib\libc.a(lib_a-strtod.o)
                0x0080402c                _strtod_r
                0x00805510                strtof
                0x00805634                strtod
 .text          0x00805650      0x268 c:/altera/10.1/nios2eds/bin/gnu/h-i686-mingw32/bin/../lib/gcc/nios2-elf/4.1.2/../../../../nios2-elf/lib\libc.a(lib_a-strtol.o)
                0x00805650                _strtol_r
                0x00805894                strtol
 .text          0x008058b8      0x318 c:/altera/10.1/nios2eds/bin/gnu/h-i686-mingw32/bin/../lib/gcc/nios2-elf/4.1.2/../../../../nios2-elf/lib\libc.a(lib_a-strtoll_r.o)
                0x008058b8                _strtoll_r
 .text          0x00805bd0      0x254 c:/altera/10.1/nios2eds/bin/gnu/h-i686-mingw32/bin/../lib/gcc/nios2-elf/4.1.2/../../../../nios2-elf/lib\libc.a(lib_a-strtoul.o)
                0x00805bd0                _strtoul_r
                0x00805e00                strtoul
 .text          0x00805e24      0x2f0 c:/altera/10.1/nios2eds/bin/gnu/h-i686-mingw32/bin/../lib/gcc/nios2-elf/4.1.2/../../../../nios2-elf/lib\libc.a(lib_a-strtoull_r.o)
                0x00805e24                _strtoull_r
 .text          0x00806114      0x294 c:/altera/10.1/nios2eds/bin/gnu/h-i686-mingw32/bin/../lib/gcc/nios2-elf/4.1.2/../../../../nios2-elf/lib\libc.a(lib_a-ungetc.o)
                0x00806114                __submore
                0x008061f0                _ungetc_r
                0x0080638c                ungetc
 .text          0x008063a8     0x1f28 c:/altera/10.1/nios2eds/bin/gnu/h-i686-mingw32/bin/../lib/gcc/nios2-elf/4.1.2/../../../../nios2-elf/lib\libc.a(lib_a-vfprintf.o)
                0x00806400                ___vfprintf_internal_r
                0x008082ac                __vfprintf_internal
 .text          0x008082d0       0x78 c:/altera/10.1/nios2eds/bin/gnu/h-i686-mingw32/bin/../lib/gcc/nios2-elf/4.1.2/../../../../nios2-elf/lib\libc.a(lib_a-writer.o)
                0x008082d0                _write_r
 .text          0x00808348       0x70 c:/altera/10.1/nios2eds/bin/gnu/h-i686-mingw32/bin/../lib/gcc/nios2-elf/4.1.2/../../../../nios2-elf/lib\libc.a(lib_a-closer.o)
                0x00808348                _close_r
 .text          0x008083b8     0x17cc c:/altera/10.1/nios2eds/bin/gnu/h-i686-mingw32/bin/../lib/gcc/nios2-elf/4.1.2/../../../../nios2-elf/lib\libc.a(lib_a-dtoa.o)
                0x008085d0                _dtoa_r
 .text          0x00809b84      0x124 c:/altera/10.1/nios2eds/bin/gnu/h-i686-mingw32/bin/../lib/gcc/nios2-elf/4.1.2/../../../../nios2-elf/lib\libc.a(lib_a-fclose.o)
                0x00809b84                _fclose_r
                0x00809c94                fclose
 .text          0x00809ca8       0x74 c:/altera/10.1/nios2eds/bin/gnu/h-i686-mingw32/bin/../lib/gcc/nios2-elf/4.1.2/../../../../nios2-elf/lib\libc.a(lib_a-fstatr.o)
                0x00809ca8                _fstat_r
 .text          0x00809d1c      0x49c c:/altera/10.1/nios2eds/bin/gnu/h-i686-mingw32/bin/../lib/gcc/nios2-elf/4.1.2/../../../../nios2-elf/lib\libc.a(lib_a-fvwrite.o)
                0x00809d1c                __sfvwrite_r
 .text          0x0080a1b8      0x8f4 c:/altera/10.1/nios2eds/bin/gnu/h-i686-mingw32/bin/../lib/gcc/nios2-elf/4.1.2/../../../../nios2-elf/lib\libc.a(lib_a-gdtoa-gethex.o)
                0x0080a1dc                __hexdig_init
                0x0080a2f4                __gethex
 .text          0x0080aaac      0x294 c:/altera/10.1/nios2eds/bin/gnu/h-i686-mingw32/bin/../lib/gcc/nios2-elf/4.1.2/../../../../nios2-elf/lib\libc.a(lib_a-gdtoa-hexnan.o)
                0x0080aaf8                __hexnan
 .text          0x0080ad40        0x0 c:/altera/10.1/nios2eds/bin/gnu/h-i686-mingw32/bin/../lib/gcc/nios2-elf/4.1.2/../../../../nios2-elf/lib\libc.a(lib_a-int_errno.o)
 .text          0x0080ad40       0x70 c:/altera/10.1/nios2eds/bin/gnu/h-i686-mingw32/bin/../lib/gcc/nios2-elf/4.1.2/../../../../nios2-elf/lib\libc.a(lib_a-isattyr.o)
                0x0080ad40                _isatty_r
 .text          0x0080adb0       0x78 c:/altera/10.1/nios2eds/bin/gnu/h-i686-mingw32/bin/../lib/gcc/nios2-elf/4.1.2/../../../../nios2-elf/lib\libc.a(lib_a-lseekr.o)
                0x0080adb0                _lseek_r
 .text          0x0080ae28       0xe4 c:/altera/10.1/nios2eds/bin/gnu/h-i686-mingw32/bin/../lib/gcc/nios2-elf/4.1.2/../../../../nios2-elf/lib\libc.a(lib_a-memchr.o)
                0x0080ae28                memchr
 .text          0x0080af0c       0xe0 c:/altera/10.1/nios2eds/bin/gnu/h-i686-mingw32/bin/../lib/gcc/nios2-elf/4.1.2/../../../../nios2-elf/lib\libc.a(lib_a-memmove.o)
                0x0080af0c                memmove
 .text          0x0080afec      0xff4 c:/altera/10.1/nios2eds/bin/gnu/h-i686-mingw32/bin/../lib/gcc/nios2-elf/4.1.2/../../../../nios2-elf/lib\libc.a(lib_a-mprec.o)
                0x0080afec                _Bfree
                0x0080b014                __hi0bits
                0x0080b084                __lo0bits
                0x0080b148                __mcmp
                0x0080b1a8                __ulp
                0x0080b228                __b2d
                0x0080b348                __ratio
                0x0080b3f8                _mprec_log10
                0x0080b48c                __copybits
                0x0080b4e4                __any_on
                0x0080b56c                _Balloc
                0x0080b628                __d2b
                0x0080b7a4                __mdiff
                0x0080b930                __lshift
                0x0080ba7c                __multiply
                0x0080bc64                __i2b
                0x0080bca0                __multadd
                0x0080bda0                __pow5mult
                0x0080bec0                __s2b
 .text          0x0080bfe0       0x78 c:/altera/10.1/nios2eds/bin/gnu/h-i686-mingw32/bin/../lib/gcc/nios2-elf/4.1.2/../../../../nios2-elf/lib\libc.a(lib_a-readr.o)
                0x0080bfe0                _read_r
 .text          0x0080c058      0x5f4 c:/altera/10.1/nios2eds/bin/gnu/h-i686-mingw32/bin/../lib/gcc/nios2-elf/4.1.2/../../../../nios2-elf/lib\libc.a(lib_a-reallocr.o)
                0x0080c058                _realloc_r
 .text          0x0080c64c       0x40 c:/altera/10.1/nios2eds/bin/gnu/h-i686-mingw32/bin/../lib/gcc/nios2-elf/4.1.2/../../../../nios2-elf/lib\libc.a(lib_a-s_isinfd.o)
                0x0080c64c                __isinfd
 .text          0x0080c68c       0xb4 c:/altera/10.1/nios2eds/bin/gnu/h-i686-mingw32/bin/../lib/gcc/nios2-elf/4.1.2/../../../../nios2-elf/lib\libc.a(lib_a-callocr.o)
                0x0080c68c                _calloc_r
 .text          0x0080c740       0x98 c:/altera/10.1/nios2eds/bin/gnu/h-i686-mingw32/bin/../lib/gcc/nios2-elf/4.1.2\libgcc.a(_muldi3.o)
                0x0080c740                __muldi3
 .text          0x0080c7d8       0xa4 c:/altera/10.1/nios2eds/bin/gnu/h-i686-mingw32/bin/../lib/gcc/nios2-elf/4.1.2\libgcc.a(_fixunsdfsi.o)
                0x0080c7d8                __fixunsdfsi
 .text          0x0080c87c      0x5dc c:/altera/10.1/nios2eds/bin/gnu/h-i686-mingw32/bin/../lib/gcc/nios2-elf/4.1.2\libgcc.a(_udivdi3.o)
                0x0080c87c                __udivdi3
 .text          0x0080ce58      0x5b0 c:/altera/10.1/nios2eds/bin/gnu/h-i686-mingw32/bin/../lib/gcc/nios2-elf/4.1.2\libgcc.a(_umoddi3.o)
                0x0080ce58                __umoddi3
 .text          0x0080d408       0x78 c:/altera/10.1/nios2eds/bin/gnu/h-i686-mingw32/bin/../lib/gcc/nios2-elf/4.1.2\libgcc.a(_ne_sf.o)
                0x0080d408                __nesf2
 .text          0x0080d480       0x78 c:/altera/10.1/nios2eds/bin/gnu/h-i686-mingw32/bin/../lib/gcc/nios2-elf/4.1.2\libgcc.a(_gt_sf.o)
                0x0080d480                __gtsf2
 .text          0x0080d4f8       0x78 c:/altera/10.1/nios2eds/bin/gnu/h-i686-mingw32/bin/../lib/gcc/nios2-elf/4.1.2\libgcc.a(_lt_sf.o)
                0x0080d4f8                __ltsf2
 .text          0x0080d570      0x504 c:/altera/10.1/nios2eds/bin/gnu/h-i686-mingw32/bin/../lib/gcc/nios2-elf/4.1.2\libgcc.a(_addsub_df.o)
                0x0080d980                __subdf3
                0x0080da00                __adddf3
 .text          0x0080da74      0x3c4 c:/altera/10.1/nios2eds/bin/gnu/h-i686-mingw32/bin/../lib/gcc/nios2-elf/4.1.2\libgcc.a(_mul_df.o)
                0x0080da74                __muldf3
 .text          0x0080de38      0x258 c:/altera/10.1/nios2eds/bin/gnu/h-i686-mingw32/bin/../lib/gcc/nios2-elf/4.1.2\libgcc.a(_div_df.o)
                0x0080de38                __divdf3
 .text          0x0080e090       0x88 c:/altera/10.1/nios2eds/bin/gnu/h-i686-mingw32/bin/../lib/gcc/nios2-elf/4.1.2\libgcc.a(_eq_df.o)
                0x0080e090                __eqdf2
 .text          0x0080e118       0x88 c:/altera/10.1/nios2eds/bin/gnu/h-i686-mingw32/bin/../lib/gcc/nios2-elf/4.1.2\libgcc.a(_ne_df.o)
                0x0080e118                __nedf2
 .text          0x0080e1a0       0x88 c:/altera/10.1/nios2eds/bin/gnu/h-i686-mingw32/bin/../lib/gcc/nios2-elf/4.1.2\libgcc.a(_gt_df.o)
                0x0080e1a0                __gtdf2
 .text          0x0080e228       0x88 c:/altera/10.1/nios2eds/bin/gnu/h-i686-mingw32/bin/../lib/gcc/nios2-elf/4.1.2\libgcc.a(_ge_df.o)
                0x0080e228                __gedf2
 .text          0x0080e2b0       0x88 c:/altera/10.1/nios2eds/bin/gnu/h-i686-mingw32/bin/../lib/gcc/nios2-elf/4.1.2\libgcc.a(_lt_df.o)
                0x0080e2b0                __ltdf2
 .text          0x0080e338       0x88 c:/altera/10.1/nios2eds/bin/gnu/h-i686-mingw32/bin/../lib/gcc/nios2-elf/4.1.2\libgcc.a(_le_df.o)
                0x0080e338                __ledf2
 .text          0x0080e3c0       0xf8 c:/altera/10.1/nios2eds/bin/gnu/h-i686-mingw32/bin/../lib/gcc/nios2-elf/4.1.2\libgcc.a(_si_to_df.o)
                0x0080e3c0                __floatsidf
 .text          0x0080e4b8       0xd8 c:/altera/10.1/nios2eds/bin/gnu/h-i686-mingw32/bin/../lib/gcc/nios2-elf/4.1.2\libgcc.a(_df_to_si.o)
                0x0080e4b8                __fixdfsi
 .text          0x0080e590       0x74 c:/altera/10.1/nios2eds/bin/gnu/h-i686-mingw32/bin/../lib/gcc/nios2-elf/4.1.2\libgcc.a(_df_to_sf.o)
                0x0080e590                __truncdfsf2
 .text          0x0080e604        0x0 c:/altera/10.1/nios2eds/bin/gnu/h-i686-mingw32/bin/../lib/gcc/nios2-elf/4.1.2\libgcc.a(_thenan_df.o)
 .text          0x0080e604      0x194 c:/altera/10.1/nios2eds/bin/gnu/h-i686-mingw32/bin/../lib/gcc/nios2-elf/4.1.2\libgcc.a(_usi_to_df.o)
                0x0080e604                __floatunsidf
 .text          0x0080e798      0x14c c:/altera/10.1/nios2eds/bin/gnu/h-i686-mingw32/bin/../lib/gcc/nios2-elf/4.1.2\libgcc.a(lib2-divmod.o)
                0x0080e814                __divsi3
                0x0080e874                __modsi3
                0x0080e8d4                __udivsi3
                0x0080e8dc                __umodsi3
 .text          0x0080e8e4        0x0 c:/altera/10.1/nios2eds/bin/gnu/h-i686-mingw32/bin/../lib/gcc/nios2-elf/4.1.2\libgcc.a(_clz.o)
 .text          0x0080e8e4       0x80 c:/altera/10.1/nios2eds/bin/gnu/h-i686-mingw32/bin/../lib/gcc/nios2-elf/4.1.2\libgcc.a(_clzsi2.o)
                0x0080e8e4                __clzsi2
 .text          0x0080e964       0xc8 c:/altera/10.1/nios2eds/bin/gnu/h-i686-mingw32/bin/../lib/gcc/nios2-elf/4.1.2\libgcc.a(_unpack_sf.o)
                0x0080e964                __unpack_f
 .text          0x0080ea2c       0xa8 c:/altera/10.1/nios2eds/bin/gnu/h-i686-mingw32/bin/../lib/gcc/nios2-elf/4.1.2\libgcc.a(_fpcmp_parts_sf.o)
                0x0080ea2c                __fpcmp_parts_f
 .text          0x0080ead4       0x2c c:/altera/10.1/nios2eds/bin/gnu/h-i686-mingw32/bin/../lib/gcc/nios2-elf/4.1.2\libgcc.a(_make_sf.o)
                0x0080ead4                __make_fp
 .text          0x0080eb00      0x314 c:/altera/10.1/nios2eds/bin/gnu/h-i686-mingw32/bin/../lib/gcc/nios2-elf/4.1.2\libgcc.a(_pack_df.o)
                0x0080eb00                __pack_d
 .text          0x0080ee14      0x138 c:/altera/10.1/nios2eds/bin/gnu/h-i686-mingw32/bin/../lib/gcc/nios2-elf/4.1.2\libgcc.a(_unpack_df.o)
                0x0080ee14                __unpack_d
 .text          0x0080ef4c       0xc8 c:/altera/10.1/nios2eds/bin/gnu/h-i686-mingw32/bin/../lib/gcc/nios2-elf/4.1.2\libgcc.a(_fpcmp_parts_df.o)
                0x0080ef4c                __fpcmp_parts_d
 .text          0x0080f014      0x160 c:/altera/10.1/nios2eds/bin/gnu/h-i686-mingw32/bin/../lib/gcc/nios2-elf/4.1.2\libgcc.a(_pack_sf.o)
                0x0080f014                __pack_f
 .text          0x0080f174      0x15c ../lab3_tcp_bsp\libhal_bsp.a(alt_close.o)
                0x0080f174                close
 .text          0x0080f2d0       0x2c ../lab3_tcp_bsp\libhal_bsp.a(alt_dev.o)
 .text          0x0080f2fc        0x0 ../lab3_tcp_bsp\libhal_bsp.a(alt_errno.o)
 .text          0x0080f2fc      0x134 ../lab3_tcp_bsp\libhal_bsp.a(alt_fstat.o)
                0x0080f2fc                fstat
 .text          0x0080f430      0x1c0 ../lab3_tcp_bsp\libhal_bsp.a(alt_irq_register.o)
                0x0080f430                alt_irq_register
 .text          0x0080f5f0        0x0 ../lab3_tcp_bsp\libhal_bsp.a(alt_irq_vars.o)
 .text          0x0080f5f0      0x120 ../lab3_tcp_bsp\libhal_bsp.a(alt_isatty.o)
                0x0080f5f0                isatty
 .text          0x0080f710       0xec ../lab3_tcp_bsp\libhal_bsp.a(alt_load.o)
                0x0080f710                alt_load
 .text          0x0080f7fc      0x150 ../lab3_tcp_bsp\libhal_bsp.a(alt_lseek.o)
                0x0080f7fc                lseek
 .text          0x0080f94c       0x6c ../lab3_tcp_bsp\libhal_bsp.a(alt_main.o)
                0x0080f94c                alt_main
 .text          0x0080f9b8       0x40 ../lab3_tcp_bsp\libhal_bsp.a(alt_malloc_lock.o)
                0x0080f9b8                __malloc_lock
                0x0080f9d8                __malloc_unlock
 .text          0x0080f9f8      0x180 ../lab3_tcp_bsp\libhal_bsp.a(alt_read.o)
                0x0080f9f8                read
 .text          0x0080fb78       0x60 ../lab3_tcp_bsp\libhal_bsp.a(alt_release_fd.o)
                0x0080fb78                alt_release_fd
 .text          0x0080fbd8       0xbc ../lab3_tcp_bsp\libhal_bsp.a(alt_sbrk.o)
                0x0080fbd8                sbrk
 .text          0x0080fc94      0x180 ../lab3_tcp_bsp\libhal_bsp.a(alt_write.o)
                0x0080fc94                write
 .text          0x0080fe14      0x3a8 ../lab3_tcp_bsp\libhal_bsp.a(alt_sys_init.o)
                0x0080fe14                alt_irq_init
                0x0080fe48                alt_sys_init
 .text          0x008101bc      0x8c8 ../lab3_tcp_bsp\libhal_bsp.a(altera_avalon_cfi_flash.o)
                0x008101bc                alt_flash_cfi_init
                0x00810290                alt_flash_cfi_write
                0x00810550                alt_flash_cfi_get_info
                0x008105e0                alt_flash_cfi_read
                0x00810648                alt_write_value_to_flash
                0x008107ac                alt_flash_program_block
 .text          0x00810a84     0x1448 ../lab3_tcp_bsp\libhal_bsp.a(altera_avalon_cfi_flash_table.o)
                0x00810a84                alt_read_query_entry_8bit
                0x00810ac4                alt_read_query_entry_16bit
                0x00810b08                alt_read_query_entry_32bit
                0x00810b50                alt_write_flash_command_8bit_device_8bit_mode
                0x00810b8c                alt_write_flash_command_16bit_device_8bit_mode
                0x00810c08                alt_write_flash_command_32bit_device_8bit_mode
                0x00810c50                alt_write_flash_command_16bit_device_16bit_mode
                0x00810c94                alt_write_flash_command_32bit_device_16bit_mode
                0x00810cdc                alt_write_flash_command_32bit_device_32bit_mode
                0x00810d24                alt_write_native_8bit
                0x00810d58                alt_write_native_16bit
                0x00810d8c                alt_write_native_32bit
                0x00810dbc                alt_set_flash_width_func
                0x00810f9c                alt_set_flash_algorithm_func
                0x008110c4                alt_read_cfi_table
                0x00811644                alt_read_cfi_width
                0x00811df0                alt_check_primary_table
 .text          0x00811ecc      0x148 ../lab3_tcp_bsp\libhal_bsp.a(altera_avalon_jtag_uart_fd.o)
                0x00811ecc                altera_avalon_jtag_uart_read_fd
                0x00811f24                altera_avalon_jtag_uart_write_fd
                0x00811f7c                altera_avalon_jtag_uart_close_fd
                0x00811fc4                altera_avalon_jtag_uart_ioctl_fd
 .text          0x00812014      0x40c ../lab3_tcp_bsp\libhal_bsp.a(altera_avalon_jtag_uart_init.o)
                0x00812014                altera_avalon_jtag_uart_init
                0x008123ac                altera_avalon_jtag_uart_close
 .text          0x00812420       0xf4 ../lab3_tcp_bsp\libhal_bsp.a(altera_avalon_jtag_uart_ioctl.o)
                0x00812420                altera_avalon_jtag_uart_ioctl
 .text          0x00812514      0x224 ../lab3_tcp_bsp\libhal_bsp.a(altera_avalon_jtag_uart_read.o)
                0x00812514                altera_avalon_jtag_uart_read
 .text          0x00812738      0x240 ../lab3_tcp_bsp\libhal_bsp.a(altera_avalon_jtag_uart_write.o)
                0x00812738                altera_avalon_jtag_uart_write
 .text          0x00812978      0x100 ../lab3_tcp_bsp\libhal_bsp.a(altera_avalon_timer_sc.o)
                0x008129e8                alt_avalon_timer_sc_init
 .text          0x00812a78       0xf8 ../lab3_tcp_bsp\libhal_bsp.a(altera_avalon_uart_fd.o)
                0x00812a78                altera_avalon_uart_read_fd
                0x00812ad0                altera_avalon_uart_write_fd
                0x00812b28                altera_avalon_uart_close_fd
 .text          0x00812b70      0x400 ../lab3_tcp_bsp\libhal_bsp.a(altera_avalon_uart_init.o)
                0x00812b70                altera_avalon_uart_init
                0x00812f10                altera_avalon_uart_close
 .text          0x00812f70      0x290 ../lab3_tcp_bsp\libhal_bsp.a(altera_avalon_uart_read.o)
                0x00812f70                altera_avalon_uart_read
 .text          0x00813200      0x228 ../lab3_tcp_bsp\libhal_bsp.a(altera_avalon_uart_write.o)
                0x00813200                altera_avalon_uart_write
 .text          0x00813428      0x304 ../lab3_tcp_bsp\libhal_bsp.a(altera_up_avalon_video_character_buffer_with_dma.o)
                0x00813428                alt_up_char_buffer_init
                0x008134ac                alt_up_char_buffer_open_dev
                0x008134ec                alt_up_char_buffer_draw
                0x008135bc                alt_up_char_buffer_string
                0x008136d0                alt_up_char_buffer_clear
 .text          0x0081372c      0x154 ../lab3_tcp_bsp\libhal_bsp.a(alt_alarm_start.o)
                0x0081372c                alt_alarm_start
 .text          0x00813880       0x78 ../lab3_tcp_bsp\libhal_bsp.a(alt_dcache_flush.o)
                0x00813880                alt_dcache_flush
 .text          0x008138f8       0x44 ../lab3_tcp_bsp\libhal_bsp.a(alt_dcache_flush_all.o)
                0x008138f8                alt_dcache_flush_all
 .text          0x0081393c      0x114 ../lab3_tcp_bsp\libhal_bsp.a(alt_dev_llist_insert.o)
                0x0081393c                alt_dev_llist_insert
 .text          0x00813a50       0x64 ../lab3_tcp_bsp\libhal_bsp.a(alt_do_ctors.o)
                0x00813a50                _do_ctors
 .text          0x00813ab4       0x64 ../lab3_tcp_bsp\libhal_bsp.a(alt_do_dtors.o)
                0x00813ab4                _do_dtors
 .text          0x00813b18       0x94 ../lab3_tcp_bsp\libhal_bsp.a(alt_find_dev.o)
                0x00813b18                alt_find_dev
 .text          0x00813bac       0xd0 ../lab3_tcp_bsp\libhal_bsp.a(alt_flash_dev.o)
                0x00813bac                alt_flash_open_dev
                0x00813c28                alt_flash_close_dev
 .text          0x00813c7c       0x30 ../lab3_tcp_bsp\libhal_bsp.a(alt_icache_flush_all.o)
                0x00813c7c                alt_icache_flush_all
 .text          0x00813cac      0x1d4 ../lab3_tcp_bsp\libhal_bsp.a(alt_iic.o)
                0x00813cac                alt_ic_isr_register
                0x00813cfc                alt_ic_irq_enable
                0x00813d98                alt_ic_irq_disable
                0x00813e38                alt_ic_irq_enabled
 .text          0x00813e80       0xf8 ../lab3_tcp_bsp\libhal_bsp.a(alt_iic_isr_register.o)
                0x00813e80                alt_iic_isr_register
 .text          0x00813f78      0x13c ../lab3_tcp_bsp\libhal_bsp.a(alt_io_redirect.o)
                0x0081403c                alt_io_redirect
 .text          0x008140b4        0x0 ../lab3_tcp_bsp\libhal_bsp.a(alt_irq_entry.o)
 .text          0x008140b4        0x0 ../lab3_tcp_bsp\libhal_bsp.a(alt_irq_handler.o)
 .text          0x008140b4      0x2c4 ../lab3_tcp_bsp\libhal_bsp.a(alt_open.o)
                0x00814190                open
 .text          0x00814378      0x1a4 ../lab3_tcp_bsp\libhal_bsp.a(alt_tick.o)
                0x00814378                alt_alarm_stop
                0x00814410                alt_tick
 .text          0x0081451c       0x20 ../lab3_tcp_bsp\libhal_bsp.a(altera_nios2_irq.o)
                0x0081451c                altera_nios2_irq_init
 .text          0x0081453c      0x460 ../lab3_tcp_bsp\libhal_bsp.a(altera_avalon_cfi_flash_amd.o)
                0x0081453c                alt_program_amd
                0x008145a4                alt_erase_block_amd
 .text          0x0081499c      0x460 ../lab3_tcp_bsp\libhal_bsp.a(altera_avalon_cfi_flash_intel.o)
                0x0081499c                alt_program_intel
                0x00814a20                alt_erase_block_intel
 .text          0x00814dfc        0x0 ../lab3_tcp_bsp\libhal_bsp.a(alt_exception_entry.o)
 .text          0x00814dfc      0x120 ../lab3_tcp_bsp\libhal_bsp.a(alt_find_file.o)
                0x00814dfc                alt_find_file
 .text          0x00814f1c       0xb8 ../lab3_tcp_bsp\libhal_bsp.a(alt_get_fd.o)
                0x00814f1c                alt_get_fd
 .text          0x00814fd4       0x90 ../lab3_tcp_bsp\libhal_bsp.a(alt_icache_flush.o)
                0x00814fd4                alt_icache_flush
 .text          0x00815064       0x30 ../lab3_tcp_bsp\libhal_bsp.a(alt_usleep.o)
                0x00815064                usleep
 .text          0x00815094      0x14c ../lab3_tcp_bsp\libhal_bsp.a(alt_busy_sleep.o)
                0x00815094                alt_busy_sleep
 .text          0x008151e0       0x14 c:/altera/10.1/nios2eds/bin/gnu/h-i686-mingw32/bin/../lib/gcc/nios2-elf/4.1.2/../../../../nios2-elf/lib\libc.a(lib_a-atexit.o)
                0x008151e0                atexit
 .text          0x008151f4       0x38 c:/altera/10.1/nios2eds/bin/gnu/h-i686-mingw32/bin/../lib/gcc/nios2-elf/4.1.2/../../../../nios2-elf/lib\libc.a(lib_a-exit.o)
                0x008151f4                exit
 .text          0x0081522c       0x74 c:/altera/10.1/nios2eds/bin/gnu/h-i686-mingw32/bin/../lib/gcc/nios2-elf/4.1.2/../../../../nios2-elf/lib\libc.a(lib_a-memcmp.o)
                0x0081522c                memcmp
 .text          0x008152a0      0x134 c:/altera/10.1/nios2eds/bin/gnu/h-i686-mingw32/bin/../lib/gcc/nios2-elf/4.1.2/../../../../nios2-elf/lib\libc.a(lib_a-__atexit.o)
                0x008152a0                __register_exitproc
 .text          0x008153d4      0x1b4 c:/altera/10.1/nios2eds/bin/gnu/h-i686-mingw32/bin/../lib/gcc/nios2-elf/4.1.2/../../../../nios2-elf/lib\libc.a(lib_a-__call_atexit.o)
                0x008153d8                __call_exitprocs
 .text          0x00815588       0x60 ../lab3_tcp_bsp\libhal_bsp.a(alt_exit.o)
                0x008155c8                _exit
 *(.gnu.warning.*)
 *(.fini)
                0x008155e8                PROVIDE (__etext, ABSOLUTE (.))
                0x008155e8                PROVIDE (_etext, ABSOLUTE (.))
                0x008155e8                PROVIDE (etext, ABSOLUTE (.))
 *(.eh_frame_hdr)
                0x008155e8                . = ALIGN (0x4)
                0x008155e8                PROVIDE (__preinit_array_start, ABSOLUTE (.))
 *(.preinit_array)
                0x008155e8                PROVIDE (__preinit_array_end, ABSOLUTE (.))
                0x008155e8                PROVIDE (__init_array_start, ABSOLUTE (.))
 *(.init_array)
                0x008155e8                PROVIDE (__init_array_end, ABSOLUTE (.))
                0x008155e8                PROVIDE (__fini_array_start, ABSOLUTE (.))
 *(.fini_array)
                0x008155e8                PROVIDE (__fini_array_end, ABSOLUTE (.))
 *(.eh_frame)
 .eh_frame      0x008155e8       0x40 c:/altera/10.1/nios2eds/bin/gnu/h-i686-mingw32/bin/../lib/gcc/nios2-elf/4.1.2\libgcc.a(_udivdi3.o)
 .eh_frame      0x00815628       0x2c c:/altera/10.1/nios2eds/bin/gnu/h-i686-mingw32/bin/../lib/gcc/nios2-elf/4.1.2\libgcc.a(_umoddi3.o)
                                 0x40 (size before relaxing)
 *(.gcc_except_table)
 *(.dynamic)
                0x00815654                PROVIDE (__CTOR_LIST__, ABSOLUTE (.))
 *(.ctors)
 *(SORT(.ctors.*))
 .ctors.65535   0x00815654        0x4 c:/altera/10.1/nios2eds/bin/gnu/h-i686-mingw32/bin/../lib/gcc/nios2-elf/4.1.2/../../../../nios2-elf/lib\libc.a(lib_a-__call_atexit.o)
                0x00815658                PROVIDE (__CTOR_END__, ABSOLUTE (.))
                0x00815658                PROVIDE (__DTOR_LIST__, ABSOLUTE (.))
 *(.dtors)
 *(SORT(.dtors.*))
                0x00815658                PROVIDE (__DTOR_END__, ABSOLUTE (.))
 *(.jcr)
                0x00815658                . = ALIGN (0x4)

.rodata         0x00815658      0x6d0
                0x00815658                PROVIDE (__ram_rodata_start, ABSOLUTE (.))
                0x00815658                . = ALIGN (0x4)
 *(.rodata .rodata.* .gnu.linkonce.r.*)
 .rodata        0x00815658        0x4 obj/tco.o
 .rodata.str1.4
                0x0081565c        0x2 c:/altera/10.1/nios2eds/bin/gnu/h-i686-mingw32/bin/../lib/gcc/nios2-elf/4.1.2/../../../../nios2-elf/lib\libc.a(lib_a-impure.o)
                                  0x4 (size before relaxing)
 *fill*         0x0081565e        0x2 00
 .rodata.str1.4
                0x00815660        0x5 c:/altera/10.1/nios2eds/bin/gnu/h-i686-mingw32/bin/../lib/gcc/nios2-elf/4.1.2/../../../../nios2-elf/lib\libc.a(lib_a-vfscanf.o)
                                  0x8 (size before relaxing)
 *fill*         0x00815665        0x1 00
 .rodata        0x00815666       0x22 c:/altera/10.1/nios2eds/bin/gnu/h-i686-mingw32/bin/../lib/gcc/nios2-elf/4.1.2/../../../../nios2-elf/lib\libc.a(lib_a-vfscanf.o)
 .rodata        0x00815688      0x281 c:/altera/10.1/nios2eds/bin/gnu/h-i686-mingw32/bin/../lib/gcc/nios2-elf/4.1.2/../../../../nios2-elf/lib\libc.a(lib_a-ctype_.o)
                0x00815688                _ctype_
 *fill*         0x00815909        0x3 00
 .rodata.str1.4
                0x0081590c        0xf c:/altera/10.1/nios2eds/bin/gnu/h-i686-mingw32/bin/../lib/gcc/nios2-elf/4.1.2/../../../../nios2-elf/lib\libc.a(lib_a-locale.o)
                                 0x18 (size before relaxing)
 *fill*         0x0081591b        0x1 00
 .rodata        0x0081591c       0x30 c:/altera/10.1/nios2eds/bin/gnu/h-i686-mingw32/bin/../lib/gcc/nios2-elf/4.1.2/../../../../nios2-elf/lib\libc.a(lib_a-locale.o)
 .rodata.str1.4
                0x00000000        0x4 c:/altera/10.1/nios2eds/bin/gnu/h-i686-mingw32/bin/../lib/gcc/nios2-elf/4.1.2/../../../../nios2-elf/lib\libc.a(lib_a-mbrtowc.o)
 .rodata.str1.4
                0x0081594c        0xf c:/altera/10.1/nios2eds/bin/gnu/h-i686-mingw32/bin/../lib/gcc/nios2-elf/4.1.2/../../../../nios2-elf/lib\libc.a(lib_a-strtod.o)
                                 0x10 (size before relaxing)
 *fill*         0x0081595b        0x1 00
 .rodata        0x0081595c       0x28 c:/altera/10.1/nios2eds/bin/gnu/h-i686-mingw32/bin/../lib/gcc/nios2-elf/4.1.2/../../../../nios2-elf/lib\libc.a(lib_a-strtod.o)
 .rodata.str1.4
                0x00815984       0x5e c:/altera/10.1/nios2eds/bin/gnu/h-i686-mingw32/bin/../lib/gcc/nios2-elf/4.1.2/../../../../nios2-elf/lib\libc.a(lib_a-vfprintf.o)
                                 0x60 (size before relaxing)
 .rodata        0x008159e2       0x20 c:/altera/10.1/nios2eds/bin/gnu/h-i686-mingw32/bin/../lib/gcc/nios2-elf/4.1.2/../../../../nios2-elf/lib\libc.a(lib_a-vfprintf.o)
 *fill*         0x00815a02        0x2 00
 .rodata.str1.4
                0x00815a04       0x10 c:/altera/10.1/nios2eds/bin/gnu/h-i686-mingw32/bin/../lib/gcc/nios2-elf/4.1.2/../../../../nios2-elf/lib\libc.a(lib_a-dtoa.o)
                                 0x14 (size before relaxing)
 .rodata.str1.4
                0x00815a14       0x1c c:/altera/10.1/nios2eds/bin/gnu/h-i686-mingw32/bin/../lib/gcc/nios2-elf/4.1.2/../../../../nios2-elf/lib\libc.a(lib_a-gdtoa-gethex.o)
 .rodata        0x00815a30      0x124 c:/altera/10.1/nios2eds/bin/gnu/h-i686-mingw32/bin/../lib/gcc/nios2-elf/4.1.2/../../../../nios2-elf/lib\libc.a(lib_a-mprec.o)
                0x00815a30                __mprec_tens
                0x00815af8                __mprec_bigtens
                0x00815b20                __mprec_tinytens
 .rodata        0x00815b54       0x14 c:/altera/10.1/nios2eds/bin/gnu/h-i686-mingw32/bin/../lib/gcc/nios2-elf/4.1.2\libgcc.a(_thenan_df.o)
                0x00815b54                __thenan_df
 .rodata        0x00815b68      0x100 c:/altera/10.1/nios2eds/bin/gnu/h-i686-mingw32/bin/../lib/gcc/nios2-elf/4.1.2\libgcc.a(_clz.o)
                0x00815b68                __clz_tab
 .rodata        0x00815c68        0xc ../lab3_tcp_bsp\libhal_bsp.a(alt_dev.o)
 .rodata        0x00815c74       0x10 ../lab3_tcp_bsp\libhal_bsp.a(alt_main.o)
 .rodata        0x00815c84       0x88 ../lab3_tcp_bsp\libhal_bsp.a(alt_sys_init.o)
 .rodata        0x00815d0c       0x1c ../lab3_tcp_bsp\libhal_bsp.a(altera_up_avalon_video_character_buffer_with_dma.o)
 *(.rodata1)
                0x00815d28                . = ALIGN (0x4)
                0x00815d28                PROVIDE (__ram_rodata_end, ABSOLUTE (.))
                0x00815658                PROVIDE (__flash_rodata_start, LOADADDR (.rodata))

.rwdata         0x00815d28     0x1cc8 load address 0x008179f0
                0x00815d28                PROVIDE (__ram_rwdata_start, ABSOLUTE (.))
                0x00815d28                . = ALIGN (0x4)
 *(.got.plt)
 *(.got)
 *(.data1)
 *(.data .data.* .gnu.linkonce.d.*)
 .data          0x00815d28        0x0 ../lab3_tcp_bsp/obj/HAL/src/crt0.o
 .data          0x00815d28        0x0 obj/tco.o
 .data          0x00815d28      0x400 c:/altera/10.1/nios2eds/bin/gnu/h-i686-mingw32/bin/../lib/gcc/nios2-elf/4.1.2/../../../../nios2-elf/lib\libc.a(lib_a-impure.o)
 .data          0x00816128        0x0 c:/altera/10.1/nios2eds/bin/gnu/h-i686-mingw32/bin/../lib/gcc/nios2-elf/4.1.2/../../../../nios2-elf/lib\libc.a(lib_a-putc.o)
 .data          0x00816128        0x0 c:/altera/10.1/nios2eds/bin/gnu/h-i686-mingw32/bin/../lib/gcc/nios2-elf/4.1.2/../../../../nios2-elf/lib\libc.a(lib_a-scanf.o)
 .data          0x00816128        0x0 c:/altera/10.1/nios2eds/bin/gnu/h-i686-mingw32/bin/../lib/gcc/nios2-elf/4.1.2/../../../../nios2-elf/lib\libc.a(lib_a-strlen.o)
 .data          0x00816128        0x0 c:/altera/10.1/nios2eds/bin/gnu/h-i686-mingw32/bin/../lib/gcc/nios2-elf/4.1.2/../../../../nios2-elf/lib\libc.a(lib_a-vfscanf.o)
 .data          0x00816128        0x0 c:/altera/10.1/nios2eds/bin/gnu/h-i686-mingw32/bin/../lib/gcc/nios2-elf/4.1.2/../../../../nios2-elf/lib\libc.a(lib_a-wbuf.o)
 .data          0x00816128        0x0 c:/altera/10.1/nios2eds/bin/gnu/h-i686-mingw32/bin/../lib/gcc/nios2-elf/4.1.2/../../../../nios2-elf/lib\libc.a(lib_a-wsetup.o)
 .data          0x00816128        0x0 c:/altera/10.1/nios2eds/bin/gnu/h-i686-mingw32/bin/../lib/gcc/nios2-elf/4.1.2/../../../../nios2-elf/lib\libc.a(lib_a-ctype_.o)
 .data          0x00816128        0x0 c:/altera/10.1/nios2eds/bin/gnu/h-i686-mingw32/bin/../lib/gcc/nios2-elf/4.1.2/../../../../nios2-elf/lib\libc.a(lib_a-fflush.o)
 .data          0x00816128        0x0 c:/altera/10.1/nios2eds/bin/gnu/h-i686-mingw32/bin/../lib/gcc/nios2-elf/4.1.2/../../../../nios2-elf/lib\libc.a(lib_a-findfp.o)
 .data          0x00816128        0x0 c:/altera/10.1/nios2eds/bin/gnu/h-i686-mingw32/bin/../lib/gcc/nios2-elf/4.1.2/../../../../nios2-elf/lib\libc.a(lib_a-fread.o)
 .data          0x00816128        0x0 c:/altera/10.1/nios2eds/bin/gnu/h-i686-mingw32/bin/../lib/gcc/nios2-elf/4.1.2/../../../../nios2-elf/lib\libc.a(lib_a-freer.o)
 .data          0x00816128        0x0 c:/altera/10.1/nios2eds/bin/gnu/h-i686-mingw32/bin/../lib/gcc/nios2-elf/4.1.2/../../../../nios2-elf/lib\libc.a(lib_a-fwalk.o)
 .data          0x00816128        0x0 c:/altera/10.1/nios2eds/bin/gnu/h-i686-mingw32/bin/../lib/gcc/nios2-elf/4.1.2/../../../../nios2-elf/lib\libc.a(lib_a-iswspace.o)
 .data          0x00816128        0xc c:/altera/10.1/nios2eds/bin/gnu/h-i686-mingw32/bin/../lib/gcc/nios2-elf/4.1.2/../../../../nios2-elf/lib\libc.a(lib_a-locale.o)
                0x00816128                __lc_ctype
 .data          0x00816134        0x0 c:/altera/10.1/nios2eds/bin/gnu/h-i686-mingw32/bin/../lib/gcc/nios2-elf/4.1.2/../../../../nios2-elf/lib\libc.a(lib_a-makebuf.o)
 .data          0x00816134      0x408 c:/altera/10.1/nios2eds/bin/gnu/h-i686-mingw32/bin/../lib/gcc/nios2-elf/4.1.2/../../../../nios2-elf/lib\libc.a(lib_a-mallocr.o)
                0x00816134                __malloc_av_
 .data          0x0081653c        0x0 c:/altera/10.1/nios2eds/bin/gnu/h-i686-mingw32/bin/../lib/gcc/nios2-elf/4.1.2/../../../../nios2-elf/lib\libc.a(lib_a-mbrtowc.o)
 .data          0x0081653c        0x0 c:/altera/10.1/nios2eds/bin/gnu/h-i686-mingw32/bin/../lib/gcc/nios2-elf/4.1.2/../../../../nios2-elf/lib\libc.a(lib_a-mbtowc_r.o)
 .data          0x0081653c        0x0 c:/altera/10.1/nios2eds/bin/gnu/h-i686-mingw32/bin/../lib/gcc/nios2-elf/4.1.2/../../../../nios2-elf/lib\libc.a(lib_a-memcpy.o)
 .data          0x0081653c        0x0 c:/altera/10.1/nios2eds/bin/gnu/h-i686-mingw32/bin/../lib/gcc/nios2-elf/4.1.2/../../../../nios2-elf/lib\libc.a(lib_a-memset.o)
 .data          0x0081653c        0x0 c:/altera/10.1/nios2eds/bin/gnu/h-i686-mingw32/bin/../lib/gcc/nios2-elf/4.1.2/../../../../nios2-elf/lib\libc.a(lib_a-refill.o)
 .data          0x0081653c        0x0 c:/altera/10.1/nios2eds/bin/gnu/h-i686-mingw32/bin/../lib/gcc/nios2-elf/4.1.2/../../../../nios2-elf/lib\libc.a(lib_a-s_isnand.o)
 .data          0x0081653c        0x0 c:/altera/10.1/nios2eds/bin/gnu/h-i686-mingw32/bin/../lib/gcc/nios2-elf/4.1.2/../../../../nios2-elf/lib\libc.a(lib_a-sbrkr.o)
 .data          0x0081653c        0x0 c:/altera/10.1/nios2eds/bin/gnu/h-i686-mingw32/bin/../lib/gcc/nios2-elf/4.1.2/../../../../nios2-elf/lib\libc.a(lib_a-sccl.o)
 .data          0x0081653c        0x0 c:/altera/10.1/nios2eds/bin/gnu/h-i686-mingw32/bin/../lib/gcc/nios2-elf/4.1.2/../../../../nios2-elf/lib\libc.a(lib_a-sf_nan.o)
 .data          0x0081653c        0x0 c:/altera/10.1/nios2eds/bin/gnu/h-i686-mingw32/bin/../lib/gcc/nios2-elf/4.1.2/../../../../nios2-elf/lib\libc.a(lib_a-sprintf.o)
 .data          0x0081653c        0x0 c:/altera/10.1/nios2eds/bin/gnu/h-i686-mingw32/bin/../lib/gcc/nios2-elf/4.1.2/../../../../nios2-elf/lib\libc.a(lib_a-stdio.o)
 .data          0x0081653c        0x0 c:/altera/10.1/nios2eds/bin/gnu/h-i686-mingw32/bin/../lib/gcc/nios2-elf/4.1.2/../../../../nios2-elf/lib\libc.a(lib_a-strcmp.o)
 .data          0x0081653c       0x28 c:/altera/10.1/nios2eds/bin/gnu/h-i686-mingw32/bin/../lib/gcc/nios2-elf/4.1.2/../../../../nios2-elf/lib\libc.a(lib_a-strtod.o)
 .data          0x00816564        0x0 c:/altera/10.1/nios2eds/bin/gnu/h-i686-mingw32/bin/../lib/gcc/nios2-elf/4.1.2/../../../../nios2-elf/lib\libc.a(lib_a-strtol.o)
 .data          0x00816564        0x0 c:/altera/10.1/nios2eds/bin/gnu/h-i686-mingw32/bin/../lib/gcc/nios2-elf/4.1.2/../../../../nios2-elf/lib\libc.a(lib_a-strtoll_r.o)
 .data          0x00816564        0x0 c:/altera/10.1/nios2eds/bin/gnu/h-i686-mingw32/bin/../lib/gcc/nios2-elf/4.1.2/../../../../nios2-elf/lib\libc.a(lib_a-strtoul.o)
 .data          0x00816564        0x0 c:/altera/10.1/nios2eds/bin/gnu/h-i686-mingw32/bin/../lib/gcc/nios2-elf/4.1.2/../../../../nios2-elf/lib\libc.a(lib_a-strtoull_r.o)
 .data          0x00816564        0x0 c:/altera/10.1/nios2eds/bin/gnu/h-i686-mingw32/bin/../lib/gcc/nios2-elf/4.1.2/../../../../nios2-elf/lib\libc.a(lib_a-ungetc.o)
 .data          0x00816564        0x0 c:/altera/10.1/nios2eds/bin/gnu/h-i686-mingw32/bin/../lib/gcc/nios2-elf/4.1.2/../../../../nios2-elf/lib\libc.a(lib_a-vfprintf.o)
 .data          0x00816564        0x0 c:/altera/10.1/nios2eds/bin/gnu/h-i686-mingw32/bin/../lib/gcc/nios2-elf/4.1.2/../../../../nios2-elf/lib\libc.a(lib_a-writer.o)
 .data          0x00816564        0x0 c:/altera/10.1/nios2eds/bin/gnu/h-i686-mingw32/bin/../lib/gcc/nios2-elf/4.1.2/../../../../nios2-elf/lib\libc.a(lib_a-closer.o)
 .data          0x00816564        0x0 c:/altera/10.1/nios2eds/bin/gnu/h-i686-mingw32/bin/../lib/gcc/nios2-elf/4.1.2/../../../../nios2-elf/lib\libc.a(lib_a-dtoa.o)
 .data          0x00816564        0x0 c:/altera/10.1/nios2eds/bin/gnu/h-i686-mingw32/bin/../lib/gcc/nios2-elf/4.1.2/../../../../nios2-elf/lib\libc.a(lib_a-fclose.o)
 .data          0x00816564        0x0 c:/altera/10.1/nios2eds/bin/gnu/h-i686-mingw32/bin/../lib/gcc/nios2-elf/4.1.2/../../../../nios2-elf/lib\libc.a(lib_a-fstatr.o)
 .data          0x00816564        0x0 c:/altera/10.1/nios2eds/bin/gnu/h-i686-mingw32/bin/../lib/gcc/nios2-elf/4.1.2/../../../../nios2-elf/lib\libc.a(lib_a-fvwrite.o)
 .data          0x00816564        0x0 c:/altera/10.1/nios2eds/bin/gnu/h-i686-mingw32/bin/../lib/gcc/nios2-elf/4.1.2/../../../../nios2-elf/lib\libc.a(lib_a-gdtoa-gethex.o)
 .data          0x00816564        0x0 c:/altera/10.1/nios2eds/bin/gnu/h-i686-mingw32/bin/../lib/gcc/nios2-elf/4.1.2/../../../../nios2-elf/lib\libc.a(lib_a-gdtoa-hexnan.o)
 .data          0x00816564        0x0 c:/altera/10.1/nios2eds/bin/gnu/h-i686-mingw32/bin/../lib/gcc/nios2-elf/4.1.2/../../../../nios2-elf/lib\libc.a(lib_a-int_errno.o)
 .data          0x00816564        0x0 c:/altera/10.1/nios2eds/bin/gnu/h-i686-mingw32/bin/../lib/gcc/nios2-elf/4.1.2/../../../../nios2-elf/lib\libc.a(lib_a-isattyr.o)
 .data          0x00816564        0x0 c:/altera/10.1/nios2eds/bin/gnu/h-i686-mingw32/bin/../lib/gcc/nios2-elf/4.1.2/../../../../nios2-elf/lib\libc.a(lib_a-lseekr.o)
 .data          0x00816564        0x0 c:/altera/10.1/nios2eds/bin/gnu/h-i686-mingw32/bin/../lib/gcc/nios2-elf/4.1.2/../../../../nios2-elf/lib\libc.a(lib_a-memchr.o)
 .data          0x00816564        0x0 c:/altera/10.1/nios2eds/bin/gnu/h-i686-mingw32/bin/../lib/gcc/nios2-elf/4.1.2/../../../../nios2-elf/lib\libc.a(lib_a-memmove.o)
 .data          0x00816564        0x0 c:/altera/10.1/nios2eds/bin/gnu/h-i686-mingw32/bin/../lib/gcc/nios2-elf/4.1.2/../../../../nios2-elf/lib\libc.a(lib_a-mprec.o)
 .data          0x00816564        0x0 c:/altera/10.1/nios2eds/bin/gnu/h-i686-mingw32/bin/../lib/gcc/nios2-elf/4.1.2/../../../../nios2-elf/lib\libc.a(lib_a-readr.o)
 .data          0x00816564        0x0 c:/altera/10.1/nios2eds/bin/gnu/h-i686-mingw32/bin/../lib/gcc/nios2-elf/4.1.2/../../../../nios2-elf/lib\libc.a(lib_a-reallocr.o)
 .data          0x00816564        0x0 c:/altera/10.1/nios2eds/bin/gnu/h-i686-mingw32/bin/../lib/gcc/nios2-elf/4.1.2/../../../../nios2-elf/lib\libc.a(lib_a-s_isinfd.o)
 .data          0x00816564        0x0 c:/altera/10.1/nios2eds/bin/gnu/h-i686-mingw32/bin/../lib/gcc/nios2-elf/4.1.2/../../../../nios2-elf/lib\libc.a(lib_a-callocr.o)
 .data          0x00816564        0x0 c:/altera/10.1/nios2eds/bin/gnu/h-i686-mingw32/bin/../lib/gcc/nios2-elf/4.1.2\libgcc.a(_muldi3.o)
 .data          0x00816564        0x0 c:/altera/10.1/nios2eds/bin/gnu/h-i686-mingw32/bin/../lib/gcc/nios2-elf/4.1.2\libgcc.a(_fixunsdfsi.o)
 .data          0x00816564        0x0 c:/altera/10.1/nios2eds/bin/gnu/h-i686-mingw32/bin/../lib/gcc/nios2-elf/4.1.2\libgcc.a(_udivdi3.o)
 .data          0x00816564        0x0 c:/altera/10.1/nios2eds/bin/gnu/h-i686-mingw32/bin/../lib/gcc/nios2-elf/4.1.2\libgcc.a(_umoddi3.o)
 .data          0x00816564        0x0 c:/altera/10.1/nios2eds/bin/gnu/h-i686-mingw32/bin/../lib/gcc/nios2-elf/4.1.2\libgcc.a(_ne_sf.o)
 .data          0x00816564        0x0 c:/altera/10.1/nios2eds/bin/gnu/h-i686-mingw32/bin/../lib/gcc/nios2-elf/4.1.2\libgcc.a(_gt_sf.o)
 .data          0x00816564        0x0 c:/altera/10.1/nios2eds/bin/gnu/h-i686-mingw32/bin/../lib/gcc/nios2-elf/4.1.2\libgcc.a(_lt_sf.o)
 .data          0x00816564        0x0 c:/altera/10.1/nios2eds/bin/gnu/h-i686-mingw32/bin/../lib/gcc/nios2-elf/4.1.2\libgcc.a(_addsub_df.o)
 .data          0x00816564        0x0 c:/altera/10.1/nios2eds/bin/gnu/h-i686-mingw32/bin/../lib/gcc/nios2-elf/4.1.2\libgcc.a(_mul_df.o)
 .data          0x00816564        0x0 c:/altera/10.1/nios2eds/bin/gnu/h-i686-mingw32/bin/../lib/gcc/nios2-elf/4.1.2\libgcc.a(_div_df.o)
 .data          0x00816564        0x0 c:/altera/10.1/nios2eds/bin/gnu/h-i686-mingw32/bin/../lib/gcc/nios2-elf/4.1.2\libgcc.a(_eq_df.o)
 .data          0x00816564        0x0 c:/altera/10.1/nios2eds/bin/gnu/h-i686-mingw32/bin/../lib/gcc/nios2-elf/4.1.2\libgcc.a(_ne_df.o)
 .data          0x00816564        0x0 c:/altera/10.1/nios2eds/bin/gnu/h-i686-mingw32/bin/../lib/gcc/nios2-elf/4.1.2\libgcc.a(_gt_df.o)
 .data          0x00816564        0x0 c:/altera/10.1/nios2eds/bin/gnu/h-i686-mingw32/bin/../lib/gcc/nios2-elf/4.1.2\libgcc.a(_ge_df.o)
 .data          0x00816564        0x0 c:/altera/10.1/nios2eds/bin/gnu/h-i686-mingw32/bin/../lib/gcc/nios2-elf/4.1.2\libgcc.a(_lt_df.o)
 .data          0x00816564        0x0 c:/altera/10.1/nios2eds/bin/gnu/h-i686-mingw32/bin/../lib/gcc/nios2-elf/4.1.2\libgcc.a(_le_df.o)
 .data          0x00816564        0x0 c:/altera/10.1/nios2eds/bin/gnu/h-i686-mingw32/bin/../lib/gcc/nios2-elf/4.1.2\libgcc.a(_si_to_df.o)
 .data          0x00816564        0x0 c:/altera/10.1/nios2eds/bin/gnu/h-i686-mingw32/bin/../lib/gcc/nios2-elf/4.1.2\libgcc.a(_df_to_si.o)
 .data          0x00816564        0x0 c:/altera/10.1/nios2eds/bin/gnu/h-i686-mingw32/bin/../lib/gcc/nios2-elf/4.1.2\libgcc.a(_df_to_sf.o)
 .data          0x00816564        0x0 c:/altera/10.1/nios2eds/bin/gnu/h-i686-mingw32/bin/../lib/gcc/nios2-elf/4.1.2\libgcc.a(_thenan_df.o)
 .data          0x00816564        0x0 c:/altera/10.1/nios2eds/bin/gnu/h-i686-mingw32/bin/../lib/gcc/nios2-elf/4.1.2\libgcc.a(_usi_to_df.o)
 .data          0x00816564        0x0 c:/altera/10.1/nios2eds/bin/gnu/h-i686-mingw32/bin/../lib/gcc/nios2-elf/4.1.2\libgcc.a(lib2-divmod.o)
 .data          0x00816564        0x0 c:/altera/10.1/nios2eds/bin/gnu/h-i686-mingw32/bin/../lib/gcc/nios2-elf/4.1.2\libgcc.a(_clz.o)
 .data          0x00816564        0x0 c:/altera/10.1/nios2eds/bin/gnu/h-i686-mingw32/bin/../lib/gcc/nios2-elf/4.1.2\libgcc.a(_clzsi2.o)
 .data          0x00816564        0x0 c:/altera/10.1/nios2eds/bin/gnu/h-i686-mingw32/bin/../lib/gcc/nios2-elf/4.1.2\libgcc.a(_unpack_sf.o)
 .data          0x00816564        0x0 c:/altera/10.1/nios2eds/bin/gnu/h-i686-mingw32/bin/../lib/gcc/nios2-elf/4.1.2\libgcc.a(_fpcmp_parts_sf.o)
 .data          0x00816564        0x0 c:/altera/10.1/nios2eds/bin/gnu/h-i686-mingw32/bin/../lib/gcc/nios2-elf/4.1.2\libgcc.a(_make_sf.o)
 .data          0x00816564        0x0 c:/altera/10.1/nios2eds/bin/gnu/h-i686-mingw32/bin/../lib/gcc/nios2-elf/4.1.2\libgcc.a(_pack_df.o)
 .data          0x00816564        0x0 c:/altera/10.1/nios2eds/bin/gnu/h-i686-mingw32/bin/../lib/gcc/nios2-elf/4.1.2\libgcc.a(_unpack_df.o)
 .data          0x00816564        0x0 c:/altera/10.1/nios2eds/bin/gnu/h-i686-mingw32/bin/../lib/gcc/nios2-elf/4.1.2\libgcc.a(_fpcmp_parts_df.o)
 .data          0x00816564        0x0 c:/altera/10.1/nios2eds/bin/gnu/h-i686-mingw32/bin/../lib/gcc/nios2-elf/4.1.2\libgcc.a(_pack_sf.o)
 .data          0x00816564        0x0 ../lab3_tcp_bsp\libhal_bsp.a(alt_close.o)
 .data          0x00816564      0x1a8 ../lab3_tcp_bsp\libhal_bsp.a(alt_dev.o)
                0x00816564                alt_dev_null
                0x0081658c                alt_fd_list
 .data          0x0081670c        0x0 ../lab3_tcp_bsp\libhal_bsp.a(alt_errno.o)
 .data          0x0081670c        0x0 ../lab3_tcp_bsp\libhal_bsp.a(alt_fstat.o)
 .data          0x0081670c        0x0 ../lab3_tcp_bsp\libhal_bsp.a(alt_irq_register.o)
 .data          0x0081670c        0x0 ../lab3_tcp_bsp\libhal_bsp.a(alt_irq_vars.o)
 .data          0x0081670c        0x0 ../lab3_tcp_bsp\libhal_bsp.a(alt_isatty.o)
 .data          0x0081670c        0x0 ../lab3_tcp_bsp\libhal_bsp.a(alt_load.o)
 .data          0x0081670c        0x0 ../lab3_tcp_bsp\libhal_bsp.a(alt_lseek.o)
 .data          0x0081670c        0x0 ../lab3_tcp_bsp\libhal_bsp.a(alt_main.o)
 .data          0x0081670c        0x0 ../lab3_tcp_bsp\libhal_bsp.a(alt_malloc_lock.o)
 .data          0x0081670c        0x0 ../lab3_tcp_bsp\libhal_bsp.a(alt_read.o)
 .data          0x0081670c        0x0 ../lab3_tcp_bsp\libhal_bsp.a(alt_release_fd.o)
 .data          0x0081670c        0x0 ../lab3_tcp_bsp\libhal_bsp.a(alt_sbrk.o)
 .data          0x0081670c        0x0 ../lab3_tcp_bsp\libhal_bsp.a(alt_write.o)
 .data          0x0081670c     0x1298 ../lab3_tcp_bsp\libhal_bsp.a(alt_sys_init.o)
 .data          0x008179a4        0x0 ../lab3_tcp_bsp\libhal_bsp.a(altera_avalon_cfi_flash.o)
 .data          0x008179a4        0x0 ../lab3_tcp_bsp\libhal_bsp.a(altera_avalon_cfi_flash_table.o)
 .data          0x008179a4        0x0 ../lab3_tcp_bsp\libhal_bsp.a(altera_avalon_jtag_uart_fd.o)
 .data          0x008179a4        0x0 ../lab3_tcp_bsp\libhal_bsp.a(altera_avalon_jtag_uart_init.o)
 .data          0x008179a4        0x0 ../lab3_tcp_bsp\libhal_bsp.a(altera_avalon_jtag_uart_ioctl.o)
 .data          0x008179a4        0x0 ../lab3_tcp_bsp\libhal_bsp.a(altera_avalon_jtag_uart_read.o)
 .data          0x008179a4        0x0 ../lab3_tcp_bsp\libhal_bsp.a(altera_avalon_jtag_uart_write.o)
 .data          0x008179a4        0x0 ../lab3_tcp_bsp\libhal_bsp.a(altera_avalon_timer_sc.o)
 .data          0x008179a4        0x0 ../lab3_tcp_bsp\libhal_bsp.a(altera_avalon_uart_fd.o)
 .data          0x008179a4        0x0 ../lab3_tcp_bsp\libhal_bsp.a(altera_avalon_uart_init.o)
 .data          0x008179a4        0x0 ../lab3_tcp_bsp\libhal_bsp.a(altera_avalon_uart_read.o)
 .data          0x008179a4        0x0 ../lab3_tcp_bsp\libhal_bsp.a(altera_avalon_uart_write.o)
 .data          0x008179a4        0x0 ../lab3_tcp_bsp\libhal_bsp.a(altera_up_avalon_video_character_buffer_with_dma.o)
 .data          0x008179a4        0x0 ../lab3_tcp_bsp\libhal_bsp.a(alt_alarm_start.o)
 .data          0x008179a4        0x0 ../lab3_tcp_bsp\libhal_bsp.a(alt_dcache_flush.o)
 .data          0x008179a4        0x0 ../lab3_tcp_bsp\libhal_bsp.a(alt_dcache_flush_all.o)
 .data          0x008179a4        0x0 ../lab3_tcp_bsp\libhal_bsp.a(alt_dev_llist_insert.o)
 .data          0x008179a4        0x0 ../lab3_tcp_bsp\libhal_bsp.a(alt_do_ctors.o)
 .data          0x008179a4        0x0 ../lab3_tcp_bsp\libhal_bsp.a(alt_do_dtors.o)
 .data          0x008179a4        0x0 ../lab3_tcp_bsp\libhal_bsp.a(alt_find_dev.o)
 .data          0x008179a4        0x0 ../lab3_tcp_bsp\libhal_bsp.a(alt_flash_dev.o)
 .data          0x008179a4        0x0 ../lab3_tcp_bsp\libhal_bsp.a(alt_icache_flush_all.o)
 .data          0x008179a4        0x0 ../lab3_tcp_bsp\libhal_bsp.a(alt_iic.o)
 .data          0x008179a4        0x0 ../lab3_tcp_bsp\libhal_bsp.a(alt_iic_isr_register.o)
 .data          0x008179a4        0x0 ../lab3_tcp_bsp\libhal_bsp.a(alt_io_redirect.o)
 .data          0x008179a4        0x0 ../lab3_tcp_bsp\libhal_bsp.a(alt_irq_entry.o)
 .data          0x008179a4        0x0 ../lab3_tcp_bsp\libhal_bsp.a(alt_irq_handler.o)
 .data          0x008179a4        0x0 ../lab3_tcp_bsp\libhal_bsp.a(alt_open.o)
 .data          0x008179a4        0x0 ../lab3_tcp_bsp\libhal_bsp.a(alt_tick.o)
 .data          0x008179a4        0x0 ../lab3_tcp_bsp\libhal_bsp.a(altera_nios2_irq.o)
 .data          0x008179a4        0x0 ../lab3_tcp_bsp\libhal_bsp.a(altera_avalon_cfi_flash_amd.o)
 .data          0x008179a4        0x0 ../lab3_tcp_bsp\libhal_bsp.a(altera_avalon_cfi_flash_intel.o)
 .data          0x008179a4        0x0 ../lab3_tcp_bsp\libhal_bsp.a(alt_exception_entry.o)
 .data          0x008179a4        0x0 ../lab3_tcp_bsp\libhal_bsp.a(alt_find_file.o)
 .data          0x008179a4        0x0 ../lab3_tcp_bsp\libhal_bsp.a(alt_get_fd.o)
 .data          0x008179a4        0x0 ../lab3_tcp_bsp\libhal_bsp.a(alt_icache_flush.o)
 .data          0x008179a4        0x0 ../lab3_tcp_bsp\libhal_bsp.a(alt_usleep.o)
 .data          0x008179a4        0x0 ../lab3_tcp_bsp\libhal_bsp.a(alt_busy_sleep.o)
 .data          0x008179a4        0x0 c:/altera/10.1/nios2eds/bin/gnu/h-i686-mingw32/bin/../lib/gcc/nios2-elf/4.1.2/../../../../nios2-elf/lib\libc.a(lib_a-atexit.o)
 .data          0x008179a4        0x0 c:/altera/10.1/nios2eds/bin/gnu/h-i686-mingw32/bin/../lib/gcc/nios2-elf/4.1.2/../../../../nios2-elf/lib\libc.a(lib_a-exit.o)
 .data          0x008179a4        0x0 c:/altera/10.1/nios2eds/bin/gnu/h-i686-mingw32/bin/../lib/gcc/nios2-elf/4.1.2/../../../../nios2-elf/lib\libc.a(lib_a-memcmp.o)
 .data          0x008179a4        0x0 c:/altera/10.1/nios2eds/bin/gnu/h-i686-mingw32/bin/../lib/gcc/nios2-elf/4.1.2/../../../../nios2-elf/lib\libc.a(lib_a-__atexit.o)
 .data          0x008179a4        0x0 c:/altera/10.1/nios2eds/bin/gnu/h-i686-mingw32/bin/../lib/gcc/nios2-elf/4.1.2/../../../../nios2-elf/lib\libc.a(lib_a-__call_atexit.o)
 .data          0x008179a4        0x0 ../lab3_tcp_bsp\libhal_bsp.a(alt_exit.o)
                0x0081f9a4                _gp = ABSOLUTE ((. + 0x8000))
                0x0081f9a4                PROVIDE (gp, _gp)
 *(.sdata .sdata.* .gnu.linkonce.s.*)
 .sdata         0x008179a4        0x8 c:/altera/10.1/nios2eds/bin/gnu/h-i686-mingw32/bin/../lib/gcc/nios2-elf/4.1.2/../../../../nios2-elf/lib\libc.a(lib_a-impure.o)
                0x008179a4                _impure_ptr
                0x008179a8                _global_impure_ptr
 .sdata         0x008179ac        0x4 c:/altera/10.1/nios2eds/bin/gnu/h-i686-mingw32/bin/../lib/gcc/nios2-elf/4.1.2/../../../../nios2-elf/lib\libc.a(lib_a-ctype_.o)
                0x008179ac                __ctype_ptr
 .sdata         0x008179b0        0x8 c:/altera/10.1/nios2eds/bin/gnu/h-i686-mingw32/bin/../lib/gcc/nios2-elf/4.1.2/../../../../nios2-elf/lib\libc.a(lib_a-locale.o)
                0x008179b0                __mb_cur_max
 .sdata         0x008179b8        0x8 c:/altera/10.1/nios2eds/bin/gnu/h-i686-mingw32/bin/../lib/gcc/nios2-elf/4.1.2/../../../../nios2-elf/lib\libc.a(lib_a-mallocr.o)
                0x008179b8                __malloc_trim_threshold
                0x008179bc                __malloc_sbrk_base
 .sdata         0x008179c0       0x14 ../lab3_tcp_bsp\libhal_bsp.a(alt_dev.o)
                0x008179c0                alt_fs_list
                0x008179c8                alt_dev_list
                0x008179d0                alt_max_fd
 .sdata         0x008179d4        0x4 ../lab3_tcp_bsp\libhal_bsp.a(alt_errno.o)
                0x008179d4                alt_errno
 .sdata         0x008179d8        0x4 ../lab3_tcp_bsp\libhal_bsp.a(alt_irq_vars.o)
                0x008179d8                alt_priority_mask
 .sdata         0x008179dc        0x4 ../lab3_tcp_bsp\libhal_bsp.a(alt_sbrk.o)
 .sdata         0x008179e0        0x8 ../lab3_tcp_bsp\libhal_bsp.a(alt_flash_dev.o)
                0x008179e0                alt_flash_dev_list
 .sdata         0x008179e8        0x8 ../lab3_tcp_bsp\libhal_bsp.a(alt_tick.o)
                0x008179e8                alt_alarm_list
 *(.sdata2 .sdata2.* .gnu.linkonce.s2.*)
                0x008179f0                . = ALIGN (0x4)
                0x008179f0                _edata = ABSOLUTE (.)
                0x008179f0                PROVIDE (edata, ABSOLUTE (.))
                0x008179f0                PROVIDE (__ram_rwdata_end, ABSOLUTE (.))
                0x008179f0                PROVIDE (__flash_rwdata_start, LOADADDR (.rwdata))

.bss            0x008196b8      0x3f0
                0x008196b8                __bss_start = ABSOLUTE (.)
                0x008196b8                PROVIDE (__sbss_start, ABSOLUTE (.))
                0x008196b8                PROVIDE (___sbss_start, ABSOLUTE (.))
 *(.dynsbss)
 *(.sbss .sbss.* .gnu.linkonce.sb.*)
 .sbss          0x008196b8        0x1 obj/tco.o
 *fill*         0x008196b9        0x3 00
 .sbss          0x008196bc        0xc c:/altera/10.1/nios2eds/bin/gnu/h-i686-mingw32/bin/../lib/gcc/nios2-elf/4.1.2/../../../../nios2-elf/lib\libc.a(lib_a-locale.o)
                0x008196bc                __nlocale_changed
                0x008196c0                __mlocale_changed
                0x008196c4                _PathLocale
 .sbss          0x008196c8        0xc c:/altera/10.1/nios2eds/bin/gnu/h-i686-mingw32/bin/../lib/gcc/nios2-elf/4.1.2/../../../../nios2-elf/lib\libc.a(lib_a-mallocr.o)
                0x008196c8                __malloc_top_pad
                0x008196cc                __malloc_max_sbrked_mem
                0x008196d0                __malloc_max_total_mem
 .sbss          0x008196d4        0x4 c:/altera/10.1/nios2eds/bin/gnu/h-i686-mingw32/bin/../lib/gcc/nios2-elf/4.1.2/../../../../nios2-elf/lib\libc.a(lib_a-int_errno.o)
                0x008196d4                errno
 .sbss          0x008196d8        0x4 ../lab3_tcp_bsp\libhal_bsp.a(alt_irq_vars.o)
                0x008196d8                alt_irq_active
 .sbss          0x008196dc        0xc ../lab3_tcp_bsp\libhal_bsp.a(alt_main.o)
                0x008196dc                alt_argc
                0x008196e0                alt_argv
                0x008196e4                alt_envp
 .sbss          0x008196e8        0x8 ../lab3_tcp_bsp\libhal_bsp.a(alt_tick.o)
                0x008196e8                _alt_tick_rate
                0x008196ec                _alt_nticks
 *(.sbss2 .sbss2.* .gnu.linkonce.sb2.*)
 *(.scommon)
                0x008196f0                PROVIDE (__sbss_end, ABSOLUTE (.))
                0x008196f0                PROVIDE (___sbss_end, ABSOLUTE (.))
 *(.dynbss)
 *(.bss .bss.* .gnu.linkonce.b.*)
 .bss           0x008196f0        0x0 ../lab3_tcp_bsp/obj/HAL/src/crt0.o
 .bss           0x008196f0        0x0 obj/tco.o
 .bss           0x008196f0        0x0 c:/altera/10.1/nios2eds/bin/gnu/h-i686-mingw32/bin/../lib/gcc/nios2-elf/4.1.2/../../../../nios2-elf/lib\libc.a(lib_a-impure.o)
 .bss           0x008196f0        0x0 c:/altera/10.1/nios2eds/bin/gnu/h-i686-mingw32/bin/../lib/gcc/nios2-elf/4.1.2/../../../../nios2-elf/lib\libc.a(lib_a-putc.o)
 .bss           0x008196f0        0x0 c:/altera/10.1/nios2eds/bin/gnu/h-i686-mingw32/bin/../lib/gcc/nios2-elf/4.1.2/../../../../nios2-elf/lib\libc.a(lib_a-scanf.o)
 .bss           0x008196f0        0x0 c:/altera/10.1/nios2eds/bin/gnu/h-i686-mingw32/bin/../lib/gcc/nios2-elf/4.1.2/../../../../nios2-elf/lib\libc.a(lib_a-strlen.o)
 .bss           0x008196f0        0x0 c:/altera/10.1/nios2eds/bin/gnu/h-i686-mingw32/bin/../lib/gcc/nios2-elf/4.1.2/../../../../nios2-elf/lib\libc.a(lib_a-vfscanf.o)
 .bss           0x008196f0        0x0 c:/altera/10.1/nios2eds/bin/gnu/h-i686-mingw32/bin/../lib/gcc/nios2-elf/4.1.2/../../../../nios2-elf/lib\libc.a(lib_a-wbuf.o)
 .bss           0x008196f0        0x0 c:/altera/10.1/nios2eds/bin/gnu/h-i686-mingw32/bin/../lib/gcc/nios2-elf/4.1.2/../../../../nios2-elf/lib\libc.a(lib_a-wsetup.o)
 .bss           0x008196f0        0x0 c:/altera/10.1/nios2eds/bin/gnu/h-i686-mingw32/bin/../lib/gcc/nios2-elf/4.1.2/../../../../nios2-elf/lib\libc.a(lib_a-ctype_.o)
 .bss           0x008196f0        0x0 c:/altera/10.1/nios2eds/bin/gnu/h-i686-mingw32/bin/../lib/gcc/nios2-elf/4.1.2/../../../../nios2-elf/lib\libc.a(lib_a-fflush.o)
 .bss           0x008196f0        0x0 c:/altera/10.1/nios2eds/bin/gnu/h-i686-mingw32/bin/../lib/gcc/nios2-elf/4.1.2/../../../../nios2-elf/lib\libc.a(lib_a-findfp.o)
 .bss           0x008196f0        0x0 c:/altera/10.1/nios2eds/bin/gnu/h-i686-mingw32/bin/../lib/gcc/nios2-elf/4.1.2/../../../../nios2-elf/lib\libc.a(lib_a-fread.o)
 .bss           0x008196f0        0x0 c:/altera/10.1/nios2eds/bin/gnu/h-i686-mingw32/bin/../lib/gcc/nios2-elf/4.1.2/../../../../nios2-elf/lib\libc.a(lib_a-freer.o)
 .bss           0x008196f0        0x0 c:/altera/10.1/nios2eds/bin/gnu/h-i686-mingw32/bin/../lib/gcc/nios2-elf/4.1.2/../../../../nios2-elf/lib\libc.a(lib_a-fwalk.o)
 .bss           0x008196f0        0x0 c:/altera/10.1/nios2eds/bin/gnu/h-i686-mingw32/bin/../lib/gcc/nios2-elf/4.1.2/../../../../nios2-elf/lib\libc.a(lib_a-iswspace.o)
 .bss           0x008196f0        0x0 c:/altera/10.1/nios2eds/bin/gnu/h-i686-mingw32/bin/../lib/gcc/nios2-elf/4.1.2/../../../../nios2-elf/lib\libc.a(lib_a-locale.o)
 .bss           0x008196f0        0x0 c:/altera/10.1/nios2eds/bin/gnu/h-i686-mingw32/bin/../lib/gcc/nios2-elf/4.1.2/../../../../nios2-elf/lib\libc.a(lib_a-makebuf.o)
 .bss           0x008196f0       0x28 c:/altera/10.1/nios2eds/bin/gnu/h-i686-mingw32/bin/../lib/gcc/nios2-elf/4.1.2/../../../../nios2-elf/lib\libc.a(lib_a-mallocr.o)
                0x008196f0                __malloc_current_mallinfo
 .bss           0x00819718        0x0 c:/altera/10.1/nios2eds/bin/gnu/h-i686-mingw32/bin/../lib/gcc/nios2-elf/4.1.2/../../../../nios2-elf/lib\libc.a(lib_a-mbrtowc.o)
 .bss           0x00819718        0x0 c:/altera/10.1/nios2eds/bin/gnu/h-i686-mingw32/bin/../lib/gcc/nios2-elf/4.1.2/../../../../nios2-elf/lib\libc.a(lib_a-mbtowc_r.o)
 .bss           0x00819718        0x0 c:/altera/10.1/nios2eds/bin/gnu/h-i686-mingw32/bin/../lib/gcc/nios2-elf/4.1.2/../../../../nios2-elf/lib\libc.a(lib_a-memcpy.o)
 .bss           0x00819718        0x0 c:/altera/10.1/nios2eds/bin/gnu/h-i686-mingw32/bin/../lib/gcc/nios2-elf/4.1.2/../../../../nios2-elf/lib\libc.a(lib_a-memset.o)
 .bss           0x00819718        0x0 c:/altera/10.1/nios2eds/bin/gnu/h-i686-mingw32/bin/../lib/gcc/nios2-elf/4.1.2/../../../../nios2-elf/lib\libc.a(lib_a-refill.o)
 .bss           0x00819718        0x0 c:/altera/10.1/nios2eds/bin/gnu/h-i686-mingw32/bin/../lib/gcc/nios2-elf/4.1.2/../../../../nios2-elf/lib\libc.a(lib_a-s_isnand.o)
 .bss           0x00819718        0x0 c:/altera/10.1/nios2eds/bin/gnu/h-i686-mingw32/bin/../lib/gcc/nios2-elf/4.1.2/../../../../nios2-elf/lib\libc.a(lib_a-sbrkr.o)
 .bss           0x00819718        0x0 c:/altera/10.1/nios2eds/bin/gnu/h-i686-mingw32/bin/../lib/gcc/nios2-elf/4.1.2/../../../../nios2-elf/lib\libc.a(lib_a-sccl.o)
 .bss           0x00819718        0x0 c:/altera/10.1/nios2eds/bin/gnu/h-i686-mingw32/bin/../lib/gcc/nios2-elf/4.1.2/../../../../nios2-elf/lib\libc.a(lib_a-sf_nan.o)
 .bss           0x00819718        0x0 c:/altera/10.1/nios2eds/bin/gnu/h-i686-mingw32/bin/../lib/gcc/nios2-elf/4.1.2/../../../../nios2-elf/lib\libc.a(lib_a-sprintf.o)
 .bss           0x00819718        0x0 c:/altera/10.1/nios2eds/bin/gnu/h-i686-mingw32/bin/../lib/gcc/nios2-elf/4.1.2/../../../../nios2-elf/lib\libc.a(lib_a-stdio.o)
 .bss           0x00819718        0x0 c:/altera/10.1/nios2eds/bin/gnu/h-i686-mingw32/bin/../lib/gcc/nios2-elf/4.1.2/../../../../nios2-elf/lib\libc.a(lib_a-strcmp.o)
 .bss           0x00819718        0x0 c:/altera/10.1/nios2eds/bin/gnu/h-i686-mingw32/bin/../lib/gcc/nios2-elf/4.1.2/../../../../nios2-elf/lib\libc.a(lib_a-strtod.o)
 .bss           0x00819718        0x0 c:/altera/10.1/nios2eds/bin/gnu/h-i686-mingw32/bin/../lib/gcc/nios2-elf/4.1.2/../../../../nios2-elf/lib\libc.a(lib_a-strtol.o)
 .bss           0x00819718        0x0 c:/altera/10.1/nios2eds/bin/gnu/h-i686-mingw32/bin/../lib/gcc/nios2-elf/4.1.2/../../../../nios2-elf/lib\libc.a(lib_a-strtoll_r.o)
 .bss           0x00819718        0x0 c:/altera/10.1/nios2eds/bin/gnu/h-i686-mingw32/bin/../lib/gcc/nios2-elf/4.1.2/../../../../nios2-elf/lib\libc.a(lib_a-strtoul.o)
 .bss           0x00819718        0x0 c:/altera/10.1/nios2eds/bin/gnu/h-i686-mingw32/bin/../lib/gcc/nios2-elf/4.1.2/../../../../nios2-elf/lib\libc.a(lib_a-strtoull_r.o)
 .bss           0x00819718        0x0 c:/altera/10.1/nios2eds/bin/gnu/h-i686-mingw32/bin/../lib/gcc/nios2-elf/4.1.2/../../../../nios2-elf/lib\libc.a(lib_a-ungetc.o)
 .bss           0x00819718        0x0 c:/altera/10.1/nios2eds/bin/gnu/h-i686-mingw32/bin/../lib/gcc/nios2-elf/4.1.2/../../../../nios2-elf/lib\libc.a(lib_a-vfprintf.o)
 .bss           0x00819718        0x0 c:/altera/10.1/nios2eds/bin/gnu/h-i686-mingw32/bin/../lib/gcc/nios2-elf/4.1.2/../../../../nios2-elf/lib\libc.a(lib_a-writer.o)
 .bss           0x00819718        0x0 c:/altera/10.1/nios2eds/bin/gnu/h-i686-mingw32/bin/../lib/gcc/nios2-elf/4.1.2/../../../../nios2-elf/lib\libc.a(lib_a-closer.o)
 .bss           0x00819718        0x0 c:/altera/10.1/nios2eds/bin/gnu/h-i686-mingw32/bin/../lib/gcc/nios2-elf/4.1.2/../../../../nios2-elf/lib\libc.a(lib_a-dtoa.o)
 .bss           0x00819718        0x0 c:/altera/10.1/nios2eds/bin/gnu/h-i686-mingw32/bin/../lib/gcc/nios2-elf/4.1.2/../../../../nios2-elf/lib\libc.a(lib_a-fclose.o)
 .bss           0x00819718        0x0 c:/altera/10.1/nios2eds/bin/gnu/h-i686-mingw32/bin/../lib/gcc/nios2-elf/4.1.2/../../../../nios2-elf/lib\libc.a(lib_a-fstatr.o)
 .bss           0x00819718        0x0 c:/altera/10.1/nios2eds/bin/gnu/h-i686-mingw32/bin/../lib/gcc/nios2-elf/4.1.2/../../../../nios2-elf/lib\libc.a(lib_a-fvwrite.o)
 .bss           0x00819718        0x0 c:/altera/10.1/nios2eds/bin/gnu/h-i686-mingw32/bin/../lib/gcc/nios2-elf/4.1.2/../../../../nios2-elf/lib\libc.a(lib_a-gdtoa-gethex.o)
 .bss           0x00819718        0x0 c:/altera/10.1/nios2eds/bin/gnu/h-i686-mingw32/bin/../lib/gcc/nios2-elf/4.1.2/../../../../nios2-elf/lib\libc.a(lib_a-gdtoa-hexnan.o)
 .bss           0x00819718        0x0 c:/altera/10.1/nios2eds/bin/gnu/h-i686-mingw32/bin/../lib/gcc/nios2-elf/4.1.2/../../../../nios2-elf/lib\libc.a(lib_a-int_errno.o)
 .bss           0x00819718        0x0 c:/altera/10.1/nios2eds/bin/gnu/h-i686-mingw32/bin/../lib/gcc/nios2-elf/4.1.2/../../../../nios2-elf/lib\libc.a(lib_a-isattyr.o)
 .bss           0x00819718        0x0 c:/altera/10.1/nios2eds/bin/gnu/h-i686-mingw32/bin/../lib/gcc/nios2-elf/4.1.2/../../../../nios2-elf/lib\libc.a(lib_a-lseekr.o)
 .bss           0x00819718        0x0 c:/altera/10.1/nios2eds/bin/gnu/h-i686-mingw32/bin/../lib/gcc/nios2-elf/4.1.2/../../../../nios2-elf/lib\libc.a(lib_a-memchr.o)
 .bss           0x00819718        0x0 c:/altera/10.1/nios2eds/bin/gnu/h-i686-mingw32/bin/../lib/gcc/nios2-elf/4.1.2/../../../../nios2-elf/lib\libc.a(lib_a-memmove.o)
 .bss           0x00819718        0x0 c:/altera/10.1/nios2eds/bin/gnu/h-i686-mingw32/bin/../lib/gcc/nios2-elf/4.1.2/../../../../nios2-elf/lib\libc.a(lib_a-mprec.o)
 .bss           0x00819718        0x0 c:/altera/10.1/nios2eds/bin/gnu/h-i686-mingw32/bin/../lib/gcc/nios2-elf/4.1.2/../../../../nios2-elf/lib\libc.a(lib_a-readr.o)
 .bss           0x00819718        0x0 c:/altera/10.1/nios2eds/bin/gnu/h-i686-mingw32/bin/../lib/gcc/nios2-elf/4.1.2/../../../../nios2-elf/lib\libc.a(lib_a-reallocr.o)
 .bss           0x00819718        0x0 c:/altera/10.1/nios2eds/bin/gnu/h-i686-mingw32/bin/../lib/gcc/nios2-elf/4.1.2/../../../../nios2-elf/lib\libc.a(lib_a-s_isinfd.o)
 .bss           0x00819718        0x0 c:/altera/10.1/nios2eds/bin/gnu/h-i686-mingw32/bin/../lib/gcc/nios2-elf/4.1.2/../../../../nios2-elf/lib\libc.a(lib_a-callocr.o)
 .bss           0x00819718        0x0 c:/altera/10.1/nios2eds/bin/gnu/h-i686-mingw32/bin/../lib/gcc/nios2-elf/4.1.2\libgcc.a(_muldi3.o)
 .bss           0x00819718        0x0 c:/altera/10.1/nios2eds/bin/gnu/h-i686-mingw32/bin/../lib/gcc/nios2-elf/4.1.2\libgcc.a(_fixunsdfsi.o)
 .bss           0x00819718        0x0 c:/altera/10.1/nios2eds/bin/gnu/h-i686-mingw32/bin/../lib/gcc/nios2-elf/4.1.2\libgcc.a(_udivdi3.o)
 .bss           0x00819718        0x0 c:/altera/10.1/nios2eds/bin/gnu/h-i686-mingw32/bin/../lib/gcc/nios2-elf/4.1.2\libgcc.a(_umoddi3.o)
 .bss           0x00819718        0x0 c:/altera/10.1/nios2eds/bin/gnu/h-i686-mingw32/bin/../lib/gcc/nios2-elf/4.1.2\libgcc.a(_ne_sf.o)
 .bss           0x00819718        0x0 c:/altera/10.1/nios2eds/bin/gnu/h-i686-mingw32/bin/../lib/gcc/nios2-elf/4.1.2\libgcc.a(_gt_sf.o)
 .bss           0x00819718        0x0 c:/altera/10.1/nios2eds/bin/gnu/h-i686-mingw32/bin/../lib/gcc/nios2-elf/4.1.2\libgcc.a(_lt_sf.o)
 .bss           0x00819718        0x0 c:/altera/10.1/nios2eds/bin/gnu/h-i686-mingw32/bin/../lib/gcc/nios2-elf/4.1.2\libgcc.a(_addsub_df.o)
 .bss           0x00819718        0x0 c:/altera/10.1/nios2eds/bin/gnu/h-i686-mingw32/bin/../lib/gcc/nios2-elf/4.1.2\libgcc.a(_mul_df.o)
 .bss           0x00819718        0x0 c:/altera/10.1/nios2eds/bin/gnu/h-i686-mingw32/bin/../lib/gcc/nios2-elf/4.1.2\libgcc.a(_div_df.o)
 .bss           0x00819718        0x0 c:/altera/10.1/nios2eds/bin/gnu/h-i686-mingw32/bin/../lib/gcc/nios2-elf/4.1.2\libgcc.a(_eq_df.o)
 .bss           0x00819718        0x0 c:/altera/10.1/nios2eds/bin/gnu/h-i686-mingw32/bin/../lib/gcc/nios2-elf/4.1.2\libgcc.a(_ne_df.o)
 .bss           0x00819718        0x0 c:/altera/10.1/nios2eds/bin/gnu/h-i686-mingw32/bin/../lib/gcc/nios2-elf/4.1.2\libgcc.a(_gt_df.o)
 .bss           0x00819718        0x0 c:/altera/10.1/nios2eds/bin/gnu/h-i686-mingw32/bin/../lib/gcc/nios2-elf/4.1.2\libgcc.a(_ge_df.o)
 .bss           0x00819718        0x0 c:/altera/10.1/nios2eds/bin/gnu/h-i686-mingw32/bin/../lib/gcc/nios2-elf/4.1.2\libgcc.a(_lt_df.o)
 .bss           0x00819718        0x0 c:/altera/10.1/nios2eds/bin/gnu/h-i686-mingw32/bin/../lib/gcc/nios2-elf/4.1.2\libgcc.a(_le_df.o)
 .bss           0x00819718        0x0 c:/altera/10.1/nios2eds/bin/gnu/h-i686-mingw32/bin/../lib/gcc/nios2-elf/4.1.2\libgcc.a(_si_to_df.o)
 .bss           0x00819718        0x0 c:/altera/10.1/nios2eds/bin/gnu/h-i686-mingw32/bin/../lib/gcc/nios2-elf/4.1.2\libgcc.a(_df_to_si.o)
 .bss           0x00819718        0x0 c:/altera/10.1/nios2eds/bin/gnu/h-i686-mingw32/bin/../lib/gcc/nios2-elf/4.1.2\libgcc.a(_df_to_sf.o)
 .bss           0x00819718        0x0 c:/altera/10.1/nios2eds/bin/gnu/h-i686-mingw32/bin/../lib/gcc/nios2-elf/4.1.2\libgcc.a(_thenan_df.o)
 .bss           0x00819718        0x0 c:/altera/10.1/nios2eds/bin/gnu/h-i686-mingw32/bin/../lib/gcc/nios2-elf/4.1.2\libgcc.a(_usi_to_df.o)
 .bss           0x00819718        0x0 c:/altera/10.1/nios2eds/bin/gnu/h-i686-mingw32/bin/../lib/gcc/nios2-elf/4.1.2\libgcc.a(lib2-divmod.o)
 .bss           0x00819718        0x0 c:/altera/10.1/nios2eds/bin/gnu/h-i686-mingw32/bin/../lib/gcc/nios2-elf/4.1.2\libgcc.a(_clz.o)
 .bss           0x00819718        0x0 c:/altera/10.1/nios2eds/bin/gnu/h-i686-mingw32/bin/../lib/gcc/nios2-elf/4.1.2\libgcc.a(_clzsi2.o)
 .bss           0x00819718        0x0 c:/altera/10.1/nios2eds/bin/gnu/h-i686-mingw32/bin/../lib/gcc/nios2-elf/4.1.2\libgcc.a(_unpack_sf.o)
 .bss           0x00819718        0x0 c:/altera/10.1/nios2eds/bin/gnu/h-i686-mingw32/bin/../lib/gcc/nios2-elf/4.1.2\libgcc.a(_fpcmp_parts_sf.o)
 .bss           0x00819718        0x0 c:/altera/10.1/nios2eds/bin/gnu/h-i686-mingw32/bin/../lib/gcc/nios2-elf/4.1.2\libgcc.a(_make_sf.o)
 .bss           0x00819718        0x0 c:/altera/10.1/nios2eds/bin/gnu/h-i686-mingw32/bin/../lib/gcc/nios2-elf/4.1.2\libgcc.a(_pack_df.o)
 .bss           0x00819718        0x0 c:/altera/10.1/nios2eds/bin/gnu/h-i686-mingw32/bin/../lib/gcc/nios2-elf/4.1.2\libgcc.a(_unpack_df.o)
 .bss           0x00819718        0x0 c:/altera/10.1/nios2eds/bin/gnu/h-i686-mingw32/bin/../lib/gcc/nios2-elf/4.1.2\libgcc.a(_fpcmp_parts_df.o)
 .bss           0x00819718        0x0 c:/altera/10.1/nios2eds/bin/gnu/h-i686-mingw32/bin/../lib/gcc/nios2-elf/4.1.2\libgcc.a(_pack_sf.o)
 .bss           0x00819718        0x0 ../lab3_tcp_bsp\libhal_bsp.a(alt_close.o)
 .bss           0x00819718        0x0 ../lab3_tcp_bsp\libhal_bsp.a(alt_dev.o)
 .bss           0x00819718        0x0 ../lab3_tcp_bsp\libhal_bsp.a(alt_errno.o)
 .bss           0x00819718        0x0 ../lab3_tcp_bsp\libhal_bsp.a(alt_fstat.o)
 .bss           0x00819718        0x0 ../lab3_tcp_bsp\libhal_bsp.a(alt_irq_register.o)
 .bss           0x00819718        0x0 ../lab3_tcp_bsp\libhal_bsp.a(alt_irq_vars.o)
 .bss           0x00819718        0x0 ../lab3_tcp_bsp\libhal_bsp.a(alt_isatty.o)
 .bss           0x00819718        0x0 ../lab3_tcp_bsp\libhal_bsp.a(alt_load.o)
 .bss           0x00819718        0x0 ../lab3_tcp_bsp\libhal_bsp.a(alt_lseek.o)
 .bss           0x00819718        0x0 ../lab3_tcp_bsp\libhal_bsp.a(alt_main.o)
 .bss           0x00819718        0x0 ../lab3_tcp_bsp\libhal_bsp.a(alt_malloc_lock.o)
 .bss           0x00819718        0x0 ../lab3_tcp_bsp\libhal_bsp.a(alt_read.o)
 .bss           0x00819718        0x0 ../lab3_tcp_bsp\libhal_bsp.a(alt_release_fd.o)
 .bss           0x00819718        0x0 ../lab3_tcp_bsp\libhal_bsp.a(alt_sbrk.o)
 .bss           0x00819718        0x0 ../lab3_tcp_bsp\libhal_bsp.a(alt_write.o)
 .bss           0x00819718        0x0 ../lab3_tcp_bsp\libhal_bsp.a(alt_sys_init.o)
 .bss           0x00819718        0x0 ../lab3_tcp_bsp\libhal_bsp.a(altera_avalon_cfi_flash.o)
 .bss           0x00819718        0x0 ../lab3_tcp_bsp\libhal_bsp.a(altera_avalon_cfi_flash_table.o)
 .bss           0x00819718        0x0 ../lab3_tcp_bsp\libhal_bsp.a(altera_avalon_jtag_uart_fd.o)
 .bss           0x00819718        0x0 ../lab3_tcp_bsp\libhal_bsp.a(altera_avalon_jtag_uart_init.o)
 .bss           0x00819718        0x0 ../lab3_tcp_bsp\libhal_bsp.a(altera_avalon_jtag_uart_ioctl.o)
 .bss           0x00819718        0x0 ../lab3_tcp_bsp\libhal_bsp.a(altera_avalon_jtag_uart_read.o)
 .bss           0x00819718        0x0 ../lab3_tcp_bsp\libhal_bsp.a(altera_avalon_jtag_uart_write.o)
 .bss           0x00819718        0x0 ../lab3_tcp_bsp\libhal_bsp.a(altera_avalon_timer_sc.o)
 .bss           0x00819718        0x0 ../lab3_tcp_bsp\libhal_bsp.a(altera_avalon_uart_fd.o)
 .bss           0x00819718        0x0 ../lab3_tcp_bsp\libhal_bsp.a(altera_avalon_uart_init.o)
 .bss           0x00819718        0x0 ../lab3_tcp_bsp\libhal_bsp.a(altera_avalon_uart_read.o)
 .bss           0x00819718        0x0 ../lab3_tcp_bsp\libhal_bsp.a(altera_avalon_uart_write.o)
 .bss           0x00819718        0x0 ../lab3_tcp_bsp\libhal_bsp.a(altera_up_avalon_video_character_buffer_with_dma.o)
 .bss           0x00819718        0x0 ../lab3_tcp_bsp\libhal_bsp.a(alt_alarm_start.o)
 .bss           0x00819718        0x0 ../lab3_tcp_bsp\libhal_bsp.a(alt_dcache_flush.o)
 .bss           0x00819718        0x0 ../lab3_tcp_bsp\libhal_bsp.a(alt_dcache_flush_all.o)
 .bss           0x00819718        0x0 ../lab3_tcp_bsp\libhal_bsp.a(alt_dev_llist_insert.o)
 .bss           0x00819718        0x0 ../lab3_tcp_bsp\libhal_bsp.a(alt_do_ctors.o)
 .bss           0x00819718        0x0 ../lab3_tcp_bsp\libhal_bsp.a(alt_do_dtors.o)
 .bss           0x00819718        0x0 ../lab3_tcp_bsp\libhal_bsp.a(alt_find_dev.o)
 .bss           0x00819718        0x0 ../lab3_tcp_bsp\libhal_bsp.a(alt_flash_dev.o)
 .bss           0x00819718        0x0 ../lab3_tcp_bsp\libhal_bsp.a(alt_icache_flush_all.o)
 .bss           0x00819718        0x0 ../lab3_tcp_bsp\libhal_bsp.a(alt_iic.o)
 .bss           0x00819718        0x0 ../lab3_tcp_bsp\libhal_bsp.a(alt_iic_isr_register.o)
 .bss           0x00819718        0x0 ../lab3_tcp_bsp\libhal_bsp.a(alt_io_redirect.o)
 .bss           0x00819718        0x0 ../lab3_tcp_bsp\libhal_bsp.a(alt_irq_entry.o)
 .bss           0x00819718        0x0 ../lab3_tcp_bsp\libhal_bsp.a(alt_irq_handler.o)
 .bss           0x00819718        0x0 ../lab3_tcp_bsp\libhal_bsp.a(alt_open.o)
 .bss           0x00819718        0x0 ../lab3_tcp_bsp\libhal_bsp.a(alt_tick.o)
 .bss           0x00819718        0x0 ../lab3_tcp_bsp\libhal_bsp.a(altera_nios2_irq.o)
 .bss           0x00819718        0x0 ../lab3_tcp_bsp\libhal_bsp.a(altera_avalon_cfi_flash_amd.o)
 .bss           0x00819718        0x0 ../lab3_tcp_bsp\libhal_bsp.a(altera_avalon_cfi_flash_intel.o)
 .bss           0x00819718        0x0 ../lab3_tcp_bsp\libhal_bsp.a(alt_exception_entry.o)
 .bss           0x00819718        0x0 ../lab3_tcp_bsp\libhal_bsp.a(alt_find_file.o)
 .bss           0x00819718        0x0 ../lab3_tcp_bsp\libhal_bsp.a(alt_get_fd.o)
 .bss           0x00819718        0x0 ../lab3_tcp_bsp\libhal_bsp.a(alt_icache_flush.o)
 .bss           0x00819718        0x0 ../lab3_tcp_bsp\libhal_bsp.a(alt_usleep.o)
 .bss           0x00819718        0x0 ../lab3_tcp_bsp\libhal_bsp.a(alt_busy_sleep.o)
 .bss           0x00819718        0x0 c:/altera/10.1/nios2eds/bin/gnu/h-i686-mingw32/bin/../lib/gcc/nios2-elf/4.1.2/../../../../nios2-elf/lib\libc.a(lib_a-atexit.o)
 .bss           0x00819718        0x0 c:/altera/10.1/nios2eds/bin/gnu/h-i686-mingw32/bin/../lib/gcc/nios2-elf/4.1.2/../../../../nios2-elf/lib\libc.a(lib_a-exit.o)
 .bss           0x00819718        0x0 c:/altera/10.1/nios2eds/bin/gnu/h-i686-mingw32/bin/../lib/gcc/nios2-elf/4.1.2/../../../../nios2-elf/lib\libc.a(lib_a-memcmp.o)
 .bss           0x00819718        0x0 c:/altera/10.1/nios2eds/bin/gnu/h-i686-mingw32/bin/../lib/gcc/nios2-elf/4.1.2/../../../../nios2-elf/lib\libc.a(lib_a-__atexit.o)
 .bss           0x00819718        0x0 c:/altera/10.1/nios2eds/bin/gnu/h-i686-mingw32/bin/../lib/gcc/nios2-elf/4.1.2/../../../../nios2-elf/lib\libc.a(lib_a-__call_atexit.o)
 .bss           0x00819718        0x0 ../lab3_tcp_bsp\libhal_bsp.a(alt_exit.o)
 *(COMMON)
 COMMON         0x00819718      0x100 c:/altera/10.1/nios2eds/bin/gnu/h-i686-mingw32/bin/../lib/gcc/nios2-elf/4.1.2/../../../../nios2-elf/lib\libc.a(lib_a-gdtoa-gethex.o)
                0x00819718                __hexdig
 COMMON         0x00819818      0x100 ../lab3_tcp_bsp\libhal_bsp.a(alt_irq_handler.o)
                0x00819818                alt_irq
 COMMON         0x00819918      0x190 c:/altera/10.1/nios2eds/bin/gnu/h-i686-mingw32/bin/../lib/gcc/nios2-elf/4.1.2/../../../../nios2-elf/lib\libc.a(lib_a-atexit.o)
                0x00819918                _atexit0
                0x00819aa8                . = ALIGN (0x4)
                0x00819aa8                __bss_end = ABSOLUTE (.)

.sdram          0x00819aa8        0x0
                0x00819aa8                PROVIDE (_alt_partition_sdram_start, ABSOLUTE (.))
 *(.sdram. sdram.*)
                0x00819aa8                . = ALIGN (0x4)
                0x00819aa8                PROVIDE (_alt_partition_sdram_end, ABSOLUTE (.))
                0x00819aa8                _end = ABSOLUTE (.)
                0x00819aa8                end = ABSOLUTE (.)
                0x00819aa8                __alt_stack_base = ABSOLUTE (.)
                0x00819aa8                PROVIDE (_alt_partition_sdram_load_addr, LOADADDR (.sdram))

.cfi_flash      0x01400000        0x0 load address 0x00819aa8
                0x01400000                PROVIDE (_alt_partition_cfi_flash_start, ABSOLUTE (.))
 *(.cfi_flash. cfi_flash.*)
                0x01400000                . = ALIGN (0x4)
                0x01400000                PROVIDE (_alt_partition_cfi_flash_end, ABSOLUTE (.))
                0x00819aa8                PROVIDE (_alt_partition_cfi_flash_load_addr, LOADADDR (.cfi_flash))

.onchip_memory  0x01800000        0x0 load address 0x00819aa8
                0x01800000                PROVIDE (_alt_partition_onchip_memory_start, ABSOLUTE (.))
 *(.onchip_memory. onchip_memory.*)
                0x01800000                . = ALIGN (0x4)
                0x01800000                PROVIDE (_alt_partition_onchip_memory_end, ABSOLUTE (.))
                0x00819aa8                PROVIDE (_alt_partition_onchip_memory_load_addr, LOADADDR (.onchip_memory))

.stab
 *(.stab)

.stabstr
 *(.stabstr)

.stab.excl
 *(.stab.excl)

.stab.exclstr
 *(.stab.exclstr)

.stab.index
 *(.stab.index)

.stab.indexstr
 *(.stab.indexstr)

.comment        0x00000000       0x23
 *(.comment)
 .comment       0x00000000       0x23 obj/tco.o
                                 0x24 (size before relaxing)
 .comment       0x00000000       0x24 c:/altera/10.1/nios2eds/bin/gnu/h-i686-mingw32/bin/../lib/gcc/nios2-elf/4.1.2/../../../../nios2-elf/lib\libc.a(lib_a-impure.o)
 .comment       0x00000000       0x24 c:/altera/10.1/nios2eds/bin/gnu/h-i686-mingw32/bin/../lib/gcc/nios2-elf/4.1.2/../../../../nios2-elf/lib\libc.a(lib_a-putc.o)
 .comment       0x00000000       0x24 c:/altera/10.1/nios2eds/bin/gnu/h-i686-mingw32/bin/../lib/gcc/nios2-elf/4.1.2/../../../../nios2-elf/lib\libc.a(lib_a-scanf.o)
 .comment       0x00000000       0x24 c:/altera/10.1/nios2eds/bin/gnu/h-i686-mingw32/bin/../lib/gcc/nios2-elf/4.1.2/../../../../nios2-elf/lib\libc.a(lib_a-strlen.o)
 .comment       0x00000000       0x24 c:/altera/10.1/nios2eds/bin/gnu/h-i686-mingw32/bin/../lib/gcc/nios2-elf/4.1.2/../../../../nios2-elf/lib\libc.a(lib_a-vfscanf.o)
 .comment       0x00000000       0x24 c:/altera/10.1/nios2eds/bin/gnu/h-i686-mingw32/bin/../lib/gcc/nios2-elf/4.1.2/../../../../nios2-elf/lib\libc.a(lib_a-wbuf.o)
 .comment       0x00000000       0x24 c:/altera/10.1/nios2eds/bin/gnu/h-i686-mingw32/bin/../lib/gcc/nios2-elf/4.1.2/../../../../nios2-elf/lib\libc.a(lib_a-wsetup.o)
 .comment       0x00000000       0x24 c:/altera/10.1/nios2eds/bin/gnu/h-i686-mingw32/bin/../lib/gcc/nios2-elf/4.1.2/../../../../nios2-elf/lib\libc.a(lib_a-ctype_.o)
 .comment       0x00000000       0x24 c:/altera/10.1/nios2eds/bin/gnu/h-i686-mingw32/bin/../lib/gcc/nios2-elf/4.1.2/../../../../nios2-elf/lib\libc.a(lib_a-fflush.o)
 .comment       0x00000000       0x24 c:/altera/10.1/nios2eds/bin/gnu/h-i686-mingw32/bin/../lib/gcc/nios2-elf/4.1.2/../../../../nios2-elf/lib\libc.a(lib_a-findfp.o)
 .comment       0x00000000       0x24 c:/altera/10.1/nios2eds/bin/gnu/h-i686-mingw32/bin/../lib/gcc/nios2-elf/4.1.2/../../../../nios2-elf/lib\libc.a(lib_a-fread.o)
 .comment       0x00000000       0x24 c:/altera/10.1/nios2eds/bin/gnu/h-i686-mingw32/bin/../lib/gcc/nios2-elf/4.1.2/../../../../nios2-elf/lib\libc.a(lib_a-freer.o)
 .comment       0x00000000       0x24 c:/altera/10.1/nios2eds/bin/gnu/h-i686-mingw32/bin/../lib/gcc/nios2-elf/4.1.2/../../../../nios2-elf/lib\libc.a(lib_a-fwalk.o)
 .comment       0x00000000       0x24 c:/altera/10.1/nios2eds/bin/gnu/h-i686-mingw32/bin/../lib/gcc/nios2-elf/4.1.2/../../../../nios2-elf/lib\libc.a(lib_a-iswspace.o)
 .comment       0x00000000       0x24 c:/altera/10.1/nios2eds/bin/gnu/h-i686-mingw32/bin/../lib/gcc/nios2-elf/4.1.2/../../../../nios2-elf/lib\libc.a(lib_a-locale.o)
 .comment       0x00000000       0x24 c:/altera/10.1/nios2eds/bin/gnu/h-i686-mingw32/bin/../lib/gcc/nios2-elf/4.1.2/../../../../nios2-elf/lib\libc.a(lib_a-makebuf.o)
 .comment       0x00000000       0x24 c:/altera/10.1/nios2eds/bin/gnu/h-i686-mingw32/bin/../lib/gcc/nios2-elf/4.1.2/../../../../nios2-elf/lib\libc.a(lib_a-mallocr.o)
 .comment       0x00000000       0x24 c:/altera/10.1/nios2eds/bin/gnu/h-i686-mingw32/bin/../lib/gcc/nios2-elf/4.1.2/../../../../nios2-elf/lib\libc.a(lib_a-mbrtowc.o)
 .comment       0x00000000       0x24 c:/altera/10.1/nios2eds/bin/gnu/h-i686-mingw32/bin/../lib/gcc/nios2-elf/4.1.2/../../../../nios2-elf/lib\libc.a(lib_a-mbtowc_r.o)
 .comment       0x00000000       0x24 c:/altera/10.1/nios2eds/bin/gnu/h-i686-mingw32/bin/../lib/gcc/nios2-elf/4.1.2/../../../../nios2-elf/lib\libc.a(lib_a-memcpy.o)
 .comment       0x00000000       0x24 c:/altera/10.1/nios2eds/bin/gnu/h-i686-mingw32/bin/../lib/gcc/nios2-elf/4.1.2/../../../../nios2-elf/lib\libc.a(lib_a-memset.o)
 .comment       0x00000000       0x24 c:/altera/10.1/nios2eds/bin/gnu/h-i686-mingw32/bin/../lib/gcc/nios2-elf/4.1.2/../../../../nios2-elf/lib\libc.a(lib_a-refill.o)
 .comment       0x00000000       0x24 c:/altera/10.1/nios2eds/bin/gnu/h-i686-mingw32/bin/../lib/gcc/nios2-elf/4.1.2/../../../../nios2-elf/lib\libc.a(lib_a-s_isnand.o)
 .comment       0x00000000       0x24 c:/altera/10.1/nios2eds/bin/gnu/h-i686-mingw32/bin/../lib/gcc/nios2-elf/4.1.2/../../../../nios2-elf/lib\libc.a(lib_a-sbrkr.o)
 .comment       0x00000000       0x24 c:/altera/10.1/nios2eds/bin/gnu/h-i686-mingw32/bin/../lib/gcc/nios2-elf/4.1.2/../../../../nios2-elf/lib\libc.a(lib_a-sccl.o)
 .comment       0x00000000       0x24 c:/altera/10.1/nios2eds/bin/gnu/h-i686-mingw32/bin/../lib/gcc/nios2-elf/4.1.2/../../../../nios2-elf/lib\libc.a(lib_a-sf_nan.o)
 .comment       0x00000000       0x24 c:/altera/10.1/nios2eds/bin/gnu/h-i686-mingw32/bin/../lib/gcc/nios2-elf/4.1.2/../../../../nios2-elf/lib\libc.a(lib_a-sprintf.o)
 .comment       0x00000000       0x24 c:/altera/10.1/nios2eds/bin/gnu/h-i686-mingw32/bin/../lib/gcc/nios2-elf/4.1.2/../../../../nios2-elf/lib\libc.a(lib_a-stdio.o)
 .comment       0x00000000       0x24 c:/altera/10.1/nios2eds/bin/gnu/h-i686-mingw32/bin/../lib/gcc/nios2-elf/4.1.2/../../../../nios2-elf/lib\libc.a(lib_a-strcmp.o)
 .comment       0x00000000       0x24 c:/altera/10.1/nios2eds/bin/gnu/h-i686-mingw32/bin/../lib/gcc/nios2-elf/4.1.2/../../../../nios2-elf/lib\libc.a(lib_a-strtod.o)