Archive member included because of file (symbol)

c:/altera/10.1/nios2eds/bin/gnu/h-i686-mingw32/bin/../lib/gcc/nios2-elf/4.1.2\libgcc.a(_gt_sf.o)
                              obj/final.o (__gtsf2)
c:/altera/10.1/nios2eds/bin/gnu/h-i686-mingw32/bin/../lib/gcc/nios2-elf/4.1.2\libgcc.a(_lt_sf.o)
                              obj/final.o (__ltsf2)
c:/altera/10.1/nios2eds/bin/gnu/h-i686-mingw32/bin/../lib/gcc/nios2-elf/4.1.2\libgcc.a(_sf_to_df.o)
                              obj/final.o (__extendsfdf2)
c:/altera/10.1/nios2eds/bin/gnu/h-i686-mingw32/bin/../lib/gcc/nios2-elf/4.1.2\libgcc.a(_div_df.o)
                              obj/final.o (__divdf3)
c:/altera/10.1/nios2eds/bin/gnu/h-i686-mingw32/bin/../lib/gcc/nios2-elf/4.1.2\libgcc.a(_gt_df.o)
                              obj/final.o (__gtdf2)
c:/altera/10.1/nios2eds/bin/gnu/h-i686-mingw32/bin/../lib/gcc/nios2-elf/4.1.2\libgcc.a(_lt_df.o)
                              obj/final.o (__ltdf2)
c:/altera/10.1/nios2eds/bin/gnu/h-i686-mingw32/bin/../lib/gcc/nios2-elf/4.1.2\libgcc.a(_si_to_df.o)
                              obj/final.o (__floatsidf)
c:/altera/10.1/nios2eds/bin/gnu/h-i686-mingw32/bin/../lib/gcc/nios2-elf/4.1.2\libgcc.a(_make_df.o)
                              c:/altera/10.1/nios2eds/bin/gnu/h-i686-mingw32/bin/../lib/gcc/nios2-elf/4.1.2\libgcc.a(_sf_to_df.o) (__make_dp)
c:/altera/10.1/nios2eds/bin/gnu/h-i686-mingw32/bin/../lib/gcc/nios2-elf/4.1.2\libgcc.a(_df_to_sf.o)
                              obj/final.o (__truncdfsf2)
c:/altera/10.1/nios2eds/bin/gnu/h-i686-mingw32/bin/../lib/gcc/nios2-elf/4.1.2\libgcc.a(_thenan_df.o)
                              c:/altera/10.1/nios2eds/bin/gnu/h-i686-mingw32/bin/../lib/gcc/nios2-elf/4.1.2\libgcc.a(_div_df.o) (__thenan_df)
c:/altera/10.1/nios2eds/bin/gnu/h-i686-mingw32/bin/../lib/gcc/nios2-elf/4.1.2\libgcc.a(lib2-divmod.o)
                              obj/final.o (__modsi3)
c:/altera/10.1/nios2eds/bin/gnu/h-i686-mingw32/bin/../lib/gcc/nios2-elf/4.1.2\libgcc.a(_clzsi2.o)
                              c:/altera/10.1/nios2eds/bin/gnu/h-i686-mingw32/bin/../lib/gcc/nios2-elf/4.1.2\libgcc.a(_si_to_df.o) (__clzsi2)
c:/altera/10.1/nios2eds/bin/gnu/h-i686-mingw32/bin/../lib/gcc/nios2-elf/4.1.2\libgcc.a(_unpack_sf.o)
                              c:/altera/10.1/nios2eds/bin/gnu/h-i686-mingw32/bin/../lib/gcc/nios2-elf/4.1.2\libgcc.a(_gt_sf.o) (__unpack_f)
c:/altera/10.1/nios2eds/bin/gnu/h-i686-mingw32/bin/../lib/gcc/nios2-elf/4.1.2\libgcc.a(_fpcmp_parts_sf.o)
                              c:/altera/10.1/nios2eds/bin/gnu/h-i686-mingw32/bin/../lib/gcc/nios2-elf/4.1.2\libgcc.a(_gt_sf.o) (__fpcmp_parts_f)
c:/altera/10.1/nios2eds/bin/gnu/h-i686-mingw32/bin/../lib/gcc/nios2-elf/4.1.2\libgcc.a(_make_sf.o)
                              c:/altera/10.1/nios2eds/bin/gnu/h-i686-mingw32/bin/../lib/gcc/nios2-elf/4.1.2\libgcc.a(_df_to_sf.o) (__make_fp)
c:/altera/10.1/nios2eds/bin/gnu/h-i686-mingw32/bin/../lib/gcc/nios2-elf/4.1.2\libgcc.a(_pack_df.o)
                              c:/altera/10.1/nios2eds/bin/gnu/h-i686-mingw32/bin/../lib/gcc/nios2-elf/4.1.2\libgcc.a(_div_df.o) (__pack_d)
c:/altera/10.1/nios2eds/bin/gnu/h-i686-mingw32/bin/../lib/gcc/nios2-elf/4.1.2\libgcc.a(_unpack_df.o)
                              c:/altera/10.1/nios2eds/bin/gnu/h-i686-mingw32/bin/../lib/gcc/nios2-elf/4.1.2\libgcc.a(_div_df.o) (__unpack_d)
c:/altera/10.1/nios2eds/bin/gnu/h-i686-mingw32/bin/../lib/gcc/nios2-elf/4.1.2\libgcc.a(_fpcmp_parts_df.o)
                              c:/altera/10.1/nios2eds/bin/gnu/h-i686-mingw32/bin/../lib/gcc/nios2-elf/4.1.2\libgcc.a(_gt_df.o) (__fpcmp_parts_d)
c:/altera/10.1/nios2eds/bin/gnu/h-i686-mingw32/bin/../lib/gcc/nios2-elf/4.1.2\libgcc.a(_clz.o)
                              c:/altera/10.1/nios2eds/bin/gnu/h-i686-mingw32/bin/../lib/gcc/nios2-elf/4.1.2\libgcc.a(_clzsi2.o) (__clz_tab)
c:/altera/10.1/nios2eds/bin/gnu/h-i686-mingw32/bin/../lib/gcc/nios2-elf/4.1.2\libgcc.a(_pack_sf.o)
                              c:/altera/10.1/nios2eds/bin/gnu/h-i686-mingw32/bin/../lib/gcc/nios2-elf/4.1.2\libgcc.a(_make_sf.o) (__pack_f)
c:/altera/10.1/nios2eds/bin/gnu/h-i686-mingw32/bin/../lib/gcc/nios2-elf/4.1.2/../../../../nios2-elf/lib\libc.a(lib_a-printf.o)
                              obj/final.o (printf)
c:/altera/10.1/nios2eds/bin/gnu/h-i686-mingw32/bin/../lib/gcc/nios2-elf/4.1.2/../../../../nios2-elf/lib\libc.a(lib_a-putchar.o)
                              obj/final.o (putchar)
c:/altera/10.1/nios2eds/bin/gnu/h-i686-mingw32/bin/../lib/gcc/nios2-elf/4.1.2/../../../../nios2-elf/lib\libc.a(lib_a-rand.o)
                              obj/final.o (srand)
c:/altera/10.1/nios2eds/bin/gnu/h-i686-mingw32/bin/../lib/gcc/nios2-elf/4.1.2/../../../../nios2-elf/lib\libc.a(lib_a-time.o)
                              obj/final.o (time)
c:/altera/10.1/nios2eds/bin/gnu/h-i686-mingw32/bin/../lib/gcc/nios2-elf/4.1.2/../../../../nios2-elf/lib\libc.a(lib_a-vfprintf.o)
[...]
Memory Configuration

Name             Origin             Length             Attributes
reset            0x00800000         0x00000020
sdram            0x00800020         0x007fffe0
cfi_flash        0x01400000         0x00400000
onchip_memory    0x01800000         0x00002000
*default*        0x00000000         0xffffffff

Linker script and memory map

LOAD ../final_work_bsp/obj/HAL/src/crt0.o
LOAD obj/final.o
LOAD c:/altera/10.1/nios2eds/bin/gnu/h-i686-mingw32/bin/../lib/gcc/nios2-elf/4.1.2/../../../../nios2-elf/lib\libstdc++.a
LOAD c:/altera/10.1/nios2eds/bin/gnu/h-i686-mingw32/bin/../lib/gcc/nios2-elf/4.1.2/../../../../nios2-elf/lib\libm.a
LOAD c:/altera/10.1/nios2eds/bin/gnu/h-i686-mingw32/bin/../lib/gcc/nios2-elf/4.1.2\libgcc.a
START GROUP
LOAD c:/altera/10.1/nios2eds/bin/gnu/h-i686-mingw32/bin/../lib/gcc/nios2-elf/4.1.2/../../../../nios2-elf/lib\libc.a
LOAD c:/altera/10.1/nios2eds/bin/gnu/h-i686-mingw32/bin/../lib/gcc/nios2-elf/4.1.2\libgcc.a
LOAD ../final_work_bsp\libhal_bsp.a
END GROUP
LOAD c:/altera/10.1/nios2eds/bin/gnu/h-i686-mingw32/bin/../lib/gcc/nios2-elf/4.1.2\libgcc.a
                0x00800000                __alt_mem_sdram = 0x800000
                0x01400000                __alt_mem_cfi_flash = 0x1400000
                0x01800000                __alt_mem_onchip_memory = 0x1800000

.entry          0x00800000       0x20
 *(.entry)
 .entry         0x00800000       0x20 ../final_work_bsp/obj/HAL/src/crt0.o
                0x00800000                __reset

.exceptions     0x00800020      0x198
                0x00800020                PROVIDE (__ram_exceptions_start, ABSOLUTE (.))
                0x00800020                . = ALIGN (0x20)
 *(.irq)
 *(.exceptions.entry.label)
 .exceptions.entry.label
                0x00800020        0x0 ../final_work_bsp\libhal_bsp.a(alt_irq_entry.o)
                0x00800020                alt_irq_entry
 .exceptions.entry.label
                0x00800020        0x0 ../final_work_bsp\libhal_bsp.a(alt_exception_entry.o)
                0x00800020                alt_exception
 *(.exceptions.entry.user)
 *(.exceptions.entry)
 .exceptions.entry
                0x00800020       0x54 ../final_work_bsp\libhal_bsp.a(alt_exception_entry.o)
 *(.exceptions.irqtest.user)
 *(.exceptions.irqtest)
 .exceptions.irqtest
                0x00800074       0x10 ../final_work_bsp\libhal_bsp.a(alt_irq_entry.o)
 *(.exceptions.irqhandler.user)
 *(.exceptions.irqhandler)
 .exceptions.irqhandler
                0x00800084        0x4 ../final_work_bsp\libhal_bsp.a(alt_irq_entry.o)
 *(.exceptions.irqreturn.user)
 *(.exceptions.irqreturn)
 .exceptions.irqreturn
                0x00800088        0x4 ../final_work_bsp\libhal_bsp.a(alt_irq_entry.o)
 *(.exceptions.notirq.label)
 .exceptions.notirq.label
                0x0080008c        0x0 ../final_work_bsp\libhal_bsp.a(alt_irq_entry.o)
 *(.exceptions.notirq.user)
 *(.exceptions.notirq)
 .exceptions.notirq
                0x0080008c        0x8 ../final_work_bsp\libhal_bsp.a(alt_exception_entry.o)
 *(.exceptions.soft.user)
 *(.exceptions.soft)
 *(.exceptions.unknown.user)
 *(.exceptions.unknown)
 .exceptions.unknown
                0x00800094        0x4 ../final_work_bsp\libhal_bsp.a(alt_exception_entry.o)
 *(.exceptions.exit.label)
 .exceptions.exit.label
                0x00800098        0x0 ../final_work_bsp\libhal_bsp.a(alt_irq_entry.o)
 .exceptions.exit.label
                0x00800098        0x0 ../final_work_bsp\libhal_bsp.a(alt_exception_entry.o)
 *(.exceptions.exit.user)
 *(.exceptions.exit)
 .exceptions.exit
                0x00800098       0x54 ../final_work_bsp\libhal_bsp.a(alt_exception_entry.o)
 *(.exceptions)
 .exceptions    0x008000ec       0xcc ../final_work_bsp\libhal_bsp.a(alt_irq_handler.o)
                0x008000ec                alt_irq_handler
                0x008001b8                PROVIDE (__ram_exceptions_end, ABSOLUTE (.))
                0x00800020                PROVIDE (__flash_exceptions_start, LOADADDR (.exceptions))

.text           0x008001b8    0x128ec
                0x008001b8                PROVIDE (stext, ABSOLUTE (.))
 *(.interp)
 *(.hash)
 *(.dynsym)
 *(.dynstr)
 *(.gnu.version)
 *(.gnu.version_d)
 *(.gnu.version_r)
 *(.rel.init)
 *(.rela.init)
 *(.rel.text .rel.text.* .rel.gnu.linkonce.t.*)
 *(.rela.text .rela.text.* .rela.gnu.linkonce.t.*)
 *(.rel.fini)
 *(.rela.fini)
 *(.rel.rodata .rel.rodata.* .rel.gnu.linkonce.r.*)
 *(.rela.rodata .rela.rodata.* .rela.gnu.linkonce.r.*)
 *(.rel.data .rel.data.* .rel.gnu.linkonce.d.*)
 *(.rela.data .rela.data.* .rela.gnu.linkonce.d.*)
 *(.rel.tdata .rel.tdata.* .rel.gnu.linkonce.td.*)
 *(.rela.tdata .rela.tdata.* .rela.gnu.linkonce.td.*)
 *(.rel.tbss .rel.tbss.* .rel.gnu.linkonce.tb.*)
 *(.rela.tbss .rela.tbss.* .rela.gnu.linkonce.tb.*)
 *(.rel.ctors)
 *(.rela.ctors)
 *(.rel.dtors)
 *(.rela.dtors)
 *(.rel.got)
 *(.rela.got)
 *(.rel.sdata .rel.sdata.* .rel.gnu.linkonce.s.*)
 *(.rela.sdata .rela.sdata.* .rela.gnu.linkonce.s.*)
 *(.rel.sbss .rel.sbss.* .rel.gnu.linkonce.sb.*)
 *(.rela.sbss .rela.sbss.* .rela.gnu.linkonce.sb.*)
 *(.rel.sdata2 .rel.sdata2.* .rel.gnu.linkonce.s2.*)
 *(.rela.sdata2 .rela.sdata2.* .rela.gnu.linkonce.s2.*)
 *(.rel.sbss2 .rel.sbss2.* .rel.gnu.linkonce.sb2.*)
 *(.rela.sbss2 .rela.sbss2.* .rela.gnu.linkonce.sb2.*)
 *(.rel.bss .rel.bss.* .rel.gnu.linkonce.b.*)
 *(.rela.bss .rela.bss.* .rela.gnu.linkonce.b.*)
 *(.rel.plt)
 *(.rela.plt)
 *(.rel.dyn)
 *(.init)
 *(.plt)
 *(.text .stub .text.* .gnu.linkonce.t.*)
 .text          0x008001b8       0x4c ../final_work_bsp/obj/HAL/src/crt0.o
                0x008001b8                _start
 .text          0x00800204     0x11e8 obj/final.o
                0x00800204                main
                0x008006d4                init
                0x00800840                showView
                0x00800980                move
                0x00800c64                makeFood
                0x00800d30                makeMap
                0x00800f2c                ifEat
                0x00800fb8                ifReprat
                0x00801078                ifBump
                0x008011e8                get_x
                0x00801224                get_y
                0x00801270                add2charbuffer
                0x00801338                del2charbuffer
                0x00801398                next_line
 .text          0x008013ec       0x78 c:/altera/10.1/nios2eds/bin/gnu/h-i686-mingw32/bin/../lib/gcc/nios2-elf/4.1.2\libgcc.a(_gt_sf.o)
                0x008013ec                __gtsf2
 .text          0x00801464       0x78 c:/altera/10.1/nios2eds/bin/gnu/h-i686-mingw32/bin/../lib/gcc/nios2-elf/4.1.2\libgcc.a(_lt_sf.o)
                0x00801464                __ltsf2
 .text          0x008014dc       0x54 c:/altera/10.1/nios2eds/bin/gnu/h-i686-mingw32/bin/../lib/gcc/nios2-elf/4.1.2\libgcc.a(_sf_to_df.o)
                0x008014dc                __extendsfdf2
 .text          0x00801530      0x258 c:/altera/10.1/nios2eds/bin/gnu/h-i686-mingw32/bin/../lib/gcc/nios2-elf/4.1.2\libgcc.a(_div_df.o)
                0x00801530                __divdf3
 .text          0x00801788       0x88 c:/altera/10.1/nios2eds/bin/gnu/h-i686-mingw32/bin/../lib/gcc/nios2-elf/4.1.2\libgcc.a(_gt_df.o)
                0x00801788                __gtdf2
 .text          0x00801810       0x88 c:/altera/10.1/nios2eds/bin/gnu/h-i686-mingw32/bin/../lib/gcc/nios2-elf/4.1.2\libgcc.a(_lt_df.o)
                0x00801810                __ltdf2
 .text          0x00801898       0xf8 c:/altera/10.1/nios2eds/bin/gnu/h-i686-mingw32/bin/../lib/gcc/nios2-elf/4.1.2\libgcc.a(_si_to_df.o)
                0x00801898                __floatsidf
 .text          0x00801990       0x38 c:/altera/10.1/nios2eds/bin/gnu/h-i686-mingw32/bin/../lib/gcc/nios2-elf/4.1.2\libgcc.a(_make_df.o)
                0x00801990                __make_dp
 .text          0x008019c8       0x74 c:/altera/10.1/nios2eds/bin/gnu/h-i686-mingw32/bin/../lib/gcc/nios2-elf/4.1.2\libgcc.a(_df_to_sf.o)
                0x008019c8                __truncdfsf2
 .text          0x00801a3c        0x0 c:/altera/10.1/nios2eds/bin/gnu/h-i686-mingw32/bin/../lib/gcc/nios2-elf/4.1.2\libgcc.a(_thenan_df.o)
 .text          0x00801a3c      0x14c c:/altera/10.1/nios2eds/bin/gnu/h-i686-mingw32/bin/../lib/gcc/nios2-elf/4.1.2\libgcc.a(lib2-divmod.o)
                0x00801ab8                __divsi3
                0x00801b18                __modsi3
                0x00801b78                __udivsi3
                0x00801b80                __umodsi3
 .text          0x00801b88       0x80 c:/altera/10.1/nios2eds/bin/gnu/h-i686-mingw32/bin/../lib/gcc/nios2-elf/4.1.2\libgcc.a(_clzsi2.o)
                0x00801b88                __clzsi2
 .text          0x00801c08       0xc8 c:/altera/10.1/nios2eds/bin/gnu/h-i686-mingw32/bin/../lib/gcc/nios2-elf/4.1.2\libgcc.a(_unpack_sf.o)
                0x00801c08                __unpack_f
 .text          0x00801cd0       0xa8 c:/altera/10.1/nios2eds/bin/gnu/h-i686-mingw32/bin/../lib/gcc/nios2-elf/4.1.2\libgcc.a(_fpcmp_parts_sf.o)
                0x00801cd0                __fpcmp_parts_f
 .text          0x00801d78       0x2c c:/altera/10.1/nios2eds/bin/gnu/h-i686-mingw32/bin/../lib/gcc/nios2-elf/4.1.2\libgcc.a(_make_sf.o)
                0x00801d78                __make_fp
 .text          0x00801da4      0x314 c:/altera/10.1/nios2eds/bin/gnu/h-i686-mingw32/bin/../lib/gcc/nios2-elf/4.1.2\libgcc.a(_pack_df.o)
                0x00801da4                __pack_d
 .text          0x008020b8      0x138 c:/altera/10.1/nios2eds/bin/gnu/h-i686-mingw32/bin/../lib/gcc/nios2-elf/4.1.2\libgcc.a(_unpack_df.o)
                0x008020b8                __unpack_d
 .text          0x008021f0       0xc8 c:/altera/10.1/nios2eds/bin/gnu/h-i686-mingw32/bin/../lib/gcc/nios2-elf/4.1.2\libgcc.a(_fpcmp_parts_df.o)
                0x008021f0                __fpcmp_parts_d
 .text          0x008022b8        0x0 c:/altera/10.1/nios2eds/bin/gnu/h-i686-mingw32/bin/../lib/gcc/nios2-elf/4.1.2\libgcc.a(_clz.o)
 .text          0x008022b8      0x160 c:/altera/10.1/nios2eds/bin/gnu/h-i686-mingw32/bin/../lib/gcc/nios2-elf/4.1.2\libgcc.a(_pack_sf.o)
                0x008022b8                __pack_f
 .text          0x00802418       0x78 c:/altera/10.1/nios2eds/bin/gnu/h-i686-mingw32/bin/../lib/gcc/nios2-elf/4.1.2/../../../../nios2-elf/lib\libc.a(lib_a-printf.o)
                0x00802418                printf
                0x0080245c                _printf_r
 .text          0x00802490       0x24 c:/altera/10.1/nios2eds/bin/gnu/h-i686-mingw32/bin/../lib/gcc/nios2-elf/4.1.2/../../../../nios2-elf/lib\libc.a(lib_a-putchar.o)
                0x00802490                putchar
                0x008024ac                _putchar_r
 .text          0x008024b4       0x94 c:/altera/10.1/nios2eds/bin/gnu/h-i686-mingw32/bin/../lib/gcc/nios2-elf/4.1.2/../../../../nios2-elf/lib\libc.a(lib_a-rand.o)
                0x008024b4                srand
                0x008024d0                rand
 .text          0x00802548       0x5c c:/altera/10.1/nios2eds/bin/gnu/h-i686-mingw32/bin/../lib/gcc/nios2-elf/4.1.2/../../../../nios2-elf/lib\libc.a(lib_a-time.o)
                0x00802548                time
 .text          0x008025a4     0x1f28 c:/altera/10.1/nios2eds/bin/gnu/h-i686-mingw32/bin/../lib/gcc/nios2-elf/4.1.2/../../../../nios2-elf/lib\libc.a(lib_a-vfprintf.o)
                0x008025fc                ___vfprintf_internal_r
                0x008044a8                __vfprintf_internal
 .text          0x008044cc      0x13c c:/altera/10.1/nios2eds/bin/gnu/h-i686-mingw32/bin/../lib/gcc/nios2-elf/4.1.2/../../../../nios2-elf/lib\libc.a(lib_a-wsetup.o)
                0x008044cc                __swsetup_r
 .text          0x00804608     0x17cc c:/altera/10.1/nios2eds/bin/gnu/h-i686-mingw32/bin/../lib/gcc/nios2-elf/4.1.2/../../../../nios2-elf/lib\libc.a(lib_a-dtoa.o)
                0x00804820                _dtoa_r
 .text          0x00805dd4      0x230 c:/altera/10.1/nios2eds/bin/gnu/h-i686-mingw32/bin/../lib/gcc/nios2-elf/4.1.2/../../../../nios2-elf/lib\libc.a(lib_a-fflush.o)
                0x00805dd4                _fflush_r
                0x00805fd0                fflush
 .text          0x00806004      0x2c0 c:/altera/10.1/nios2eds/bin/gnu/h-i686-mingw32/bin/../lib/gcc/nios2-elf/4.1.2/../../../../nios2-elf/lib\libc.a(lib_a-findfp.o)
                0x0080605c                __sfp_lock_acquire
                0x00806060                __sfp_lock_release
                0x00806064                __sinit_lock_acquire
                0x00806068                __sinit_lock_release
                0x0080606c                __sinit
                0x00806120                __fp_unlock_all
                0x00806138                __fp_lock_all
                0x00806150                _cleanup_r
                0x0080615c                _cleanup
                0x0080616c                __sfmoreglue
                0x008061d4                __sfp
 .text          0x008062c4      0x440 c:/altera/10.1/nios2eds/bin/gnu/h-i686-mingw32/bin/../lib/gcc/nios2-elf/4.1.2/../../../../nios2-elf/lib\libc.a(lib_a-freer.o)
                0x008062c4                _malloc_trim_r
                0x008063f0                _free_r
 .text          0x00806704      0x49c c:/altera/10.1/nios2eds/bin/gnu/h-i686-mingw32/bin/../lib/gcc/nios2-elf/4.1.2/../../../../nios2-elf/lib\libc.a(lib_a-fvwrite.o)
                0x00806704                __sfvwrite_r
 .text          0x00806ba0      0x180 c:/altera/10.1/nios2eds/bin/gnu/h-i686-mingw32/bin/../lib/gcc/nios2-elf/4.1.2/../../../../nios2-elf/lib\libc.a(lib_a-fwalk.o)
                0x00806ba0                _fwalk_reent
                0x00806c68                _fwalk
 .text          0x00806d20       0x74 c:/altera/10.1/nios2eds/bin/gnu/h-i686-mingw32/bin/../lib/gcc/nios2-elf/4.1.2/../../../../nios2-elf/lib\libc.a(lib_a-gettimeofdayr.o)
                0x00806d20                _gettimeofday_r
 .text          0x00806d94        0x0 c:/altera/10.1/nios2eds/bin/gnu/h-i686-mingw32/bin/../lib/gcc/nios2-elf/4.1.2/../../../../nios2-elf/lib\libc.a(lib_a-impure.o)
 .text          0x00806d94        0x0 c:/altera/10.1/nios2eds/bin/gnu/h-i686-mingw32/bin/../lib/gcc/nios2-elf/4.1.2/../../../../nios2-elf/lib\libc.a(lib_a-int_errno.o)
 .text          0x00806d94       0xc4 c:/altera/10.1/nios2eds/bin/gnu/h-i686-mingw32/bin/../lib/gcc/nios2-elf/4.1.2/../../../../nios2-elf/lib\libc.a(lib_a-locale.o)
                0x00806d94                __locale_charset
                0x00806d9c                _localeconv_r
                0x00806da8                localeconv
                0x00806db8                _setlocale_r
                0x00806e3c                setlocale
 .text          0x00806e58      0x194 c:/altera/10.1/nios2eds/bin/gnu/h-i686-mingw32/bin/../lib/gcc/nios2-elf/4.1.2/../../../../nios2-elf/lib\libc.a(lib_a-makebuf.o)
                0x00806e58                __smakebuf_r
 .text          0x00806fec      0x740 c:/altera/10.1/nios2eds/bin/gnu/h-i686-mingw32/bin/../lib/gcc/nios2-elf/4.1.2/../../../../nios2-elf/lib\libc.a(lib_a-mallocr.o)
                0x00806fec                _malloc_r
 .text          0x0080772c       0xe4 c:/altera/10.1/nios2eds/bin/gnu/h-i686-mingw32/bin/../lib/gcc/nios2-elf/4.1.2/../../../../nios2-elf/lib\libc.a(lib_a-memchr.o)
                0x0080772c                memchr
 .text          0x00807810       0xa0 c:/altera/10.1/nios2eds/bin/gnu/h-i686-mingw32/bin/../lib/gcc/nios2-elf/4.1.2/../../../../nios2-elf/lib\libc.a(lib_a-memcpy.o)
                0x00807810                memcpy
 .text          0x008078b0       0xe0 c:/altera/10.1/nios2eds/bin/gnu/h-i686-mingw32/bin/../lib/gcc/nios2-elf/4.1.2/../../../../nios2-elf/lib\libc.a(lib_a-memmove.o)
                0x008078b0                memmove
 .text          0x00807990       0x98 c:/altera/10.1/nios2eds/bin/gnu/h-i686-mingw32/bin/../lib/gcc/nios2-elf/4.1.2/../../../../nios2-elf/lib\libc.a(lib_a-memset.o)
                0x00807990                memset
 .text          0x00807a28      0xff4 c:/altera/10.1/nios2eds/bin/gnu/h-i686-mingw32/bin/../lib/gcc/nios2-elf/4.1.2/../../../../nios2-elf/lib\libc.a(lib_a-mprec.o)
                0x00807a28                _Bfree
                0x00807a50                __hi0bits
                0x00807ac0                __lo0bits
                0x00807b84                __mcmp
                0x00807be4                __ulp
                0x00807c64                __b2d
                0x00807d84                __ratio
                0x00807e34                _mprec_log10
                0x00807ec8                __copybits
                0x00807f20                __any_on
                0x00807fa8                _Balloc
                0x00808064                __d2b
                0x008081e0                __mdiff
                0x0080836c                __lshift
                0x008084b8                __multiply
                0x008086a0                __i2b
                0x008086dc                __multadd
                0x008087dc                __pow5mult
                0x008088fc                __s2b
 .text          0x00808a1c      0x1ec c:/altera/10.1/nios2eds/bin/gnu/h-i686-mingw32/bin/../lib/gcc/nios2-elf/4.1.2/../../../../nios2-elf/lib\libc.a(lib_a-putc.o)
                0x00808a1c                putc
                0x00808b20                _putc_r
 .text          0x00808c08      0x5f4 c:/altera/10.1/nios2eds/bin/gnu/h-i686-mingw32/bin/../lib/gcc/nios2-elf/4.1.2/../../../../nios2-elf/lib\libc.a(lib_a-reallocr.o)
                0x00808c08                _realloc_r
 .text          0x008091fc       0x40 c:/altera/10.1/nios2eds/bin/gnu/h-i686-mingw32/bin/../lib/gcc/nios2-elf/4.1.2/../../../../nios2-elf/lib\libc.a(lib_a-s_isinfd.o)
                0x008091fc                __isinfd
 .text          0x0080923c       0x30 c:/altera/10.1/nios2eds/bin/gnu/h-i686-mingw32/bin/../lib/gcc/nios2-elf/4.1.2/../../../../nios2-elf/lib\libc.a(lib_a-s_isnand.o)
                0x0080923c                __isnand
 .text          0x0080926c       0x70 c:/altera/10.1/nios2eds/bin/gnu/h-i686-mingw32/bin/../lib/gcc/nios2-elf/4.1.2/../../../../nios2-elf/lib\libc.a(lib_a-sbrkr.o)
                0x0080926c                _sbrk_r
 .text          0x008092dc      0x14c c:/altera/10.1/nios2eds/bin/gnu/h-i686-mingw32/bin/../lib/gcc/nios2-elf/4.1.2/../../../../nios2-elf/lib\libc.a(lib_a-stdio.o)
                0x008092dc                __sclose
                0x008092e4                __sseek
                0x0080934c                __swrite
                0x008093c8                __sread
 .text          0x00809428       0xbc c:/altera/10.1/nios2eds/bin/gnu/h-i686-mingw32/bin/../lib/gcc/nios2-elf/4.1.2/../../../../nios2-elf/lib\libc.a(lib_a-strcmp.o)
                0x00809428                strcmp
 .text          0x008094e4       0x74 c:/altera/10.1/nios2eds/bin/gnu/h-i686-mingw32/bin/../lib/gcc/nios2-elf/4.1.2/../../../../nios2-elf/lib\libc.a(lib_a-strlen.o)
                0x008094e4                strlen
 .text          0x00809558      0x14c c:/altera/10.1/nios2eds/bin/gnu/h-i686-mingw32/bin/../lib/gcc/nios2-elf/4.1.2/../../../../nios2-elf/lib\libc.a(lib_a-wbuf.o)
                0x00809558                __swbuf_r
                0x00809688                __swbuf
 .text          0x008096a4       0x78 c:/altera/10.1/nios2eds/bin/gnu/h-i686-mingw32/bin/../lib/gcc/nios2-elf/4.1.2/../../../../nios2-elf/lib\libc.a(lib_a-writer.o)
                0x008096a4                _write_r
 .text          0x0080971c       0xb4 c:/altera/10.1/nios2eds/bin/gnu/h-i686-mingw32/bin/../lib/gcc/nios2-elf/4.1.2/../../../../nios2-elf/lib\libc.a(lib_a-callocr.o)
                0x0080971c                _calloc_r
 .text          0x008097d0       0x70 c:/altera/10.1/nios2eds/bin/gnu/h-i686-mingw32/bin/../lib/gcc/nios2-elf/4.1.2/../../../../nios2-elf/lib\libc.a(lib_a-closer.o)
                0x008097d0                _close_r
 .text          0x00809840      0x124 c:/altera/10.1/nios2eds/bin/gnu/h-i686-mingw32/bin/../lib/gcc/nios2-elf/4.1.2/../../../../nios2-elf/lib\libc.a(lib_a-fclose.o)
                0x00809840                _fclose_r
                0x00809950                fclose
 .text          0x00809964       0x74 c:/altera/10.1/nios2eds/bin/gnu/h-i686-mingw32/bin/../lib/gcc/nios2-elf/4.1.2/../../../../nios2-elf/lib\libc.a(lib_a-fstatr.o)
                0x00809964                _fstat_r
 .text          0x008099d8       0x70 c:/altera/10.1/nios2eds/bin/gnu/h-i686-mingw32/bin/../lib/gcc/nios2-elf/4.1.2/../../../../nios2-elf/lib\libc.a(lib_a-isattyr.o)
                0x008099d8                _isatty_r
 .text          0x00809a48       0x78 c:/altera/10.1/nios2eds/bin/gnu/h-i686-mingw32/bin/../lib/gcc/nios2-elf/4.1.2/../../../../nios2-elf/lib\libc.a(lib_a-lseekr.o)
                0x00809a48                _lseek_r
 .text          0x00809ac0       0x78 c:/altera/10.1/nios2eds/bin/gnu/h-i686-mingw32/bin/../lib/gcc/nios2-elf/4.1.2/../../../../nios2-elf/lib\libc.a(lib_a-readr.o)
                0x00809ac0                _read_r
 .text          0x00809b38       0x98 c:/altera/10.1/nios2eds/bin/gnu/h-i686-mingw32/bin/../lib/gcc/nios2-elf/4.1.2\libgcc.a(_muldi3.o)
                0x00809b38                __muldi3
 .text          0x00809bd0      0x5dc c:/altera/10.1/nios2eds/bin/gnu/h-i686-mingw32/bin/../lib/gcc/nios2-elf/4.1.2\libgcc.a(_udivdi3.o)
                0x00809bd0                __udivdi3
 .text          0x0080a1ac      0x5b0 c:/altera/10.1/nios2eds/bin/gnu/h-i686-mingw32/bin/../lib/gcc/nios2-elf/4.1.2\libgcc.a(_umoddi3.o)
                0x0080a1ac                __umoddi3
 .text          0x0080a75c      0x504 c:/altera/10.1/nios2eds/bin/gnu/h-i686-mingw32/bin/../lib/gcc/nios2-elf/4.1.2\libgcc.a(_addsub_df.o)
                0x0080ab6c                __subdf3
                0x0080abec                __adddf3
 .text          0x0080ac60      0x3c4 c:/altera/10.1/nios2eds/bin/gnu/h-i686-mingw32/bin/../lib/gcc/nios2-elf/4.1.2\libgcc.a(_mul_df.o)
                0x0080ac60                __muldf3
 .text          0x0080b024       0x88 c:/altera/10.1/nios2eds/bin/gnu/h-i686-mingw32/bin/../lib/gcc/nios2-elf/4.1.2\libgcc.a(_eq_df.o)
                0x0080b024                __eqdf2
 .text          0x0080b0ac       0x88 c:/altera/10.1/nios2eds/bin/gnu/h-i686-mingw32/bin/../lib/gcc/nios2-elf/4.1.2\libgcc.a(_ne_df.o)
                0x0080b0ac                __nedf2
 .text          0x0080b134       0x88 c:/altera/10.1/nios2eds/bin/gnu/h-i686-mingw32/bin/../lib/gcc/nios2-elf/4.1.2\libgcc.a(_ge_df.o)
                0x0080b134                __gedf2
 .text          0x0080b1bc       0xd8 c:/altera/10.1/nios2eds/bin/gnu/h-i686-mingw32/bin/../lib/gcc/nios2-elf/4.1.2\libgcc.a(_df_to_si.o)
                0x0080b1bc                __fixdfsi
 .text          0x0080b294      0x194 c:/altera/10.1/nios2eds/bin/gnu/h-i686-mingw32/bin/../lib/gcc/nios2-elf/4.1.2\libgcc.a(_usi_to_df.o)
                0x0080b294                __floatunsidf
 .text          0x0080b428      0x15c ../final_work_bsp\libhal_bsp.a(alt_close.o)
                0x0080b428                close
 .text          0x0080b584       0x2c ../final_work_bsp\libhal_bsp.a(alt_dev.o)
 .text          0x0080b5b0        0x0 ../final_work_bsp\libhal_bsp.a(alt_errno.o)
 .text          0x0080b5b0      0x134 ../final_work_bsp\libhal_bsp.a(alt_fstat.o)
                0x0080b5b0                fstat
 .text          0x0080b6e4      0x21c ../final_work_bsp\libhal_bsp.a(alt_gettod.o)
                0x0080b6e4                gettimeofday
 .text          0x0080b900      0x120 ../final_work_bsp\libhal_bsp.a(alt_isatty.o)
                0x0080b900                isatty
 .text          0x0080ba20       0xec ../final_work_bsp\libhal_bsp.a(alt_load.o)
                0x0080ba20                alt_load
 .text          0x0080bb0c      0x150 ../final_work_bsp\libhal_bsp.a(alt_lseek.o)
                0x0080bb0c                lseek
 .text          0x0080bc5c       0x6c ../final_work_bsp\libhal_bsp.a(alt_main.o)
                0x0080bc5c                alt_main
 .text          0x0080bcc8       0x40 ../final_work_bsp\libhal_bsp.a(alt_malloc_lock.o)
                0x0080bcc8                __malloc_lock
                0x0080bce8                __malloc_unlock
 .text          0x0080bd08      0x258 ../final_work_bsp\libhal_bsp.a(alt_printf.o)
                0x0080bd08                alt_printf
 .text          0x0080bf60       0x40 ../final_work_bsp\libhal_bsp.a(alt_putchar.o)
                0x0080bf60                alt_putchar
 .text          0x0080bfa0      0x180 ../final_work_bsp\libhal_bsp.a(alt_read.o)
                0x0080bfa0                read
 .text          0x0080c120       0x60 ../final_work_bsp\libhal_bsp.a(alt_release_fd.o)
                0x0080c120                alt_release_fd
 .text          0x0080c180       0xbc ../final_work_bsp\libhal_bsp.a(alt_sbrk.o)
                0x0080c180                sbrk
 .text          0x0080c23c      0x1a4 ../final_work_bsp\libhal_bsp.a(alt_tick.o)
                0x0080c23c                alt_alarm_stop
                0x0080c2d4                alt_tick
 .text          0x0080c3e0       0x30 ../final_work_bsp\libhal_bsp.a(alt_usleep.o)
                0x0080c3e0                usleep
 .text          0x0080c410      0x180 ../final_work_bsp\libhal_bsp.a(alt_write.o)
                0x0080c410                write
 .text          0x0080c590      0x3c0 ../final_work_bsp\libhal_bsp.a(alt_sys_init.o)
                0x0080c590                alt_irq_init
                0x0080c5c4                alt_sys_init
 .text          0x0080c950      0x8c8 ../final_work_bsp\libhal_bsp.a(altera_avalon_cfi_flash.o)
                0x0080c950                alt_flash_cfi_init
                0x0080ca24                alt_flash_cfi_write
                0x0080cce4                alt_flash_cfi_get_info
                0x0080cd74                alt_flash_cfi_read
                0x0080cddc                alt_write_value_to_flash
                0x0080cf40                alt_flash_program_block
 .text          0x0080d218     0x1448 ../final_work_bsp\libhal_bsp.a(altera_avalon_cfi_flash_table.o)
                0x0080d218                alt_read_query_entry_8bit
                0x0080d258                alt_read_query_entry_16bit
                0x0080d29c                alt_read_query_entry_32bit
                0x0080d2e4                alt_write_flash_command_8bit_device_8bit_mode
                0x0080d320                alt_write_flash_command_16bit_device_8bit_mode
                0x0080d39c                alt_write_flash_command_32bit_device_8bit_mode
                0x0080d3e4                alt_write_flash_command_16bit_device_16bit_mode
                0x0080d428                alt_write_flash_command_32bit_device_16bit_mode
                0x0080d470                alt_write_flash_command_32bit_device_32bit_mode
                0x0080d4b8                alt_write_native_8bit
                0x0080d4ec                alt_write_native_16bit
                0x0080d520                alt_write_native_32bit
                0x0080d550                alt_set_flash_width_func
                0x0080d730                alt_set_flash_algorithm_func
                0x0080d858                alt_read_cfi_table
                0x0080ddd8                alt_read_cfi_width
                0x0080e584                alt_check_primary_table
 .text          0x0080e660      0x148 ../final_work_bsp\libhal_bsp.a(altera_avalon_jtag_uart_fd.o)
                0x0080e660                altera_avalon_jtag_uart_read_fd
                0x0080e6b8                altera_avalon_jtag_uart_write_fd
                0x0080e710                altera_avalon_jtag_uart_close_fd
                0x0080e758                altera_avalon_jtag_uart_ioctl_fd
 .text          0x0080e7a8      0x408 ../final_work_bsp\libhal_bsp.a(altera_avalon_jtag_uart_init.o)
                0x0080e7a8                altera_avalon_jtag_uart_init
                0x0080eb3c                altera_avalon_jtag_uart_close
 .text          0x0080ebb0       0xf4 ../final_work_bsp\libhal_bsp.a(altera_avalon_jtag_uart_ioctl.o)
                0x0080ebb0                altera_avalon_jtag_uart_ioctl
 .text          0x0080eca4      0x224 ../final_work_bsp\libhal_bsp.a(altera_avalon_jtag_uart_read.o)
                0x0080eca4                altera_avalon_jtag_uart_read
 .text          0x0080eec8      0x240 ../final_work_bsp\libhal_bsp.a(altera_avalon_jtag_uart_write.o)
                0x0080eec8                altera_avalon_jtag_uart_write
 .text          0x0080f108      0x238 ../final_work_bsp\libhal_bsp.a(altera_avalon_spi.o)
                0x0080f108                alt_avalon_spi_command
 .text          0x0080f340       0xfc ../final_work_bsp\libhal_bsp.a(altera_avalon_timer_sc.o)
                0x0080f3b4                alt_avalon_timer_sc_init
 .text          0x0080f43c       0xf8 ../final_work_bsp\libhal_bsp.a(altera_avalon_uart_fd.o)
                0x0080f43c                altera_avalon_uart_read_fd
                0x0080f494                altera_avalon_uart_write_fd
                0x0080f4ec                altera_avalon_uart_close_fd
 .text          0x0080f534      0x3fc ../final_work_bsp\libhal_bsp.a(altera_avalon_uart_init.o)
                0x0080f534                altera_avalon_uart_init
                0x0080f8d0                altera_avalon_uart_close
 .text          0x0080f930      0x290 ../final_work_bsp\libhal_bsp.a(altera_avalon_uart_read.o)
                0x0080f930                altera_avalon_uart_read
 .text          0x0080fbc0      0x228 ../final_work_bsp\libhal_bsp.a(altera_avalon_uart_write.o)
                0x0080fbc0                altera_avalon_uart_write
 .text          0x0080fde8      0x700 ../final_work_bsp\libhal_bsp.a(altera_up_avalon_ps2.o)
                0x0080fde8                read_RI_bit
                0x0080fe1c                read_RE_bit
                0x0080fe4c                read_CE_bit
                0x0080fe80                read_num_bytes_available
                0x0080feb4                read_data_valid
                0x0080fee8                read_data_byte
                0x0080ff14                alt_up_ps2_init
                0x0080ffe0                alt_up_ps2_enable_read_interrupt
                0x00810034                alt_up_ps2_disable_read_interrupt
                0x0081008c                alt_up_ps2_write_data_byte
                0x00810104                alt_up_ps2_wait_for_ack
                0x00810174                alt_up_ps2_write_data_byte_with_ack
                0x008101e0                alt_up_ps2_read_data_byte_timeout
                0x00810290                alt_up_ps2_read_data_byte
                0x0081030c                alt_up_ps2_clear_fifo
                0x00810364                alt_up_ps2_read_fd
                0x00810400                alt_up_ps2_write_fd
                0x008104a8                alt_up_ps2_open_dev
 .text          0x008104e8      0x304 ../final_work_bsp\libhal_bsp.a(altera_up_avalon_video_character_buffer_with_dma.o)
                0x008104e8                alt_up_char_buffer_init
                0x0081056c                alt_up_char_buffer_open_dev
                0x008105ac                alt_up_char_buffer_draw
                0x0081067c                alt_up_char_buffer_string
                0x00810790                alt_up_char_buffer_clear
 .text          0x008107ec      0x5e0 ../final_work_bsp\libhal_bsp.a(altera_up_ps2_keyboard.o)
                0x008107ec                get_multi_byte_make_code_index
                0x00810864                get_single_byte_make_code_index
                0x008108dc                get_next_state
                0x00810b38                decode_scancode
                0x00810be4                set_keyboard_rate
                0x00810c44                translate_make_code
                0x00810d4c                reset_keyboard
 .text          0x00810dcc      0x154 ../final_work_bsp\libhal_bsp.a(alt_alarm_start.o)
                0x00810dcc                alt_alarm_start
 .text          0x00810f20      0x14c ../final_work_bsp\libhal_bsp.a(alt_busy_sleep.o)
                0x00810f20                alt_busy_sleep
 .text          0x0081106c       0x78 ../final_work_bsp\libhal_bsp.a(alt_dcache_flush.o)
                0x0081106c                alt_dcache_flush
 .text          0x008110e4       0x44 ../final_work_bsp\libhal_bsp.a(alt_dcache_flush_all.o)
                0x008110e4                alt_dcache_flush_all
 .text          0x00811128      0x114 ../final_work_bsp\libhal_bsp.a(alt_dev_llist_insert.o)
                0x00811128                alt_dev_llist_insert
 .text          0x0081123c       0x64 ../final_work_bsp\libhal_bsp.a(alt_do_ctors.o)
                0x0081123c                _do_ctors
 .text          0x008112a0       0x64 ../final_work_bsp\libhal_bsp.a(alt_do_dtors.o)
                0x008112a0                _do_dtors
 .text          0x00811304       0x94 ../final_work_bsp\libhal_bsp.a(alt_find_dev.o)
                0x00811304                alt_find_dev
 .text          0x00811398       0xd0 ../final_work_bsp\libhal_bsp.a(alt_flash_dev.o)
                0x00811398                alt_flash_open_dev
                0x00811414                alt_flash_close_dev
 .text          0x00811468       0x30 ../final_work_bsp\libhal_bsp.a(alt_icache_flush_all.o)
                0x00811468                alt_icache_flush_all
 .text          0x00811498      0x13c ../final_work_bsp\libhal_bsp.a(alt_io_redirect.o)
                0x0081155c                alt_io_redirect
 .text          0x008115d4      0x1c0 ../final_work_bsp\libhal_bsp.a(alt_irq_register.o)
                0x008115d4                alt_irq_register
 .text          0x00811794        0x0 ../final_work_bsp\libhal_bsp.a(alt_irq_vars.o)
 .text          0x00811794      0x2c4 ../final_work_bsp\libhal_bsp.a(alt_open.o)
                0x00811870                open
 .text          0x00811a58       0x20 ../final_work_bsp\libhal_bsp.a(altera_nios2_irq.o)
                0x00811a58                altera_nios2_irq_init
 .text          0x00811a78      0x460 ../final_work_bsp\libhal_bsp.a(altera_avalon_cfi_flash_amd.o)
                0x00811a78                alt_program_amd
                0x00811ae0                alt_erase_block_amd
 .text          0x00811ed8      0x460 ../final_work_bsp\libhal_bsp.a(altera_avalon_cfi_flash_intel.o)
                0x00811ed8                alt_program_intel
                0x00811f5c                alt_erase_block_intel
 .text          0x00812338      0x120 ../final_work_bsp\libhal_bsp.a(alt_find_file.o)
                0x00812338                alt_find_file
 .text          0x00812458       0xb8 ../final_work_bsp\libhal_bsp.a(alt_get_fd.o)
                0x00812458                alt_get_fd
 .text          0x00812510       0x90 ../final_work_bsp\libhal_bsp.a(alt_icache_flush.o)
                0x00812510                alt_icache_flush
 .text          0x008125a0        0x0 ../final_work_bsp\libhal_bsp.a(alt_irq_entry.o)
 .text          0x008125a0        0x0 ../final_work_bsp\libhal_bsp.a(alt_irq_handler.o)
 .text          0x008125a0        0x0 ../final_work_bsp\libhal_bsp.a(alt_exception_entry.o)
 .text          0x008125a0       0x14 c:/altera/10.1/nios2eds/bin/gnu/h-i686-mingw32/bin/../lib/gcc/nios2-elf/4.1.2/../../../../nios2-elf/lib\libc.a(lib_a-atexit.o)
                0x008125a0                atexit
 .text          0x008125b4       0x38 c:/altera/10.1/nios2eds/bin/gnu/h-i686-mingw32/bin/../lib/gcc/nios2-elf/4.1.2/../../../../nios2-elf/lib\libc.a(lib_a-exit.o)
                0x008125b4                exit
 .text          0x008125ec       0x74 c:/altera/10.1/nios2eds/bin/gnu/h-i686-mingw32/bin/../lib/gcc/nios2-elf/4.1.2/../../../../nios2-elf/lib\libc.a(lib_a-memcmp.o)
                0x008125ec                memcmp
 .text          0x00812660       0x8c c:/altera/10.1/nios2eds/bin/gnu/h-i686-mingw32/bin/../lib/gcc/nios2-elf/4.1.2/../../../../nios2-elf/lib\libc.a(lib_a-strcpy.o)
                0x00812660                strcpy
 .text          0x008126ec      0x134 c:/altera/10.1/nios2eds/bin/gnu/h-i686-mingw32/bin/../lib/gcc/nios2-elf/4.1.2/../../../../nios2-elf/lib\libc.a(lib_a-__atexit.o)
                0x008126ec                __register_exitproc
 .text          0x00812820      0x1b4 c:/altera/10.1/nios2eds/bin/gnu/h-i686-mingw32/bin/../lib/gcc/nios2-elf/4.1.2/../../../../nios2-elf/lib\libc.a(lib_a-__call_atexit.o)
                0x00812824                __call_exitprocs
 .text          0x008129d4       0x60 ../final_work_bsp\libhal_bsp.a(alt_exit.o)
                0x00812a14                _exit
 *(.gnu.warning.*)
 *(.fini)
                0x00812a34                PROVIDE (__etext, ABSOLUTE (.))
                0x00812a34                PROVIDE (_etext, ABSOLUTE (.))
                0x00812a34                PROVIDE (etext, ABSOLUTE (.))
 *(.eh_frame_hdr)
                0x00812a34                . = ALIGN (0x4)
                0x00812a34                PROVIDE (__preinit_array_start, ABSOLUTE (.))
 *(.preinit_array)
                0x00812a34                PROVIDE (__preinit_array_end, ABSOLUTE (.))
                0x00812a34                PROVIDE (__init_array_start, ABSOLUTE (.))
 *(.init_array)
                0x00812a34                PROVIDE (__init_array_end, ABSOLUTE (.))
                0x00812a34                PROVIDE (__fini_array_start, ABSOLUTE (.))
 *(.fini_array)
                0x00812a34                PROVIDE (__fini_array_end, ABSOLUTE (.))
 *(.eh_frame)
 .eh_frame      0x00812a34       0x40 c:/altera/10.1/nios2eds/bin/gnu/h-i686-mingw32/bin/../lib/gcc/nios2-elf/4.1.2\libgcc.a(_udivdi3.o)
 .eh_frame      0x00812a74       0x2c c:/altera/10.1/nios2eds/bin/gnu/h-i686-mingw32/bin/../lib/gcc/nios2-elf/4.1.2\libgcc.a(_umoddi3.o)
                                 0x40 (size before relaxing)
 *(.gcc_except_table)
 *(.dynamic)
                0x00812aa0                PROVIDE (__CTOR_LIST__, ABSOLUTE (.))
 *(.ctors)
 *(SORT(.ctors.*))
 .ctors.65535   0x00812aa0        0x4 c:/altera/10.1/nios2eds/bin/gnu/h-i686-mingw32/bin/../lib/gcc/nios2-elf/4.1.2/../../../../nios2-elf/lib\libc.a(lib_a-__call_atexit.o)
                0x00812aa4                PROVIDE (__CTOR_END__, ABSOLUTE (.))
                0x00812aa4                PROVIDE (__DTOR_LIST__, ABSOLUTE (.))
 *(.dtors)
 *(SORT(.dtors.*))
                0x00812aa4                PROVIDE (__DTOR_END__, ABSOLUTE (.))
 *(.jcr)
                0x00812aa4                . = ALIGN (0x4)

.rodata         0x00812aa4      0x6b0
                0x00812aa4                PROVIDE (__ram_rodata_start, ABSOLUTE (.))
                0x00812aa4                . = ALIGN (0x4)
 *(.rodata .rodata.* .gnu.linkonce.r.*)
 .rodata        0x00812aa4       0x9c obj/final.o
 .rodata        0x00812b40       0x14 c:/altera/10.1/nios2eds/bin/gnu/h-i686-mingw32/bin/../lib/gcc/nios2-elf/4.1.2\libgcc.a(_thenan_df.o)
                0x00812b40                __thenan_df
 .rodata        0x00812b54      0x100 c:/altera/10.1/nios2eds/bin/gnu/h-i686-mingw32/bin/../lib/gcc/nios2-elf/4.1.2\libgcc.a(_clz.o)
                0x00812b54                __clz_tab
 .rodata.str1.4
                0x00812c54       0x5e c:/altera/10.1/nios2eds/bin/gnu/h-i686-mingw32/bin/../lib/gcc/nios2-elf/4.1.2/../../../../nios2-elf/lib\libc.a(lib_a-vfprintf.o)
                                 0x60 (size before relaxing)
 .rodata        0x00812cb2       0x20 c:/altera/10.1/nios2eds/bin/gnu/h-i686-mingw32/bin/../lib/gcc/nios2-elf/4.1.2/../../../../nios2-elf/lib\libc.a(lib_a-vfprintf.o)
 *fill*         0x00812cd2        0x2 00
 .rodata.str1.4
                0x00812cd4       0x10 c:/altera/10.1/nios2eds/bin/gnu/h-i686-mingw32/bin/../lib/gcc/nios2-elf/4.1.2/../../../../nios2-elf/lib\libc.a(lib_a-dtoa.o)
                                 0x14 (size before relaxing)
 .rodata.str1.4
                0x00812ce4        0x2 c:/altera/10.1/nios2eds/bin/gnu/h-i686-mingw32/bin/../lib/gcc/nios2-elf/4.1.2/../../../../nios2-elf/lib\libc.a(lib_a-impure.o)
                                  0x4 (size before relaxing)
 *fill*         0x00812ce6        0x2 00
 .rodata.str1.4
                0x00812ce8       0x10 c:/altera/10.1/nios2eds/bin/gnu/h-i686-mingw32/bin/../lib/gcc/nios2-elf/4.1.2/../../../../nios2-elf/lib\libc.a(lib_a-locale.o)
                                 0x18 (size before relaxing)
 .rodata        0x00812cf8       0x30 c:/altera/10.1/nios2eds/bin/gnu/h-i686-mingw32/bin/../lib/gcc/nios2-elf/4.1.2/../../../../nios2-elf/lib\libc.a(lib_a-locale.o)
 .rodata        0x00812d28      0x124 c:/altera/10.1/nios2eds/bin/gnu/h-i686-mingw32/bin/../lib/gcc/nios2-elf/4.1.2/../../../../nios2-elf/lib\libc.a(lib_a-mprec.o)
                0x00812d28                __mprec_tens
                0x00812df0                __mprec_bigtens
                0x00812e18                __mprec_tinytens
 .rodata        0x00812e4c        0xc ../final_work_bsp\libhal_bsp.a(alt_dev.o)
 .rodata        0x00812e58       0x10 ../final_work_bsp\libhal_bsp.a(alt_main.o)
 .rodata        0x00812e68       0x94 ../final_work_bsp\libhal_bsp.a(alt_sys_init.o)
 .rodata        0x00812efc       0x1c ../final_work_bsp\libhal_bsp.a(altera_up_avalon_video_character_buffer_with_dma.o)
 .rodata        0x00812f18      0x23c ../final_work_bsp\libhal_bsp.a(altera_up_ps2_keyboard.o)
 *(.rodata1)
                0x00813154                . = ALIGN (0x4)
                0x00813154                PROVIDE (__ram_rodata_end, ABSOLUTE (.))
                0x00812aa4                PROVIDE (__flash_rodata_start, LOADADDR (.rodata))

.rwdata         0x00813154     0x1fb4 load address 0x00815108
                0x00813154                PROVIDE (__ram_rwdata_start, ABSOLUTE (.))
                0x00813154                . = ALIGN (0x4)
 *(.got.plt)
 *(.got)
 *(.data1)
 *(.data .data.* .gnu.linkonce.d.*)
 .data          0x00813154        0x0 ../final_work_bsp/obj/HAL/src/crt0.o
 .data          0x00813154        0x0 obj/final.o
 .data          0x00813154        0x0 c:/altera/10.1/nios2eds/bin/gnu/h-i686-mingw32/bin/../lib/gcc/nios2-elf/4.1.2\libgcc.a(_gt_sf.o)
 .data          0x00813154        0x0 c:/altera/10.1/nios2eds/bin/gnu/h-i686-mingw32/bin/../lib/gcc/nios2-elf/4.1.2\libgcc.a(_lt_sf.o)
 .data          0x00813154        0x0 c:/altera/10.1/nios2eds/bin/gnu/h-i686-mingw32/bin/../lib/gcc/nios2-elf/4.1.2\libgcc.a(_sf_to_df.o)
 .data          0x00813154        0x0 c:/altera/10.1/nios2eds/bin/gnu/h-i686-mingw32/bin/../lib/gcc/nios2-elf/4.1.2\libgcc.a(_div_df.o)
 .data          0x00813154        0x0 c:/altera/10.1/nios2eds/bin/gnu/h-i686-mingw32/bin/../lib/gcc/nios2-elf/4.1.2\libgcc.a(_gt_df.o)
 .data          0x00813154        0x0 c:/altera/10.1/nios2eds/bin/gnu/h-i686-mingw32/bin/../lib/gcc/nios2-elf/4.1.2\libgcc.a(_lt_df.o)
 .data          0x00813154        0x0 c:/altera/10.1/nios2eds/bin/gnu/h-i686-mingw32/bin/../lib/gcc/nios2-elf/4.1.2\libgcc.a(_si_to_df.o)
 .data          0x00813154        0x0 c:/altera/10.1/nios2eds/bin/gnu/h-i686-mingw32/bin/../lib/gcc/nios2-elf/4.1.2\libgcc.a(_make_df.o)
 .data          0x00813154        0x0 c:/altera/10.1/nios2eds/bin/gnu/h-i686-mingw32/bin/../lib/gcc/nios2-elf/4.1.2\libgcc.a(_df_to_sf.o)
 .data          0x00813154        0x0 c:/altera/10.1/nios2eds/bin/gnu/h-i686-mingw32/bin/../lib/gcc/nios2-elf/4.1.2\libgcc.a(_thenan_df.o)
 .data          0x00813154        0x0 c:/altera/10.1/nios2eds/bin/gnu/h-i686-mingw32/bin/../lib/gcc/nios2-elf/4.1.2\libgcc.a(lib2-divmod.o)
 .data          0x00813154        0x0 c:/altera/10.1/nios2eds/bin/gnu/h-i686-mingw32/bin/../lib/gcc/nios2-elf/4.1.2\libgcc.a(_clzsi2.o)
 .data          0x00813154        0x0 c:/altera/10.1/nios2eds/bin/gnu/h-i686-mingw32/bin/../lib/gcc/nios2-elf/4.1.2\libgcc.a(_unpack_sf.o)
 .data          0x00813154        0x0 c:/altera/10.1/nios2eds/bin/gnu/h-i686-mingw32/bin/../lib/gcc/nios2-elf/4.1.2\libgcc.a(_fpcmp_parts_sf.o)
 .data          0x00813154        0x0 c:/altera/10.1/nios2eds/bin/gnu/h-i686-mingw32/bin/../lib/gcc/nios2-elf/4.1.2\libgcc.a(_make_sf.o)
 .data          0x00813154        0x0 c:/altera/10.1/nios2eds/bin/gnu/h-i686-mingw32/bin/../lib/gcc/nios2-elf/4.1.2\libgcc.a(_pack_df.o)
 .data          0x00813154        0x0 c:/altera/10.1/nios2eds/bin/gnu/h-i686-mingw32/bin/../lib/gcc/nios2-elf/4.1.2\libgcc.a(_unpack_df.o)
 .data          0x00813154        0x0 c:/altera/10.1/nios2eds/bin/gnu/h-i686-mingw32/bin/../lib/gcc/nios2-elf/4.1.2\libgcc.a(_fpcmp_parts_df.o)
 .data          0x00813154        0x0 c:/altera/10.1/nios2eds/bin/gnu/h-i686-mingw32/bin/../lib/gcc/nios2-elf/4.1.2\libgcc.a(_clz.o)
 .data          0x00813154        0x0 c:/altera/10.1/nios2eds/bin/gnu/h-i686-mingw32/bin/../lib/gcc/nios2-elf/4.1.2\libgcc.a(_pack_sf.o)
 .data          0x00813154        0x0 c:/altera/10.1/nios2eds/bin/gnu/h-i686-mingw32/bin/../lib/gcc/nios2-elf/4.1.2/../../../../nios2-elf/lib\libc.a(lib_a-printf.o)
 .data          0x00813154        0x0 c:/altera/10.1/nios2eds/bin/gnu/h-i686-mingw32/bin/../lib/gcc/nios2-elf/4.1.2/../../../../nios2-elf/lib\libc.a(lib_a-putchar.o)
 .data          0x00813154        0x0 c:/altera/10.1/nios2eds/bin/gnu/h-i686-mingw32/bin/../lib/gcc/nios2-elf/4.1.2/../../../../nios2-elf/lib\libc.a(lib_a-rand.o)
 .data          0x00813154        0x0 c:/altera/10.1/nios2eds/bin/gnu/h-i686-mingw32/bin/../lib/gcc/nios2-elf/4.1.2/../../../../nios2-elf/lib\libc.a(lib_a-time.o)
 .data          0x00813154        0x0 c:/altera/10.1/nios2eds/bin/gnu/h-i686-mingw32/bin/../lib/gcc/nios2-elf/4.1.2/../../../../nios2-elf/lib\libc.a(lib_a-vfprintf.o)
 .data          0x00813154        0x0 c:/altera/10.1/nios2eds/bin/gnu/h-i686-mingw32/bin/../lib/gcc/nios2-elf/4.1.2/../../../../nios2-elf/lib\libc.a(lib_a-wsetup.o)
 .data          0x00813154        0x0 c:/altera/10.1/nios2eds/bin/gnu/h-i686-mingw32/bin/../lib/gcc/nios2-elf/4.1.2/../../../../nios2-elf/lib\libc.a(lib_a-dtoa.o)
 .data          0x00813154        0x0 c:/altera/10.1/nios2eds/bin/gnu/h-i686-mingw32/bin/../lib/gcc/nios2-elf/4.1.2/../../../../nios2-elf/lib\libc.a(lib_a-fflush.o)
 .data          0x00813154        0x0 c:/altera/10.1/nios2eds/bin/gnu/h-i686-mingw32/bin/../lib/gcc/nios2-elf/4.1.2/../../../../nios2-elf/lib\libc.a(lib_a-findfp.o)
 .data          0x00813154        0x0 c:/altera/10.1/nios2eds/bin/gnu/h-i686-mingw32/bin/../lib/gcc/nios2-elf/4.1.2/../../../../nios2-elf/lib\libc.a(lib_a-freer.o)
 .data          0x00813154        0x0 c:/altera/10.1/nios2eds/bin/gnu/h-i686-mingw32/bin/../lib/gcc/nios2-elf/4.1.2/../../../../nios2-elf/lib\libc.a(lib_a-fvwrite.o)
 .data          0x00813154        0x0 c:/altera/10.1/nios2eds/bin/gnu/h-i686-mingw32/bin/../lib/gcc/nios2-elf/4.1.2/../../../../nios2-elf/lib\libc.a(lib_a-fwalk.o)
 .data          0x00813154        0x0 c:/altera/10.1/nios2eds/bin/gnu/h-i686-mingw32/bin/../lib/gcc/nios2-elf/4.1.2/../../../../nios2-elf/lib\libc.a(lib_a-gettimeofdayr.o)
 .data          0x00813154      0x400 c:/altera/10.1/nios2eds/bin/gnu/h-i686-mingw32/bin/../lib/gcc/nios2-elf/4.1.2/../../../../nios2-elf/lib\libc.a(lib_a-impure.o)
 .data          0x00813554        0x0 c:/altera/10.1/nios2eds/bin/gnu/h-i686-mingw32/bin/../lib/gcc/nios2-elf/4.1.2/../../../../nios2-elf/lib\libc.a(lib_a-int_errno.o)
 .data          0x00813554        0xc c:/altera/10.1/nios2eds/bin/gnu/h-i686-mingw32/bin/../lib/gcc/nios2-elf/4.1.2/../../../../nios2-elf/lib\libc.a(lib_a-locale.o)
                0x00813554                __lc_ctype
 .data          0x00813560        0x0 c:/altera/10.1/nios2eds/bin/gnu/h-i686-mingw32/bin/../lib/gcc/nios2-elf/4.1.2/../../../../nios2-elf/lib\libc.a(lib_a-makebuf.o)
 .data          0x00813560      0x408 c:/altera/10.1/nios2eds/bin/gnu/h-i686-mingw32/bin/../lib/gcc/nios2-elf/4.1.2/../../../../nios2-elf/lib\libc.a(lib_a-mallocr.o)
                0x00813560                __malloc_av_
 .data          0x00813968        0x0 c:/altera/10.1/nios2eds/bin/gnu/h-i686-mingw32/bin/../lib/gcc/nios2-elf/4.1.2/../../../../nios2-elf/lib\libc.a(lib_a-memchr.o)
 .data          0x00813968        0x0 c:/altera/10.1/nios2eds/bin/gnu/h-i686-mingw32/bin/../lib/gcc/nios2-elf/4.1.2/../../../../nios2-elf/lib\libc.a(lib_a-memcpy.o)
 .data          0x00813968        0x0 c:/altera/10.1/nios2eds/bin/gnu/h-i686-mingw32/bin/../lib/gcc/nios2-elf/4.1.2/../../../../nios2-elf/lib\libc.a(lib_a-memmove.o)
 .data          0x00813968        0x0 c:/altera/10.1/nios2eds/bin/gnu/h-i686-mingw32/bin/../lib/gcc/nios2-elf/4.1.2/../../../../nios2-elf/lib\libc.a(lib_a-memset.o)
 .data          0x00813968        0x0 c:/altera/10.1/nios2eds/bin/gnu/h-i686-mingw32/bin/../lib/gcc/nios2-elf/4.1.2/../../../../nios2-elf/lib\libc.a(lib_a-mprec.o)
 .data          0x00813968        0x0 c:/altera/10.1/nios2eds/bin/gnu/h-i686-mingw32/bin/../lib/gcc/nios2-elf/4.1.2/../../../../nios2-elf/lib\libc.a(lib_a-putc.o)
 .data          0x00813968        0x0 c:/altera/10.1/nios2eds/bin/gnu/h-i686-mingw32/bin/../lib/gcc/nios2-elf/4.1.2/../../../../nios2-elf/lib\libc.a(lib_a-reallocr.o)
 .data          0x00813968        0x0 c:/altera/10.1/nios2eds/bin/gnu/h-i686-mingw32/bin/../lib/gcc/nios2-elf/4.1.2/../../../../nios2-elf/lib\libc.a(lib_a-s_isinfd.o)
 .data          0x00813968        0x0 c:/altera/10.1/nios2eds/bin/gnu/h-i686-mingw32/bin/../lib/gcc/nios2-elf/4.1.2/../../../../nios2-elf/lib\libc.a(lib_a-s_isnand.o)
 .data          0x00813968        0x0 c:/altera/10.1/nios2eds/bin/gnu/h-i686-mingw32/bin/../lib/gcc/nios2-elf/4.1.2/../../../../nios2-elf/lib\libc.a(lib_a-sbrkr.o)
 .data          0x00813968        0x0 c:/altera/10.1/nios2eds/bin/gnu/h-i686-mingw32/bin/../lib/gcc/nios2-elf/4.1.2/../../../../nios2-elf/lib\libc.a(lib_a-stdio.o)
 .data          0x00813968        0x0 c:/altera/10.1/nios2eds/bin/gnu/h-i686-mingw32/bin/../lib/gcc/nios2-elf/4.1.2/../../../../nios2-elf/lib\libc.a(lib_a-strcmp.o)
 .data          0x00813968        0x0 c:/altera/10.1/nios2eds/bin/gnu/h-i686-mingw32/bin/../lib/gcc/nios2-elf/4.1.2/../../../../nios2-elf/lib\libc.a(lib_a-strlen.o)
 .data          0x00813968        0x0 c:/altera/10.1/nios2eds/bin/gnu/h-i686-mingw32/bin/../lib/gcc/nios2-elf/4.1.2/../../../../nios2-elf/lib\libc.a(lib_a-wbuf.o)
 .data          0x00813968        0x0 c:/altera/10.1/nios2eds/bin/gnu/h-i686-mingw32/bin/../lib/gcc/nios2-elf/4.1.2/../../../../nios2-elf/lib\libc.a(lib_a-writer.o)
 .data          0x00813968        0x0 c:/altera/10.1/nios2eds/bin/gnu/h-i686-mingw32/bin/../lib/gcc/nios2-elf/4.1.2/../../../../nios2-elf/lib\libc.a(lib_a-callocr.o)
 .data          0x00813968        0x0 c:/altera/10.1/nios2eds/bin/gnu/h-i686-mingw32/bin/../lib/gcc/nios2-elf/4.1.2/../../../../nios2-elf/lib\libc.a(lib_a-closer.o)
 .data          0x00813968        0x0 c:/altera/10.1/nios2eds/bin/gnu/h-i686-mingw32/bin/../lib/gcc/nios2-elf/4.1.2/../../../../nios2-elf/lib\libc.a(lib_a-fclose.o)
 .data          0x00813968        0x0 c:/altera/10.1/nios2eds/bin/gnu/h-i686-mingw32/bin/../lib/gcc/nios2-elf/4.1.2/../../../../nios2-elf/lib\libc.a(lib_a-fstatr.o)
 .data          0x00813968        0x0 c:/altera/10.1/nios2eds/bin/gnu/h-i686-mingw32/bin/../lib/gcc/nios2-elf/4.1.2/../../../../nios2-elf/lib\libc.a(lib_a-isattyr.o)
 .data          0x00813968        0x0 c:/altera/10.1/nios2eds/bin/gnu/h-i686-mingw32/bin/../lib/gcc/nios2-elf/4.1.2/../../../../nios2-elf/lib\libc.a(lib_a-lseekr.o)
 .data          0x00813968        0x0 c:/altera/10.1/nios2eds/bin/gnu/h-i686-mingw32/bin/../lib/gcc/nios2-elf/4.1.2/../../../../nios2-elf/lib\libc.a(lib_a-readr.o)
 .data          0x00813968        0x0 c:/altera/10.1/nios2eds/bin/gnu/h-i686-mingw32/bin/../lib/gcc/nios2-elf/4.1.2\libgcc.a(_muldi3.o)
 .data          0x00813968        0x0 c:/altera/10.1/nios2eds/bin/gnu/h-i686-mingw32/bin/../lib/gcc/nios2-elf/4.1.2\libgcc.a(_udivdi3.o)
 .data          0x00813968        0x0 c:/altera/10.1/nios2eds/bin/gnu/h-i686-mingw32/bin/../lib/gcc/nios2-elf/4.1.2\libgcc.a(_umoddi3.o)
 .data          0x00813968        0x0 c:/altera/10.1/nios2eds/bin/gnu/h-i686-mingw32/bin/../lib/gcc/nios2-elf/4.1.2\libgcc.a(_addsub_df.o)
 .data          0x00813968        0x0 c:/altera/10.1/nios2eds/bin/gnu/h-i686-mingw32/bin/../lib/gcc/nios2-elf/4.1.2\libgcc.a(_mul_df.o)
 .data          0x00813968        0x0 c:/altera/10.1/nios2eds/bin/gnu/h-i686-mingw32/bin/../lib/gcc/nios2-elf/4.1.2\libgcc.a(_eq_df.o)
 .data          0x00813968        0x0 c:/altera/10.1/nios2eds/bin/gnu/h-i686-mingw32/bin/../lib/gcc/nios2-elf/4.1.2\libgcc.a(_ne_df.o)
 .data          0x00813968        0x0 c:/altera/10.1/nios2eds/bin/gnu/h-i686-mingw32/bin/../lib/gcc/nios2-elf/4.1.2\libgcc.a(_ge_df.o)
 .data          0x00813968        0x0 c:/altera/10.1/nios2eds/bin/gnu/h-i686-mingw32/bin/../lib/gcc/nios2-elf/4.1.2\libgcc.a(_df_to_si.o)
 .data          0x00813968        0x0 c:/altera/10.1/nios2eds/bin/gnu/h-i686-mingw32/bin/../lib/gcc/nios2-elf/4.1.2\libgcc.a(_usi_to_df.o)
 .data          0x00813968        0x0 ../final_work_bsp\libhal_bsp.a(alt_close.o)
 .data          0x00813968      0x1a8 ../final_work_bsp\libhal_bsp.a(alt_dev.o)
                0x00813968                alt_dev_null
                0x00813990                alt_fd_list
 .data          0x00813b10        0x0 ../final_work_bsp\libhal_bsp.a(alt_errno.o)
 .data          0x00813b10        0x0 ../final_work_bsp\libhal_bsp.a(alt_fstat.o)
 .data          0x00813b10        0x0 ../final_work_bsp\libhal_bsp.a(alt_gettod.o)
 .data          0x00813b10        0x0 ../final_work_bsp\libhal_bsp.a(alt_isatty.o)
 .data          0x00813b10        0x0 ../final_work_bsp\libhal_bsp.a(alt_load.o)
 .data          0x00813b10        0x0 ../final_work_bsp\libhal_bsp.a(alt_lseek.o)
 .data          0x00813b10        0x0 ../final_work_bsp\libhal_bsp.a(alt_main.o)
 .data          0x00813b10        0x0 ../final_work_bsp\libhal_bsp.a(alt_malloc_lock.o)
 .data          0x00813b10        0x0 ../final_work_bsp\libhal_bsp.a(alt_printf.o)
 .data          0x00813b10        0x0 ../final_work_bsp\libhal_bsp.a(alt_putchar.o)
 .data          0x00813b10        0x0 ../final_work_bsp\libhal_bsp.a(alt_read.o)
 .data          0x00813b10        0x0 ../final_work_bsp\libhal_bsp.a(alt_release_fd.o)
 .data          0x00813b10        0x0 ../final_work_bsp\libhal_bsp.a(alt_sbrk.o)
 .data          0x00813b10        0x0 ../final_work_bsp\libhal_bsp.a(alt_tick.o)
 .data          0x00813b10        0x0 ../final_work_bsp\libhal_bsp.a(alt_usleep.o)
 .data          0x00813b10        0x0 ../final_work_bsp\libhal_bsp.a(alt_write.o)
 .data          0x00813b10     0x12d0 ../final_work_bsp\libhal_bsp.a(alt_sys_init.o)
 .data          0x00814de0        0x0 ../final_work_bsp\libhal_bsp.a(altera_avalon_cfi_flash.o)
 .data          0x00814de0        0x0 ../final_work_bsp\libhal_bsp.a(altera_avalon_cfi_flash_table.o)
 .data          0x00814de0        0x0 ../final_work_bsp\libhal_bsp.a(altera_avalon_jtag_uart_fd.o)
 .data          0x00814de0        0x0 ../final_work_bsp\libhal_bsp.a(altera_avalon_jtag_uart_init.o)
 .data          0x00814de0        0x0 ../final_work_bsp\libhal_bsp.a(altera_avalon_jtag_uart_ioctl.o)
 .data          0x00814de0        0x0 ../final_work_bsp\libhal_bsp.a(altera_avalon_jtag_uart_read.o)
 .data          0x00814de0        0x0 ../final_work_bsp\libhal_bsp.a(altera_avalon_jtag_uart_write.o)
 .data          0x00814de0        0x0 ../final_work_bsp\libhal_bsp.a(altera_avalon_spi.o)
 .data          0x00814de0        0x0 ../final_work_bsp\libhal_bsp.a(altera_avalon_timer_sc.o)
 .data          0x00814de0        0x0 ../final_work_bsp\libhal_bsp.a(altera_avalon_uart_fd.o)
 .data          0x00814de0        0x0 ../final_work_bsp\libhal_bsp.a(altera_avalon_uart_init.o)
 .data          0x00814de0        0x0 ../final_work_bsp\libhal_bsp.a(altera_avalon_uart_read.o)
 .data          0x00814de0        0x0 ../final_work_bsp\libhal_bsp.a(altera_avalon_uart_write.o)
 .data          0x00814de0        0x0 ../final_work_bsp\libhal_bsp.a(altera_up_avalon_ps2.o)
 .data          0x00814de0        0x0 ../final_work_bsp\libhal_bsp.a(altera_up_avalon_video_character_buffer_with_dma.o)
 .data          0x00814de0      0x2cc ../final_work_bsp\libhal_bsp.a(altera_up_ps2_keyboard.o)
                0x00814de0                key_table
                0x00814f78                ascii_codes
                0x00814fde                single_byte_make_code
                0x00815044                multi_byte_make_code
 .data          0x008150ac        0x0 ../final_work_bsp\libhal_bsp.a(alt_alarm_start.o)
 .data          0x008150ac        0x0 ../final_work_bsp\libhal_bsp.a(alt_busy_sleep.o)
 .data          0x008150ac        0x0 ../final_work_bsp\libhal_bsp.a(alt_dcache_flush.o)
 .data          0x008150ac        0x0 ../final_work_bsp\libhal_bsp.a(alt_dcache_flush_all.o)
 .data          0x008150ac        0x0 ../final_work_bsp\libhal_bsp.a(alt_dev_llist_insert.o)
 .data          0x008150ac        0x0 ../final_work_bsp\libhal_bsp.a(alt_do_ctors.o)
 .data          0x008150ac        0x0 ../final_work_bsp\libhal_bsp.a(alt_do_dtors.o)
 .data          0x008150ac        0x0 ../final_work_bsp\libhal_bsp.a(alt_find_dev.o)
 .data          0x008150ac        0x0 ../final_work_bsp\libhal_bsp.a(alt_flash_dev.o)
 .data          0x008150ac        0x0 ../final_work_bsp\libhal_bsp.a(alt_icache_flush_all.o)
 .data          0x008150ac        0x0 ../final_work_bsp\libhal_bsp.a(alt_io_redirect.o)
 .data          0x008150ac        0x0 ../final_work_bsp\libhal_bsp.a(alt_irq_register.o)
 .data          0x008150ac        0x0 ../final_work_bsp\libhal_bsp.a(alt_irq_vars.o)
 .data          0x008150ac        0x0 ../final_work_bsp\libhal_bsp.a(alt_open.o)
 .data          0x008150ac        0x0 ../final_work_bsp\libhal_bsp.a(altera_nios2_irq.o)
 .data          0x008150ac        0x0 ../final_work_bsp\libhal_bsp.a(altera_avalon_cfi_flash_amd.o)
 .data          0x008150ac        0x0 ../final_work_bsp\libhal_bsp.a(altera_avalon_cfi_flash_intel.o)
 .data          0x008150ac        0x0 ../final_work_bsp\libhal_bsp.a(alt_find_file.o)
 .data          0x008150ac        0x0 ../final_work_bsp\libhal_bsp.a(alt_get_fd.o)
 .data          0x008150ac        0x0 ../final_work_bsp\libhal_bsp.a(alt_icache_flush.o)
 .data          0x008150ac        0x0 ../final_work_bsp\libhal_bsp.a(alt_irq_entry.o)
 .data          0x008150ac        0x0 ../final_work_bsp\libhal_bsp.a(alt_irq_handler.o)
 .data          0x008150ac        0x0 ../final_work_bsp\libhal_bsp.a(alt_exception_entry.o)
 .data          0x008150ac        0x0 c:/altera/10.1/nios2eds/bin/gnu/h-i686-mingw32/bin/../lib/gcc/nios2-elf/4.1.2/../../../../nios2-elf/lib\libc.a(lib_a-atexit.o)
 .data          0x008150ac        0x0 c:/altera/10.1/nios2eds/bin/gnu/h-i686-mingw32/bin/../lib/gcc/nios2-elf/4.1.2/../../../../nios2-elf/lib\libc.a(lib_a-exit.o)
 .data          0x008150ac        0x0 c:/altera/10.1/nios2eds/bin/gnu/h-i686-mingw32/bin/../lib/gcc/nios2-elf/4.1.2/../../../../nios2-elf/lib\libc.a(lib_a-memcmp.o)
 .data          0x008150ac        0x0 c:/altera/10.1/nios2eds/bin/gnu/h-i686-mingw32/bin/../lib/gcc/nios2-elf/4.1.2/../../../../nios2-elf/lib\libc.a(lib_a-strcpy.o)
 .data          0x008150ac        0x0 c:/altera/10.1/nios2eds/bin/gnu/h-i686-mingw32/bin/../lib/gcc/nios2-elf/4.1.2/../../../../nios2-elf/lib\libc.a(lib_a-__atexit.o)
 .data          0x008150ac        0x0 c:/altera/10.1/nios2eds/bin/gnu/h-i686-mingw32/bin/../lib/gcc/nios2-elf/4.1.2/../../../../nios2-elf/lib\libc.a(lib_a-__call_atexit.o)
 .data          0x008150ac        0x0 ../final_work_bsp\libhal_bsp.a(alt_exit.o)
                0x0081d0ac                _gp = ABSOLUTE ((. + 0x8000))
                0x0081d0ac                PROVIDE (gp, _gp)
 *(.sdata .sdata.* .gnu.linkonce.s.*)
 .sdata         0x008150ac       0x14 obj/final.o
                0x008150ac                W
                0x008150b0                H
                0x008150b4                direct
                0x008150b8                food
 .sdata         0x008150c0        0x8 c:/altera/10.1/nios2eds/bin/gnu/h-i686-mingw32/bin/../lib/gcc/nios2-elf/4.1.2/../../../../nios2-elf/lib\libc.a(lib_a-impure.o)
                0x008150c0                _impure_ptr
                0x008150c4                _global_impure_ptr
 .sdata         0x008150c8        0x8 c:/altera/10.1/nios2eds/bin/gnu/h-i686-mingw32/bin/../lib/gcc/nios2-elf/4.1.2/../../../../nios2-elf/lib\libc.a(lib_a-locale.o)
                0x008150c8                __mb_cur_max
 .sdata         0x008150d0        0x8 c:/altera/10.1/nios2eds/bin/gnu/h-i686-mingw32/bin/../lib/gcc/nios2-elf/4.1.2/../../../../nios2-elf/lib\libc.a(lib_a-mallocr.o)
                0x008150d0                __malloc_trim_threshold
                0x008150d4                __malloc_sbrk_base
 .sdata         0x008150d8       0x14 ../final_work_bsp\libhal_bsp.a(alt_dev.o)
                0x008150d8                alt_fs_list
                0x008150e0                alt_dev_list
                0x008150e8                alt_max_fd
 .sdata         0x008150ec        0x4 ../final_work_bsp\libhal_bsp.a(alt_errno.o)
                0x008150ec                alt_errno
 .sdata         0x008150f0        0x4 ../final_work_bsp\libhal_bsp.a(alt_sbrk.o)
 .sdata         0x008150f4        0x8 ../final_work_bsp\libhal_bsp.a(alt_tick.o)
                0x008150f4                alt_alarm_list
 .sdata         0x008150fc        0x8 ../final_work_bsp\libhal_bsp.a(alt_flash_dev.o)
                0x008150fc                alt_flash_dev_list
 .sdata         0x00815104        0x4 ../final_work_bsp\libhal_bsp.a(alt_irq_vars.o)
                0x00815104                alt_priority_mask
 *(.sdata2 .sdata2.* .gnu.linkonce.s2.*)
                0x00815108                . = ALIGN (0x4)
                0x00815108                _edata = ABSOLUTE (.)
                0x00815108                PROVIDE (edata, ABSOLUTE (.))
                0x00815108                PROVIDE (__ram_rwdata_end, ABSOLUTE (.))
                0x00815108                PROVIDE (__flash_rwdata_start, LOADADDR (.rwdata))

.bss            0x008170bc     0x1a48
                0x008170bc                __bss_start = ABSOLUTE (.)
                0x008170bc                PROVIDE (__sbss_start, ABSOLUTE (.))
                0x008170bc                PROVIDE (___sbss_start, ABSOLUTE (.))
 *(.dynsbss)
 *(.sbss .sbss.* .gnu.linkonce.sb.*)
 .sbss          0x008170bc       0x10 obj/final.o
                0x008170bc                key
                0x008170c0                num
                0x008170c4                btime
 .sbss          0x008170cc        0x4 obj/final.o
                0x008170cc                head
 .sbss          0x008170d0        0x4 c:/altera/10.1/nios2eds/bin/gnu/h-i686-mingw32/bin/../lib/gcc/nios2-elf/4.1.2/../../../../nios2-elf/lib\libc.a(lib_a-int_errno.o)
                0x008170d0                errno
 .sbss          0x008170d4        0xc c:/altera/10.1/nios2eds/bin/gnu/h-i686-mingw32/bin/../lib/gcc/nios2-elf/4.1.2/../../../../nios2-elf/lib\libc.a(lib_a-locale.o)
                0x008170d4                __nlocale_changed
                0x008170d8                __mlocale_changed
                0x008170dc                _PathLocale
 .sbss          0x008170e0        0xc c:/altera/10.1/nios2eds/bin/gnu/h-i686-mingw32/bin/../lib/gcc/nios2-elf/4.1.2/../../../../nios2-elf/lib\libc.a(lib_a-mallocr.o)
                0x008170e0                __malloc_top_pad
                0x008170e4                __malloc_max_sbrked_mem
                0x008170e8                __malloc_max_total_mem
 .sbss          0x008170ec       0x10 ../final_work_bsp\libhal_bsp.a(alt_gettod.o)
                0x008170ec                alt_timezone
                0x008170f4                alt_resettime
 .sbss          0x008170fc        0xc ../final_work_bsp\libhal_bsp.a(alt_main.o)
                0x008170fc                alt_argc
                0x00817100                alt_argv
                0x00817104                alt_envp
 .sbss          0x00817108        0x8 ../final_work_bsp\libhal_bsp.a(alt_tick.o)
                0x00817108                _alt_tick_rate
                0x0081710c                _alt_nticks
 .sbss          0x00817110        0x4 ../final_work_bsp\libhal_bsp.a(alt_irq_vars.o)
                0x00817110                alt_irq_active
 *(.sbss2 .sbss2.* .gnu.linkonce.sb2.*)
 *(.scommon)
                0x00817114                PROVIDE (__sbss_end, ABSOLUTE (.))
                0x00817114                PROVIDE (___sbss_end, ABSOLUTE (.))
 *(.dynbss)
 *(.bss .bss.* .gnu.linkonce.b.*)
 .bss           0x00817114        0x0 ../final_work_bsp/obj/HAL/src/crt0.o
 .bss           0x00817114        0x0 obj/final.o
 .bss           0x00817114        0x0 c:/altera/10.1/nios2eds/bin/gnu/h-i686-mingw32/bin/../lib/gcc/nios2-elf/4.1.2\libgcc.a(_gt_sf.o)
 .bss           0x00817114        0x0 c:/altera/10.1/nios2eds/bin/gnu/h-i686-mingw32/bin/../lib/gcc/nios2-elf/4.1.2\libgcc.a(_lt_sf.o)
 .bss           0x00817114        0x0 c:/altera/10.1/nios2eds/bin/gnu/h-i686-mingw32/bin/../lib/gcc/nios2-elf/4.1.2\libgcc.a(_sf_to_df.o)
 .bss           0x00817114        0x0 c:/altera/10.1/nios2eds/bin/gnu/h-i686-mingw32/bin/../lib/gcc/nios2-elf/4.1.2\libgcc.a(_div_df.o)
 .bss           0x00817114        0x0 c:/altera/10.1/nios2eds/bin/gnu/h-i686-mingw32/bin/../lib/gcc/nios2-elf/4.1.2\libgcc.a(_gt_df.o)
 .bss           0x00817114        0x0 c:/altera/10.1/nios2eds/bin/gnu/h-i686-mingw32/bin/../lib/gcc/nios2-elf/4.1.2\libgcc.a(_lt_df.o)
 .bss           0x00817114        0x0 c:/altera/10.1/nios2eds/bin/gnu/h-i686-mingw32/bin/../lib/gcc/nios2-elf/4.1.2\libgcc.a(_si_to_df.o)
 .bss           0x00817114        0x0 c:/altera/10.1/nios2eds/bin/gnu/h-i686-mingw32/bin/../lib/gcc/nios2-elf/4.1.2\libgcc.a(_make_df.o)
 .bss           0x00817114        0x0 c:/altera/10.1/nios2eds/bin/gnu/h-i686-mingw32/bin/../lib/gcc/nios2-elf/4.1.2\libgcc.a(_df_to_sf.o)
 .bss           0x00817114        0x0 c:/altera/10.1/nios2eds/bin/gnu/h-i686-mingw32/bin/../lib/gcc/nios2-elf/4.1.2\libgcc.a(_thenan_df.o)
 .bss           0x00817114        0x0 c:/altera/10.1/nios2eds/bin/gnu/h-i686-mingw32/bin/../lib/gcc/nios2-elf/4.1.2\libgcc.a(lib2-divmod.o)
 .bss           0x00817114        0x0 c:/altera/10.1/nios2eds/bin/gnu/h-i686-mingw32/bin/../lib/gcc/nios2-elf/4.1.2\libgcc.a(_clzsi2.o)
 .bss           0x00817114        0x0 c:/altera/10.1/nios2eds/bin/gnu/h-i686-mingw32/bin/../lib/gcc/nios2-elf/4.1.2\libgcc.a(_unpack_sf.o)
 .bss           0x00817114        0x0 c:/altera/10.1/nios2eds/bin/gnu/h-i686-mingw32/bin/../lib/gcc/nios2-elf/4.1.2\libgcc.a(_fpcmp_parts_sf.o)
 .bss           0x00817114        0x0 c:/altera/10.1/nios2eds/bin/gnu/h-i686-mingw32/bin/../lib/gcc/nios2-elf/4.1.2\libgcc.a(_make_sf.o)
 .bss           0x00817114        0x0 c:/altera/10.1/nios2eds/bin/gnu/h-i686-mingw32/bin/../lib/gcc/nios2-elf/4.1.2\libgcc.a(_pack_df.o)
 .bss           0x00817114        0x0 c:/altera/10.1/nios2eds/bin/gnu/h-i686-mingw32/bin/../lib/gcc/nios2-elf/4.1.2\libgcc.a(_unpack_df.o)
 .bss           0x00817114        0x0 c:/altera/10.1/nios2eds/bin/gnu/h-i686-mingw32/bin/../lib/gcc/nios2-elf/4.1.2\libgcc.a(_fpcmp_parts_df.o)
 .bss           0x00817114        0x0 c:/altera/10.1/nios2eds/bin/gnu/h-i686-mingw32/bin/../lib/gcc/nios2-elf/4.1.2\libgcc.a(_clz.o)
 .bss           0x00817114        0x0 c:/altera/10.1/nios2eds/bin/gnu/h-i686-mingw32/bin/../lib/gcc/nios2-elf/4.1.2\libgcc.a(_pack_sf.o)
 .bss           0x00817114        0x0 c:/altera/10.1/nios2eds/bin/gnu/h-i686-mingw32/bin/../lib/gcc/nios2-elf/4.1.2/../../../../nios2-elf/lib\libc.a(lib_a-printf.o)
 .bss           0x00817114        0x0 c:/altera/10.1/nios2eds/bin/gnu/h-i686-mingw32/bin/../lib/gcc/nios2-elf/4.1.2/../../../../nios2-elf/lib\libc.a(lib_a-putchar.o)
 .bss           0x00817114        0x0 c:/altera/10.1/nios2eds/bin/gnu/h-i686-mingw32/bin/../lib/gcc/nios2-elf/4.1.2/../../../../nios2-elf/lib\libc.a(lib_a-rand.o)
 .bss           0x00817114        0x0 c:/altera/10.1/nios2eds/bin/gnu/h-i686-mingw32/bin/../lib/gcc/nios2-elf/4.1.2/../../../../nios2-elf/lib\libc.a(lib_a-time.o)
 .bss           0x00817114        0x0 c:/altera/10.1/nios2eds/bin/gnu/h-i686-mingw32/bin/../lib/gcc/nios2-elf/4.1.2/../../../../nios2-elf/lib\libc.a(lib_a-vfprintf.o)
 .bss           0x00817114        0x0 c:/altera/10.1/nios2eds/bin/gnu/h-i686-mingw32/bin/../lib/gcc/nios2-elf/4.1.2/../../../../nios2-elf/lib\libc.a(lib_a-wsetup.o)
 .bss           0x00817114        0x0 c:/altera/10.1/nios2eds/bin/gnu/h-i686-mingw32/bin/../lib/gcc/nios2-elf/4.1.2/../../../../nios2-elf/lib\libc.a(lib_a-dtoa.o)
 .bss           0x00817114        0x0 c:/altera/10.1/nios2eds/bin/gnu/h-i686-mingw32/bin/../lib/gcc/nios2-elf/4.1.2/../../../../nios2-elf/lib\libc.a(lib_a-fflush.o)
 .bss           0x00817114        0x0 c:/altera/10.1/nios2eds/bin/gnu/h-i686-mingw32/bin/../lib/gcc/nios2-elf/4.1.2/../../../../nios2-elf/lib\libc.a(lib_a-findfp.o)
 .bss           0x00817114        0x0 c:/altera/10.1/nios2eds/bin/gnu/h-i686-mingw32/bin/../lib/gcc/nios2-elf/4.1.2/../../../../nios2-elf/lib\libc.a(lib_a-freer.o)
 .bss           0x00817114        0x0 c:/altera/10.1/nios2eds/bin/gnu/h-i686-mingw32/bin/../lib/gcc/nios2-elf/4.1.2/../../../../nios2-elf/lib\libc.a(lib_a-fvwrite.o)
 .bss           0x00817114        0x0 c:/altera/10.1/nios2eds/bin/gnu/h-i686-mingw32/bin/../lib/gcc/nios2-elf/4.1.2/../../../../nios2-elf/lib\libc.a(lib_a-fwalk.o)
 .bss           0x00817114        0x0 c:/altera/10.1/nios2eds/bin/gnu/h-i686-mingw32/bin/../lib/gcc/nios2-elf/4.1.2/../../../../nios2-elf/lib\libc.a(lib_a-gettimeofdayr.o)
 .bss           0x00817114        0x0 c:/altera/10.1/nios2eds/bin/gnu/h-i686-mingw32/bin/../lib/gcc/nios2-elf/4.1.2/../../../../nios2-elf/lib\libc.a(lib_a-impure.o)
 .bss           0x00817114        0x0 c:/altera/10.1/nios2eds/bin/gnu/h-i686-mingw32/bin/../lib/gcc/nios2-elf/4.1.2/../../../../nios2-elf/lib\libc.a(lib_a-int_errno.o)
 .bss           0x00817114        0x0 c:/altera/10.1/nios2eds/bin/gnu/h-i686-mingw32/bin/../lib/gcc/nios2-elf/4.1.2/../../../../nios2-elf/lib\libc.a(lib_a-locale.o)
 .bss           0x00817114        0x0 c:/altera/10.1/nios2eds/bin/gnu/h-i686-mingw32/bin/../lib/gcc/nios2-elf/4.1.2/../../../../nios2-elf/lib\libc.a(lib_a-makebuf.o)
 .bss           0x00817114       0x28 c:/altera/10.1/nios2eds/bin/gnu/h-i686-mingw32/bin/../lib/gcc/nios2-elf/4.1.2/../../../../nios2-elf/lib\libc.a(lib_a-mallocr.o)
                0x00817114                __malloc_current_mallinfo
 .bss           0x0081713c        0x0 c:/altera/10.1/nios2eds/bin/gnu/h-i686-mingw32/bin/../lib/gcc/nios2-elf/4.1.2/../../../../nios2-elf/lib\libc.a(lib_a-memchr.o)
 .bss           0x0081713c        0x0 c:/altera/10.1/nios2eds/bin/gnu/h-i686-mingw32/bin/../lib/gcc/nios2-elf/4.1.2/../../../../nios2-elf/lib\libc.a(lib_a-memcpy.o)
 .bss           0x0081713c        0x0 c:/altera/10.1/nios2eds/bin/gnu/h-i686-mingw32/bin/../lib/gcc/nios2-elf/4.1.2/../../../../nios2-elf/lib\libc.a(lib_a-memmove.o)
 .bss           0x0081713c        0x0 c:/altera/10.1/nios2eds/bin/gnu/h-i686-mingw32/bin/../lib/gcc/nios2-elf/4.1.2/../../../../nios2-elf/lib\libc.a(lib_a-memset.o)
 .bss           0x0081713c        0x0 c:/altera/10.1/nios2eds/bin/gnu/h-i686-mingw32/bin/../lib/gcc/nios2-elf/4.1.2/../../../../nios2-elf/lib\libc.a(lib_a-mprec.o)
 .bss           0x0081713c        0x0 c:/altera/10.1/nios2eds/bin/gnu/h-i686-mingw32/bin/../lib/gcc/nios2-elf/4.1.2/../../../../nios2-elf/lib\libc.a(lib_a-putc.o)
 .bss           0x0081713c        0x0 c:/altera/10.1/nios2eds/bin/gnu/h-i686-mingw32/bin/../lib/gcc/nios2-elf/4.1.2/../../../../nios2-elf/lib\libc.a(lib_a-reallocr.o)
 .bss           0x0081713c        0x0 c:/altera/10.1/nios2eds/bin/gnu/h-i686-mingw32/bin/../lib/gcc/nios2-elf/4.1.2/../../../../nios2-elf/lib\libc.a(lib_a-s_isinfd.o)
 .bss           0x0081713c        0x0 c:/altera/10.1/nios2eds/bin/gnu/h-i686-mingw32/bin/../lib/gcc/nios2-elf/4.1.2/../../../../nios2-elf/lib\libc.a(lib_a-s_isnand.o)
 .bss           0x0081713c        0x0 c:/altera/10.1/nios2eds/bin/gnu/h-i686-mingw32/bin/../lib/gcc/nios2-elf/4.1.2/../../../../nios2-elf/lib\libc.a(lib_a-sbrkr.o)
 .bss           0x0081713c        0x0 c:/altera/10.1/nios2eds/bin/gnu/h-i686-mingw32/bin/../lib/gcc/nios2-elf/4.1.2/../../../../nios2-elf/lib\libc.a(lib_a-stdio.o)
 .bss           0x0081713c        0x0 c:/altera/10.1/nios2eds/bin/gnu/h-i686-mingw32/bin/../lib/gcc/nios2-elf/4.1.2/../../../../nios2-elf/lib\libc.a(lib_a-strcmp.o)
 .bss           0x0081713c        0x0 c:/altera/10.1/nios2eds/bin/gnu/h-i686-mingw32/bin/../lib/gcc/nios2-elf/4.1.2/../../../../nios2-elf/lib\libc.a(lib_a-strlen.o)
 .bss           0x0081713c        0x0 c:/altera/10.1/nios2eds/bin/gnu/h-i686-mingw32/bin/../lib/gcc/nios2-elf/4.1.2/../../../../nios2-elf/lib\libc.a(lib_a-wbuf.o)
 .bss           0x0081713c        0x0 c:/altera/10.1/nios2eds/bin/gnu/h-i686-mingw32/bin/../lib/gcc/nios2-elf/4.1.2/../../../../nios2-elf/lib\libc.a(lib_a-writer.o)
 .bss           0x0081713c        0x0 c:/altera/10.1/nios2eds/bin/gnu/h-i686-mingw32/bin/../lib/gcc/nios2-elf/4.1.2/../../../../nios2-elf/lib\libc.a(lib_a-callocr.o)
 .bss           0x0081713c        0x0 c:/altera/10.1/nios2eds/bin/gnu/h-i686-mingw32/bin/../lib/gcc/nios2-elf/4.1.2/../../../../nios2-elf/lib\libc.a(lib_a-closer.o)
 .bss           0x0081713c        0x0 c:/altera/10.1/nios2eds/bin/gnu/h-i686-mingw32/bin/../lib/gcc/nios2-elf/4.1.2/../../../../nios2-elf/lib\libc.a(lib_a-fclose.o)
 .bss           0x0081713c        0x0 c:/altera/10.1/nios2eds/bin/gnu/h-i686-mingw32/bin/../lib/gcc/nios2-elf/4.1.2/../../../../nios2-elf/lib\libc.a(lib_a-fstatr.o)
 .bss           0x0081713c        0x0 c:/altera/10.1/nios2eds/bin/gnu/h-i686-mingw32/bin/../lib/gcc/nios2-elf/4.1.2/../../../../nios2-elf/lib\libc.a(lib_a-isattyr.o)
 .bss           0x0081713c        0x0 c:/altera/10.1/nios2eds/bin/gnu/h-i686-mingw32/bin/../lib/gcc/nios2-elf/4.1.2/../../../../nios2-elf/lib\libc.a(lib_a-lseekr.o)
 .bss           0x0081713c        0x0 c:/altera/10.1/nios2eds/bin/gnu/h-i686-mingw32/bin/../lib/gcc/nios2-elf/4.1.2/../../../../nios2-elf/lib\libc.a(lib_a-readr.o)
 .bss           0x0081713c        0x0 c:/altera/10.1/nios2eds/bin/gnu/h-i686-mingw32/bin/../lib/gcc/nios2-elf/4.1.2\libgcc.a(_muldi3.o)
 .bss           0x0081713c        0x0 c:/altera/10.1/nios2eds/bin/gnu/h-i686-mingw32/bin/../lib/gcc/nios2-elf/4.1.2\libgcc.a(_udivdi3.o)
 .bss           0x0081713c        0x0 c:/altera/10.1/nios2eds/bin/gnu/h-i686-mingw32/bin/../lib/gcc/nios2-elf/4.1.2\libgcc.a(_umoddi3.o)
 .bss           0x0081713c        0x0 c:/altera/10.1/nios2eds/bin/gnu/h-i686-mingw32/bin/../lib/gcc/nios2-elf/4.1.2\libgcc.a(_addsub_df.o)
 .bss           0x0081713c        0x0 c:/altera/10.1/nios2eds/bin/gnu/h-i686-mingw32/bin/../lib/gcc/nios2-elf/4.1.2\libgcc.a(_mul_df.o)
 .bss           0x0081713c        0x0 c:/altera/10.1/nios2eds/bin/gnu/h-i686-mingw32/bin/../lib/gcc/nios2-elf/4.1.2\libgcc.a(_eq_df.o)
 .bss           0x0081713c        0x0 c:/altera/10.1/nios2eds/bin/gnu/h-i686-mingw32/bin/../lib/gcc/nios2-elf/4.1.2\libgcc.a(_ne_df.o)
 .bss           0x0081713c        0x0 c:/altera/10.1/nios2eds/bin/gnu/h-i686-mingw32/bin/../lib/gcc/nios2-elf/4.1.2\libgcc.a(_ge_df.o)
 .bss           0x0081713c        0x0 c:/altera/10.1/nios2eds/bin/gnu/h-i686-mingw32/bin/../lib/gcc/nios2-elf/4.1.2\libgcc.a(_df_to_si.o)
 .bss           0x0081713c        0x0 c:/altera/10.1/nios2eds/bin/gnu/h-i686-mingw32/bin/../lib/gcc/nios2-elf/4.1.2\libgcc.a(_usi_to_df.o)
 .bss           0x0081713c        0x0 ../final_work_bsp\libhal_bsp.a(alt_close.o)
 .bss           0x0081713c        0x0 ../final_work_bsp\libhal_bsp.a(alt_dev.o)
 .bss           0x0081713c        0x0 ../final_work_bsp\libhal_bsp.a(alt_errno.o)
 .bss           0x0081713c        0x0 ../final_work_bsp\libhal_bsp.a(alt_fstat.o)
 .bss           0x0081713c        0x0 ../final_work_bsp\libhal_bsp.a(alt_gettod.o)
 .bss           0x0081713c        0x0 ../final_work_bsp\libhal_bsp.a(alt_isatty.o)
 .bss           0x0081713c        0x0 ../final_work_bsp\libhal_bsp.a(alt_load.o)
 .bss           0x0081713c        0x0 ../final_work_bsp\libhal_bsp.a(alt_lseek.o)
 .bss           0x0081713c        0x0 ../final_work_bsp\libhal_bsp.a(alt_main.o)
 .bss           0x0081713c        0x0 ../final_work_bsp\libhal_bsp.a(alt_malloc_lock.o)
 .bss           0x0081713c        0x0 ../final_work_bsp\libhal_bsp.a(alt_printf.o)
 .bss           0x0081713c        0x0 ../final_work_bsp\libhal_bsp.a(alt_putchar.o)
 .bss           0x0081713c        0x0 ../final_work_bsp\libhal_bsp.a(alt_read.o)
 .bss           0x0081713c        0x0 ../final_work_bsp\libhal_bsp.a(alt_release_fd.o)
 .bss           0x0081713c        0x0 ../final_work_bsp\libhal_bsp.a(alt_sbrk.o)
 .bss           0x0081713c        0x0 ../final_work_bsp\libhal_bsp.a(alt_tick.o)
 .bss           0x0081713c        0x0 ../final_work_bsp\libhal_bsp.a(alt_usleep.o)
 .bss           0x0081713c        0x0 ../final_work_bsp\libhal_bsp.a(alt_write.o)
 .bss           0x0081713c        0x0 ../final_work_bsp\libhal_bsp.a(alt_sys_init.o)
 .bss           0x0081713c        0x0 ../final_work_bsp\libhal_bsp.a(altera_avalon_cfi_flash.o)
 .bss           0x0081713c        0x0 ../final_work_bsp\libhal_bsp.a(altera_avalon_cfi_flash_table.o)
 .bss           0x0081713c        0x0 ../final_work_bsp\libhal_bsp.a(altera_avalon_jtag_uart_fd.o)
 .bss           0x0081713c        0x0 ../final_work_bsp\libhal_bsp.a(altera_avalon_jtag_uart_init.o)
 .bss           0x0081713c        0x0 ../final_work_bsp\libhal_bsp.a(altera_avalon_jtag_uart_ioctl.o)
 .bss           0x0081713c        0x0 ../final_work_bsp\libhal_bsp.a(altera_avalon_jtag_uart_read.o)
 .bss           0x0081713c        0x0 ../final_work_bsp\libhal_bsp.a(altera_avalon_jtag_uart_write.o)
 .bss           0x0081713c        0x0 ../final_work_bsp\libhal_bsp.a(altera_avalon_spi.o)
 .bss           0x0081713c        0x0 ../final_work_bsp\libhal_bsp.a(altera_avalon_timer_sc.o)
 .bss           0x0081713c        0x0 ../final_work_bsp\libhal_bsp.a(altera_avalon_uart_fd.o)
 .bss           0x0081713c        0x0 ../final_work_bsp\libhal_bsp.a(altera_avalon_uart_init.o)
 .bss           0x0081713c        0x0 ../final_work_bsp\libhal_bsp.a(altera_avalon_uart_read.o)
 .bss           0x0081713c        0x0 ../final_work_bsp\libhal_bsp.a(altera_avalon_uart_write.o)
 .bss           0x0081713c        0x0 ../final_work_bsp\libhal_bsp.a(altera_up_avalon_ps2.o)
 .bss           0x0081713c        0x0 ../final_work_bsp\libhal_bsp.a(altera_up_avalon_video_character_buffer_with_dma.o)
 .bss           0x0081713c        0x0 ../final_work_bsp\libhal_bsp.a(altera_up_ps2_keyboard.o)
 .bss           0x0081713c        0x0 ../final_work_bsp\libhal_bsp.a(alt_alarm_start.o)
 .bss           0x0081713c        0x0 ../final_work_bsp\libhal_bsp.a(alt_busy_sleep.o)
 .bss           0x0081713c        0x0 ../final_work_bsp\libhal_bsp.a(alt_dcache_flush.o)
 .bss           0x0081713c        0x0 ../final_work_bsp\libhal_bsp.a(alt_dcache_flush_all.o)
 .bss           0x0081713c        0x0 ../final_work_bsp\libhal_bsp.a(alt_dev_llist_insert.o)
 .bss           0x0081713c        0x0 ../final_work_bsp\libhal_bsp.a(alt_do_ctors.o)
 .bss           0x0081713c        0x0 ../final_work_bsp\libhal_bsp.a(alt_do_dtors.o)
 .bss           0x0081713c        0x0 ../final_work_bsp\libhal_bsp.a(alt_find_dev.o)
 .bss           0x0081713c        0x0 ../final_work_bsp\libhal_bsp.a(alt_flash_dev.o)
 .bss           0x0081713c        0x0 ../final_work_bsp\libhal_bsp.a(alt_icache_flush_all.o)
 .bss           0x0081713c        0x0 ../final_work_bsp\libhal_bsp.a(alt_io_redirect.o)
 .bss           0x0081713c        0x0 ../final_work_bsp\libhal_bsp.a(alt_irq_register.o)
 .bss           0x0081713c        0x0 ../final_work_bsp\libhal_bsp.a(alt_irq_vars.o)
 .bss           0x0081713c        0x0 ../final_work_bsp\libhal_bsp.a(alt_open.o)
 .bss           0x0081713c        0x0 ../final_work_bsp\libhal_bsp.a(altera_nios2_irq.o)
 .bss           0x0081713c        0x0 ../final_work_bsp\libhal_bsp.a(altera_avalon_cfi_flash_amd.o)
 .bss           0x0081713c        0x0 ../final_work_bsp\libhal_bsp.a(altera_avalon_cfi_flash_intel.o)
 .bss           0x0081713c        0x0 ../final_work_bsp\libhal_bsp.a(alt_find_file.o)
 .bss           0x0081713c        0x0 ../final_work_bsp\libhal_bsp.a(alt_get_fd.o)
 .bss           0x0081713c        0x0 ../final_work_bsp\libhal_bsp.a(alt_icache_flush.o)
 .bss           0x0081713c        0x0 ../final_work_bsp\libhal_bsp.a(alt_irq_entry.o)
 .bss           0x0081713c        0x0 ../final_work_bsp\libhal_bsp.a(alt_irq_handler.o)
 .bss           0x0081713c        0x0 ../final_work_bsp\libhal_bsp.a(alt_exception_entry.o)
 .bss           0x0081713c        0x0 c:/altera/10.1/nios2eds/bin/gnu/h-i686-mingw32/bin/../lib/gcc/nios2-elf/4.1.2/../../../../nios2-elf/lib\libc.a(lib_a-atexit.o)
 .bss           0x0081713c        0x0 c:/altera/10.1/nios2eds/bin/gnu/h-i686-mingw32/bin/../lib/gcc/nios2-elf/4.1.2/../../../../nios2-elf/lib\libc.a(lib_a-exit.o)
 .bss           0x0081713c        0x0 c:/altera/10.1/nios2eds/bin/gnu/h-i686-mingw32/bin/../lib/gcc/nios2-elf/4.1.2/../../../../nios2-elf/lib\libc.a(lib_a-memcmp.o)
 .bss           0x0081713c        0x0 c:/altera/10.1/nios2eds/bin/gnu/h-i686-mingw32/bin/../lib/gcc/nios2-elf/4.1.2/../../../../nios2-elf/lib\libc.a(lib_a-strcpy.o)
 .bss           0x0081713c        0x0 c:/altera/10.1/nios2eds/bin/gnu/h-i686-mingw32/bin/../lib/gcc/nios2-elf/4.1.2/../../../../nios2-elf/lib\libc.a(lib_a-__atexit.o)
 .bss           0x0081713c        0x0 c:/altera/10.1/nios2eds/bin/gnu/h-i686-mingw32/bin/../lib/gcc/nios2-elf/4.1.2/../../../../nios2-elf/lib\libc.a(lib_a-__call_atexit.o)
 .bss           0x0081713c        0x0 ../final_work_bsp\libhal_bsp.a(alt_exit.o)
 *(COMMON)
 COMMON         0x0081713c     0x1738 obj/final.o
                0x0081713c                snake
                0x008183fc                map
 COMMON         0x00818874      0x100 ../final_work_bsp\libhal_bsp.a(alt_irq_handler.o)
                0x00818874                alt_irq
 COMMON         0x00818974      0x190 c:/altera/10.1/nios2eds/bin/gnu/h-i686-mingw32/bin/../lib/gcc/nios2-elf/4.1.2/../../../../nios2-elf/lib\libc.a(lib_a-atexit.o)
                0x00818974                _atexit0
                0x00818b04                . = ALIGN (0x4)
                0x00818b04                __bss_end = ABSOLUTE (.)

.sdram          0x00818b04        0x0
                0x00818b04                PROVIDE (_alt_partition_sdram_start, ABSOLUTE (.))
 *(.sdram. sdram.*)
                0x00818b04                . = ALIGN (0x4)
                0x00818b04                PROVIDE (_alt_partition_sdram_end, ABSOLUTE (.))
                0x00818b04                _end = ABSOLUTE (.)
                0x00818b04                end = ABSOLUTE (.)
                0x00818b04                __alt_stack_base = ABSOLUTE (.)
                0x00818b04                PROVIDE (_alt_partition_sdram_load_addr, LOADADDR (.sdram))

.cfi_flash      0x01400000        0x0 load address 0x00818b04
                0x01400000                PROVIDE (_alt_partition_cfi_flash_start, ABSOLUTE (.))
 *(.cfi_flash. cfi_flash.*)
                0x01400000                . = ALIGN (0x4)
                0x01400000                PROVIDE (_alt_partition_cfi_flash_end, ABSOLUTE (.))
                0x00818b04                PROVIDE (_alt_partition_cfi_flash_load_addr, LOADADDR (.cfi_flash))

.onchip_memory  0x01800000        0x0 load address 0x00818b04
                0x01800000                PROVIDE (_alt_partition_onchip_memory_start, ABSOLUTE (.))
 *(.onchip_memory. onchip_memory.*)
                0x01800000                . = ALIGN (0x4)
                0x01800000                PROVIDE (_alt_partition_onchip_memory_end, ABSOLUTE (.))
                0x00818b04                PROVIDE (_alt_partition_onchip_memory_load_addr, LOADADDR (.onchip_memory))

.stab
 *(.stab)

.stabstr
 *(.stabstr)

.stab.excl
 *(.stab.excl)

.stab.exclstr
 *(.stab.exclstr)

.stab.index
 *(.stab.index)

.stab.indexstr
 *(.stab.indexstr)

.comment        0x00000000       0x23
 *(.comment)
 .comment       0x00000000       0x23 obj/final.o
                                 0x24 (size before relaxing)
 .comment       0x00000000       0x24 c:/altera/10.1/nios2eds/bin/gnu/h-i686-mingw32/bin/../lib/gcc/nios2-elf/4.1.2\libgcc.a(_gt_sf.o)
 .comment       0x00000000       0x24 c:/altera/10.1/nios2eds/bin/gnu/h-i686-mingw32/bin/../lib/gcc/nios2-elf/4.1.2\libgcc.a(_lt_sf.o)
 .comment       0x00000000       0x24 c:/altera/10.1/nios2eds/bin/gnu/h-i686-mingw32/bin/../lib/gcc/nios2-elf/4.1.2\libgcc.a(_sf_to_df.o)
 .comment       0x00000000       0x24 c:/altera/10.1/nios2eds/bin/gnu/h-i686-mingw32/bin/../lib/gcc/nios2-elf/4.1.2\libgcc.a(_div_df.o)
 .comment       0x00000000       0x24 c:/altera/10.1/nios2eds/bin/gnu/h-i686-mingw32/bin/../lib/gcc/nios2-elf/4.1.2\libgcc.a(_gt_df.o)
 .comment       0x00000000       0x24 c:/altera/10.1/nios2eds/bin/gnu/h-i686-mingw32/bin/../lib/gcc/nios2-elf/4.1.2\libgcc.a(_lt_df.o)
 .comment       0x00000000       0x24 c:/altera/10.1/nios2eds/bin/gnu/h-i686-mingw32/bin/../lib/gcc/nios2-elf/4.1.2\libgcc.a(_si_to_df.o)
 .comment       0x00000000       0x24 c:/altera/10.1/nios2eds/bin/gnu/h-i686-mingw32/bin/../lib/gcc/nios2-elf/4.1.2\libgcc.a(_make_df.o)
 .comment       0x00000000       0x24 c:/altera/10.1/nios2eds/bin/gnu/h-i686-mingw32/bin/../lib/gcc/nios2-elf/4.1.2\libgcc.a(_df_to_sf.o)
 .comment       0x00000000       0x24 c:/altera/10.1/nios2eds/bin/gnu/h-i686-mingw32/bin/../lib/gcc/nios2-elf/4.1.2\libgcc.a(_thenan_df.o)
 .comment       0x00000000       0x24 c:/altera/10.1/nios2eds/bin/gnu/h-i686-mingw32/bin/../lib/gcc/nios2-elf/4.1.2\libgcc.a(lib2-divmod.o)
 .comment       0x00000000       0x24 c:/altera/10.1/nios2eds/bin/gnu/h-i686-mingw32/bin/../lib/gcc/nios2-elf/4.1.2\libgcc.a(_clzsi2.o)
 .comment       0x00000000       0x24 c:/altera/10.1/nios2eds/bin/gnu/h-i686-mingw32/bin/../lib/gcc/nios2-elf/4.1.2\libgcc.a(_unpack_sf.o)
 .comment       0x00000000       0x24 c:/altera/10.1/nios2eds/bin/gnu/h-i686-mingw32/bin/../lib/gcc/nios2-elf/4.1.2\libgcc.a(_fpcmp_parts_sf.o)
 .comment       0x00000000       0x24 c:/altera/10.1/nios2eds/bin/gnu/h-i686-mingw32/bin/../lib/gcc/nios2-elf/4.1.2\libgcc.a(_make_sf.o)
 .comment       0x00000000       0x24 c:/altera/10.1/nios2eds/bin/gnu/h-i686-mingw32/bin/../lib/gcc/nios2-elf/4.1.2\libgcc.a(_pack_df.o)
 .comment       0x00000000       0x24 c:/altera/10.1/nios2eds/bin/gnu/h-i686-mingw32/bin/../lib/gcc/nios2-elf/4.1.2\libgcc.a(_unpack_df.o)
 .comment       0x00000000       0x24 c:/altera/10.1/nios2eds/bin/gnu/h-i686-mingw32/bin/../lib/gcc/nios2-elf/4.1.2\libgcc.a(_fpcmp_parts_df.o)
 .comment       0x00000000       0x24 c:/altera/10.1/nios2eds/bin/gnu/h-i686-mingw32/bin/../lib/gcc/nios2-elf/4.1.2\libgcc.a(_clz.o)
 .comment       0x00000000       0x24 c:/altera/10.1/nios2eds/bin/gnu/h-i686-mingw32/bin/../lib/gcc/nios2-elf/4.1.2\libgcc.a(_pack_sf.o)
 .comment       0x00000000       0x24 c:/altera/10.1/nios2eds/bin/gnu/h-i686-mingw32/bin/../lib/gcc/nios2-elf/4.1.2/../../../../nios2-elf/lib\libc.a(lib_a-printf.o)
 .comment       0x00000000       0x24 c:/altera/10.1/nios2eds/bin/gnu/h-i686-mingw32/bin/../lib/gcc/nios2-elf/4.1.2/../../../../nios2-elf/lib\libc.a(lib_a-putchar.o)
 .comment       0x00000000       0x24 c:/altera/10.1/nios2eds/bin/gnu/h-i686-mingw32/bin/../lib/gcc/nios2-elf/4.1.2/../../../../nios2-elf/lib\libc.a(lib_a-rand.o)
 .comment       0x00000000       0x24 c:/altera/10.1/nios2eds/bin/gnu/h-i686-mingw32/bin/../lib/gcc/nios2-elf/4.1.2/../../../../nios2-elf/lib\libc.a(lib_a-time.o)
 .comment       0x00000000       0x24 c:/altera/10.1/nios2eds/bin/gnu/h-i686-mingw32/bin/../lib/gcc/nios2-elf/4.1.2/../../../../nios2-elf/lib\libc.a(lib_a-vfprintf.o)
 .comment       0x00000000       0x24 c:/altera/10.1/nios2eds/bin/gnu/h-i686-mingw32/bin/../lib/gcc/nios2-elf/4.1.2/../../../../nios2-elf/lib\libc.a(lib_a-wsetup.o)
 .comment       0x00000000       0x24 c:/altera/10.1/nios2eds/bin/gnu/h-i686-mingw32/bin/../lib/gcc/nios2-elf/4.1.2/../../../../nios2-elf/lib\libc.a(lib_a-dtoa.o)
 .comment       0x00000000       0x24 c:/altera/10.1/nios2eds/bin/gnu/h-i686-mingw32/bin/../lib/gcc/nios2-elf/4.1.2/../../../../nios2-elf/lib\libc.a(lib_a-fflush.o)
 .comment       0x00000000       0x24 c:/altera/10.1/nios2eds/bin/gnu/h-i686-mingw32/bin/../lib/gcc/nios2-elf/4.1.2/../../../../nios2-elf/lib\libc.a(lib_a-findfp.o)
 .comment       0x00000000       0x24 c:/altera/10.1/nios2eds/bin/gnu/h-i686-mingw32/bin/../lib/gcc/nios2-elf/4.1.2/../../../../nios2-elf/lib\libc.a(lib_a-freer.o)
 .comment       0x00000000       0x24 c:/altera/10.1/nios2eds/bin/gnu/h-i686-mingw32/bin/../lib/gcc/nios2-elf/4.1.2/../../../../nios2-elf/lib\libc.a(lib_a-fvwrite.o)
 .comment       0x00000000       0x24 c:/altera/10.1/nios2eds/bin/gnu/h-i686-mingw32/bin/../lib/gcc/nios2-elf/4.1.2/../../../../nios2-elf/lib\libc.a(lib_a-fwalk.o)
 .comment       0x00000000       0x24 c:/altera/10.1/nios2eds/bin/gnu/h-i686-mingw32/bin/../lib/gcc/nios2-elf/4.1.2/../../../../nios2-elf/lib\libc.a(lib_a-gettimeofdayr.o)
 .comment       0x00000000       0x24 c:/altera/10.1/nios2eds/bin/gnu/h-i686-mingw32/bin/../lib/gcc/nios2-elf/4.1.2/../../../../nios2-elf/lib\libc.a(lib_a-impure.o)
 .comment       0x00000000       0x24 c:/altera/10.1/nios2eds/bin/gnu/h-i686-mingw32/bin/../lib/gcc/nios2-elf/4.1.2/../../../../nios2-elf/lib\libc.a(lib_a-int_errno.o)
 .comment       0x00000000       0x24 c:/altera/10.1/nios2eds/bin/gnu/h-i686-mingw32/bin/../lib/gcc/nios2-elf/4.1.2/../../../../nios2-elf/lib\libc.a(lib_a-locale.o)
 .comment       0x00000000       0x24 c:/altera/10.1/nios2eds/bin/gnu/h-i686-mingw32/bin/../lib/gcc/nios2-elf/4.1.2/../../../../nios2-elf/lib\libc.a(lib_a-makebuf.o)
 .comment       0x00000000       0x24 c:/altera/10.1/nios2eds/bin/gnu/h-i686-mingw32/bin/../lib/gcc/nios2-elf/4.1.2/../../../../nios2-elf/lib\libc.a(lib_a-mallocr.o)
 .comment       0x00000000       0x24 c:/altera/10.1/nios2eds/bin/gnu/h-i686-mingw32/bin/../lib/gcc/nios2-elf/4.1.2/../../../../nios2-elf/lib\libc.a(lib_a-memchr.o)
 .comment       0x00000000       0x24 c:/altera/10.1/nios2eds/bin/gnu/h-i686-mingw32/bin/../lib/gcc/nios2-elf/4.1.2/../../../../nios2-elf/lib\libc.a(lib_a-memcpy.o)
 .comment       0x00000000       0x24 c:/altera/10.1/nios2eds/bin/gnu/h-i686-mingw32/bin/../lib/gcc/nios2-elf/4.1.2/../../../../nios2-elf/lib\libc.a(lib_a-memmove.o)
 .comment       0x00000000       0x24 c:/altera/10.1/nios2eds/bin/gnu/h-i686-mingw32/bin/../lib/gcc/nios2-elf/4.1.2/../../../../nios2-elf/lib\libc.a(lib_a-memset.o)
 .comment       0x00000000       0x24 c:/altera/10.1/nios2eds/bin/gnu/h-i686-mingw32/bin/../lib/gcc/nios2-elf/4.1.2/../../../../nios2-elf/lib\libc.a(lib_a-mprec.o)
 .comment       0x00000000       0x24 c:/altera/10.1/nios2eds/bin/gnu/h-i686-mingw32/bin/../lib/gcc/nios2-elf/4.1.2/../../../../nios2-elf/lib\libc.a(lib_a-putc.o)
 .comment       0x00000000       0x24 c:/altera/10.1/nios2eds/bin/gnu/h-i686-mingw32/bin/../lib/gcc/nios2-elf/4.1.2/../../../../nios2-elf/lib\libc.a(lib_a-reallocr.o)
 .comment       0x00000000       0x24 c:/altera/10.1/nios2eds/bin/gnu/h-i686-mingw32/bin/../lib/gcc/nios2-elf/4.1.2/../../../../nios2-elf/lib\libc.a(lib_a-s_isinfd.o)
 .comment       0x00000000       0x24 c:/altera/10.1/nios2eds/bin/gnu/h-i686-mingw32/bin/../lib/gcc/nios2-elf/4.1.2/../../../../nios2-elf/lib\libc.a(lib_a-s_isnand.o)
 .comment       0x00000000       0x24 c:/altera/10.1/nios2eds/bin/gnu/h-i686-mingw32/bin/../lib/gcc/nios2-elf/4.1.2/../../../../nios2-elf/lib\libc.a(lib_a-sbrkr.o)
 .comment       0x00000000       0x24 c:/altera/10.1/nios2eds/bin/gnu/h-i686-mingw32/bin/../lib/gcc/nios2-elf/4.1.2/../../../../nios2-elf/lib\libc.a(lib_a-stdio.o)
 .comment       0x00000000       0x24 c:/altera/10.1/nios2eds/bin/gnu/h-i686-mingw32/bin/../lib/gcc/nios2-elf/4.1.2/../../../../nios2-elf/lib\libc.a(lib_a-strcmp.o)
 .comment       0x00000000       0x24 c:/altera/10.1/nios2eds/bin/gnu/h-i686-mingw32/bin/../lib/gcc/nios2-elf/4.1.2/../../../../nios2-elf/lib\libc.a(lib_a-strlen.o)
 .comment       0x00000000       0x24 c:/altera/10.1/nios2eds/bin/gnu/h-i686-mingw32/bin/../lib/gcc/nios2-elf/4.1.2/../../../../nios2-elf/lib\libc.a(lib_a-wbuf.o)
 .comment       0x00000000       0x24 c:/altera/10.1/nios2eds/bin/gnu/h-i686-mingw32/bin/../lib/gcc/nios2-elf/4.1.2/../../../../nios2-elf/lib\libc.a(lib_a-writer.o)
 .comment       0x00000000       0x24 c:/altera/10.1/nios2eds/bin/gnu/h-i686-mingw32/bin/../lib/gcc/nios2-elf/4.1.2/../../../../nios2-elf/lib\libc.a(lib_a-callocr.o)
 .comment       0x00000000       0x24 c:/altera/10.1/nios2eds/bin/gnu/h-i686-mingw32/bin/../lib/gcc/nios2-elf/4.1.2/../../../../nios2-elf/lib\libc.a(lib_a-closer.o)
 .comment       0x00000000       0x24 c:/altera/10.1/nios2eds/bin/gnu/h-i686-mingw32/bin/../lib/gcc/nios2-elf/4.1.2/../../../../nios2-elf/lib\libc.a(lib_a-fclose.o)
 .comment       0x00000000       0x24 c:/altera/10.1/nios2eds/bin/gnu/h-i686-mingw32/bin/../lib/gcc/nios2-elf/4.1.2/../../../../nios2-elf/lib\libc.a(lib_a-fstatr.o)
 .comment       0x00000000       0x24 c:/altera/10.1/nios2eds/bin/gnu/h-i686-mingw32/bin/../lib/gcc/nios2-elf/4.1.2/../../../../nios2-elf/lib\libc.a(lib_a-isattyr.o)
 .comment       0x00000000       0x24 c:/altera/10.1/nios2eds/bin/gnu/h-i686-mingw32/bin/../lib/gcc/nios2-elf/4.1.2/../../../../nios2-elf/lib\libc.a(lib_a-lseekr.o)
 .comment       0x00000000       0x24 c:/altera/10.1/nios2eds/bin/gnu/h-i686-mingw32/bin/../lib/gcc/nios2-elf/4.1.2/../../../../nios2-elf/lib\libc.a(lib_a-readr.o)
 .comment       0x00000000       0x24 c:/altera/10.1/nios2eds/bin/gnu/h-i686-mingw32/bin/../lib/gcc/nios2-elf/4.1.2\libgcc.a(_muldi3.o)
 .comment       0x00000000       0x24 c:/altera/10.1/nios2eds/bin/gnu/h-i686-mingw32/bin/../lib/gcc/nios2-elf/4.1.2\libgcc.a(_udivdi3.o)
 .comment       0x00000000       0x24 c:/altera/10.1/nios2eds/bin/gnu/h-i686-mingw32/bin/../lib/gcc/nios2-elf/4.1.2\libgcc.a(_umoddi3.o)
 .comment       0x00000000       0x24 c:/altera/10.1/nios2eds/bin/gnu/h-i686-mingw32/bin/../lib/gcc/nios2-elf/4.1.2\libgcc.a(_addsub_df.o)
 .comment       0x00000000       0x24 c:/altera/10.1/nios2eds/bin/gnu/h-i686-mingw32/bin/../lib/gcc/nios2-elf/4.1.2\libgcc.a(_mul_df.o)
 .comment       0x00000000       0x24 c:/altera/10.1/nios2eds/bin/gnu/h-i686-mingw32/bin/../lib/gcc/nios2-elf/4.1.2\libgcc.a(_eq_df.o)
 .comment       0x00000000       0x24 c:/altera/10.1/nios2eds/bin/gnu/h-i686-mingw32/bin/../lib/gcc/nios2-elf/4.1.2\libgcc.a(_ne_df.o)
 .comment       0x00000000       0x24 c:/altera/10.1/nios2eds/bin/gnu/h-i686-mingw32/bin/../lib/gcc/nios2-elf/4.1.2\libgcc.a(_ge_df.o)
 .comment       0x00000000       0x24 c:/altera/10.1/nios2eds/bin/gnu/h-i686-mingw32/bin/../lib/gcc/nios2-elf/4.1.2\libgcc.a(_df_to_si.o)